2025-11-04 02:19:17,236 [INFO] Model parameters: 16,498,292, Classes: 4
2025-11-04 02:19:17,236 [INFO] Enhanced regularization: Dropout=0.2, Weight_decay=0.0005
2025-11-04 02:19:17,756 [INFO] Regularized Attention-MOI Training Started
2025-11-04 02:19:17,756 [INFO] Training started with enhanced regularization
2025-11-04 02:19:17,756 [INFO] Dropout: 0.2, Weight decay: 0.0005
2025-11-04 02:19:18,174 [INFO] Epoch [1/150] Train Loss: 1.8755 | Train Acc: 0.2447 (Classical:0.000 | Mesenchymal:0.344 | Neural:0.688 | Proneural:0.048) || Val Loss: 1.4333 | Val Acc: 0.2500 (Classical:0.000 | Mesenchymal:0.333 | Neural:0.750 | Proneural:0.000) || LR: 0.000100
2025-11-04 02:19:18,239 [INFO] Best model saved with val_acc: 0.2500
2025-11-04 02:19:18,449 [INFO] Epoch [2/150] Train Loss: 1.7629 | Train Acc: 0.3830 (Classical:0.040 | Mesenchymal:0.500 | Neural:0.500 | Proneural:0.524) || Val Loss: 1.3069 | Val Acc: 0.3750 (Classical:0.000 | Mesenchymal:0.667 | Neural:0.750 | Proneural:0.000) || LR: 0.000100
2025-11-04 02:19:18,512 [INFO] Best model saved with val_acc: 0.3750
2025-11-04 02:19:18,729 [INFO] Epoch [3/150] Train Loss: 1.6093 | Train Acc: 0.5000 (Classical:0.240 | Mesenchymal:0.594 | Neural:0.562 | Proneural:0.619) || Val Loss: 1.2769 | Val Acc: 0.3333 (Classical:0.167 | Mesenchymal:0.556 | Neural:0.500 | Proneural:0.000) || LR: 0.000100
2025-11-04 02:19:18,928 [INFO] Epoch [4/150] Train Loss: 1.7573 | Train Acc: 0.6170 (Classical:0.400 | Mesenchymal:0.656 | Neural:0.750 | Proneural:0.714) || Val Loss: 1.2476 | Val Acc: 0.3750 (Classical:0.167 | Mesenchymal:0.556 | Neural:0.500 | Proneural:0.200) || LR: 0.000100
2025-11-04 02:19:19,123 [INFO] Epoch [5/150] Train Loss: 1.6149 | Train Acc: 0.6170 (Classical:0.320 | Mesenchymal:0.656 | Neural:0.812 | Proneural:0.762) || Val Loss: 1.2298 | Val Acc: 0.2917 (Classical:0.000 | Mesenchymal:0.333 | Neural:0.750 | Proneural:0.200) || LR: 0.000100
2025-11-04 02:19:19,329 [INFO] Epoch [6/150] Train Loss: 1.5421 | Train Acc: 0.6383 (Classical:0.320 | Mesenchymal:0.719 | Neural:0.812 | Proneural:0.762) || Val Loss: 1.2374 | Val Acc: 0.3333 (Classical:0.000 | Mesenchymal:0.333 | Neural:1.000 | Proneural:0.200) || LR: 0.000100
2025-11-04 02:19:19,541 [INFO] Epoch [7/150] Train Loss: 1.5938 | Train Acc: 0.7128 (Classical:0.280 | Mesenchymal:0.875 | Neural:0.875 | Proneural:0.857) || Val Loss: 1.1991 | Val Acc: 0.3333 (Classical:0.000 | Mesenchymal:0.333 | Neural:1.000 | Proneural:0.200) || LR: 0.000100
2025-11-04 02:19:19,744 [INFO] Epoch [8/150] Train Loss: 1.4532 | Train Acc: 0.7340 (Classical:0.360 | Mesenchymal:0.875 | Neural:0.875 | Proneural:0.857) || Val Loss: 1.2268 | Val Acc: 0.2917 (Classical:0.000 | Mesenchymal:0.222 | Neural:1.000 | Proneural:0.200) || LR: 0.000100
2025-11-04 02:19:19,944 [INFO] Epoch [9/150] Train Loss: 1.4894 | Train Acc: 0.7660 (Classical:0.440 | Mesenchymal:0.844 | Neural:0.938 | Proneural:0.905) || Val Loss: 1.1694 | Val Acc: 0.3750 (Classical:0.000 | Mesenchymal:0.333 | Neural:1.000 | Proneural:0.400) || LR: 0.000100
2025-11-04 02:19:20,152 [INFO] Epoch [10/150] Train Loss: 1.5311 | Train Acc: 0.7766 (Classical:0.480 | Mesenchymal:0.812 | Neural:0.938 | Proneural:0.952) || Val Loss: 1.1638 | Val Acc: 0.3333 (Classical:0.000 | Mesenchymal:0.333 | Neural:0.750 | Proneural:0.400) || LR: 0.000100
2025-11-04 02:19:20,354 [INFO] Epoch [11/150] Train Loss: 1.4977 | Train Acc: 0.7872 (Classical:0.440 | Mesenchymal:0.875 | Neural:0.938 | Proneural:0.952) || Val Loss: 1.1444 | Val Acc: 0.3333 (Classical:0.167 | Mesenchymal:0.333 | Neural:0.500 | Proneural:0.400) || LR: 0.000100
2025-11-04 02:19:20,557 [INFO] Epoch [12/150] Train Loss: 1.3329 | Train Acc: 0.7872 (Classical:0.520 | Mesenchymal:0.781 | Neural:0.938 | Proneural:1.000) || Val Loss: 1.1459 | Val Acc: 0.3333 (Classical:0.167 | Mesenchymal:0.333 | Neural:0.500 | Proneural:0.400) || LR: 0.000100
2025-11-04 02:19:20,753 [INFO] Epoch [13/150] Train Loss: 1.3089 | Train Acc: 0.8617 (Classical:0.640 | Mesenchymal:0.906 | Neural:0.938 | Proneural:1.000) || Val Loss: 1.1173 | Val Acc: 0.2917 (Classical:0.167 | Mesenchymal:0.333 | Neural:0.250 | Proneural:0.400) || LR: 0.000100
2025-11-04 02:19:20,947 [INFO] Epoch [14/150] Train Loss: 1.4600 | Train Acc: 0.8617 (Classical:0.680 | Mesenchymal:0.875 | Neural:0.938 | Proneural:1.000) || Val Loss: 1.1084 | Val Acc: 0.3333 (Classical:0.333 | Mesenchymal:0.222 | Neural:0.500 | Proneural:0.400) || LR: 0.000100
2025-11-04 02:19:21,151 [INFO] Epoch [15/150] Train Loss: 1.3208 | Train Acc: 0.8830 (Classical:0.720 | Mesenchymal:0.938 | Neural:0.875 | Proneural:1.000) || Val Loss: 1.0920 | Val Acc: 0.5833 (Classical:0.833 | Mesenchymal:0.556 | Neural:0.500 | Proneural:0.400) || LR: 0.000100
2025-11-04 02:19:21,208 [INFO] Best model saved with val_acc: 0.5833
2025-11-04 02:19:21,445 [INFO] Epoch [16/150] Train Loss: 1.3467 | Train Acc: 0.9362 (Classical:0.800 | Mesenchymal:0.969 | Neural:1.000 | Proneural:1.000) || Val Loss: 1.0788 | Val Acc: 0.5417 (Classical:0.833 | Mesenchymal:0.444 | Neural:0.500 | Proneural:0.400) || LR: 0.000100
2025-11-04 02:19:21,689 [INFO] Epoch [17/150] Train Loss: 1.3334 | Train Acc: 0.9255 (Classical:0.800 | Mesenchymal:0.969 | Neural:0.938 | Proneural:1.000) || Val Loss: 1.1083 | Val Acc: 0.5000 (Classical:0.500 | Mesenchymal:0.444 | Neural:0.750 | Proneural:0.400) || LR: 0.000100
2025-11-04 02:19:21,916 [INFO] Epoch [18/150] Train Loss: 1.3285 | Train Acc: 0.9362 (Classical:0.800 | Mesenchymal:0.969 | Neural:1.000 | Proneural:1.000) || Val Loss: 1.1822 | Val Acc: 0.4167 (Classical:0.500 | Mesenchymal:0.222 | Neural:0.750 | Proneural:0.400) || LR: 0.000100
2025-11-04 02:19:22,143 [INFO] Epoch [19/150] Train Loss: 1.2935 | Train Acc: 0.9468 (Classical:0.800 | Mesenchymal:1.000 | Neural:1.000 | Proneural:1.000) || Val Loss: 1.1925 | Val Acc: 0.4583 (Classical:1.000 | Mesenchymal:0.111 | Neural:0.500 | Proneural:0.400) || LR: 0.000100
2025-11-04 02:19:22,351 [INFO] Epoch [20/150] Train Loss: 1.2584 | Train Acc: 0.9574 (Classical:0.880 | Mesenchymal:1.000 | Neural:0.938 | Proneural:1.000) || Val Loss: 1.1447 | Val Acc: 0.5000 (Classical:0.833 | Mesenchymal:0.333 | Neural:0.250 | Proneural:0.600) || LR: 0.000100
2025-11-04 02:19:22,569 [INFO] Epoch [21/150] Train Loss: 1.3642 | Train Acc: 0.9681 (Classical:0.880 | Mesenchymal:1.000 | Neural:1.000 | Proneural:1.000) || Val Loss: 1.1607 | Val Acc: 0.5417 (Classical:1.000 | Mesenchymal:0.222 | Neural:0.500 | Proneural:0.600) || LR: 0.000100
2025-11-04 02:19:22,786 [INFO] Epoch [22/150] Train Loss: 1.2887 | Train Acc: 0.9574 (Classical:0.840 | Mesenchymal:1.000 | Neural:1.000 | Proneural:1.000) || Val Loss: 1.1458 | Val Acc: 0.5417 (Classical:1.000 | Mesenchymal:0.333 | Neural:0.250 | Proneural:0.600) || LR: 0.000100
2025-11-04 02:19:23,007 [INFO] Epoch [23/150] Train Loss: 1.2708 | Train Acc: 0.9574 (Classical:0.840 | Mesenchymal:1.000 | Neural:1.000 | Proneural:1.000) || Val Loss: 1.1238 | Val Acc: 0.5833 (Classical:1.000 | Mesenchymal:0.444 | Neural:0.250 | Proneural:0.600) || LR: 0.000100
2025-11-04 02:19:23,236 [INFO] Epoch [24/150] Train Loss: 1.2571 | Train Acc: 0.9681 (Classical:0.880 | Mesenchymal:1.000 | Neural:1.000 | Proneural:1.000) || Val Loss: 1.1454 | Val Acc: 0.5417 (Classical:1.000 | Mesenchymal:0.333 | Neural:0.250 | Proneural:0.600) || LR: 0.000100
2025-11-04 02:19:23,453 [INFO] Epoch [25/150] Train Loss: 1.2595 | Train Acc: 0.9362 (Classical:0.800 | Mesenchymal:1.000 | Neural:0.938 | Proneural:1.000) || Val Loss: 1.1371 | Val Acc: 0.5417 (Classical:1.000 | Mesenchymal:0.333 | Neural:0.250 | Proneural:0.600) || LR: 0.000100
2025-11-04 02:19:23,667 [INFO] Epoch [26/150] Train Loss: 1.2741 | Train Acc: 0.9468 (Classical:0.800 | Mesenchymal:1.000 | Neural:1.000 | Proneural:1.000) || Val Loss: 1.1689 | Val Acc: 0.5000 (Classical:0.833 | Mesenchymal:0.333 | Neural:0.250 | Proneural:0.600) || LR: 0.000100
2025-11-04 02:19:23,898 [INFO] Epoch [27/150] Train Loss: 1.2238 | Train Acc: 0.9468 (Classical:0.840 | Mesenchymal:1.000 | Neural:0.938 | Proneural:1.000) || Val Loss: 1.1425 | Val Acc: 0.5417 (Classical:0.833 | Mesenchymal:0.333 | Neural:0.250 | Proneural:0.800) || LR: 0.000100
2025-11-04 02:19:24,095 [INFO] Epoch [28/150] Train Loss: 1.1326 | Train Acc: 0.9574 (Classical:0.880 | Mesenchymal:1.000 | Neural:0.938 | Proneural:1.000) || Val Loss: 1.1378 | Val Acc: 0.6250 (Classical:1.000 | Mesenchymal:0.444 | Neural:0.500 | Proneural:0.600) || LR: 0.000100
2025-11-04 02:19:24,156 [INFO] Best model saved with val_acc: 0.6250
2025-11-04 02:19:24,354 [INFO] Epoch [29/150] Train Loss: 1.2143 | Train Acc: 0.9681 (Classical:0.920 | Mesenchymal:1.000 | Neural:0.938 | Proneural:1.000) || Val Loss: 1.1380 | Val Acc: 0.5833 (Classical:1.000 | Mesenchymal:0.444 | Neural:0.000 | Proneural:0.800) || LR: 0.000100
2025-11-04 02:19:24,558 [INFO] Epoch [30/150] Train Loss: 1.2842 | Train Acc: 0.9681 (Classical:0.920 | Mesenchymal:1.000 | Neural:0.938 | Proneural:1.000) || Val Loss: 1.1522 | Val Acc: 0.5417 (Classical:1.000 | Mesenchymal:0.333 | Neural:0.250 | Proneural:0.600) || LR: 0.000100
2025-11-04 02:19:24,756 [INFO] Epoch [31/150] Train Loss: 1.1521 | Train Acc: 0.9681 (Classical:0.920 | Mesenchymal:1.000 | Neural:0.938 | Proneural:1.000) || Val Loss: 1.1552 | Val Acc: 0.5833 (Classical:1.000 | Mesenchymal:0.333 | Neural:0.500 | Proneural:0.600) || LR: 0.000100
2025-11-04 02:19:24,962 [INFO] Epoch [32/150] Train Loss: 1.2278 | Train Acc: 0.9681 (Classical:0.920 | Mesenchymal:1.000 | Neural:0.938 | Proneural:1.000) || Val Loss: 1.1243 | Val Acc: 0.6667 (Classical:1.000 | Mesenchymal:0.556 | Neural:0.500 | Proneural:0.600) || LR: 0.000100
2025-11-04 02:19:25,035 [INFO] Best model saved with val_acc: 0.6667
2025-11-04 02:19:25,261 [INFO] Epoch [33/150] Train Loss: 1.2141 | Train Acc: 0.9681 (Classical:0.920 | Mesenchymal:1.000 | Neural:0.938 | Proneural:1.000) || Val Loss: 1.1254 | Val Acc: 0.6667 (Classical:1.000 | Mesenchymal:0.556 | Neural:0.500 | Proneural:0.600) || LR: 0.000100
2025-11-04 02:19:25,467 [INFO] Epoch [34/150] Train Loss: 1.2266 | Train Acc: 0.9787 (Classical:0.960 | Mesenchymal:1.000 | Neural:0.938 | Proneural:1.000) || Val Loss: 1.1445 | Val Acc: 0.6667 (Classical:1.000 | Mesenchymal:0.556 | Neural:0.500 | Proneural:0.600) || LR: 0.000100
2025-11-04 02:19:25,661 [INFO] Epoch [35/150] Train Loss: 1.1697 | Train Acc: 0.9787 (Classical:0.960 | Mesenchymal:1.000 | Neural:0.938 | Proneural:1.000) || Val Loss: 1.1530 | Val Acc: 0.6250 (Classical:1.000 | Mesenchymal:0.444 | Neural:0.500 | Proneural:0.600) || LR: 0.000100
2025-11-04 02:19:25,901 [INFO] Epoch [36/150] Train Loss: 1.1737 | Train Acc: 0.9894 (Classical:0.960 | Mesenchymal:1.000 | Neural:1.000 | Proneural:1.000) || Val Loss: 1.1528 | Val Acc: 0.6250 (Classical:1.000 | Mesenchymal:0.444 | Neural:0.500 | Proneural:0.600) || LR: 0.000100
2025-11-04 02:19:26,135 [INFO] Epoch [37/150] Train Loss: 1.1998 | Train Acc: 0.9894 (Classical:0.960 | Mesenchymal:1.000 | Neural:1.000 | Proneural:1.000) || Val Loss: 1.1169 | Val Acc: 0.6667 (Classical:1.000 | Mesenchymal:0.444 | Neural:0.500 | Proneural:0.800) || LR: 0.000100
2025-11-04 02:19:26,334 [INFO] Epoch [38/150] Train Loss: 1.1888 | Train Acc: 0.9894 (Classical:0.960 | Mesenchymal:1.000 | Neural:1.000 | Proneural:1.000) || Val Loss: 1.1123 | Val Acc: 0.5833 (Classical:1.000 | Mesenchymal:0.333 | Neural:0.250 | Proneural:0.800) || LR: 0.000100
2025-11-04 02:19:26,556 [INFO] Epoch [39/150] Train Loss: 1.1589 | Train Acc: 0.9894 (Classical:0.960 | Mesenchymal:1.000 | Neural:1.000 | Proneural:1.000) || Val Loss: 1.1107 | Val Acc: 0.6250 (Classical:1.000 | Mesenchymal:0.333 | Neural:0.250 | Proneural:1.000) || LR: 0.000100
2025-11-04 02:19:26,753 [INFO] Epoch [40/150] Train Loss: 1.1096 | Train Acc: 0.9894 (Classical:0.960 | Mesenchymal:1.000 | Neural:1.000 | Proneural:1.000) || Val Loss: 1.0927 | Val Acc: 0.5833 (Classical:1.000 | Mesenchymal:0.444 | Neural:0.250 | Proneural:0.600) || LR: 0.000100
2025-11-04 02:19:26,951 [INFO] Epoch [41/150] Train Loss: 1.1651 | Train Acc: 0.9894 (Classical:0.960 | Mesenchymal:1.000 | Neural:1.000 | Proneural:1.000) || Val Loss: 1.0640 | Val Acc: 0.5833 (Classical:1.000 | Mesenchymal:0.444 | Neural:0.250 | Proneural:0.600) || LR: 0.000100
2025-11-04 02:19:27,151 [INFO] Epoch [42/150] Train Loss: 1.1257 | Train Acc: 0.9894 (Classical:0.960 | Mesenchymal:1.000 | Neural:1.000 | Proneural:1.000) || Val Loss: 1.1080 | Val Acc: 0.5833 (Classical:1.000 | Mesenchymal:0.444 | Neural:0.250 | Proneural:0.600) || LR: 0.000100
2025-11-04 02:19:27,343 [INFO] Epoch [43/150] Train Loss: 1.0854 | Train Acc: 0.9894 (Classical:0.960 | Mesenchymal:1.000 | Neural:1.000 | Proneural:1.000) || Val Loss: 1.1049 | Val Acc: 0.6250 (Classical:1.000 | Mesenchymal:0.556 | Neural:0.250 | Proneural:0.600) || LR: 0.000100
2025-11-04 02:19:27,544 [INFO] Epoch [44/150] Train Loss: 1.1897 | Train Acc: 0.9894 (Classical:0.960 | Mesenchymal:1.000 | Neural:1.000 | Proneural:1.000) || Val Loss: 1.1148 | Val Acc: 0.5833 (Classical:1.000 | Mesenchymal:0.444 | Neural:0.250 | Proneural:0.600) || LR: 0.000100
2025-11-04 02:19:27,740 [INFO] Epoch [45/150] Train Loss: 1.1338 | Train Acc: 1.0000 (Classical:1.000 | Mesenchymal:1.000 | Neural:1.000 | Proneural:1.000) || Val Loss: 1.1249 | Val Acc: 0.6250 (Classical:1.000 | Mesenchymal:0.444 | Neural:0.250 | Proneural:0.800) || LR: 0.000100
2025-11-04 02:19:27,932 [INFO] Epoch [46/150] Train Loss: 1.1014 | Train Acc: 0.9894 (Classical:0.960 | Mesenchymal:1.000 | Neural:1.000 | Proneural:1.000) || Val Loss: 1.1335 | Val Acc: 0.5833 (Classical:1.000 | Mesenchymal:0.444 | Neural:0.250 | Proneural:0.600) || LR: 0.000100
2025-11-04 02:19:28,125 [INFO] Epoch [47/150] Train Loss: 1.0820 | Train Acc: 1.0000 (Classical:1.000 | Mesenchymal:1.000 | Neural:1.000 | Proneural:1.000) || Val Loss: 1.1336 | Val Acc: 0.5833 (Classical:1.000 | Mesenchymal:0.444 | Neural:0.250 | Proneural:0.600) || LR: 0.000100
2025-11-04 02:19:28,334 [INFO] Epoch [48/150] Train Loss: 1.0723 | Train Acc: 1.0000 (Classical:1.000 | Mesenchymal:1.000 | Neural:1.000 | Proneural:1.000) || Val Loss: 1.1347 | Val Acc: 0.6667 (Classical:1.000 | Mesenchymal:0.556 | Neural:0.250 | Proneural:0.800) || LR: 0.000100
2025-11-04 02:19:28,554 [INFO] Epoch [49/150] Train Loss: 1.0439 | Train Acc: 1.0000 (Classical:1.000 | Mesenchymal:1.000 | Neural:1.000 | Proneural:1.000) || Val Loss: 1.1285 | Val Acc: 0.6250 (Classical:1.000 | Mesenchymal:0.444 | Neural:0.250 | Proneural:0.800) || LR: 0.000100
2025-11-04 02:19:28,757 [INFO] Epoch [50/150] Train Loss: 1.0822 | Train Acc: 1.0000 (Classical:1.000 | Mesenchymal:1.000 | Neural:1.000 | Proneural:1.000) || Val Loss: 1.1245 | Val Acc: 0.5833 (Classical:1.000 | Mesenchymal:0.444 | Neural:0.250 | Proneural:0.600) || LR: 0.000100
2025-11-04 02:19:28,955 [INFO] Epoch [51/150] Train Loss: 1.0791 | Train Acc: 1.0000 (Classical:1.000 | Mesenchymal:1.000 | Neural:1.000 | Proneural:1.000) || Val Loss: 1.1103 | Val Acc: 0.6250 (Classical:1.000 | Mesenchymal:0.556 | Neural:0.250 | Proneural:0.600) || LR: 0.000100
2025-11-04 02:19:29,153 [INFO] Epoch [52/150] Train Loss: 1.0847 | Train Acc: 1.0000 (Classical:1.000 | Mesenchymal:1.000 | Neural:1.000 | Proneural:1.000) || Val Loss: 1.0863 | Val Acc: 0.6667 (Classical:1.000 | Mesenchymal:0.556 | Neural:0.250 | Proneural:0.800) || LR: 0.000100
2025-11-04 02:19:29,358 [INFO] Epoch [53/150] Train Loss: 1.1229 | Train Acc: 1.0000 (Classical:1.000 | Mesenchymal:1.000 | Neural:1.000 | Proneural:1.000) || Val Loss: 1.0941 | Val Acc: 0.6250 (Classical:1.000 | Mesenchymal:0.556 | Neural:0.250 | Proneural:0.600) || LR: 0.000100
2025-11-04 02:19:29,555 [INFO] Epoch [54/150] Train Loss: 1.0946 | Train Acc: 1.0000 (Classical:1.000 | Mesenchymal:1.000 | Neural:1.000 | Proneural:1.000) || Val Loss: 1.0387 | Val Acc: 0.6250 (Classical:1.000 | Mesenchymal:0.556 | Neural:0.250 | Proneural:0.600) || LR: 0.000100
2025-11-04 02:19:29,768 [INFO] Epoch [55/150] Train Loss: 1.0029 | Train Acc: 0.9894 (Classical:0.960 | Mesenchymal:1.000 | Neural:1.000 | Proneural:1.000) || Val Loss: 1.0763 | Val Acc: 0.6250 (Classical:1.000 | Mesenchymal:0.556 | Neural:0.250 | Proneural:0.600) || LR: 0.000100
2025-11-04 02:19:29,962 [INFO] Epoch [56/150] Train Loss: 1.0567 | Train Acc: 1.0000 (Classical:1.000 | Mesenchymal:1.000 | Neural:1.000 | Proneural:1.000) || Val Loss: 1.0605 | Val Acc: 0.5833 (Classical:0.833 | Mesenchymal:0.556 | Neural:0.250 | Proneural:0.600) || LR: 0.000100
2025-11-04 02:19:30,177 [INFO] Epoch [57/150] Train Loss: 1.0652 | Train Acc: 1.0000 (Classical:1.000 | Mesenchymal:1.000 | Neural:1.000 | Proneural:1.000) || Val Loss: 1.0513 | Val Acc: 0.6250 (Classical:0.833 | Mesenchymal:0.556 | Neural:0.500 | Proneural:0.600) || LR: 0.000100
2025-11-04 02:19:30,370 [INFO] Epoch [58/150] Train Loss: 0.9795 | Train Acc: 1.0000 (Classical:1.000 | Mesenchymal:1.000 | Neural:1.000 | Proneural:1.000) || Val Loss: 1.0453 | Val Acc: 0.5833 (Classical:0.833 | Mesenchymal:0.556 | Neural:0.250 | Proneural:0.600) || LR: 0.000100
2025-11-04 02:19:30,574 [INFO] Epoch [59/150] Train Loss: 1.0660 | Train Acc: 1.0000 (Classical:1.000 | Mesenchymal:1.000 | Neural:1.000 | Proneural:1.000) || Val Loss: 1.0250 | Val Acc: 0.6250 (Classical:0.833 | Mesenchymal:0.556 | Neural:0.500 | Proneural:0.600) || LR: 0.000100
2025-11-04 02:19:30,776 [INFO] Epoch [60/150] Train Loss: 1.0249 | Train Acc: 1.0000 (Classical:1.000 | Mesenchymal:1.000 | Neural:1.000 | Proneural:1.000) || Val Loss: 1.0407 | Val Acc: 0.5833 (Classical:0.833 | Mesenchymal:0.556 | Neural:0.250 | Proneural:0.600) || LR: 0.000100
2025-11-04 02:19:30,972 [INFO] Epoch [61/150] Train Loss: 1.0841 | Train Acc: 1.0000 (Classical:1.000 | Mesenchymal:1.000 | Neural:1.000 | Proneural:1.000) || Val Loss: 1.0183 | Val Acc: 0.6250 (Classical:0.833 | Mesenchymal:0.556 | Neural:0.500 | Proneural:0.600) || LR: 0.000100
2025-11-04 02:19:31,180 [INFO] Epoch [62/150] Train Loss: 1.0869 | Train Acc: 1.0000 (Classical:1.000 | Mesenchymal:1.000 | Neural:1.000 | Proneural:1.000) || Val Loss: 1.0151 | Val Acc: 0.5833 (Classical:0.833 | Mesenchymal:0.556 | Neural:0.250 | Proneural:0.600) || LR: 0.000100
2025-11-04 02:19:31,375 [INFO] Epoch [63/150] Train Loss: 1.0572 | Train Acc: 1.0000 (Classical:1.000 | Mesenchymal:1.000 | Neural:1.000 | Proneural:1.000) || Val Loss: 0.9849 | Val Acc: 0.6250 (Classical:0.833 | Mesenchymal:0.556 | Neural:0.250 | Proneural:0.800) || LR: 0.000100
2025-11-04 02:19:31,575 [INFO] Epoch [64/150] Train Loss: 1.0616 | Train Acc: 1.0000 (Classical:1.000 | Mesenchymal:1.000 | Neural:1.000 | Proneural:1.000) || Val Loss: 0.9800 | Val Acc: 0.6250 (Classical:0.833 | Mesenchymal:0.667 | Neural:0.000 | Proneural:0.800) || LR: 0.000100
2025-11-04 02:19:31,777 [INFO] Epoch [65/150] Train Loss: 1.0145 | Train Acc: 1.0000 (Classical:1.000 | Mesenchymal:1.000 | Neural:1.000 | Proneural:1.000) || Val Loss: 0.9857 | Val Acc: 0.7083 (Classical:1.000 | Mesenchymal:0.667 | Neural:0.250 | Proneural:0.800) || LR: 0.000100
2025-11-04 02:19:31,860 [INFO] Best model saved with val_acc: 0.7083
2025-11-04 02:19:32,073 [INFO] Epoch [66/150] Train Loss: 1.0558 | Train Acc: 1.0000 (Classical:1.000 | Mesenchymal:1.000 | Neural:1.000 | Proneural:1.000) || Val Loss: 0.9997 | Val Acc: 0.7083 (Classical:1.000 | Mesenchymal:0.556 | Neural:0.500 | Proneural:0.800) || LR: 0.000100
2025-11-04 02:19:32,269 [INFO] Epoch [67/150] Train Loss: 0.9770 | Train Acc: 1.0000 (Classical:1.000 | Mesenchymal:1.000 | Neural:1.000 | Proneural:1.000) || Val Loss: 1.0003 | Val Acc: 0.6667 (Classical:1.000 | Mesenchymal:0.556 | Neural:0.250 | Proneural:0.800) || LR: 0.000100
2025-11-04 02:19:32,467 [INFO] Epoch [68/150] Train Loss: 0.9550 | Train Acc: 1.0000 (Classical:1.000 | Mesenchymal:1.000 | Neural:1.000 | Proneural:1.000) || Val Loss: 1.0148 | Val Acc: 0.6250 (Classical:1.000 | Mesenchymal:0.556 | Neural:0.250 | Proneural:0.600) || LR: 0.000100
2025-11-04 02:19:32,703 [INFO] Epoch [69/150] Train Loss: 0.9518 | Train Acc: 1.0000 (Classical:1.000 | Mesenchymal:1.000 | Neural:1.000 | Proneural:1.000) || Val Loss: 1.0090 | Val Acc: 0.7500 (Classical:1.000 | Mesenchymal:0.667 | Neural:0.250 | Proneural:1.000) || LR: 0.000100
2025-11-04 02:19:32,765 [INFO] Best model saved with val_acc: 0.7500
2025-11-04 02:19:32,976 [INFO] Epoch [70/150] Train Loss: 1.0267 | Train Acc: 1.0000 (Classical:1.000 | Mesenchymal:1.000 | Neural:1.000 | Proneural:1.000) || Val Loss: 1.0505 | Val Acc: 0.6250 (Classical:1.000 | Mesenchymal:0.444 | Neural:0.250 | Proneural:0.800) || LR: 0.000100
2025-11-04 02:19:33,175 [INFO] Epoch [71/150] Train Loss: 1.0110 | Train Acc: 1.0000 (Classical:1.000 | Mesenchymal:1.000 | Neural:1.000 | Proneural:1.000) || Val Loss: 1.0470 | Val Acc: 0.6250 (Classical:0.833 | Mesenchymal:0.556 | Neural:0.250 | Proneural:0.800) || LR: 0.000100
2025-11-04 02:19:33,367 [INFO] Epoch [72/150] Train Loss: 1.0008 | Train Acc: 1.0000 (Classical:1.000 | Mesenchymal:1.000 | Neural:1.000 | Proneural:1.000) || Val Loss: 1.0638 | Val Acc: 0.5833 (Classical:0.833 | Mesenchymal:0.444 | Neural:0.250 | Proneural:0.800) || LR: 0.000100
2025-11-04 02:19:33,566 [INFO] Epoch [73/150] Train Loss: 0.9232 | Train Acc: 1.0000 (Classical:1.000 | Mesenchymal:1.000 | Neural:1.000 | Proneural:1.000) || Val Loss: 1.0684 | Val Acc: 0.5833 (Classical:0.833 | Mesenchymal:0.444 | Neural:0.250 | Proneural:0.800) || LR: 0.000100
2025-11-04 02:19:33,753 [INFO] Epoch [74/150] Train Loss: 1.0037 | Train Acc: 1.0000 (Classical:1.000 | Mesenchymal:1.000 | Neural:1.000 | Proneural:1.000) || Val Loss: 1.0482 | Val Acc: 0.5833 (Classical:0.833 | Mesenchymal:0.444 | Neural:0.250 | Proneural:0.800) || LR: 0.000100
2025-11-04 02:19:33,952 [INFO] Epoch [75/150] Train Loss: 0.9397 | Train Acc: 1.0000 (Classical:1.000 | Mesenchymal:1.000 | Neural:1.000 | Proneural:1.000) || Val Loss: 1.0401 | Val Acc: 0.5833 (Classical:0.833 | Mesenchymal:0.444 | Neural:0.250 | Proneural:0.800) || LR: 0.000100
2025-11-04 02:19:34,164 [INFO] Epoch [76/150] Train Loss: 0.9641 | Train Acc: 1.0000 (Classical:1.000 | Mesenchymal:1.000 | Neural:1.000 | Proneural:1.000) || Val Loss: 0.9797 | Val Acc: 0.6250 (Classical:0.833 | Mesenchymal:0.556 | Neural:0.250 | Proneural:0.800) || LR: 0.000100
2025-11-04 02:19:34,355 [INFO] Epoch [77/150] Train Loss: 1.0209 | Train Acc: 1.0000 (Classical:1.000 | Mesenchymal:1.000 | Neural:1.000 | Proneural:1.000) || Val Loss: 0.9538 | Val Acc: 0.6667 (Classical:0.833 | Mesenchymal:0.667 | Neural:0.250 | Proneural:0.800) || LR: 0.000100
2025-11-04 02:19:34,557 [INFO] Epoch [78/150] Train Loss: 0.9166 | Train Acc: 1.0000 (Classical:1.000 | Mesenchymal:1.000 | Neural:1.000 | Proneural:1.000) || Val Loss: 0.9361 | Val Acc: 0.7083 (Classical:1.000 | Mesenchymal:0.667 | Neural:0.250 | Proneural:0.800) || LR: 0.000100
2025-11-04 02:19:34,756 [INFO] Epoch [79/150] Train Loss: 0.8965 | Train Acc: 1.0000 (Classical:1.000 | Mesenchymal:1.000 | Neural:1.000 | Proneural:1.000) || Val Loss: 0.9613 | Val Acc: 0.6667 (Classical:0.833 | Mesenchymal:0.667 | Neural:0.250 | Proneural:0.800) || LR: 0.000100
2025-11-04 02:19:34,970 [INFO] Epoch [80/150] Train Loss: 0.9593 | Train Acc: 1.0000 (Classical:1.000 | Mesenchymal:1.000 | Neural:1.000 | Proneural:1.000) || Val Loss: 0.9502 | Val Acc: 0.6667 (Classical:0.833 | Mesenchymal:0.667 | Neural:0.250 | Proneural:0.800) || LR: 0.000100
2025-11-04 02:19:35,200 [INFO] Epoch [81/150] Train Loss: 0.9354 | Train Acc: 1.0000 (Classical:1.000 | Mesenchymal:1.000 | Neural:1.000 | Proneural:1.000) || Val Loss: 0.9533 | Val Acc: 0.6250 (Classical:0.833 | Mesenchymal:0.556 | Neural:0.250 | Proneural:0.800) || LR: 0.000100
2025-11-04 02:19:35,399 [INFO] Epoch [82/150] Train Loss: 0.9778 | Train Acc: 1.0000 (Classical:1.000 | Mesenchymal:1.000 | Neural:1.000 | Proneural:1.000) || Val Loss: 0.9452 | Val Acc: 0.6250 (Classical:0.833 | Mesenchymal:0.556 | Neural:0.250 | Proneural:0.800) || LR: 0.000100
2025-11-04 02:19:35,605 [INFO] Epoch [83/150] Train Loss: 1.0088 | Train Acc: 1.0000 (Classical:1.000 | Mesenchymal:1.000 | Neural:1.000 | Proneural:1.000) || Val Loss: 0.9548 | Val Acc: 0.6667 (Classical:0.833 | Mesenchymal:0.556 | Neural:0.500 | Proneural:0.800) || LR: 0.000100
2025-11-04 02:19:35,795 [INFO] Epoch [84/150] Train Loss: 0.9664 | Train Acc: 1.0000 (Classical:1.000 | Mesenchymal:1.000 | Neural:1.000 | Proneural:1.000) || Val Loss: 0.9190 | Val Acc: 0.6667 (Classical:0.833 | Mesenchymal:0.556 | Neural:0.500 | Proneural:0.800) || LR: 0.000100
2025-11-04 02:19:35,992 [INFO] Epoch [85/150] Train Loss: 0.9757 | Train Acc: 1.0000 (Classical:1.000 | Mesenchymal:1.000 | Neural:1.000 | Proneural:1.000) || Val Loss: 0.9321 | Val Acc: 0.6667 (Classical:0.833 | Mesenchymal:0.556 | Neural:0.500 | Proneural:0.800) || LR: 0.000100
2025-11-04 02:19:36,187 [INFO] Epoch [86/150] Train Loss: 0.9193 | Train Acc: 1.0000 (Classical:1.000 | Mesenchymal:1.000 | Neural:1.000 | Proneural:1.000) || Val Loss: 0.9362 | Val Acc: 0.6667 (Classical:0.833 | Mesenchymal:0.556 | Neural:0.500 | Proneural:0.800) || LR: 0.000100
2025-11-04 02:19:36,383 [INFO] Epoch [87/150] Train Loss: 0.9474 | Train Acc: 1.0000 (Classical:1.000 | Mesenchymal:1.000 | Neural:1.000 | Proneural:1.000) || Val Loss: 0.9509 | Val Acc: 0.6667 (Classical:0.833 | Mesenchymal:0.556 | Neural:0.500 | Proneural:0.800) || LR: 0.000100
2025-11-04 02:19:36,598 [INFO] Epoch [88/150] Train Loss: 0.9580 | Train Acc: 1.0000 (Classical:1.000 | Mesenchymal:1.000 | Neural:1.000 | Proneural:1.000) || Val Loss: 0.9525 | Val Acc: 0.6250 (Classical:0.833 | Mesenchymal:0.444 | Neural:0.500 | Proneural:0.800) || LR: 0.000100
2025-11-04 02:19:36,791 [INFO] Epoch [89/150] Train Loss: 0.9523 | Train Acc: 1.0000 (Classical:1.000 | Mesenchymal:1.000 | Neural:1.000 | Proneural:1.000) || Val Loss: 0.9281 | Val Acc: 0.6667 (Classical:0.833 | Mesenchymal:0.556 | Neural:0.500 | Proneural:0.800) || LR: 0.000100
2025-11-04 02:19:36,985 [INFO] Epoch [90/150] Train Loss: 0.9081 | Train Acc: 1.0000 (Classical:1.000 | Mesenchymal:1.000 | Neural:1.000 | Proneural:1.000) || Val Loss: 0.9204 | Val Acc: 0.6667 (Classical:0.833 | Mesenchymal:0.556 | Neural:0.500 | Proneural:0.800) || LR: 0.000100
2025-11-04 02:19:37,201 [INFO] Epoch [91/150] Train Loss: 0.9233 | Train Acc: 1.0000 (Classical:1.000 | Mesenchymal:1.000 | Neural:1.000 | Proneural:1.000) || Val Loss: 0.9219 | Val Acc: 0.7083 (Classical:1.000 | Mesenchymal:0.556 | Neural:0.500 | Proneural:0.800) || LR: 0.000100
2025-11-04 02:19:37,403 [INFO] Epoch [92/150] Train Loss: 0.9565 | Train Acc: 1.0000 (Classical:1.000 | Mesenchymal:1.000 | Neural:1.000 | Proneural:1.000) || Val Loss: 0.8893 | Val Acc: 0.7500 (Classical:0.833 | Mesenchymal:0.778 | Neural:0.500 | Proneural:0.800) || LR: 0.000100
2025-11-04 02:19:37,601 [INFO] Epoch [93/150] Train Loss: 0.9174 | Train Acc: 1.0000 (Classical:1.000 | Mesenchymal:1.000 | Neural:1.000 | Proneural:1.000) || Val Loss: 0.8965 | Val Acc: 0.7500 (Classical:0.833 | Mesenchymal:0.778 | Neural:0.500 | Proneural:0.800) || LR: 0.000100
2025-11-04 02:19:37,794 [INFO] Epoch [94/150] Train Loss: 0.8890 | Train Acc: 1.0000 (Classical:1.000 | Mesenchymal:1.000 | Neural:1.000 | Proneural:1.000) || Val Loss: 0.9192 | Val Acc: 0.7500 (Classical:1.000 | Mesenchymal:0.667 | Neural:0.500 | Proneural:0.800) || LR: 0.000100
2025-11-04 02:19:37,990 [INFO] Epoch [95/150] Train Loss: 0.9082 | Train Acc: 1.0000 (Classical:1.000 | Mesenchymal:1.000 | Neural:1.000 | Proneural:1.000) || Val Loss: 0.9266 | Val Acc: 0.7500 (Classical:1.000 | Mesenchymal:0.778 | Neural:0.250 | Proneural:0.800) || LR: 0.000100
2025-11-04 02:19:38,186 [INFO] Epoch [96/150] Train Loss: 0.9053 | Train Acc: 1.0000 (Classical:1.000 | Mesenchymal:1.000 | Neural:1.000 | Proneural:1.000) || Val Loss: 0.9404 | Val Acc: 0.7083 (Classical:0.833 | Mesenchymal:0.778 | Neural:0.250 | Proneural:0.800) || LR: 0.000100
2025-11-04 02:19:38,381 [INFO] Epoch [97/150] Train Loss: 0.9509 | Train Acc: 1.0000 (Classical:1.000 | Mesenchymal:1.000 | Neural:1.000 | Proneural:1.000) || Val Loss: 0.9183 | Val Acc: 0.6250 (Classical:0.833 | Mesenchymal:0.778 | Neural:0.000 | Proneural:0.600) || LR: 0.000100
2025-11-04 02:19:38,567 [INFO] Epoch [98/150] Train Loss: 0.9574 | Train Acc: 1.0000 (Classical:1.000 | Mesenchymal:1.000 | Neural:1.000 | Proneural:1.000) || Val Loss: 0.9588 | Val Acc: 0.6250 (Classical:0.833 | Mesenchymal:0.667 | Neural:0.000 | Proneural:0.800) || LR: 0.000100
2025-11-04 02:19:38,761 [INFO] Epoch [99/150] Train Loss: 0.8876 | Train Acc: 1.0000 (Classical:1.000 | Mesenchymal:1.000 | Neural:1.000 | Proneural:1.000) || Val Loss: 0.9967 | Val Acc: 0.6250 (Classical:0.833 | Mesenchymal:0.556 | Neural:0.250 | Proneural:0.800) || LR: 0.000100
2025-11-04 02:19:38,948 [INFO] Epoch [100/150] Train Loss: 0.9371 | Train Acc: 1.0000 (Classical:1.000 | Mesenchymal:1.000 | Neural:1.000 | Proneural:1.000) || Val Loss: 1.0082 | Val Acc: 0.6250 (Classical:0.833 | Mesenchymal:0.556 | Neural:0.250 | Proneural:0.800) || LR: 0.000100
2025-11-04 02:19:39,147 [INFO] Epoch [101/150] Train Loss: 0.9260 | Train Acc: 1.0000 (Classical:1.000 | Mesenchymal:1.000 | Neural:1.000 | Proneural:1.000) || Val Loss: 0.9988 | Val Acc: 0.6667 (Classical:0.833 | Mesenchymal:0.667 | Neural:0.250 | Proneural:0.800) || LR: 0.000100
2025-11-04 02:19:39,355 [INFO] Epoch [102/150] Train Loss: 0.8670 | Train Acc: 1.0000 (Classical:1.000 | Mesenchymal:1.000 | Neural:1.000 | Proneural:1.000) || Val Loss: 1.0052 | Val Acc: 0.6250 (Classical:0.833 | Mesenchymal:0.556 | Neural:0.250 | Proneural:0.800) || LR: 0.000100
2025-11-04 02:19:39,557 [INFO] Epoch [103/150] Train Loss: 0.8542 | Train Acc: 1.0000 (Classical:1.000 | Mesenchymal:1.000 | Neural:1.000 | Proneural:1.000) || Val Loss: 0.9888 | Val Acc: 0.6667 (Classical:0.833 | Mesenchymal:0.667 | Neural:0.250 | Proneural:0.800) || LR: 0.000100
2025-11-04 02:19:39,758 [INFO] Epoch [104/150] Train Loss: 0.8596 | Train Acc: 1.0000 (Classical:1.000 | Mesenchymal:1.000 | Neural:1.000 | Proneural:1.000) || Val Loss: 1.0002 | Val Acc: 0.6250 (Classical:0.833 | Mesenchymal:0.556 | Neural:0.250 | Proneural:0.800) || LR: 0.000100
2025-11-04 02:19:39,956 [INFO] Epoch [105/150] Train Loss: 0.9399 | Train Acc: 1.0000 (Classical:1.000 | Mesenchymal:1.000 | Neural:1.000 | Proneural:1.000) || Val Loss: 1.0071 | Val Acc: 0.6250 (Classical:0.833 | Mesenchymal:0.556 | Neural:0.250 | Proneural:0.800) || LR: 0.000100
2025-11-04 02:19:40,148 [INFO] Epoch [106/150] Train Loss: 0.8668 | Train Acc: 1.0000 (Classical:1.000 | Mesenchymal:1.000 | Neural:1.000 | Proneural:1.000) || Val Loss: 0.9688 | Val Acc: 0.7083 (Classical:0.833 | Mesenchymal:0.778 | Neural:0.250 | Proneural:0.800) || LR: 0.000100
2025-11-04 02:19:40,348 [INFO] Epoch [107/150] Train Loss: 0.8926 | Train Acc: 1.0000 (Classical:1.000 | Mesenchymal:1.000 | Neural:1.000 | Proneural:1.000) || Val Loss: 0.9288 | Val Acc: 0.7500 (Classical:0.833 | Mesenchymal:0.778 | Neural:0.500 | Proneural:0.800) || LR: 0.000100
2025-11-04 02:19:40,536 [INFO] Epoch [108/150] Train Loss: 0.8734 | Train Acc: 1.0000 (Classical:1.000 | Mesenchymal:1.000 | Neural:1.000 | Proneural:1.000) || Val Loss: 0.9264 | Val Acc: 0.7083 (Classical:0.833 | Mesenchymal:0.778 | Neural:0.250 | Proneural:0.800) || LR: 0.000100
2025-11-04 02:19:40,728 [INFO] Epoch [109/150] Train Loss: 0.8941 | Train Acc: 1.0000 (Classical:1.000 | Mesenchymal:1.000 | Neural:1.000 | Proneural:1.000) || Val Loss: 0.9221 | Val Acc: 0.7500 (Classical:0.833 | Mesenchymal:0.778 | Neural:0.500 | Proneural:0.800) || LR: 0.000100
2025-11-04 02:19:40,920 [INFO] Epoch [110/150] Train Loss: 0.9108 | Train Acc: 1.0000 (Classical:1.000 | Mesenchymal:1.000 | Neural:1.000 | Proneural:1.000) || Val Loss: 0.9165 | Val Acc: 0.7917 (Classical:1.000 | Mesenchymal:0.778 | Neural:0.500 | Proneural:0.800) || LR: 0.000100
2025-11-04 02:19:40,990 [INFO] Best model saved with val_acc: 0.7917
2025-11-04 02:19:41,189 [INFO] Epoch [111/150] Train Loss: 0.8911 | Train Acc: 1.0000 (Classical:1.000 | Mesenchymal:1.000 | Neural:1.000 | Proneural:1.000) || Val Loss: 0.9065 | Val Acc: 0.7500 (Classical:0.833 | Mesenchymal:0.778 | Neural:0.500 | Proneural:0.800) || LR: 0.000100
2025-11-04 02:19:41,385 [INFO] Epoch [112/150] Train Loss: 0.8833 | Train Acc: 1.0000 (Classical:1.000 | Mesenchymal:1.000 | Neural:1.000 | Proneural:1.000) || Val Loss: 0.8993 | Val Acc: 0.7500 (Classical:0.833 | Mesenchymal:0.778 | Neural:0.500 | Proneural:0.800) || LR: 0.000100
2025-11-04 02:19:41,584 [INFO] Epoch [113/150] Train Loss: 0.8652 | Train Acc: 1.0000 (Classical:1.000 | Mesenchymal:1.000 | Neural:1.000 | Proneural:1.000) || Val Loss: 0.9107 | Val Acc: 0.7500 (Classical:0.833 | Mesenchymal:0.778 | Neural:0.500 | Proneural:0.800) || LR: 0.000100
2025-11-04 02:19:41,794 [INFO] Epoch [114/150] Train Loss: 0.8846 | Train Acc: 1.0000 (Classical:1.000 | Mesenchymal:1.000 | Neural:1.000 | Proneural:1.000) || Val Loss: 0.9207 | Val Acc: 0.7500 (Classical:0.833 | Mesenchymal:0.778 | Neural:0.500 | Proneural:0.800) || LR: 0.000100
2025-11-04 02:19:41,984 [INFO] Epoch [115/150] Train Loss: 0.8616 | Train Acc: 1.0000 (Classical:1.000 | Mesenchymal:1.000 | Neural:1.000 | Proneural:1.000) || Val Loss: 0.9345 | Val Acc: 0.7083 (Classical:0.833 | Mesenchymal:0.667 | Neural:0.500 | Proneural:0.800) || LR: 0.000100
2025-11-04 02:19:42,196 [INFO] Epoch [116/150] Train Loss: 0.8526 | Train Acc: 1.0000 (Classical:1.000 | Mesenchymal:1.000 | Neural:1.000 | Proneural:1.000) || Val Loss: 0.9114 | Val Acc: 0.7500 (Classical:0.833 | Mesenchymal:0.778 | Neural:0.500 | Proneural:0.800) || LR: 0.000100
2025-11-04 02:19:42,384 [INFO] Epoch [117/150] Train Loss: 0.9117 | Train Acc: 1.0000 (Classical:1.000 | Mesenchymal:1.000 | Neural:1.000 | Proneural:1.000) || Val Loss: 0.8915 | Val Acc: 0.7500 (Classical:0.833 | Mesenchymal:0.778 | Neural:0.500 | Proneural:0.800) || LR: 0.000100
2025-11-04 02:19:42,574 [INFO] Epoch [118/150] Train Loss: 0.8371 | Train Acc: 1.0000 (Classical:1.000 | Mesenchymal:1.000 | Neural:1.000 | Proneural:1.000) || Val Loss: 0.9095 | Val Acc: 0.7500 (Classical:1.000 | Mesenchymal:0.667 | Neural:0.500 | Proneural:0.800) || LR: 0.000100
2025-11-04 02:19:42,769 [INFO] Epoch [119/150] Train Loss: 0.8571 | Train Acc: 1.0000 (Classical:1.000 | Mesenchymal:1.000 | Neural:1.000 | Proneural:1.000) || Val Loss: 0.9465 | Val Acc: 0.7500 (Classical:1.000 | Mesenchymal:0.667 | Neural:0.500 | Proneural:0.800) || LR: 0.000100
2025-11-04 02:19:42,961 [INFO] Epoch [120/150] Train Loss: 0.8395 | Train Acc: 1.0000 (Classical:1.000 | Mesenchymal:1.000 | Neural:1.000 | Proneural:1.000) || Val Loss: 0.9568 | Val Acc: 0.7500 (Classical:1.000 | Mesenchymal:0.667 | Neural:0.500 | Proneural:0.800) || LR: 0.000100
2025-11-04 02:19:43,161 [INFO] Epoch [121/150] Train Loss: 0.8422 | Train Acc: 1.0000 (Classical:1.000 | Mesenchymal:1.000 | Neural:1.000 | Proneural:1.000) || Val Loss: 0.9595 | Val Acc: 0.7500 (Classical:1.000 | Mesenchymal:0.667 | Neural:0.500 | Proneural:0.800) || LR: 0.000100
2025-11-04 02:19:43,351 [INFO] Epoch [122/150] Train Loss: 0.8529 | Train Acc: 1.0000 (Classical:1.000 | Mesenchymal:1.000 | Neural:1.000 | Proneural:1.000) || Val Loss: 0.9546 | Val Acc: 0.7500 (Classical:1.000 | Mesenchymal:0.667 | Neural:0.500 | Proneural:0.800) || LR: 0.000100
2025-11-04 02:19:43,546 [INFO] Epoch [123/150] Train Loss: 0.8227 | Train Acc: 1.0000 (Classical:1.000 | Mesenchymal:1.000 | Neural:1.000 | Proneural:1.000) || Val Loss: 0.9885 | Val Acc: 0.7500 (Classical:1.000 | Mesenchymal:0.667 | Neural:0.500 | Proneural:0.800) || LR: 0.000100
2025-11-04 02:19:43,743 [INFO] Epoch [124/150] Train Loss: 0.8451 | Train Acc: 1.0000 (Classical:1.000 | Mesenchymal:1.000 | Neural:1.000 | Proneural:1.000) || Val Loss: 0.9903 | Val Acc: 0.7500 (Classical:1.000 | Mesenchymal:0.667 | Neural:0.500 | Proneural:0.800) || LR: 0.000100
2025-11-04 02:19:43,964 [INFO] Epoch [125/150] Train Loss: 0.8699 | Train Acc: 1.0000 (Classical:1.000 | Mesenchymal:1.000 | Neural:1.000 | Proneural:1.000) || Val Loss: 1.0016 | Val Acc: 0.7500 (Classical:1.000 | Mesenchymal:0.667 | Neural:0.500 | Proneural:0.800) || LR: 0.000100
2025-11-04 02:19:44,165 [INFO] Epoch [126/150] Train Loss: 0.8678 | Train Acc: 1.0000 (Classical:1.000 | Mesenchymal:1.000 | Neural:1.000 | Proneural:1.000) || Val Loss: 0.9490 | Val Acc: 0.7500 (Classical:0.833 | Mesenchymal:0.778 | Neural:0.500 | Proneural:0.800) || LR: 0.000100
2025-11-04 02:19:44,378 [INFO] Epoch [127/150] Train Loss: 0.8060 | Train Acc: 1.0000 (Classical:1.000 | Mesenchymal:1.000 | Neural:1.000 | Proneural:1.000) || Val Loss: 0.9380 | Val Acc: 0.7917 (Classical:1.000 | Mesenchymal:0.778 | Neural:0.500 | Proneural:0.800) || LR: 0.000100
2025-11-04 02:19:44,573 [INFO] Epoch [128/150] Train Loss: 0.8540 | Train Acc: 1.0000 (Classical:1.000 | Mesenchymal:1.000 | Neural:1.000 | Proneural:1.000) || Val Loss: 0.9447 | Val Acc: 0.7917 (Classical:1.000 | Mesenchymal:0.778 | Neural:0.500 | Proneural:0.800) || LR: 0.000100
2025-11-04 02:19:44,769 [INFO] Epoch [129/150] Train Loss: 0.8430 | Train Acc: 1.0000 (Classical:1.000 | Mesenchymal:1.000 | Neural:1.000 | Proneural:1.000) || Val Loss: 0.9143 | Val Acc: 0.7500 (Classical:1.000 | Mesenchymal:0.778 | Neural:0.250 | Proneural:0.800) || LR: 0.000100
2025-11-04 02:19:44,960 [INFO] Epoch [130/150] Train Loss: 0.8192 | Train Acc: 1.0000 (Classical:1.000 | Mesenchymal:1.000 | Neural:1.000 | Proneural:1.000) || Val Loss: 0.9305 | Val Acc: 0.7917 (Classical:1.000 | Mesenchymal:0.778 | Neural:0.500 | Proneural:0.800) || LR: 0.000100
2025-11-04 02:19:45,170 [INFO] Epoch [131/150] Train Loss: 0.8953 | Train Acc: 1.0000 (Classical:1.000 | Mesenchymal:1.000 | Neural:1.000 | Proneural:1.000) || Val Loss: 0.9564 | Val Acc: 0.7083 (Classical:1.000 | Mesenchymal:0.556 | Neural:0.500 | Proneural:0.800) || LR: 0.000100
2025-11-04 02:19:45,361 [INFO] Epoch [132/150] Train Loss: 0.8514 | Train Acc: 1.0000 (Classical:1.000 | Mesenchymal:1.000 | Neural:1.000 | Proneural:1.000) || Val Loss: 0.9242 | Val Acc: 0.7917 (Classical:1.000 | Mesenchymal:0.778 | Neural:0.500 | Proneural:0.800) || LR: 0.000100
2025-11-04 02:19:45,558 [INFO] Epoch [133/150] Train Loss: 0.8312 | Train Acc: 1.0000 (Classical:1.000 | Mesenchymal:1.000 | Neural:1.000 | Proneural:1.000) || Val Loss: 0.9213 | Val Acc: 0.7917 (Classical:1.000 | Mesenchymal:0.778 | Neural:0.500 | Proneural:0.800) || LR: 0.000100
2025-11-04 02:19:45,751 [INFO] Epoch [134/150] Train Loss: 0.7986 | Train Acc: 1.0000 (Classical:1.000 | Mesenchymal:1.000 | Neural:1.000 | Proneural:1.000) || Val Loss: 0.9230 | Val Acc: 0.7083 (Classical:0.833 | Mesenchymal:0.778 | Neural:0.250 | Proneural:0.800) || LR: 0.000100
2025-11-04 02:19:45,943 [INFO] Epoch [135/150] Train Loss: 0.8549 | Train Acc: 1.0000 (Classical:1.000 | Mesenchymal:1.000 | Neural:1.000 | Proneural:1.000) || Val Loss: 0.8983 | Val Acc: 0.7500 (Classical:0.833 | Mesenchymal:0.778 | Neural:0.500 | Proneural:0.800) || LR: 0.000100
2025-11-04 02:19:46,155 [INFO] Epoch [136/150] Train Loss: 0.7994 | Train Acc: 1.0000 (Classical:1.000 | Mesenchymal:1.000 | Neural:1.000 | Proneural:1.000) || Val Loss: 0.8893 | Val Acc: 0.7500 (Classical:0.833 | Mesenchymal:0.778 | Neural:0.500 | Proneural:0.800) || LR: 0.000100
2025-11-04 02:19:46,359 [INFO] Epoch [137/150] Train Loss: 0.8012 | Train Acc: 1.0000 (Classical:1.000 | Mesenchymal:1.000 | Neural:1.000 | Proneural:1.000) || Val Loss: 0.9067 | Val Acc: 0.7500 (Classical:0.833 | Mesenchymal:0.778 | Neural:0.500 | Proneural:0.800) || LR: 0.000100
2025-11-04 02:19:46,550 [INFO] Epoch [138/150] Train Loss: 0.8076 | Train Acc: 1.0000 (Classical:1.000 | Mesenchymal:1.000 | Neural:1.000 | Proneural:1.000) || Val Loss: 0.9034 | Val Acc: 0.7500 (Classical:0.833 | Mesenchymal:0.778 | Neural:0.500 | Proneural:0.800) || LR: 0.000100
2025-11-04 02:19:46,745 [INFO] Epoch [139/150] Train Loss: 0.8408 | Train Acc: 1.0000 (Classical:1.000 | Mesenchymal:1.000 | Neural:1.000 | Proneural:1.000) || Val Loss: 0.9189 | Val Acc: 0.7917 (Classical:1.000 | Mesenchymal:0.778 | Neural:0.500 | Proneural:0.800) || LR: 0.000100
2025-11-04 02:19:46,935 [INFO] Epoch [140/150] Train Loss: 0.8217 | Train Acc: 1.0000 (Classical:1.000 | Mesenchymal:1.000 | Neural:1.000 | Proneural:1.000) || Val Loss: 0.9328 | Val Acc: 0.7917 (Classical:1.000 | Mesenchymal:0.778 | Neural:0.500 | Proneural:0.800) || LR: 0.000100
2025-11-04 02:19:47,130 [INFO] Epoch [141/150] Train Loss: 0.8363 | Train Acc: 1.0000 (Classical:1.000 | Mesenchymal:1.000 | Neural:1.000 | Proneural:1.000) || Val Loss: 0.9191 | Val Acc: 0.7917 (Classical:1.000 | Mesenchymal:0.778 | Neural:0.500 | Proneural:0.800) || LR: 0.000100
2025-11-04 02:19:47,330 [INFO] Epoch [142/150] Train Loss: 0.8120 | Train Acc: 1.0000 (Classical:1.000 | Mesenchymal:1.000 | Neural:1.000 | Proneural:1.000) || Val Loss: 0.9353 | Val Acc: 0.7917 (Classical:1.000 | Mesenchymal:0.778 | Neural:0.500 | Proneural:0.800) || LR: 0.000100
2025-11-04 02:19:47,526 [INFO] Epoch [143/150] Train Loss: 0.8140 | Train Acc: 1.0000 (Classical:1.000 | Mesenchymal:1.000 | Neural:1.000 | Proneural:1.000) || Val Loss: 0.9455 | Val Acc: 0.7917 (Classical:1.000 | Mesenchymal:0.778 | Neural:0.500 | Proneural:0.800) || LR: 0.000100
2025-11-04 02:19:47,722 [INFO] Epoch [144/150] Train Loss: 0.8313 | Train Acc: 1.0000 (Classical:1.000 | Mesenchymal:1.000 | Neural:1.000 | Proneural:1.000) || Val Loss: 0.9491 | Val Acc: 0.7917 (Classical:1.000 | Mesenchymal:0.778 | Neural:0.500 | Proneural:0.800) || LR: 0.000100
2025-11-04 02:19:47,918 [INFO] Epoch [145/150] Train Loss: 0.7886 | Train Acc: 1.0000 (Classical:1.000 | Mesenchymal:1.000 | Neural:1.000 | Proneural:1.000) || Val Loss: 0.9356 | Val Acc: 0.7917 (Classical:1.000 | Mesenchymal:0.778 | Neural:0.500 | Proneural:0.800) || LR: 0.000100
2025-11-04 02:19:48,109 [INFO] Epoch [146/150] Train Loss: 0.8382 | Train Acc: 1.0000 (Classical:1.000 | Mesenchymal:1.000 | Neural:1.000 | Proneural:1.000) || Val Loss: 0.9310 | Val Acc: 0.7917 (Classical:1.000 | Mesenchymal:0.778 | Neural:0.500 | Proneural:0.800) || LR: 0.000100
2025-11-04 02:19:48,313 [INFO] Epoch [147/150] Train Loss: 0.8023 | Train Acc: 1.0000 (Classical:1.000 | Mesenchymal:1.000 | Neural:1.000 | Proneural:1.000) || Val Loss: 0.9503 | Val Acc: 0.7917 (Classical:1.000 | Mesenchymal:0.778 | Neural:0.500 | Proneural:0.800) || LR: 0.000100
2025-11-04 02:19:48,506 [INFO] Epoch [148/150] Train Loss: 0.7699 | Train Acc: 1.0000 (Classical:1.000 | Mesenchymal:1.000 | Neural:1.000 | Proneural:1.000) || Val Loss: 0.9317 | Val Acc: 0.7500 (Classical:1.000 | Mesenchymal:0.778 | Neural:0.250 | Proneural:0.800) || LR: 0.000100
2025-11-04 02:19:48,711 [INFO] Epoch [149/150] Train Loss: 0.8051 | Train Acc: 1.0000 (Classical:1.000 | Mesenchymal:1.000 | Neural:1.000 | Proneural:1.000) || Val Loss: 0.9283 | Val Acc: 0.7500 (Classical:1.000 | Mesenchymal:0.778 | Neural:0.250 | Proneural:0.800) || LR: 0.000100
2025-11-04 02:19:48,898 [INFO] Epoch [150/150] Train Loss: 0.8170 | Train Acc: 1.0000 (Classical:1.000 | Mesenchymal:1.000 | Neural:1.000 | Proneural:1.000) || Val Loss: 0.9201 | Val Acc: 0.7500 (Classical:1.000 | Mesenchymal:0.778 | Neural:0.250 | Proneural:0.800) || LR: 0.000100
2025-11-04 02:19:48,906 [INFO] Training completed. Best accuracy: 0.7917
2025-11-04 02:19:48,906 [INFO] Log: ./logs/train_20251104_021916.log, Model: ./models/best_model.pth
2025-11-04 02:19:48,993 [INFO] FINAL PER-CLASS | Train Acc: 1.0000 (Classical:1.000 | Mesenchymal:1.000 | Neural:1.000 | Proneural:1.000) || Val Acc: 0.7917 (Classical:1.000 | Mesenchymal:0.778 | Neural:0.500 | Proneural:0.800)
2025-11-04 02:19:49,061 [INFO] FINAL PER-CLASS | Test  Acc: 0.7000 (Classical:0.750 | Mesenchymal:0.900 | Neural:0.400 | Proneural:0.571)
