2025-11-04 02:16:40,236 [INFO] Model parameters: 33,024,228, Classes: 4
2025-11-04 02:16:40,237 [INFO] Enhanced regularization: Dropout=0.2, Weight_decay=0.001
2025-11-04 02:16:40,896 [INFO] Regularized Attention-MOI Training Started
2025-11-04 02:16:40,896 [INFO] Training started with enhanced regularization
2025-11-04 02:16:40,897 [INFO] Dropout: 0.2, Weight decay: 0.001
2025-11-04 02:16:41,330 [INFO] Epoch [1/150] Train Loss: 2.6800 | Train Acc: 0.5319 (Classical:0.600 | Mesenchymal:0.344 | Neural:0.188 | Proneural:1.000) || Val Loss: 1.4045 | Val Acc: 0.2500 (Classical:0.167 | Mesenchymal:0.111 | Neural:0.000 | Proneural:0.800) || LR: 0.000100
2025-11-04 02:16:41,690 [INFO] Best model saved with val_acc: 0.2500
2025-11-04 02:16:41,917 [INFO] Epoch [2/150] Train Loss: 2.4627 | Train Acc: 0.6170 (Classical:0.720 | Mesenchymal:0.438 | Neural:0.312 | Proneural:1.000) || Val Loss: 1.3603 | Val Acc: 0.3333 (Classical:0.167 | Mesenchymal:0.222 | Neural:0.000 | Proneural:1.000) || LR: 0.000100
2025-11-04 02:16:42,154 [INFO] Best model saved with val_acc: 0.3333
2025-11-04 02:16:42,388 [INFO] Epoch [3/150] Train Loss: 2.4070 | Train Acc: 0.7553 (Classical:0.800 | Mesenchymal:0.688 | Neural:0.562 | Proneural:0.952) || Val Loss: 1.3337 | Val Acc: 0.2917 (Classical:0.167 | Mesenchymal:0.333 | Neural:0.000 | Proneural:0.600) || LR: 0.000100
2025-11-04 02:16:42,575 [INFO] Epoch [4/150] Train Loss: 2.3520 | Train Acc: 0.7979 (Classical:0.680 | Mesenchymal:0.781 | Neural:0.750 | Proneural:1.000) || Val Loss: 1.3213 | Val Acc: 0.3750 (Classical:0.167 | Mesenchymal:0.556 | Neural:0.000 | Proneural:0.600) || LR: 0.000100
2025-11-04 02:16:42,768 [INFO] Best model saved with val_acc: 0.3750
2025-11-04 02:16:42,954 [INFO] Epoch [5/150] Train Loss: 2.2250 | Train Acc: 0.8298 (Classical:0.800 | Mesenchymal:0.750 | Neural:0.812 | Proneural:1.000) || Val Loss: 1.3290 | Val Acc: 0.4167 (Classical:0.333 | Mesenchymal:0.556 | Neural:0.000 | Proneural:0.600) || LR: 0.000100
2025-11-04 02:16:43,161 [INFO] Best model saved with val_acc: 0.4167
2025-11-04 02:16:43,350 [INFO] Epoch [6/150] Train Loss: 2.1596 | Train Acc: 0.8511 (Classical:0.760 | Mesenchymal:0.781 | Neural:0.938 | Proneural:1.000) || Val Loss: 1.3051 | Val Acc: 0.4167 (Classical:0.167 | Mesenchymal:0.556 | Neural:0.250 | Proneural:0.600) || LR: 0.000100
2025-11-04 02:16:43,534 [INFO] Epoch [7/150] Train Loss: 2.1214 | Train Acc: 0.8830 (Classical:0.800 | Mesenchymal:0.844 | Neural:0.938 | Proneural:1.000) || Val Loss: 1.2711 | Val Acc: 0.5000 (Classical:0.500 | Mesenchymal:0.556 | Neural:0.250 | Proneural:0.600) || LR: 0.000100
2025-11-04 02:16:43,705 [INFO] Best model saved with val_acc: 0.5000
2025-11-04 02:16:43,883 [INFO] Epoch [8/150] Train Loss: 2.1293 | Train Acc: 0.8936 (Classical:0.880 | Mesenchymal:0.812 | Neural:0.938 | Proneural:1.000) || Val Loss: 1.2474 | Val Acc: 0.5000 (Classical:0.500 | Mesenchymal:0.556 | Neural:0.250 | Proneural:0.600) || LR: 0.000100
2025-11-04 02:16:44,054 [INFO] Epoch [9/150] Train Loss: 2.1600 | Train Acc: 0.9255 (Classical:0.880 | Mesenchymal:0.906 | Neural:0.938 | Proneural:1.000) || Val Loss: 1.2335 | Val Acc: 0.5000 (Classical:0.667 | Mesenchymal:0.444 | Neural:0.250 | Proneural:0.600) || LR: 0.000100
2025-11-04 02:16:44,415 [INFO] Epoch [10/150] Train Loss: 2.0921 | Train Acc: 0.9574 (Classical:0.960 | Mesenchymal:0.938 | Neural:0.938 | Proneural:1.000) || Val Loss: 1.2147 | Val Acc: 0.5000 (Classical:0.500 | Mesenchymal:0.556 | Neural:0.250 | Proneural:0.600) || LR: 0.000100
2025-11-04 02:16:44,610 [INFO] Epoch [11/150] Train Loss: 2.0764 | Train Acc: 0.9681 (Classical:0.960 | Mesenchymal:0.969 | Neural:0.938 | Proneural:1.000) || Val Loss: 1.1967 | Val Acc: 0.5417 (Classical:0.500 | Mesenchymal:0.556 | Neural:0.250 | Proneural:0.800) || LR: 0.000100
2025-11-04 02:16:44,796 [INFO] Best model saved with val_acc: 0.5417
2025-11-04 02:16:44,992 [INFO] Epoch [12/150] Train Loss: 2.0368 | Train Acc: 0.9787 (Classical:0.960 | Mesenchymal:1.000 | Neural:0.938 | Proneural:1.000) || Val Loss: 1.1839 | Val Acc: 0.5417 (Classical:0.500 | Mesenchymal:0.556 | Neural:0.250 | Proneural:0.800) || LR: 0.000100
2025-11-04 02:16:45,169 [INFO] Epoch [13/150] Train Loss: 1.9672 | Train Acc: 0.9894 (Classical:0.960 | Mesenchymal:1.000 | Neural:1.000 | Proneural:1.000) || Val Loss: 1.1804 | Val Acc: 0.5417 (Classical:0.500 | Mesenchymal:0.556 | Neural:0.250 | Proneural:0.800) || LR: 0.000100
2025-11-04 02:16:45,340 [INFO] Epoch [14/150] Train Loss: 2.0599 | Train Acc: 0.9894 (Classical:0.960 | Mesenchymal:1.000 | Neural:1.000 | Proneural:1.000) || Val Loss: 1.1678 | Val Acc: 0.5417 (Classical:0.500 | Mesenchymal:0.556 | Neural:0.250 | Proneural:0.800) || LR: 0.000100
2025-11-04 02:16:45,621 [INFO] Epoch [15/150] Train Loss: 1.9512 | Train Acc: 0.9894 (Classical:0.960 | Mesenchymal:1.000 | Neural:1.000 | Proneural:1.000) || Val Loss: 1.1669 | Val Acc: 0.5417 (Classical:0.333 | Mesenchymal:0.667 | Neural:0.250 | Proneural:0.800) || LR: 0.000100
2025-11-04 02:16:45,795 [INFO] Epoch [16/150] Train Loss: 2.0086 | Train Acc: 0.9894 (Classical:0.960 | Mesenchymal:1.000 | Neural:1.000 | Proneural:1.000) || Val Loss: 1.1480 | Val Acc: 0.5417 (Classical:0.333 | Mesenchymal:0.667 | Neural:0.250 | Proneural:0.800) || LR: 0.000100
2025-11-04 02:16:45,967 [INFO] Epoch [17/150] Train Loss: 1.9314 | Train Acc: 1.0000 (Classical:1.000 | Mesenchymal:1.000 | Neural:1.000 | Proneural:1.000) || Val Loss: 1.1444 | Val Acc: 0.5417 (Classical:0.333 | Mesenchymal:0.667 | Neural:0.250 | Proneural:0.800) || LR: 0.000100
2025-11-04 02:16:46,137 [INFO] Epoch [18/150] Train Loss: 1.9388 | Train Acc: 1.0000 (Classical:1.000 | Mesenchymal:1.000 | Neural:1.000 | Proneural:1.000) || Val Loss: 1.1284 | Val Acc: 0.5833 (Classical:0.500 | Mesenchymal:0.667 | Neural:0.250 | Proneural:0.800) || LR: 0.000100
2025-11-04 02:16:46,300 [INFO] Best model saved with val_acc: 0.5833
2025-11-04 02:16:46,505 [INFO] Epoch [19/150] Train Loss: 1.9302 | Train Acc: 1.0000 (Classical:1.000 | Mesenchymal:1.000 | Neural:1.000 | Proneural:1.000) || Val Loss: 1.1174 | Val Acc: 0.5833 (Classical:0.500 | Mesenchymal:0.667 | Neural:0.250 | Proneural:0.800) || LR: 0.000100
2025-11-04 02:16:46,750 [INFO] Epoch [20/150] Train Loss: 1.8482 | Train Acc: 1.0000 (Classical:1.000 | Mesenchymal:1.000 | Neural:1.000 | Proneural:1.000) || Val Loss: 1.1033 | Val Acc: 0.5000 (Classical:0.500 | Mesenchymal:0.444 | Neural:0.250 | Proneural:0.800) || LR: 0.000100
2025-11-04 02:16:46,925 [INFO] Epoch [21/150] Train Loss: 1.8621 | Train Acc: 1.0000 (Classical:1.000 | Mesenchymal:1.000 | Neural:1.000 | Proneural:1.000) || Val Loss: 1.1005 | Val Acc: 0.5000 (Classical:0.500 | Mesenchymal:0.444 | Neural:0.250 | Proneural:0.800) || LR: 0.000100
2025-11-04 02:16:47,122 [INFO] Epoch [22/150] Train Loss: 1.8856 | Train Acc: 1.0000 (Classical:1.000 | Mesenchymal:1.000 | Neural:1.000 | Proneural:1.000) || Val Loss: 1.0871 | Val Acc: 0.6250 (Classical:0.500 | Mesenchymal:0.667 | Neural:0.250 | Proneural:1.000) || LR: 0.000100
2025-11-04 02:16:47,347 [INFO] Best model saved with val_acc: 0.6250
2025-11-04 02:16:47,522 [INFO] Epoch [23/150] Train Loss: 1.9283 | Train Acc: 1.0000 (Classical:1.000 | Mesenchymal:1.000 | Neural:1.000 | Proneural:1.000) || Val Loss: 1.0729 | Val Acc: 0.6667 (Classical:0.500 | Mesenchymal:0.778 | Neural:0.250 | Proneural:1.000) || LR: 0.000100
2025-11-04 02:16:47,694 [INFO] Best model saved with val_acc: 0.6667
2025-11-04 02:16:47,869 [INFO] Epoch [24/150] Train Loss: 1.8810 | Train Acc: 1.0000 (Classical:1.000 | Mesenchymal:1.000 | Neural:1.000 | Proneural:1.000) || Val Loss: 1.0717 | Val Acc: 0.6667 (Classical:0.500 | Mesenchymal:0.778 | Neural:0.250 | Proneural:1.000) || LR: 0.000100
2025-11-04 02:16:48,045 [INFO] Epoch [25/150] Train Loss: 1.8823 | Train Acc: 1.0000 (Classical:1.000 | Mesenchymal:1.000 | Neural:1.000 | Proneural:1.000) || Val Loss: 1.0632 | Val Acc: 0.7083 (Classical:0.667 | Mesenchymal:0.778 | Neural:0.250 | Proneural:1.000) || LR: 0.000100
2025-11-04 02:16:48,257 [INFO] Best model saved with val_acc: 0.7083
2025-11-04 02:16:48,439 [INFO] Epoch [26/150] Train Loss: 1.8281 | Train Acc: 1.0000 (Classical:1.000 | Mesenchymal:1.000 | Neural:1.000 | Proneural:1.000) || Val Loss: 1.0619 | Val Acc: 0.6667 (Classical:0.667 | Mesenchymal:0.667 | Neural:0.250 | Proneural:1.000) || LR: 0.000100
2025-11-04 02:16:48,612 [INFO] Epoch [27/150] Train Loss: 1.8098 | Train Acc: 1.0000 (Classical:1.000 | Mesenchymal:1.000 | Neural:1.000 | Proneural:1.000) || Val Loss: 1.0620 | Val Acc: 0.6250 (Classical:0.667 | Mesenchymal:0.667 | Neural:0.250 | Proneural:0.800) || LR: 0.000100
2025-11-04 02:16:48,784 [INFO] Epoch [28/150] Train Loss: 1.8132 | Train Acc: 1.0000 (Classical:1.000 | Mesenchymal:1.000 | Neural:1.000 | Proneural:1.000) || Val Loss: 1.0610 | Val Acc: 0.6250 (Classical:0.667 | Mesenchymal:0.667 | Neural:0.250 | Proneural:0.800) || LR: 0.000100
2025-11-04 02:16:48,989 [INFO] Epoch [29/150] Train Loss: 1.7863 | Train Acc: 1.0000 (Classical:1.000 | Mesenchymal:1.000 | Neural:1.000 | Proneural:1.000) || Val Loss: 1.0522 | Val Acc: 0.6250 (Classical:0.667 | Mesenchymal:0.667 | Neural:0.250 | Proneural:0.800) || LR: 0.000100
2025-11-04 02:16:49,170 [INFO] Epoch [30/150] Train Loss: 1.8148 | Train Acc: 1.0000 (Classical:1.000 | Mesenchymal:1.000 | Neural:1.000 | Proneural:1.000) || Val Loss: 1.0465 | Val Acc: 0.6250 (Classical:0.667 | Mesenchymal:0.667 | Neural:0.250 | Proneural:0.800) || LR: 0.000100
2025-11-04 02:16:49,344 [INFO] Epoch [31/150] Train Loss: 1.7935 | Train Acc: 1.0000 (Classical:1.000 | Mesenchymal:1.000 | Neural:1.000 | Proneural:1.000) || Val Loss: 1.0543 | Val Acc: 0.6250 (Classical:0.667 | Mesenchymal:0.667 | Neural:0.250 | Proneural:0.800) || LR: 0.000100
2025-11-04 02:16:49,513 [INFO] Epoch [32/150] Train Loss: 1.8291 | Train Acc: 1.0000 (Classical:1.000 | Mesenchymal:1.000 | Neural:1.000 | Proneural:1.000) || Val Loss: 1.0369 | Val Acc: 0.6250 (Classical:0.667 | Mesenchymal:0.667 | Neural:0.250 | Proneural:0.800) || LR: 0.000100
2025-11-04 02:16:49,773 [INFO] Epoch [33/150] Train Loss: 1.7843 | Train Acc: 1.0000 (Classical:1.000 | Mesenchymal:1.000 | Neural:1.000 | Proneural:1.000) || Val Loss: 1.0288 | Val Acc: 0.6667 (Classical:0.667 | Mesenchymal:0.778 | Neural:0.250 | Proneural:0.800) || LR: 0.000100
2025-11-04 02:16:49,941 [INFO] Epoch [34/150] Train Loss: 1.7783 | Train Acc: 1.0000 (Classical:1.000 | Mesenchymal:1.000 | Neural:1.000 | Proneural:1.000) || Val Loss: 1.0302 | Val Acc: 0.6667 (Classical:0.667 | Mesenchymal:0.778 | Neural:0.250 | Proneural:0.800) || LR: 0.000100
2025-11-04 02:16:50,106 [INFO] Epoch [35/150] Train Loss: 1.7436 | Train Acc: 1.0000 (Classical:1.000 | Mesenchymal:1.000 | Neural:1.000 | Proneural:1.000) || Val Loss: 1.0316 | Val Acc: 0.6250 (Classical:0.667 | Mesenchymal:0.667 | Neural:0.250 | Proneural:0.800) || LR: 0.000100
2025-11-04 02:16:50,272 [INFO] Epoch [36/150] Train Loss: 1.7242 | Train Acc: 1.0000 (Classical:1.000 | Mesenchymal:1.000 | Neural:1.000 | Proneural:1.000) || Val Loss: 1.0213 | Val Acc: 0.6250 (Classical:0.667 | Mesenchymal:0.667 | Neural:0.250 | Proneural:0.800) || LR: 0.000100
2025-11-04 02:16:50,436 [INFO] Epoch [37/150] Train Loss: 1.7448 | Train Acc: 1.0000 (Classical:1.000 | Mesenchymal:1.000 | Neural:1.000 | Proneural:1.000) || Val Loss: 1.0196 | Val Acc: 0.6250 (Classical:0.667 | Mesenchymal:0.667 | Neural:0.250 | Proneural:0.800) || LR: 0.000100
2025-11-04 02:16:50,595 [INFO] Epoch [38/150] Train Loss: 1.7580 | Train Acc: 1.0000 (Classical:1.000 | Mesenchymal:1.000 | Neural:1.000 | Proneural:1.000) || Val Loss: 1.0164 | Val Acc: 0.6250 (Classical:0.667 | Mesenchymal:0.667 | Neural:0.250 | Proneural:0.800) || LR: 0.000100
2025-11-04 02:16:50,762 [INFO] Epoch [39/150] Train Loss: 1.7425 | Train Acc: 1.0000 (Classical:1.000 | Mesenchymal:1.000 | Neural:1.000 | Proneural:1.000) || Val Loss: 1.0151 | Val Acc: 0.6667 (Classical:0.833 | Mesenchymal:0.667 | Neural:0.250 | Proneural:0.800) || LR: 0.000100
2025-11-04 02:16:50,922 [INFO] Epoch [40/150] Train Loss: 1.7470 | Train Acc: 1.0000 (Classical:1.000 | Mesenchymal:1.000 | Neural:1.000 | Proneural:1.000) || Val Loss: 1.0219 | Val Acc: 0.6250 (Classical:0.667 | Mesenchymal:0.667 | Neural:0.250 | Proneural:0.800) || LR: 0.000100
2025-11-04 02:16:51,089 [INFO] Epoch [41/150] Train Loss: 1.7229 | Train Acc: 1.0000 (Classical:1.000 | Mesenchymal:1.000 | Neural:1.000 | Proneural:1.000) || Val Loss: 1.0222 | Val Acc: 0.6250 (Classical:0.667 | Mesenchymal:0.667 | Neural:0.250 | Proneural:0.800) || LR: 0.000100
2025-11-04 02:16:51,256 [INFO] Epoch [42/150] Train Loss: 1.6735 | Train Acc: 1.0000 (Classical:1.000 | Mesenchymal:1.000 | Neural:1.000 | Proneural:1.000) || Val Loss: 1.0301 | Val Acc: 0.6250 (Classical:0.667 | Mesenchymal:0.667 | Neural:0.250 | Proneural:0.800) || LR: 0.000100
2025-11-04 02:16:51,427 [INFO] Epoch [43/150] Train Loss: 1.6882 | Train Acc: 1.0000 (Classical:1.000 | Mesenchymal:1.000 | Neural:1.000 | Proneural:1.000) || Val Loss: 1.0301 | Val Acc: 0.6250 (Classical:0.667 | Mesenchymal:0.667 | Neural:0.250 | Proneural:0.800) || LR: 0.000100
2025-11-04 02:16:51,599 [INFO] Epoch [44/150] Train Loss: 1.7037 | Train Acc: 1.0000 (Classical:1.000 | Mesenchymal:1.000 | Neural:1.000 | Proneural:1.000) || Val Loss: 1.0321 | Val Acc: 0.6250 (Classical:0.667 | Mesenchymal:0.667 | Neural:0.250 | Proneural:0.800) || LR: 0.000100
2025-11-04 02:16:51,772 [INFO] Epoch [45/150] Train Loss: 1.7005 | Train Acc: 1.0000 (Classical:1.000 | Mesenchymal:1.000 | Neural:1.000 | Proneural:1.000) || Val Loss: 1.0301 | Val Acc: 0.6250 (Classical:0.667 | Mesenchymal:0.667 | Neural:0.250 | Proneural:0.800) || LR: 0.000100
2025-11-04 02:16:51,948 [INFO] Epoch [46/150] Train Loss: 1.6557 | Train Acc: 1.0000 (Classical:1.000 | Mesenchymal:1.000 | Neural:1.000 | Proneural:1.000) || Val Loss: 1.0252 | Val Acc: 0.6250 (Classical:0.667 | Mesenchymal:0.667 | Neural:0.250 | Proneural:0.800) || LR: 0.000100
2025-11-04 02:16:52,114 [INFO] Epoch [47/150] Train Loss: 1.6723 | Train Acc: 1.0000 (Classical:1.000 | Mesenchymal:1.000 | Neural:1.000 | Proneural:1.000) || Val Loss: 1.0315 | Val Acc: 0.6250 (Classical:0.667 | Mesenchymal:0.667 | Neural:0.250 | Proneural:0.800) || LR: 0.000100
2025-11-04 02:16:52,280 [INFO] Epoch [48/150] Train Loss: 1.6441 | Train Acc: 1.0000 (Classical:1.000 | Mesenchymal:1.000 | Neural:1.000 | Proneural:1.000) || Val Loss: 1.0411 | Val Acc: 0.6667 (Classical:0.833 | Mesenchymal:0.667 | Neural:0.250 | Proneural:0.800) || LR: 0.000100
2025-11-04 02:16:52,449 [INFO] Epoch [49/150] Train Loss: 1.6804 | Train Acc: 1.0000 (Classical:1.000 | Mesenchymal:1.000 | Neural:1.000 | Proneural:1.000) || Val Loss: 1.0422 | Val Acc: 0.6667 (Classical:0.833 | Mesenchymal:0.667 | Neural:0.250 | Proneural:0.800) || LR: 0.000100
2025-11-04 02:16:52,611 [INFO] Epoch [50/150] Train Loss: 1.6341 | Train Acc: 1.0000 (Classical:1.000 | Mesenchymal:1.000 | Neural:1.000 | Proneural:1.000) || Val Loss: 1.0308 | Val Acc: 0.6667 (Classical:0.833 | Mesenchymal:0.667 | Neural:0.250 | Proneural:0.800) || LR: 0.000100
2025-11-04 02:16:52,774 [INFO] Epoch [51/150] Train Loss: 1.6614 | Train Acc: 1.0000 (Classical:1.000 | Mesenchymal:1.000 | Neural:1.000 | Proneural:1.000) || Val Loss: 1.0182 | Val Acc: 0.6250 (Classical:0.667 | Mesenchymal:0.667 | Neural:0.250 | Proneural:0.800) || LR: 0.000100
2025-11-04 02:16:52,935 [INFO] Epoch [52/150] Train Loss: 1.6142 | Train Acc: 1.0000 (Classical:1.000 | Mesenchymal:1.000 | Neural:1.000 | Proneural:1.000) || Val Loss: 1.0267 | Val Acc: 0.6250 (Classical:0.667 | Mesenchymal:0.667 | Neural:0.250 | Proneural:0.800) || LR: 0.000100
2025-11-04 02:16:53,102 [INFO] Epoch [53/150] Train Loss: 1.6712 | Train Acc: 1.0000 (Classical:1.000 | Mesenchymal:1.000 | Neural:1.000 | Proneural:1.000) || Val Loss: 1.0215 | Val Acc: 0.6667 (Classical:0.833 | Mesenchymal:0.667 | Neural:0.250 | Proneural:0.800) || LR: 0.000100
2025-11-04 02:16:53,287 [INFO] Epoch [54/150] Train Loss: 1.6480 | Train Acc: 1.0000 (Classical:1.000 | Mesenchymal:1.000 | Neural:1.000 | Proneural:1.000) || Val Loss: 1.0029 | Val Acc: 0.6667 (Classical:0.833 | Mesenchymal:0.667 | Neural:0.250 | Proneural:0.800) || LR: 0.000100
2025-11-04 02:16:53,460 [INFO] Epoch [55/150] Train Loss: 1.6300 | Train Acc: 1.0000 (Classical:1.000 | Mesenchymal:1.000 | Neural:1.000 | Proneural:1.000) || Val Loss: 1.0086 | Val Acc: 0.6667 (Classical:0.833 | Mesenchymal:0.667 | Neural:0.250 | Proneural:0.800) || LR: 0.000100
2025-11-04 02:16:53,628 [INFO] Epoch [56/150] Train Loss: 1.6164 | Train Acc: 1.0000 (Classical:1.000 | Mesenchymal:1.000 | Neural:1.000 | Proneural:1.000) || Val Loss: 1.0003 | Val Acc: 0.6667 (Classical:0.833 | Mesenchymal:0.667 | Neural:0.250 | Proneural:0.800) || LR: 0.000100
2025-11-04 02:16:53,796 [INFO] Epoch [57/150] Train Loss: 1.6237 | Train Acc: 1.0000 (Classical:1.000 | Mesenchymal:1.000 | Neural:1.000 | Proneural:1.000) || Val Loss: 0.9897 | Val Acc: 0.6250 (Classical:0.667 | Mesenchymal:0.667 | Neural:0.250 | Proneural:0.800) || LR: 0.000100
2025-11-04 02:16:53,985 [INFO] Epoch [58/150] Train Loss: 1.6225 | Train Acc: 1.0000 (Classical:1.000 | Mesenchymal:1.000 | Neural:1.000 | Proneural:1.000) || Val Loss: 0.9750 | Val Acc: 0.7083 (Classical:0.667 | Mesenchymal:0.778 | Neural:0.500 | Proneural:0.800) || LR: 0.000100
2025-11-04 02:16:54,157 [INFO] Epoch [59/150] Train Loss: 1.5708 | Train Acc: 1.0000 (Classical:1.000 | Mesenchymal:1.000 | Neural:1.000 | Proneural:1.000) || Val Loss: 0.9725 | Val Acc: 0.7500 (Classical:0.833 | Mesenchymal:0.778 | Neural:0.500 | Proneural:0.800) || LR: 0.000100
2025-11-04 02:16:54,361 [INFO] Best model saved with val_acc: 0.7500
2025-11-04 02:16:54,554 [INFO] Epoch [60/150] Train Loss: 1.6219 | Train Acc: 1.0000 (Classical:1.000 | Mesenchymal:1.000 | Neural:1.000 | Proneural:1.000) || Val Loss: 0.9792 | Val Acc: 0.7500 (Classical:0.833 | Mesenchymal:0.778 | Neural:0.500 | Proneural:0.800) || LR: 0.000100
2025-11-04 02:16:54,722 [INFO] Epoch [61/150] Train Loss: 1.6036 | Train Acc: 1.0000 (Classical:1.000 | Mesenchymal:1.000 | Neural:1.000 | Proneural:1.000) || Val Loss: 0.9671 | Val Acc: 0.7083 (Classical:0.667 | Mesenchymal:0.778 | Neural:0.500 | Proneural:0.800) || LR: 0.000100
2025-11-04 02:16:54,894 [INFO] Epoch [62/150] Train Loss: 1.5766 | Train Acc: 1.0000 (Classical:1.000 | Mesenchymal:1.000 | Neural:1.000 | Proneural:1.000) || Val Loss: 0.9676 | Val Acc: 0.7083 (Classical:0.667 | Mesenchymal:0.778 | Neural:0.500 | Proneural:0.800) || LR: 0.000100
2025-11-04 02:16:55,075 [INFO] Epoch [63/150] Train Loss: 1.5625 | Train Acc: 1.0000 (Classical:1.000 | Mesenchymal:1.000 | Neural:1.000 | Proneural:1.000) || Val Loss: 0.9664 | Val Acc: 0.7083 (Classical:0.667 | Mesenchymal:0.778 | Neural:0.500 | Proneural:0.800) || LR: 0.000100
2025-11-04 02:16:55,252 [INFO] Epoch [64/150] Train Loss: 1.6024 | Train Acc: 1.0000 (Classical:1.000 | Mesenchymal:1.000 | Neural:1.000 | Proneural:1.000) || Val Loss: 0.9671 | Val Acc: 0.7083 (Classical:0.667 | Mesenchymal:0.778 | Neural:0.500 | Proneural:0.800) || LR: 0.000100
2025-11-04 02:16:55,427 [INFO] Epoch [65/150] Train Loss: 1.5581 | Train Acc: 1.0000 (Classical:1.000 | Mesenchymal:1.000 | Neural:1.000 | Proneural:1.000) || Val Loss: 0.9660 | Val Acc: 0.7083 (Classical:0.667 | Mesenchymal:0.778 | Neural:0.500 | Proneural:0.800) || LR: 0.000100
2025-11-04 02:16:55,597 [INFO] Epoch [66/150] Train Loss: 1.5958 | Train Acc: 1.0000 (Classical:1.000 | Mesenchymal:1.000 | Neural:1.000 | Proneural:1.000) || Val Loss: 0.9725 | Val Acc: 0.7083 (Classical:0.667 | Mesenchymal:0.778 | Neural:0.500 | Proneural:0.800) || LR: 0.000100
2025-11-04 02:16:55,778 [INFO] Epoch [67/150] Train Loss: 1.5742 | Train Acc: 1.0000 (Classical:1.000 | Mesenchymal:1.000 | Neural:1.000 | Proneural:1.000) || Val Loss: 0.9606 | Val Acc: 0.7083 (Classical:0.667 | Mesenchymal:0.778 | Neural:0.500 | Proneural:0.800) || LR: 0.000100
2025-11-04 02:16:55,941 [INFO] Epoch [68/150] Train Loss: 1.5607 | Train Acc: 1.0000 (Classical:1.000 | Mesenchymal:1.000 | Neural:1.000 | Proneural:1.000) || Val Loss: 0.9676 | Val Acc: 0.6667 (Classical:0.667 | Mesenchymal:0.667 | Neural:0.500 | Proneural:0.800) || LR: 0.000100
2025-11-04 02:16:56,114 [INFO] Epoch [69/150] Train Loss: 1.5547 | Train Acc: 1.0000 (Classical:1.000 | Mesenchymal:1.000 | Neural:1.000 | Proneural:1.000) || Val Loss: 0.9784 | Val Acc: 0.7083 (Classical:0.833 | Mesenchymal:0.667 | Neural:0.500 | Proneural:0.800) || LR: 0.000100
2025-11-04 02:16:56,303 [INFO] Epoch [70/150] Train Loss: 1.5237 | Train Acc: 1.0000 (Classical:1.000 | Mesenchymal:1.000 | Neural:1.000 | Proneural:1.000) || Val Loss: 0.9862 | Val Acc: 0.7083 (Classical:0.833 | Mesenchymal:0.667 | Neural:0.500 | Proneural:0.800) || LR: 0.000100
2025-11-04 02:16:56,482 [INFO] Epoch [71/150] Train Loss: 1.5202 | Train Acc: 1.0000 (Classical:1.000 | Mesenchymal:1.000 | Neural:1.000 | Proneural:1.000) || Val Loss: 0.9950 | Val Acc: 0.7083 (Classical:0.833 | Mesenchymal:0.667 | Neural:0.500 | Proneural:0.800) || LR: 0.000100
2025-11-04 02:16:56,650 [INFO] Epoch [72/150] Train Loss: 1.5464 | Train Acc: 1.0000 (Classical:1.000 | Mesenchymal:1.000 | Neural:1.000 | Proneural:1.000) || Val Loss: 1.0045 | Val Acc: 0.7083 (Classical:0.833 | Mesenchymal:0.667 | Neural:0.500 | Proneural:0.800) || LR: 0.000100
2025-11-04 02:16:56,814 [INFO] Epoch [73/150] Train Loss: 1.5485 | Train Acc: 1.0000 (Classical:1.000 | Mesenchymal:1.000 | Neural:1.000 | Proneural:1.000) || Val Loss: 1.0093 | Val Acc: 0.7083 (Classical:0.833 | Mesenchymal:0.667 | Neural:0.500 | Proneural:0.800) || LR: 0.000100
2025-11-04 02:16:56,976 [INFO] Epoch [74/150] Train Loss: 1.5257 | Train Acc: 1.0000 (Classical:1.000 | Mesenchymal:1.000 | Neural:1.000 | Proneural:1.000) || Val Loss: 1.0168 | Val Acc: 0.7083 (Classical:0.833 | Mesenchymal:0.667 | Neural:0.500 | Proneural:0.800) || LR: 0.000100
2025-11-04 02:16:57,148 [INFO] Epoch [75/150] Train Loss: 1.5387 | Train Acc: 1.0000 (Classical:1.000 | Mesenchymal:1.000 | Neural:1.000 | Proneural:1.000) || Val Loss: 1.0345 | Val Acc: 0.7083 (Classical:0.833 | Mesenchymal:0.667 | Neural:0.500 | Proneural:0.800) || LR: 0.000100
2025-11-04 02:16:57,319 [INFO] Epoch [76/150] Train Loss: 1.5147 | Train Acc: 1.0000 (Classical:1.000 | Mesenchymal:1.000 | Neural:1.000 | Proneural:1.000) || Val Loss: 1.0383 | Val Acc: 0.7083 (Classical:0.833 | Mesenchymal:0.667 | Neural:0.500 | Proneural:0.800) || LR: 0.000100
2025-11-04 02:16:57,481 [INFO] Epoch [77/150] Train Loss: 1.5641 | Train Acc: 1.0000 (Classical:1.000 | Mesenchymal:1.000 | Neural:1.000 | Proneural:1.000) || Val Loss: 1.0528 | Val Acc: 0.7083 (Classical:0.833 | Mesenchymal:0.667 | Neural:0.500 | Proneural:0.800) || LR: 0.000100
2025-11-04 02:16:57,660 [INFO] Epoch [78/150] Train Loss: 1.5212 | Train Acc: 1.0000 (Classical:1.000 | Mesenchymal:1.000 | Neural:1.000 | Proneural:1.000) || Val Loss: 1.0550 | Val Acc: 0.7083 (Classical:0.833 | Mesenchymal:0.667 | Neural:0.500 | Proneural:0.800) || LR: 0.000100
2025-11-04 02:16:57,832 [INFO] Epoch [79/150] Train Loss: 1.5168 | Train Acc: 1.0000 (Classical:1.000 | Mesenchymal:1.000 | Neural:1.000 | Proneural:1.000) || Val Loss: 1.0527 | Val Acc: 0.6667 (Classical:0.667 | Mesenchymal:0.667 | Neural:0.500 | Proneural:0.800) || LR: 0.000100
2025-11-04 02:16:58,007 [INFO] Epoch [80/150] Train Loss: 1.5134 | Train Acc: 1.0000 (Classical:1.000 | Mesenchymal:1.000 | Neural:1.000 | Proneural:1.000) || Val Loss: 1.0537 | Val Acc: 0.6667 (Classical:0.667 | Mesenchymal:0.667 | Neural:0.500 | Proneural:0.800) || LR: 0.000100
2025-11-04 02:16:58,179 [INFO] Epoch [81/150] Train Loss: 1.5144 | Train Acc: 1.0000 (Classical:1.000 | Mesenchymal:1.000 | Neural:1.000 | Proneural:1.000) || Val Loss: 1.0638 | Val Acc: 0.6667 (Classical:0.667 | Mesenchymal:0.667 | Neural:0.500 | Proneural:0.800) || LR: 0.000100
2025-11-04 02:16:58,352 [INFO] Epoch [82/150] Train Loss: 1.5110 | Train Acc: 1.0000 (Classical:1.000 | Mesenchymal:1.000 | Neural:1.000 | Proneural:1.000) || Val Loss: 1.0655 | Val Acc: 0.6667 (Classical:0.667 | Mesenchymal:0.667 | Neural:0.500 | Proneural:0.800) || LR: 0.000100
2025-11-04 02:16:58,534 [INFO] Epoch [83/150] Train Loss: 1.5151 | Train Acc: 1.0000 (Classical:1.000 | Mesenchymal:1.000 | Neural:1.000 | Proneural:1.000) || Val Loss: 1.0503 | Val Acc: 0.6667 (Classical:0.667 | Mesenchymal:0.667 | Neural:0.500 | Proneural:0.800) || LR: 0.000100
2025-11-04 02:16:58,715 [INFO] Epoch [84/150] Train Loss: 1.5003 | Train Acc: 1.0000 (Classical:1.000 | Mesenchymal:1.000 | Neural:1.000 | Proneural:1.000) || Val Loss: 1.0469 | Val Acc: 0.6667 (Classical:0.667 | Mesenchymal:0.667 | Neural:0.500 | Proneural:0.800) || LR: 0.000100
2025-11-04 02:16:58,882 [INFO] Epoch [85/150] Train Loss: 1.5168 | Train Acc: 1.0000 (Classical:1.000 | Mesenchymal:1.000 | Neural:1.000 | Proneural:1.000) || Val Loss: 1.0609 | Val Acc: 0.6667 (Classical:0.667 | Mesenchymal:0.667 | Neural:0.500 | Proneural:0.800) || LR: 0.000100
2025-11-04 02:16:59,066 [INFO] Epoch [86/150] Train Loss: 1.4948 | Train Acc: 1.0000 (Classical:1.000 | Mesenchymal:1.000 | Neural:1.000 | Proneural:1.000) || Val Loss: 1.0743 | Val Acc: 0.6667 (Classical:0.667 | Mesenchymal:0.667 | Neural:0.500 | Proneural:0.800) || LR: 0.000100
2025-11-04 02:16:59,239 [INFO] Epoch [87/150] Train Loss: 1.4851 | Train Acc: 1.0000 (Classical:1.000 | Mesenchymal:1.000 | Neural:1.000 | Proneural:1.000) || Val Loss: 1.0675 | Val Acc: 0.7083 (Classical:0.833 | Mesenchymal:0.667 | Neural:0.500 | Proneural:0.800) || LR: 0.000100
2025-11-04 02:16:59,413 [INFO] Epoch [88/150] Train Loss: 1.4754 | Train Acc: 1.0000 (Classical:1.000 | Mesenchymal:1.000 | Neural:1.000 | Proneural:1.000) || Val Loss: 1.0724 | Val Acc: 0.7083 (Classical:0.833 | Mesenchymal:0.667 | Neural:0.500 | Proneural:0.800) || LR: 0.000100
2025-11-04 02:16:59,584 [INFO] Epoch [89/150] Train Loss: 1.4733 | Train Acc: 1.0000 (Classical:1.000 | Mesenchymal:1.000 | Neural:1.000 | Proneural:1.000) || Val Loss: 1.0740 | Val Acc: 0.6667 (Classical:0.667 | Mesenchymal:0.667 | Neural:0.500 | Proneural:0.800) || LR: 0.000100
2025-11-04 02:16:59,760 [INFO] Epoch [90/150] Train Loss: 1.4900 | Train Acc: 1.0000 (Classical:1.000 | Mesenchymal:1.000 | Neural:1.000 | Proneural:1.000) || Val Loss: 1.0871 | Val Acc: 0.6667 (Classical:0.667 | Mesenchymal:0.667 | Neural:0.500 | Proneural:0.800) || LR: 0.000100
2025-11-04 02:16:59,926 [INFO] Epoch [91/150] Train Loss: 1.4799 | Train Acc: 1.0000 (Classical:1.000 | Mesenchymal:1.000 | Neural:1.000 | Proneural:1.000) || Val Loss: 1.0789 | Val Acc: 0.7083 (Classical:0.833 | Mesenchymal:0.667 | Neural:0.500 | Proneural:0.800) || LR: 0.000100
2025-11-04 02:17:00,099 [INFO] Epoch [92/150] Train Loss: 1.4837 | Train Acc: 1.0000 (Classical:1.000 | Mesenchymal:1.000 | Neural:1.000 | Proneural:1.000) || Val Loss: 1.0865 | Val Acc: 0.7083 (Classical:0.833 | Mesenchymal:0.667 | Neural:0.500 | Proneural:0.800) || LR: 0.000100
2025-11-04 02:17:00,265 [INFO] Epoch [93/150] Train Loss: 1.4685 | Train Acc: 1.0000 (Classical:1.000 | Mesenchymal:1.000 | Neural:1.000 | Proneural:1.000) || Val Loss: 1.1062 | Val Acc: 0.6667 (Classical:0.833 | Mesenchymal:0.667 | Neural:0.500 | Proneural:0.600) || LR: 0.000100
2025-11-04 02:17:00,428 [INFO] Epoch [94/150] Train Loss: 1.4795 | Train Acc: 1.0000 (Classical:1.000 | Mesenchymal:1.000 | Neural:1.000 | Proneural:1.000) || Val Loss: 1.1163 | Val Acc: 0.6667 (Classical:0.833 | Mesenchymal:0.667 | Neural:0.500 | Proneural:0.600) || LR: 0.000100
2025-11-04 02:17:00,593 [INFO] Epoch [95/150] Train Loss: 1.4871 | Train Acc: 1.0000 (Classical:1.000 | Mesenchymal:1.000 | Neural:1.000 | Proneural:1.000) || Val Loss: 1.1143 | Val Acc: 0.6667 (Classical:0.833 | Mesenchymal:0.667 | Neural:0.500 | Proneural:0.600) || LR: 0.000100
2025-11-04 02:17:00,765 [INFO] Epoch [96/150] Train Loss: 1.4641 | Train Acc: 1.0000 (Classical:1.000 | Mesenchymal:1.000 | Neural:1.000 | Proneural:1.000) || Val Loss: 1.1171 | Val Acc: 0.6667 (Classical:0.833 | Mesenchymal:0.667 | Neural:0.500 | Proneural:0.600) || LR: 0.000100
2025-11-04 02:17:00,943 [INFO] Epoch [97/150] Train Loss: 1.4610 | Train Acc: 1.0000 (Classical:1.000 | Mesenchymal:1.000 | Neural:1.000 | Proneural:1.000) || Val Loss: 1.1291 | Val Acc: 0.6667 (Classical:0.833 | Mesenchymal:0.667 | Neural:0.500 | Proneural:0.600) || LR: 0.000100
2025-11-04 02:17:01,119 [INFO] Epoch [98/150] Train Loss: 1.5102 | Train Acc: 1.0000 (Classical:1.000 | Mesenchymal:1.000 | Neural:1.000 | Proneural:1.000) || Val Loss: 1.1141 | Val Acc: 0.6667 (Classical:0.833 | Mesenchymal:0.667 | Neural:0.500 | Proneural:0.600) || LR: 0.000100
2025-11-04 02:17:01,289 [INFO] Epoch [99/150] Train Loss: 1.4369 | Train Acc: 1.0000 (Classical:1.000 | Mesenchymal:1.000 | Neural:1.000 | Proneural:1.000) || Val Loss: 1.1345 | Val Acc: 0.5833 (Classical:0.833 | Mesenchymal:0.667 | Neural:0.000 | Proneural:0.600) || LR: 0.000100
2025-11-04 02:17:01,456 [INFO] Epoch [100/150] Train Loss: 1.4718 | Train Acc: 1.0000 (Classical:1.000 | Mesenchymal:1.000 | Neural:1.000 | Proneural:1.000) || Val Loss: 1.1212 | Val Acc: 0.6250 (Classical:0.833 | Mesenchymal:0.667 | Neural:0.250 | Proneural:0.600) || LR: 0.000100
2025-11-04 02:17:01,641 [INFO] Epoch [101/150] Train Loss: 1.4511 | Train Acc: 1.0000 (Classical:1.000 | Mesenchymal:1.000 | Neural:1.000 | Proneural:1.000) || Val Loss: 1.1291 | Val Acc: 0.5417 (Classical:0.667 | Mesenchymal:0.667 | Neural:0.000 | Proneural:0.600) || LR: 0.000100
2025-11-04 02:17:01,816 [INFO] Epoch [102/150] Train Loss: 1.4576 | Train Acc: 1.0000 (Classical:1.000 | Mesenchymal:1.000 | Neural:1.000 | Proneural:1.000) || Val Loss: 1.1464 | Val Acc: 0.5417 (Classical:0.667 | Mesenchymal:0.667 | Neural:0.000 | Proneural:0.600) || LR: 0.000100
2025-11-04 02:17:01,980 [INFO] Epoch [103/150] Train Loss: 1.4491 | Train Acc: 1.0000 (Classical:1.000 | Mesenchymal:1.000 | Neural:1.000 | Proneural:1.000) || Val Loss: 1.1294 | Val Acc: 0.5417 (Classical:0.667 | Mesenchymal:0.667 | Neural:0.000 | Proneural:0.600) || LR: 0.000100
2025-11-04 02:17:02,149 [INFO] Epoch [104/150] Train Loss: 1.4633 | Train Acc: 1.0000 (Classical:1.000 | Mesenchymal:1.000 | Neural:1.000 | Proneural:1.000) || Val Loss: 1.1444 | Val Acc: 0.5417 (Classical:0.667 | Mesenchymal:0.667 | Neural:0.000 | Proneural:0.600) || LR: 0.000100
2025-11-04 02:17:02,326 [INFO] Epoch [105/150] Train Loss: 1.4370 | Train Acc: 1.0000 (Classical:1.000 | Mesenchymal:1.000 | Neural:1.000 | Proneural:1.000) || Val Loss: 1.1517 | Val Acc: 0.5833 (Classical:0.667 | Mesenchymal:0.667 | Neural:0.250 | Proneural:0.600) || LR: 0.000100
2025-11-04 02:17:02,488 [INFO] Epoch [106/150] Train Loss: 1.4478 | Train Acc: 1.0000 (Classical:1.000 | Mesenchymal:1.000 | Neural:1.000 | Proneural:1.000) || Val Loss: 1.1488 | Val Acc: 0.5833 (Classical:0.667 | Mesenchymal:0.667 | Neural:0.250 | Proneural:0.600) || LR: 0.000100
2025-11-04 02:17:02,652 [INFO] Epoch [107/150] Train Loss: 1.4405 | Train Acc: 1.0000 (Classical:1.000 | Mesenchymal:1.000 | Neural:1.000 | Proneural:1.000) || Val Loss: 1.1466 | Val Acc: 0.5833 (Classical:0.667 | Mesenchymal:0.667 | Neural:0.250 | Proneural:0.600) || LR: 0.000100
2025-11-04 02:17:02,840 [INFO] Epoch [108/150] Train Loss: 1.4246 | Train Acc: 1.0000 (Classical:1.000 | Mesenchymal:1.000 | Neural:1.000 | Proneural:1.000) || Val Loss: 1.1578 | Val Acc: 0.5833 (Classical:0.667 | Mesenchymal:0.667 | Neural:0.250 | Proneural:0.600) || LR: 0.000100
2025-11-04 02:17:03,004 [INFO] Epoch [109/150] Train Loss: 1.4651 | Train Acc: 1.0000 (Classical:1.000 | Mesenchymal:1.000 | Neural:1.000 | Proneural:1.000) || Val Loss: 1.1515 | Val Acc: 0.6250 (Classical:0.667 | Mesenchymal:0.667 | Neural:0.500 | Proneural:0.600) || LR: 0.000100
2025-11-04 02:17:03,005 [INFO] Early stopping at epoch 109
2025-11-04 02:17:03,022 [INFO] Training completed. Best accuracy: 0.7500
2025-11-04 02:17:03,022 [INFO] Log: ./logs/train_20251104_021639.log, Model: ./models/best_model.pth
2025-11-04 02:17:03,132 [INFO] FINAL PER-CLASS | Train Acc: 1.0000 (Classical:1.000 | Mesenchymal:1.000 | Neural:1.000 | Proneural:1.000) || Val Acc: 0.7500 (Classical:0.833 | Mesenchymal:0.778 | Neural:0.500 | Proneural:0.800)
2025-11-04 02:17:03,194 [INFO] FINAL PER-CLASS | Test  Acc: 0.7000 (Classical:0.875 | Mesenchymal:0.800 | Neural:0.200 | Proneural:0.714)
