2025-11-04 02:24:39,186 [INFO] Model parameters: 33,024,228, Classes: 4
2025-11-04 02:24:39,188 [INFO] Enhanced regularization: Dropout=0.2, Weight_decay=0.0005
2025-11-04 02:24:39,858 [INFO] Regularized Attention-MOI Training Started
2025-11-04 02:24:39,858 [INFO] Training started with enhanced regularization
2025-11-04 02:24:39,858 [INFO] Dropout: 0.2, Weight decay: 0.0005
2025-11-04 02:24:40,463 [INFO] Epoch [1/150] Train Loss: 1.9884 | Train Acc: 0.5000 (Classical:0.680 | Mesenchymal:0.188 | Neural:0.375 | Proneural:0.857) || Val Loss: 1.5174 | Val Acc: 0.2083 (Classical:0.667 | Mesenchymal:0.000 | Neural:0.000 | Proneural:0.200) || LR: 0.000100
2025-11-04 02:24:40,737 [INFO] Best model saved with val_acc: 0.2083
2025-11-04 02:24:41,096 [INFO] Epoch [2/150] Train Loss: 1.8901 | Train Acc: 0.6383 (Classical:0.800 | Mesenchymal:0.406 | Neural:0.562 | Proneural:0.857) || Val Loss: 1.3777 | Val Acc: 0.4167 (Classical:0.833 | Mesenchymal:0.000 | Neural:0.250 | Proneural:0.800) || LR: 0.000100
2025-11-04 02:24:41,335 [INFO] Best model saved with val_acc: 0.4167
2025-11-04 02:24:41,690 [INFO] Epoch [3/150] Train Loss: 1.8567 | Train Acc: 0.7553 (Classical:0.800 | Mesenchymal:0.594 | Neural:0.812 | Proneural:0.905) || Val Loss: 1.3051 | Val Acc: 0.4583 (Classical:0.833 | Mesenchymal:0.111 | Neural:0.250 | Proneural:0.800) || LR: 0.000100
2025-11-04 02:24:42,003 [INFO] Best model saved with val_acc: 0.4583
2025-11-04 02:24:42,426 [INFO] Epoch [4/150] Train Loss: 1.7947 | Train Acc: 0.8191 (Classical:0.800 | Mesenchymal:0.750 | Neural:0.875 | Proneural:0.905) || Val Loss: 1.2779 | Val Acc: 0.4167 (Classical:0.833 | Mesenchymal:0.111 | Neural:0.250 | Proneural:0.600) || LR: 0.000100
2025-11-04 02:24:42,772 [INFO] Epoch [5/150] Train Loss: 1.7020 | Train Acc: 0.8511 (Classical:0.840 | Mesenchymal:0.781 | Neural:0.875 | Proneural:0.952) || Val Loss: 1.2596 | Val Acc: 0.4583 (Classical:0.833 | Mesenchymal:0.222 | Neural:0.250 | Proneural:0.600) || LR: 0.000100
2025-11-04 02:24:43,118 [INFO] Epoch [6/150] Train Loss: 1.6908 | Train Acc: 0.8617 (Classical:0.880 | Mesenchymal:0.750 | Neural:0.875 | Proneural:1.000) || Val Loss: 1.2302 | Val Acc: 0.5833 (Classical:0.833 | Mesenchymal:0.444 | Neural:0.250 | Proneural:0.800) || LR: 0.000100
2025-11-04 02:24:43,602 [INFO] Best model saved with val_acc: 0.5833
2025-11-04 02:24:43,975 [INFO] Epoch [7/150] Train Loss: 1.6523 | Train Acc: 0.8936 (Classical:0.880 | Mesenchymal:0.812 | Neural:0.938 | Proneural:1.000) || Val Loss: 1.1778 | Val Acc: 0.6250 (Classical:0.833 | Mesenchymal:0.556 | Neural:0.250 | Proneural:0.800) || LR: 0.000100
2025-11-04 02:24:44,535 [INFO] Best model saved with val_acc: 0.6250
2025-11-04 02:24:45,307 [INFO] Epoch [8/150] Train Loss: 1.5664 | Train Acc: 0.9681 (Classical:0.960 | Mesenchymal:0.938 | Neural:1.000 | Proneural:1.000) || Val Loss: 1.1511 | Val Acc: 0.6250 (Classical:0.833 | Mesenchymal:0.556 | Neural:0.250 | Proneural:0.800) || LR: 0.000100
2025-11-04 02:24:45,973 [INFO] Epoch [9/150] Train Loss: 1.6527 | Train Acc: 0.9787 (Classical:1.000 | Mesenchymal:0.938 | Neural:1.000 | Proneural:1.000) || Val Loss: 1.1704 | Val Acc: 0.6250 (Classical:0.833 | Mesenchymal:0.556 | Neural:0.250 | Proneural:0.800) || LR: 0.000100
2025-11-04 02:24:46,514 [INFO] Epoch [10/150] Train Loss: 1.5699 | Train Acc: 0.9787 (Classical:1.000 | Mesenchymal:0.938 | Neural:1.000 | Proneural:1.000) || Val Loss: 1.1704 | Val Acc: 0.5833 (Classical:0.833 | Mesenchymal:0.444 | Neural:0.250 | Proneural:0.800) || LR: 0.000100
2025-11-04 02:24:47,223 [INFO] Epoch [11/150] Train Loss: 1.4936 | Train Acc: 0.9787 (Classical:1.000 | Mesenchymal:0.938 | Neural:1.000 | Proneural:1.000) || Val Loss: 1.1905 | Val Acc: 0.5833 (Classical:0.833 | Mesenchymal:0.444 | Neural:0.250 | Proneural:0.800) || LR: 0.000100
2025-11-04 02:24:47,923 [INFO] Epoch [12/150] Train Loss: 1.5998 | Train Acc: 0.9787 (Classical:1.000 | Mesenchymal:0.938 | Neural:1.000 | Proneural:1.000) || Val Loss: 1.1567 | Val Acc: 0.5833 (Classical:0.833 | Mesenchymal:0.444 | Neural:0.250 | Proneural:0.800) || LR: 0.000100
2025-11-04 02:24:48,607 [INFO] Epoch [13/150] Train Loss: 1.5572 | Train Acc: 0.9894 (Classical:1.000 | Mesenchymal:0.969 | Neural:1.000 | Proneural:1.000) || Val Loss: 1.1739 | Val Acc: 0.6250 (Classical:0.833 | Mesenchymal:0.556 | Neural:0.250 | Proneural:0.800) || LR: 0.000100
2025-11-04 02:24:49,301 [INFO] Epoch [14/150] Train Loss: 1.4531 | Train Acc: 0.9894 (Classical:1.000 | Mesenchymal:0.969 | Neural:1.000 | Proneural:1.000) || Val Loss: 1.2006 | Val Acc: 0.6250 (Classical:0.833 | Mesenchymal:0.556 | Neural:0.250 | Proneural:0.800) || LR: 0.000100
2025-11-04 02:24:50,143 [INFO] Epoch [15/150] Train Loss: 1.5002 | Train Acc: 0.9894 (Classical:1.000 | Mesenchymal:0.969 | Neural:1.000 | Proneural:1.000) || Val Loss: 1.1867 | Val Acc: 0.6250 (Classical:0.833 | Mesenchymal:0.556 | Neural:0.250 | Proneural:0.800) || LR: 0.000100
2025-11-04 02:24:50,783 [INFO] Epoch [16/150] Train Loss: 1.4511 | Train Acc: 0.9894 (Classical:1.000 | Mesenchymal:0.969 | Neural:1.000 | Proneural:1.000) || Val Loss: 1.1842 | Val Acc: 0.6250 (Classical:0.833 | Mesenchymal:0.556 | Neural:0.250 | Proneural:0.800) || LR: 0.000100
2025-11-04 02:24:51,400 [INFO] Epoch [17/150] Train Loss: 1.4232 | Train Acc: 0.9894 (Classical:1.000 | Mesenchymal:0.969 | Neural:1.000 | Proneural:1.000) || Val Loss: 1.1384 | Val Acc: 0.6250 (Classical:0.833 | Mesenchymal:0.556 | Neural:0.250 | Proneural:0.800) || LR: 0.000100
2025-11-04 02:24:52,203 [INFO] Epoch [18/150] Train Loss: 1.4134 | Train Acc: 0.9894 (Classical:1.000 | Mesenchymal:0.969 | Neural:1.000 | Proneural:1.000) || Val Loss: 1.1509 | Val Acc: 0.6250 (Classical:0.833 | Mesenchymal:0.556 | Neural:0.250 | Proneural:0.800) || LR: 0.000100
2025-11-04 02:24:52,922 [INFO] Epoch [19/150] Train Loss: 1.4139 | Train Acc: 1.0000 (Classical:1.000 | Mesenchymal:1.000 | Neural:1.000 | Proneural:1.000) || Val Loss: 1.1474 | Val Acc: 0.6250 (Classical:0.833 | Mesenchymal:0.556 | Neural:0.250 | Proneural:0.800) || LR: 0.000100
2025-11-04 02:24:53,490 [INFO] Epoch [20/150] Train Loss: 1.4305 | Train Acc: 1.0000 (Classical:1.000 | Mesenchymal:1.000 | Neural:1.000 | Proneural:1.000) || Val Loss: 1.1508 | Val Acc: 0.6250 (Classical:0.833 | Mesenchymal:0.556 | Neural:0.250 | Proneural:0.800) || LR: 0.000100
2025-11-04 02:24:54,253 [INFO] Epoch [21/150] Train Loss: 1.4140 | Train Acc: 1.0000 (Classical:1.000 | Mesenchymal:1.000 | Neural:1.000 | Proneural:1.000) || Val Loss: 1.1506 | Val Acc: 0.6250 (Classical:0.833 | Mesenchymal:0.556 | Neural:0.250 | Proneural:0.800) || LR: 0.000100
2025-11-04 02:24:54,853 [INFO] Epoch [22/150] Train Loss: 1.3298 | Train Acc: 1.0000 (Classical:1.000 | Mesenchymal:1.000 | Neural:1.000 | Proneural:1.000) || Val Loss: 1.1444 | Val Acc: 0.6250 (Classical:0.833 | Mesenchymal:0.556 | Neural:0.250 | Proneural:0.800) || LR: 0.000100
2025-11-04 02:24:55,441 [INFO] Epoch [23/150] Train Loss: 1.4028 | Train Acc: 1.0000 (Classical:1.000 | Mesenchymal:1.000 | Neural:1.000 | Proneural:1.000) || Val Loss: 1.1308 | Val Acc: 0.6667 (Classical:0.833 | Mesenchymal:0.556 | Neural:0.500 | Proneural:0.800) || LR: 0.000100
2025-11-04 02:24:56,227 [INFO] Best model saved with val_acc: 0.6667
2025-11-04 02:24:57,035 [INFO] Epoch [24/150] Train Loss: 1.3466 | Train Acc: 1.0000 (Classical:1.000 | Mesenchymal:1.000 | Neural:1.000 | Proneural:1.000) || Val Loss: 1.1140 | Val Acc: 0.6667 (Classical:0.833 | Mesenchymal:0.556 | Neural:0.500 | Proneural:0.800) || LR: 0.000100
2025-11-04 02:24:57,717 [INFO] Epoch [25/150] Train Loss: 1.3499 | Train Acc: 1.0000 (Classical:1.000 | Mesenchymal:1.000 | Neural:1.000 | Proneural:1.000) || Val Loss: 1.1195 | Val Acc: 0.6667 (Classical:0.833 | Mesenchymal:0.556 | Neural:0.500 | Proneural:0.800) || LR: 0.000100
2025-11-04 02:24:58,628 [INFO] Epoch [26/150] Train Loss: 1.3460 | Train Acc: 1.0000 (Classical:1.000 | Mesenchymal:1.000 | Neural:1.000 | Proneural:1.000) || Val Loss: 1.0969 | Val Acc: 0.6667 (Classical:0.833 | Mesenchymal:0.556 | Neural:0.500 | Proneural:0.800) || LR: 0.000100
2025-11-04 02:24:59,314 [INFO] Epoch [27/150] Train Loss: 1.3496 | Train Acc: 1.0000 (Classical:1.000 | Mesenchymal:1.000 | Neural:1.000 | Proneural:1.000) || Val Loss: 1.1071 | Val Acc: 0.6667 (Classical:0.833 | Mesenchymal:0.556 | Neural:0.500 | Proneural:0.800) || LR: 0.000100
2025-11-04 02:25:00,072 [INFO] Epoch [28/150] Train Loss: 1.3176 | Train Acc: 1.0000 (Classical:1.000 | Mesenchymal:1.000 | Neural:1.000 | Proneural:1.000) || Val Loss: 1.1175 | Val Acc: 0.6250 (Classical:0.833 | Mesenchymal:0.556 | Neural:0.250 | Proneural:0.800) || LR: 0.000100
2025-11-04 02:25:00,657 [INFO] Epoch [29/150] Train Loss: 1.3039 | Train Acc: 1.0000 (Classical:1.000 | Mesenchymal:1.000 | Neural:1.000 | Proneural:1.000) || Val Loss: 1.1254 | Val Acc: 0.6667 (Classical:0.833 | Mesenchymal:0.556 | Neural:0.500 | Proneural:0.800) || LR: 0.000100
2025-11-04 02:25:01,387 [INFO] Epoch [30/150] Train Loss: 1.2695 | Train Acc: 1.0000 (Classical:1.000 | Mesenchymal:1.000 | Neural:1.000 | Proneural:1.000) || Val Loss: 1.1289 | Val Acc: 0.6667 (Classical:0.833 | Mesenchymal:0.556 | Neural:0.500 | Proneural:0.800) || LR: 0.000100
2025-11-04 02:25:02,019 [INFO] Epoch [31/150] Train Loss: 1.2618 | Train Acc: 1.0000 (Classical:1.000 | Mesenchymal:1.000 | Neural:1.000 | Proneural:1.000) || Val Loss: 1.1173 | Val Acc: 0.6667 (Classical:0.833 | Mesenchymal:0.556 | Neural:0.500 | Proneural:0.800) || LR: 0.000100
2025-11-04 02:25:02,883 [INFO] Epoch [32/150] Train Loss: 1.3074 | Train Acc: 1.0000 (Classical:1.000 | Mesenchymal:1.000 | Neural:1.000 | Proneural:1.000) || Val Loss: 1.1207 | Val Acc: 0.6667 (Classical:0.833 | Mesenchymal:0.556 | Neural:0.500 | Proneural:0.800) || LR: 0.000100
2025-11-04 02:25:03,718 [INFO] Epoch [33/150] Train Loss: 1.2400 | Train Acc: 1.0000 (Classical:1.000 | Mesenchymal:1.000 | Neural:1.000 | Proneural:1.000) || Val Loss: 1.0867 | Val Acc: 0.6667 (Classical:0.833 | Mesenchymal:0.556 | Neural:0.500 | Proneural:0.800) || LR: 0.000100
2025-11-04 02:25:04,452 [INFO] Epoch [34/150] Train Loss: 1.2754 | Train Acc: 1.0000 (Classical:1.000 | Mesenchymal:1.000 | Neural:1.000 | Proneural:1.000) || Val Loss: 1.1087 | Val Acc: 0.6667 (Classical:0.833 | Mesenchymal:0.556 | Neural:0.500 | Proneural:0.800) || LR: 0.000100
2025-11-04 02:25:05,059 [INFO] Epoch [35/150] Train Loss: 1.2859 | Train Acc: 1.0000 (Classical:1.000 | Mesenchymal:1.000 | Neural:1.000 | Proneural:1.000) || Val Loss: 1.0798 | Val Acc: 0.6667 (Classical:0.833 | Mesenchymal:0.556 | Neural:0.500 | Proneural:0.800) || LR: 0.000100
2025-11-04 02:25:05,899 [INFO] Epoch [36/150] Train Loss: 1.2861 | Train Acc: 1.0000 (Classical:1.000 | Mesenchymal:1.000 | Neural:1.000 | Proneural:1.000) || Val Loss: 1.0794 | Val Acc: 0.6667 (Classical:0.833 | Mesenchymal:0.556 | Neural:0.500 | Proneural:0.800) || LR: 0.000100
2025-11-04 02:25:06,764 [INFO] Epoch [37/150] Train Loss: 1.2570 | Train Acc: 1.0000 (Classical:1.000 | Mesenchymal:1.000 | Neural:1.000 | Proneural:1.000) || Val Loss: 1.0954 | Val Acc: 0.7083 (Classical:1.000 | Mesenchymal:0.556 | Neural:0.500 | Proneural:0.800) || LR: 0.000100
2025-11-04 02:25:07,456 [INFO] Best model saved with val_acc: 0.7083
2025-11-04 02:25:08,277 [INFO] Epoch [38/150] Train Loss: 1.2338 | Train Acc: 1.0000 (Classical:1.000 | Mesenchymal:1.000 | Neural:1.000 | Proneural:1.000) || Val Loss: 1.1109 | Val Acc: 0.6667 (Classical:0.833 | Mesenchymal:0.556 | Neural:0.500 | Proneural:0.800) || LR: 0.000100
2025-11-04 02:25:09,109 [INFO] Epoch [39/150] Train Loss: 1.2425 | Train Acc: 1.0000 (Classical:1.000 | Mesenchymal:1.000 | Neural:1.000 | Proneural:1.000) || Val Loss: 1.0957 | Val Acc: 0.6667 (Classical:0.833 | Mesenchymal:0.556 | Neural:0.500 | Proneural:0.800) || LR: 0.000100
2025-11-04 02:25:09,971 [INFO] Epoch [40/150] Train Loss: 1.2684 | Train Acc: 1.0000 (Classical:1.000 | Mesenchymal:1.000 | Neural:1.000 | Proneural:1.000) || Val Loss: 1.1054 | Val Acc: 0.6667 (Classical:0.833 | Mesenchymal:0.556 | Neural:0.500 | Proneural:0.800) || LR: 0.000100
2025-11-04 02:25:10,667 [INFO] Epoch [41/150] Train Loss: 1.1965 | Train Acc: 1.0000 (Classical:1.000 | Mesenchymal:1.000 | Neural:1.000 | Proneural:1.000) || Val Loss: 1.0990 | Val Acc: 0.6667 (Classical:0.833 | Mesenchymal:0.556 | Neural:0.500 | Proneural:0.800) || LR: 0.000100
2025-11-04 02:25:11,392 [INFO] Epoch [42/150] Train Loss: 1.2103 | Train Acc: 1.0000 (Classical:1.000 | Mesenchymal:1.000 | Neural:1.000 | Proneural:1.000) || Val Loss: 1.1055 | Val Acc: 0.6667 (Classical:0.833 | Mesenchymal:0.556 | Neural:0.500 | Proneural:0.800) || LR: 0.000100
2025-11-04 02:25:12,279 [INFO] Epoch [43/150] Train Loss: 1.2399 | Train Acc: 1.0000 (Classical:1.000 | Mesenchymal:1.000 | Neural:1.000 | Proneural:1.000) || Val Loss: 1.1035 | Val Acc: 0.6667 (Classical:0.833 | Mesenchymal:0.667 | Neural:0.500 | Proneural:0.600) || LR: 0.000100
2025-11-04 02:25:12,822 [INFO] Epoch [44/150] Train Loss: 1.1725 | Train Acc: 1.0000 (Classical:1.000 | Mesenchymal:1.000 | Neural:1.000 | Proneural:1.000) || Val Loss: 1.1235 | Val Acc: 0.6250 (Classical:0.833 | Mesenchymal:0.556 | Neural:0.500 | Proneural:0.600) || LR: 0.000100
2025-11-04 02:25:13,502 [INFO] Epoch [45/150] Train Loss: 1.1839 | Train Acc: 1.0000 (Classical:1.000 | Mesenchymal:1.000 | Neural:1.000 | Proneural:1.000) || Val Loss: 1.1698 | Val Acc: 0.6250 (Classical:0.833 | Mesenchymal:0.556 | Neural:0.500 | Proneural:0.600) || LR: 0.000100
2025-11-04 02:25:14,019 [INFO] Epoch [46/150] Train Loss: 1.2101 | Train Acc: 1.0000 (Classical:1.000 | Mesenchymal:1.000 | Neural:1.000 | Proneural:1.000) || Val Loss: 1.1490 | Val Acc: 0.6250 (Classical:0.833 | Mesenchymal:0.556 | Neural:0.500 | Proneural:0.600) || LR: 0.000100
2025-11-04 02:25:14,353 [INFO] Epoch [47/150] Train Loss: 1.1647 | Train Acc: 1.0000 (Classical:1.000 | Mesenchymal:1.000 | Neural:1.000 | Proneural:1.000) || Val Loss: 1.1441 | Val Acc: 0.6250 (Classical:0.833 | Mesenchymal:0.556 | Neural:0.500 | Proneural:0.600) || LR: 0.000100
2025-11-04 02:25:14,667 [INFO] Epoch [48/150] Train Loss: 1.1793 | Train Acc: 1.0000 (Classical:1.000 | Mesenchymal:1.000 | Neural:1.000 | Proneural:1.000) || Val Loss: 1.1775 | Val Acc: 0.6667 (Classical:0.833 | Mesenchymal:0.556 | Neural:0.500 | Proneural:0.800) || LR: 0.000100
2025-11-04 02:25:14,985 [INFO] Epoch [49/150] Train Loss: 1.1932 | Train Acc: 1.0000 (Classical:1.000 | Mesenchymal:1.000 | Neural:1.000 | Proneural:1.000) || Val Loss: 1.1884 | Val Acc: 0.6250 (Classical:0.833 | Mesenchymal:0.556 | Neural:0.500 | Proneural:0.600) || LR: 0.000100
2025-11-04 02:25:15,309 [INFO] Epoch [50/150] Train Loss: 1.1832 | Train Acc: 1.0000 (Classical:1.000 | Mesenchymal:1.000 | Neural:1.000 | Proneural:1.000) || Val Loss: 1.1692 | Val Acc: 0.7083 (Classical:0.833 | Mesenchymal:0.667 | Neural:0.500 | Proneural:0.800) || LR: 0.000100
2025-11-04 02:25:15,631 [INFO] Epoch [51/150] Train Loss: 1.1689 | Train Acc: 1.0000 (Classical:1.000 | Mesenchymal:1.000 | Neural:1.000 | Proneural:1.000) || Val Loss: 1.1720 | Val Acc: 0.7083 (Classical:0.833 | Mesenchymal:0.667 | Neural:0.500 | Proneural:0.800) || LR: 0.000100
2025-11-04 02:25:15,971 [INFO] Epoch [52/150] Train Loss: 1.1900 | Train Acc: 1.0000 (Classical:1.000 | Mesenchymal:1.000 | Neural:1.000 | Proneural:1.000) || Val Loss: 1.1916 | Val Acc: 0.6667 (Classical:0.833 | Mesenchymal:0.556 | Neural:0.500 | Proneural:0.800) || LR: 0.000100
2025-11-04 02:25:16,284 [INFO] Epoch [53/150] Train Loss: 1.1599 | Train Acc: 1.0000 (Classical:1.000 | Mesenchymal:1.000 | Neural:1.000 | Proneural:1.000) || Val Loss: 1.1716 | Val Acc: 0.6667 (Classical:0.833 | Mesenchymal:0.556 | Neural:0.500 | Proneural:0.800) || LR: 0.000100
2025-11-04 02:25:16,601 [INFO] Epoch [54/150] Train Loss: 1.1328 | Train Acc: 1.0000 (Classical:1.000 | Mesenchymal:1.000 | Neural:1.000 | Proneural:1.000) || Val Loss: 1.1480 | Val Acc: 0.7083 (Classical:0.833 | Mesenchymal:0.667 | Neural:0.500 | Proneural:0.800) || LR: 0.000100
2025-11-04 02:25:16,911 [INFO] Epoch [55/150] Train Loss: 1.1328 | Train Acc: 1.0000 (Classical:1.000 | Mesenchymal:1.000 | Neural:1.000 | Proneural:1.000) || Val Loss: 1.1667 | Val Acc: 0.6667 (Classical:0.833 | Mesenchymal:0.556 | Neural:0.500 | Proneural:0.800) || LR: 0.000100
2025-11-04 02:25:17,242 [INFO] Epoch [56/150] Train Loss: 1.1783 | Train Acc: 1.0000 (Classical:1.000 | Mesenchymal:1.000 | Neural:1.000 | Proneural:1.000) || Val Loss: 1.1696 | Val Acc: 0.7083 (Classical:0.833 | Mesenchymal:0.667 | Neural:0.500 | Proneural:0.800) || LR: 0.000100
2025-11-04 02:25:17,560 [INFO] Epoch [57/150] Train Loss: 1.1173 | Train Acc: 1.0000 (Classical:1.000 | Mesenchymal:1.000 | Neural:1.000 | Proneural:1.000) || Val Loss: 1.1682 | Val Acc: 0.6667 (Classical:0.833 | Mesenchymal:0.556 | Neural:0.500 | Proneural:0.800) || LR: 0.000100
2025-11-04 02:25:17,867 [INFO] Epoch [58/150] Train Loss: 1.1683 | Train Acc: 1.0000 (Classical:1.000 | Mesenchymal:1.000 | Neural:1.000 | Proneural:1.000) || Val Loss: 1.1660 | Val Acc: 0.6250 (Classical:0.833 | Mesenchymal:0.444 | Neural:0.500 | Proneural:0.800) || LR: 0.000100
2025-11-04 02:25:18,184 [INFO] Epoch [59/150] Train Loss: 1.2091 | Train Acc: 1.0000 (Classical:1.000 | Mesenchymal:1.000 | Neural:1.000 | Proneural:1.000) || Val Loss: 1.1633 | Val Acc: 0.6250 (Classical:0.833 | Mesenchymal:0.444 | Neural:0.500 | Proneural:0.800) || LR: 0.000100
2025-11-04 02:25:18,477 [INFO] Epoch [60/150] Train Loss: 1.1145 | Train Acc: 1.0000 (Classical:1.000 | Mesenchymal:1.000 | Neural:1.000 | Proneural:1.000) || Val Loss: 1.1569 | Val Acc: 0.6667 (Classical:0.833 | Mesenchymal:0.556 | Neural:0.500 | Proneural:0.800) || LR: 0.000100
2025-11-04 02:25:18,780 [INFO] Epoch [61/150] Train Loss: 1.1049 | Train Acc: 1.0000 (Classical:1.000 | Mesenchymal:1.000 | Neural:1.000 | Proneural:1.000) || Val Loss: 1.1578 | Val Acc: 0.6667 (Classical:0.833 | Mesenchymal:0.556 | Neural:0.500 | Proneural:0.800) || LR: 0.000100
2025-11-04 02:25:19,092 [INFO] Epoch [62/150] Train Loss: 1.1135 | Train Acc: 1.0000 (Classical:1.000 | Mesenchymal:1.000 | Neural:1.000 | Proneural:1.000) || Val Loss: 1.1824 | Val Acc: 0.6250 (Classical:0.833 | Mesenchymal:0.444 | Neural:0.500 | Proneural:0.800) || LR: 0.000100
2025-11-04 02:25:19,419 [INFO] Epoch [63/150] Train Loss: 1.1034 | Train Acc: 1.0000 (Classical:1.000 | Mesenchymal:1.000 | Neural:1.000 | Proneural:1.000) || Val Loss: 1.1405 | Val Acc: 0.6667 (Classical:0.833 | Mesenchymal:0.556 | Neural:0.500 | Proneural:0.800) || LR: 0.000100
2025-11-04 02:25:19,742 [INFO] Epoch [64/150] Train Loss: 1.1419 | Train Acc: 1.0000 (Classical:1.000 | Mesenchymal:1.000 | Neural:1.000 | Proneural:1.000) || Val Loss: 1.1874 | Val Acc: 0.6667 (Classical:0.833 | Mesenchymal:0.556 | Neural:0.500 | Proneural:0.800) || LR: 0.000100
2025-11-04 02:25:20,059 [INFO] Epoch [65/150] Train Loss: 1.1332 | Train Acc: 1.0000 (Classical:1.000 | Mesenchymal:1.000 | Neural:1.000 | Proneural:1.000) || Val Loss: 1.1775 | Val Acc: 0.6667 (Classical:0.833 | Mesenchymal:0.556 | Neural:0.500 | Proneural:0.800) || LR: 0.000100
2025-11-04 02:25:20,362 [INFO] Epoch [66/150] Train Loss: 1.0954 | Train Acc: 1.0000 (Classical:1.000 | Mesenchymal:1.000 | Neural:1.000 | Proneural:1.000) || Val Loss: 1.1716 | Val Acc: 0.7083 (Classical:0.833 | Mesenchymal:0.667 | Neural:0.500 | Proneural:0.800) || LR: 0.000100
2025-11-04 02:25:20,673 [INFO] Epoch [67/150] Train Loss: 1.1178 | Train Acc: 1.0000 (Classical:1.000 | Mesenchymal:1.000 | Neural:1.000 | Proneural:1.000) || Val Loss: 1.2221 | Val Acc: 0.6667 (Classical:0.833 | Mesenchymal:0.556 | Neural:0.500 | Proneural:0.800) || LR: 0.000100
2025-11-04 02:25:20,673 [INFO] Early stopping at epoch 67
2025-11-04 02:25:20,689 [INFO] Training completed. Best accuracy: 0.7083
2025-11-04 02:25:20,689 [INFO] Log: ./logs/train_20251104_022438.log, Model: ./models/best_model.pth
2025-11-04 02:25:20,785 [INFO] FINAL PER-CLASS | Train Acc: 1.0000 (Classical:1.000 | Mesenchymal:1.000 | Neural:1.000 | Proneural:1.000) || Val Acc: 0.7083 (Classical:1.000 | Mesenchymal:0.556 | Neural:0.500 | Proneural:0.800)
2025-11-04 02:25:20,863 [INFO] FINAL PER-CLASS | Test  Acc: 0.7333 (Classical:1.000 | Mesenchymal:0.600 | Neural:0.600 | Proneural:0.714)
