2025-11-04 02:07:01,155 [INFO] Model parameters: 33,024,228, Classes: 4
2025-11-04 02:07:01,155 [INFO] Enhanced regularization: Dropout=0.2, Weight_decay=0.001
2025-11-04 02:07:01,754 [INFO] Regularized Attention-MOI Training Started
2025-11-04 02:07:01,754 [INFO] Training started with enhanced regularization
2025-11-04 02:07:01,754 [INFO] Dropout: 0.2, Weight decay: 0.001
2025-11-04 02:07:02,236 [INFO] Epoch [1/150] Train Loss: 2.6127 | Train Acc: 0.5213 (Classical:0.080 | Mesenchymal:0.469 | Neural:0.688 | Proneural:1.000) || Val Loss: 1.3069 | Val Acc: 0.3333 (Classical:0.000 | Mesenchymal:0.222 | Neural:0.500 | Proneural:0.800) || LR: 0.000100
2025-11-04 02:07:02,416 [INFO] Best model saved with val_acc: 0.3333
2025-11-04 02:07:02,623 [INFO] Epoch [2/150] Train Loss: 2.4334 | Train Acc: 0.7021 (Classical:0.600 | Mesenchymal:0.562 | Neural:0.812 | Proneural:0.952) || Val Loss: 1.2517 | Val Acc: 0.5417 (Classical:0.833 | Mesenchymal:0.333 | Neural:0.250 | Proneural:0.800) || LR: 0.000100
2025-11-04 02:07:02,794 [INFO] Best model saved with val_acc: 0.5417
2025-11-04 02:07:02,983 [INFO] Epoch [3/150] Train Loss: 2.3636 | Train Acc: 0.7766 (Classical:0.720 | Mesenchymal:0.688 | Neural:0.812 | Proneural:0.952) || Val Loss: 1.2395 | Val Acc: 0.5417 (Classical:0.833 | Mesenchymal:0.333 | Neural:0.250 | Proneural:0.800) || LR: 0.000100
2025-11-04 02:07:03,175 [INFO] Epoch [4/150] Train Loss: 2.3301 | Train Acc: 0.8298 (Classical:0.800 | Mesenchymal:0.781 | Neural:0.812 | Proneural:0.952) || Val Loss: 1.2408 | Val Acc: 0.5417 (Classical:0.833 | Mesenchymal:0.333 | Neural:0.250 | Proneural:0.800) || LR: 0.000100
2025-11-04 02:07:03,350 [INFO] Epoch [5/150] Train Loss: 2.2160 | Train Acc: 0.8617 (Classical:0.800 | Mesenchymal:0.844 | Neural:0.812 | Proneural:1.000) || Val Loss: 1.2311 | Val Acc: 0.5833 (Classical:0.833 | Mesenchymal:0.444 | Neural:0.250 | Proneural:0.800) || LR: 0.000100
2025-11-04 02:07:03,537 [INFO] Best model saved with val_acc: 0.5833
2025-11-04 02:07:03,732 [INFO] Epoch [6/150] Train Loss: 2.1945 | Train Acc: 0.9043 (Classical:0.920 | Mesenchymal:0.844 | Neural:0.875 | Proneural:1.000) || Val Loss: 1.2192 | Val Acc: 0.5833 (Classical:0.833 | Mesenchymal:0.444 | Neural:0.250 | Proneural:0.800) || LR: 0.000100
2025-11-04 02:07:03,907 [INFO] Epoch [7/150] Train Loss: 2.2167 | Train Acc: 0.9362 (Classical:0.960 | Mesenchymal:0.906 | Neural:0.875 | Proneural:1.000) || Val Loss: 1.2095 | Val Acc: 0.5417 (Classical:0.833 | Mesenchymal:0.333 | Neural:0.250 | Proneural:0.800) || LR: 0.000100
2025-11-04 02:07:04,089 [INFO] Epoch [8/150] Train Loss: 2.1572 | Train Acc: 0.9574 (Classical:0.960 | Mesenchymal:0.938 | Neural:0.938 | Proneural:1.000) || Val Loss: 1.1921 | Val Acc: 0.5417 (Classical:0.833 | Mesenchymal:0.333 | Neural:0.250 | Proneural:0.800) || LR: 0.000100
2025-11-04 02:07:04,272 [INFO] Epoch [9/150] Train Loss: 2.0897 | Train Acc: 0.9681 (Classical:1.000 | Mesenchymal:0.938 | Neural:0.938 | Proneural:1.000) || Val Loss: 1.1849 | Val Acc: 0.5417 (Classical:0.833 | Mesenchymal:0.333 | Neural:0.250 | Proneural:0.800) || LR: 0.000100
2025-11-04 02:07:04,445 [INFO] Epoch [10/150] Train Loss: 2.0706 | Train Acc: 0.9681 (Classical:1.000 | Mesenchymal:0.938 | Neural:0.938 | Proneural:1.000) || Val Loss: 1.1646 | Val Acc: 0.5417 (Classical:0.833 | Mesenchymal:0.333 | Neural:0.250 | Proneural:0.800) || LR: 0.000100
2025-11-04 02:07:04,613 [INFO] Epoch [11/150] Train Loss: 2.0233 | Train Acc: 0.9681 (Classical:1.000 | Mesenchymal:0.938 | Neural:0.938 | Proneural:1.000) || Val Loss: 1.1599 | Val Acc: 0.5417 (Classical:0.833 | Mesenchymal:0.333 | Neural:0.250 | Proneural:0.800) || LR: 0.000100
2025-11-04 02:07:04,782 [INFO] Epoch [12/150] Train Loss: 2.0815 | Train Acc: 0.9574 (Classical:1.000 | Mesenchymal:0.906 | Neural:0.938 | Proneural:1.000) || Val Loss: 1.1450 | Val Acc: 0.5417 (Classical:0.833 | Mesenchymal:0.333 | Neural:0.250 | Proneural:0.800) || LR: 0.000100
2025-11-04 02:07:04,956 [INFO] Epoch [13/150] Train Loss: 2.0802 | Train Acc: 0.9681 (Classical:1.000 | Mesenchymal:0.906 | Neural:1.000 | Proneural:1.000) || Val Loss: 1.1419 | Val Acc: 0.5417 (Classical:0.833 | Mesenchymal:0.333 | Neural:0.250 | Proneural:0.800) || LR: 0.000100
2025-11-04 02:07:05,301 [INFO] Epoch [14/150] Train Loss: 2.0169 | Train Acc: 0.9681 (Classical:1.000 | Mesenchymal:0.906 | Neural:1.000 | Proneural:1.000) || Val Loss: 1.1345 | Val Acc: 0.5417 (Classical:0.833 | Mesenchymal:0.333 | Neural:0.250 | Proneural:0.800) || LR: 0.000100
2025-11-04 02:07:05,496 [INFO] Epoch [15/150] Train Loss: 2.0431 | Train Acc: 0.9681 (Classical:1.000 | Mesenchymal:0.906 | Neural:1.000 | Proneural:1.000) || Val Loss: 1.1300 | Val Acc: 0.5417 (Classical:0.833 | Mesenchymal:0.333 | Neural:0.250 | Proneural:0.800) || LR: 0.000100
2025-11-04 02:07:05,669 [INFO] Epoch [16/150] Train Loss: 2.0423 | Train Acc: 0.9894 (Classical:1.000 | Mesenchymal:0.969 | Neural:1.000 | Proneural:1.000) || Val Loss: 1.1208 | Val Acc: 0.5417 (Classical:0.833 | Mesenchymal:0.333 | Neural:0.250 | Proneural:0.800) || LR: 0.000100
2025-11-04 02:07:05,837 [INFO] Epoch [17/150] Train Loss: 1.9752 | Train Acc: 0.9894 (Classical:1.000 | Mesenchymal:0.969 | Neural:1.000 | Proneural:1.000) || Val Loss: 1.1175 | Val Acc: 0.5417 (Classical:0.833 | Mesenchymal:0.333 | Neural:0.250 | Proneural:0.800) || LR: 0.000100
2025-11-04 02:07:06,017 [INFO] Epoch [18/150] Train Loss: 1.9721 | Train Acc: 0.9894 (Classical:1.000 | Mesenchymal:0.969 | Neural:1.000 | Proneural:1.000) || Val Loss: 1.1021 | Val Acc: 0.5417 (Classical:0.833 | Mesenchymal:0.333 | Neural:0.250 | Proneural:0.800) || LR: 0.000100
2025-11-04 02:07:06,196 [INFO] Epoch [19/150] Train Loss: 1.9990 | Train Acc: 0.9894 (Classical:1.000 | Mesenchymal:0.969 | Neural:1.000 | Proneural:1.000) || Val Loss: 1.1036 | Val Acc: 0.6250 (Classical:0.833 | Mesenchymal:0.444 | Neural:0.500 | Proneural:0.800) || LR: 0.000100
2025-11-04 02:07:06,436 [INFO] Best model saved with val_acc: 0.6250
2025-11-04 02:07:06,632 [INFO] Epoch [20/150] Train Loss: 1.9400 | Train Acc: 0.9894 (Classical:1.000 | Mesenchymal:0.969 | Neural:1.000 | Proneural:1.000) || Val Loss: 1.1006 | Val Acc: 0.6250 (Classical:0.833 | Mesenchymal:0.444 | Neural:0.500 | Proneural:0.800) || LR: 0.000100
2025-11-04 02:07:06,810 [INFO] Epoch [21/150] Train Loss: 1.9361 | Train Acc: 0.9894 (Classical:1.000 | Mesenchymal:0.969 | Neural:1.000 | Proneural:1.000) || Val Loss: 1.1000 | Val Acc: 0.6250 (Classical:0.833 | Mesenchymal:0.444 | Neural:0.500 | Proneural:0.800) || LR: 0.000100
2025-11-04 02:07:06,996 [INFO] Epoch [22/150] Train Loss: 1.9560 | Train Acc: 0.9894 (Classical:1.000 | Mesenchymal:0.969 | Neural:1.000 | Proneural:1.000) || Val Loss: 1.1027 | Val Acc: 0.6250 (Classical:0.833 | Mesenchymal:0.444 | Neural:0.500 | Proneural:0.800) || LR: 0.000100
2025-11-04 02:07:07,170 [INFO] Epoch [23/150] Train Loss: 1.9310 | Train Acc: 0.9894 (Classical:1.000 | Mesenchymal:0.969 | Neural:1.000 | Proneural:1.000) || Val Loss: 1.1089 | Val Acc: 0.5833 (Classical:0.833 | Mesenchymal:0.444 | Neural:0.250 | Proneural:0.800) || LR: 0.000100
2025-11-04 02:07:07,345 [INFO] Epoch [24/150] Train Loss: 1.9394 | Train Acc: 0.9894 (Classical:1.000 | Mesenchymal:0.969 | Neural:1.000 | Proneural:1.000) || Val Loss: 1.1184 | Val Acc: 0.5833 (Classical:0.833 | Mesenchymal:0.444 | Neural:0.250 | Proneural:0.800) || LR: 0.000100
2025-11-04 02:07:07,507 [INFO] Epoch [25/150] Train Loss: 1.9024 | Train Acc: 0.9894 (Classical:1.000 | Mesenchymal:0.969 | Neural:1.000 | Proneural:1.000) || Val Loss: 1.1119 | Val Acc: 0.5833 (Classical:0.833 | Mesenchymal:0.444 | Neural:0.250 | Proneural:0.800) || LR: 0.000100
2025-11-04 02:07:07,669 [INFO] Epoch [26/150] Train Loss: 1.9094 | Train Acc: 0.9894 (Classical:1.000 | Mesenchymal:0.969 | Neural:1.000 | Proneural:1.000) || Val Loss: 1.1111 | Val Acc: 0.6250 (Classical:0.833 | Mesenchymal:0.556 | Neural:0.250 | Proneural:0.800) || LR: 0.000100
2025-11-04 02:07:07,831 [INFO] Epoch [27/150] Train Loss: 1.9333 | Train Acc: 0.9894 (Classical:1.000 | Mesenchymal:0.969 | Neural:1.000 | Proneural:1.000) || Val Loss: 1.1053 | Val Acc: 0.6250 (Classical:0.833 | Mesenchymal:0.556 | Neural:0.250 | Proneural:0.800) || LR: 0.000100
2025-11-04 02:07:07,996 [INFO] Epoch [28/150] Train Loss: 1.8847 | Train Acc: 0.9894 (Classical:1.000 | Mesenchymal:0.969 | Neural:1.000 | Proneural:1.000) || Val Loss: 1.1145 | Val Acc: 0.5833 (Classical:0.833 | Mesenchymal:0.444 | Neural:0.250 | Proneural:0.800) || LR: 0.000100
2025-11-04 02:07:08,174 [INFO] Epoch [29/150] Train Loss: 1.8711 | Train Acc: 0.9894 (Classical:1.000 | Mesenchymal:0.969 | Neural:1.000 | Proneural:1.000) || Val Loss: 1.1247 | Val Acc: 0.5833 (Classical:0.833 | Mesenchymal:0.444 | Neural:0.250 | Proneural:0.800) || LR: 0.000100
2025-11-04 02:07:08,349 [INFO] Epoch [30/150] Train Loss: 1.9092 | Train Acc: 0.9894 (Classical:1.000 | Mesenchymal:0.969 | Neural:1.000 | Proneural:1.000) || Val Loss: 1.1104 | Val Acc: 0.5833 (Classical:0.833 | Mesenchymal:0.444 | Neural:0.250 | Proneural:0.800) || LR: 0.000100
2025-11-04 02:07:08,516 [INFO] Epoch [31/150] Train Loss: 1.8892 | Train Acc: 0.9894 (Classical:1.000 | Mesenchymal:0.969 | Neural:1.000 | Proneural:1.000) || Val Loss: 1.1059 | Val Acc: 0.5833 (Classical:0.833 | Mesenchymal:0.444 | Neural:0.250 | Proneural:0.800) || LR: 0.000100
2025-11-04 02:07:08,694 [INFO] Epoch [32/150] Train Loss: 1.8376 | Train Acc: 0.9894 (Classical:1.000 | Mesenchymal:0.969 | Neural:1.000 | Proneural:1.000) || Val Loss: 1.0933 | Val Acc: 0.5833 (Classical:0.833 | Mesenchymal:0.444 | Neural:0.250 | Proneural:0.800) || LR: 0.000100
2025-11-04 02:07:08,886 [INFO] Epoch [33/150] Train Loss: 1.8184 | Train Acc: 0.9894 (Classical:1.000 | Mesenchymal:0.969 | Neural:1.000 | Proneural:1.000) || Val Loss: 1.0866 | Val Acc: 0.6250 (Classical:0.833 | Mesenchymal:0.444 | Neural:0.500 | Proneural:0.800) || LR: 0.000100
2025-11-04 02:07:09,049 [INFO] Epoch [34/150] Train Loss: 1.8331 | Train Acc: 0.9894 (Classical:1.000 | Mesenchymal:0.969 | Neural:1.000 | Proneural:1.000) || Val Loss: 1.0781 | Val Acc: 0.6667 (Classical:0.833 | Mesenchymal:0.556 | Neural:0.500 | Proneural:0.800) || LR: 0.000100
2025-11-04 02:07:09,310 [INFO] Best model saved with val_acc: 0.6667
2025-11-04 02:07:09,497 [INFO] Epoch [35/150] Train Loss: 1.8449 | Train Acc: 0.9894 (Classical:1.000 | Mesenchymal:0.969 | Neural:1.000 | Proneural:1.000) || Val Loss: 1.0695 | Val Acc: 0.6667 (Classical:0.833 | Mesenchymal:0.556 | Neural:0.500 | Proneural:0.800) || LR: 0.000100
2025-11-04 02:07:09,674 [INFO] Epoch [36/150] Train Loss: 1.8355 | Train Acc: 0.9894 (Classical:1.000 | Mesenchymal:0.969 | Neural:1.000 | Proneural:1.000) || Val Loss: 1.0678 | Val Acc: 0.6667 (Classical:0.833 | Mesenchymal:0.556 | Neural:0.500 | Proneural:0.800) || LR: 0.000100
2025-11-04 02:07:09,843 [INFO] Epoch [37/150] Train Loss: 1.8294 | Train Acc: 0.9894 (Classical:1.000 | Mesenchymal:0.969 | Neural:1.000 | Proneural:1.000) || Val Loss: 1.0613 | Val Acc: 0.6667 (Classical:0.833 | Mesenchymal:0.556 | Neural:0.500 | Proneural:0.800) || LR: 0.000100
2025-11-04 02:07:10,013 [INFO] Epoch [38/150] Train Loss: 1.8230 | Train Acc: 0.9894 (Classical:1.000 | Mesenchymal:0.969 | Neural:1.000 | Proneural:1.000) || Val Loss: 1.0758 | Val Acc: 0.6667 (Classical:0.833 | Mesenchymal:0.556 | Neural:0.500 | Proneural:0.800) || LR: 0.000100
2025-11-04 02:07:10,174 [INFO] Epoch [39/150] Train Loss: 1.8278 | Train Acc: 1.0000 (Classical:1.000 | Mesenchymal:1.000 | Neural:1.000 | Proneural:1.000) || Val Loss: 1.0667 | Val Acc: 0.6667 (Classical:0.833 | Mesenchymal:0.556 | Neural:0.500 | Proneural:0.800) || LR: 0.000100
2025-11-04 02:07:10,349 [INFO] Epoch [40/150] Train Loss: 1.8247 | Train Acc: 1.0000 (Classical:1.000 | Mesenchymal:1.000 | Neural:1.000 | Proneural:1.000) || Val Loss: 1.0706 | Val Acc: 0.6667 (Classical:0.833 | Mesenchymal:0.556 | Neural:0.500 | Proneural:0.800) || LR: 0.000100
2025-11-04 02:07:10,519 [INFO] Epoch [41/150] Train Loss: 1.7943 | Train Acc: 1.0000 (Classical:1.000 | Mesenchymal:1.000 | Neural:1.000 | Proneural:1.000) || Val Loss: 1.0614 | Val Acc: 0.7083 (Classical:0.833 | Mesenchymal:0.667 | Neural:0.500 | Proneural:0.800) || LR: 0.000100
2025-11-04 02:07:10,701 [INFO] Best model saved with val_acc: 0.7083
2025-11-04 02:07:10,902 [INFO] Epoch [42/150] Train Loss: 1.7831 | Train Acc: 1.0000 (Classical:1.000 | Mesenchymal:1.000 | Neural:1.000 | Proneural:1.000) || Val Loss: 1.0719 | Val Acc: 0.7083 (Classical:0.833 | Mesenchymal:0.667 | Neural:0.500 | Proneural:0.800) || LR: 0.000100
2025-11-04 02:07:11,069 [INFO] Epoch [43/150] Train Loss: 1.8395 | Train Acc: 1.0000 (Classical:1.000 | Mesenchymal:1.000 | Neural:1.000 | Proneural:1.000) || Val Loss: 1.0681 | Val Acc: 0.7083 (Classical:0.833 | Mesenchymal:0.667 | Neural:0.500 | Proneural:0.800) || LR: 0.000100
2025-11-04 02:07:11,237 [INFO] Epoch [44/150] Train Loss: 1.8377 | Train Acc: 1.0000 (Classical:1.000 | Mesenchymal:1.000 | Neural:1.000 | Proneural:1.000) || Val Loss: 1.0625 | Val Acc: 0.7083 (Classical:0.833 | Mesenchymal:0.667 | Neural:0.500 | Proneural:0.800) || LR: 0.000100
2025-11-04 02:07:11,406 [INFO] Epoch [45/150] Train Loss: 1.7863 | Train Acc: 1.0000 (Classical:1.000 | Mesenchymal:1.000 | Neural:1.000 | Proneural:1.000) || Val Loss: 1.0618 | Val Acc: 0.7083 (Classical:0.833 | Mesenchymal:0.667 | Neural:0.500 | Proneural:0.800) || LR: 0.000100
2025-11-04 02:07:11,570 [INFO] Epoch [46/150] Train Loss: 1.8109 | Train Acc: 1.0000 (Classical:1.000 | Mesenchymal:1.000 | Neural:1.000 | Proneural:1.000) || Val Loss: 1.0723 | Val Acc: 0.7083 (Classical:0.833 | Mesenchymal:0.667 | Neural:0.500 | Proneural:0.800) || LR: 0.000100
2025-11-04 02:07:11,733 [INFO] Epoch [47/150] Train Loss: 1.7598 | Train Acc: 1.0000 (Classical:1.000 | Mesenchymal:1.000 | Neural:1.000 | Proneural:1.000) || Val Loss: 1.0764 | Val Acc: 0.7083 (Classical:0.833 | Mesenchymal:0.667 | Neural:0.500 | Proneural:0.800) || LR: 0.000100
2025-11-04 02:07:11,922 [INFO] Epoch [48/150] Train Loss: 1.7780 | Train Acc: 1.0000 (Classical:1.000 | Mesenchymal:1.000 | Neural:1.000 | Proneural:1.000) || Val Loss: 1.0804 | Val Acc: 0.7083 (Classical:0.833 | Mesenchymal:0.667 | Neural:0.500 | Proneural:0.800) || LR: 0.000100
2025-11-04 02:07:12,105 [INFO] Epoch [49/150] Train Loss: 1.7819 | Train Acc: 1.0000 (Classical:1.000 | Mesenchymal:1.000 | Neural:1.000 | Proneural:1.000) || Val Loss: 1.0811 | Val Acc: 0.7500 (Classical:0.833 | Mesenchymal:0.778 | Neural:0.500 | Proneural:0.800) || LR: 0.000100
2025-11-04 02:07:12,278 [INFO] Best model saved with val_acc: 0.7500
2025-11-04 02:07:12,495 [INFO] Epoch [50/150] Train Loss: 1.7727 | Train Acc: 1.0000 (Classical:1.000 | Mesenchymal:1.000 | Neural:1.000 | Proneural:1.000) || Val Loss: 1.0865 | Val Acc: 0.7083 (Classical:0.833 | Mesenchymal:0.667 | Neural:0.500 | Proneural:0.800) || LR: 0.000100
2025-11-04 02:07:12,666 [INFO] Epoch [51/150] Train Loss: 1.7945 | Train Acc: 1.0000 (Classical:1.000 | Mesenchymal:1.000 | Neural:1.000 | Proneural:1.000) || Val Loss: 1.0974 | Val Acc: 0.7083 (Classical:0.833 | Mesenchymal:0.667 | Neural:0.500 | Proneural:0.800) || LR: 0.000100
2025-11-04 02:07:12,847 [INFO] Epoch [52/150] Train Loss: 1.8019 | Train Acc: 1.0000 (Classical:1.000 | Mesenchymal:1.000 | Neural:1.000 | Proneural:1.000) || Val Loss: 1.0929 | Val Acc: 0.7083 (Classical:0.833 | Mesenchymal:0.667 | Neural:0.500 | Proneural:0.800) || LR: 0.000100
2025-11-04 02:07:13,016 [INFO] Epoch [53/150] Train Loss: 1.7643 | Train Acc: 1.0000 (Classical:1.000 | Mesenchymal:1.000 | Neural:1.000 | Proneural:1.000) || Val Loss: 1.0882 | Val Acc: 0.7083 (Classical:0.833 | Mesenchymal:0.667 | Neural:0.500 | Proneural:0.800) || LR: 0.000100
2025-11-04 02:07:13,189 [INFO] Epoch [54/150] Train Loss: 1.7657 | Train Acc: 1.0000 (Classical:1.000 | Mesenchymal:1.000 | Neural:1.000 | Proneural:1.000) || Val Loss: 1.0940 | Val Acc: 0.7083 (Classical:0.833 | Mesenchymal:0.667 | Neural:0.500 | Proneural:0.800) || LR: 0.000100
2025-11-04 02:07:13,371 [INFO] Epoch [55/150] Train Loss: 1.7613 | Train Acc: 1.0000 (Classical:1.000 | Mesenchymal:1.000 | Neural:1.000 | Proneural:1.000) || Val Loss: 1.0874 | Val Acc: 0.7083 (Classical:0.833 | Mesenchymal:0.667 | Neural:0.500 | Proneural:0.800) || LR: 0.000100
2025-11-04 02:07:13,532 [INFO] Epoch [56/150] Train Loss: 1.7647 | Train Acc: 1.0000 (Classical:1.000 | Mesenchymal:1.000 | Neural:1.000 | Proneural:1.000) || Val Loss: 1.0780 | Val Acc: 0.7083 (Classical:0.833 | Mesenchymal:0.667 | Neural:0.500 | Proneural:0.800) || LR: 0.000100
2025-11-04 02:07:13,704 [INFO] Epoch [57/150] Train Loss: 1.7728 | Train Acc: 1.0000 (Classical:1.000 | Mesenchymal:1.000 | Neural:1.000 | Proneural:1.000) || Val Loss: 1.0737 | Val Acc: 0.7083 (Classical:0.833 | Mesenchymal:0.667 | Neural:0.500 | Proneural:0.800) || LR: 0.000100
2025-11-04 02:07:13,863 [INFO] Epoch [58/150] Train Loss: 1.7177 | Train Acc: 1.0000 (Classical:1.000 | Mesenchymal:1.000 | Neural:1.000 | Proneural:1.000) || Val Loss: 1.0748 | Val Acc: 0.7083 (Classical:0.833 | Mesenchymal:0.667 | Neural:0.500 | Proneural:0.800) || LR: 0.000100
2025-11-04 02:07:14,024 [INFO] Epoch [59/150] Train Loss: 1.7671 | Train Acc: 1.0000 (Classical:1.000 | Mesenchymal:1.000 | Neural:1.000 | Proneural:1.000) || Val Loss: 1.0768 | Val Acc: 0.7083 (Classical:0.833 | Mesenchymal:0.667 | Neural:0.500 | Proneural:0.800) || LR: 0.000100
2025-11-04 02:07:14,189 [INFO] Epoch [60/150] Train Loss: 1.7420 | Train Acc: 1.0000 (Classical:1.000 | Mesenchymal:1.000 | Neural:1.000 | Proneural:1.000) || Val Loss: 1.0636 | Val Acc: 0.7083 (Classical:0.833 | Mesenchymal:0.667 | Neural:0.500 | Proneural:0.800) || LR: 0.000100
2025-11-04 02:07:14,355 [INFO] Epoch [61/150] Train Loss: 1.7226 | Train Acc: 1.0000 (Classical:1.000 | Mesenchymal:1.000 | Neural:1.000 | Proneural:1.000) || Val Loss: 1.0630 | Val Acc: 0.7083 (Classical:0.833 | Mesenchymal:0.667 | Neural:0.500 | Proneural:0.800) || LR: 0.000100
2025-11-04 02:07:14,527 [INFO] Epoch [62/150] Train Loss: 1.7214 | Train Acc: 1.0000 (Classical:1.000 | Mesenchymal:1.000 | Neural:1.000 | Proneural:1.000) || Val Loss: 1.0619 | Val Acc: 0.7083 (Classical:0.833 | Mesenchymal:0.667 | Neural:0.500 | Proneural:0.800) || LR: 0.000100
2025-11-04 02:07:14,693 [INFO] Epoch [63/150] Train Loss: 1.7345 | Train Acc: 1.0000 (Classical:1.000 | Mesenchymal:1.000 | Neural:1.000 | Proneural:1.000) || Val Loss: 1.0756 | Val Acc: 0.7083 (Classical:0.833 | Mesenchymal:0.667 | Neural:0.500 | Proneural:0.800) || LR: 0.000100
2025-11-04 02:07:14,856 [INFO] Epoch [64/150] Train Loss: 1.7108 | Train Acc: 1.0000 (Classical:1.000 | Mesenchymal:1.000 | Neural:1.000 | Proneural:1.000) || Val Loss: 1.0791 | Val Acc: 0.7083 (Classical:0.833 | Mesenchymal:0.667 | Neural:0.500 | Proneural:0.800) || LR: 0.000100
2025-11-04 02:07:15,022 [INFO] Epoch [65/150] Train Loss: 1.7410 | Train Acc: 1.0000 (Classical:1.000 | Mesenchymal:1.000 | Neural:1.000 | Proneural:1.000) || Val Loss: 1.0783 | Val Acc: 0.7083 (Classical:0.833 | Mesenchymal:0.667 | Neural:0.500 | Proneural:0.800) || LR: 0.000100
2025-11-04 02:07:15,190 [INFO] Epoch [66/150] Train Loss: 1.7201 | Train Acc: 1.0000 (Classical:1.000 | Mesenchymal:1.000 | Neural:1.000 | Proneural:1.000) || Val Loss: 1.0827 | Val Acc: 0.7083 (Classical:0.833 | Mesenchymal:0.667 | Neural:0.500 | Proneural:0.800) || LR: 0.000100
2025-11-04 02:07:15,359 [INFO] Epoch [67/150] Train Loss: 1.7160 | Train Acc: 1.0000 (Classical:1.000 | Mesenchymal:1.000 | Neural:1.000 | Proneural:1.000) || Val Loss: 1.0888 | Val Acc: 0.7083 (Classical:0.833 | Mesenchymal:0.667 | Neural:0.500 | Proneural:0.800) || LR: 0.000100
2025-11-04 02:07:15,532 [INFO] Epoch [68/150] Train Loss: 1.7330 | Train Acc: 1.0000 (Classical:1.000 | Mesenchymal:1.000 | Neural:1.000 | Proneural:1.000) || Val Loss: 1.0971 | Val Acc: 0.7083 (Classical:0.833 | Mesenchymal:0.667 | Neural:0.500 | Proneural:0.800) || LR: 0.000100
2025-11-04 02:07:15,692 [INFO] Epoch [69/150] Train Loss: 1.6928 | Train Acc: 1.0000 (Classical:1.000 | Mesenchymal:1.000 | Neural:1.000 | Proneural:1.000) || Val Loss: 1.0930 | Val Acc: 0.7083 (Classical:0.833 | Mesenchymal:0.667 | Neural:0.500 | Proneural:0.800) || LR: 0.000100
2025-11-04 02:07:15,869 [INFO] Epoch [70/150] Train Loss: 1.6957 | Train Acc: 1.0000 (Classical:1.000 | Mesenchymal:1.000 | Neural:1.000 | Proneural:1.000) || Val Loss: 1.0866 | Val Acc: 0.7083 (Classical:0.833 | Mesenchymal:0.667 | Neural:0.500 | Proneural:0.800) || LR: 0.000100
2025-11-04 02:07:16,042 [INFO] Epoch [71/150] Train Loss: 1.6975 | Train Acc: 1.0000 (Classical:1.000 | Mesenchymal:1.000 | Neural:1.000 | Proneural:1.000) || Val Loss: 1.1005 | Val Acc: 0.7083 (Classical:0.833 | Mesenchymal:0.667 | Neural:0.500 | Proneural:0.800) || LR: 0.000100
2025-11-04 02:07:16,212 [INFO] Epoch [72/150] Train Loss: 1.6972 | Train Acc: 1.0000 (Classical:1.000 | Mesenchymal:1.000 | Neural:1.000 | Proneural:1.000) || Val Loss: 1.1025 | Val Acc: 0.7083 (Classical:0.833 | Mesenchymal:0.667 | Neural:0.500 | Proneural:0.800) || LR: 0.000100
2025-11-04 02:07:16,376 [INFO] Epoch [73/150] Train Loss: 1.6899 | Train Acc: 1.0000 (Classical:1.000 | Mesenchymal:1.000 | Neural:1.000 | Proneural:1.000) || Val Loss: 1.1184 | Val Acc: 0.7083 (Classical:0.833 | Mesenchymal:0.667 | Neural:0.500 | Proneural:0.800) || LR: 0.000100
2025-11-04 02:07:16,543 [INFO] Epoch [74/150] Train Loss: 1.6836 | Train Acc: 1.0000 (Classical:1.000 | Mesenchymal:1.000 | Neural:1.000 | Proneural:1.000) || Val Loss: 1.1246 | Val Acc: 0.7083 (Classical:0.833 | Mesenchymal:0.667 | Neural:0.500 | Proneural:0.800) || LR: 0.000100
2025-11-04 02:07:16,707 [INFO] Epoch [75/150] Train Loss: 1.7030 | Train Acc: 1.0000 (Classical:1.000 | Mesenchymal:1.000 | Neural:1.000 | Proneural:1.000) || Val Loss: 1.1120 | Val Acc: 0.7083 (Classical:0.833 | Mesenchymal:0.667 | Neural:0.500 | Proneural:0.800) || LR: 0.000100
2025-11-04 02:07:16,878 [INFO] Epoch [76/150] Train Loss: 1.7021 | Train Acc: 1.0000 (Classical:1.000 | Mesenchymal:1.000 | Neural:1.000 | Proneural:1.000) || Val Loss: 1.1001 | Val Acc: 0.7083 (Classical:0.833 | Mesenchymal:0.667 | Neural:0.500 | Proneural:0.800) || LR: 0.000100
2025-11-04 02:07:17,039 [INFO] Epoch [77/150] Train Loss: 1.7042 | Train Acc: 1.0000 (Classical:1.000 | Mesenchymal:1.000 | Neural:1.000 | Proneural:1.000) || Val Loss: 1.1073 | Val Acc: 0.7083 (Classical:0.833 | Mesenchymal:0.667 | Neural:0.500 | Proneural:0.800) || LR: 0.000100
2025-11-04 02:07:17,211 [INFO] Epoch [78/150] Train Loss: 1.7089 | Train Acc: 1.0000 (Classical:1.000 | Mesenchymal:1.000 | Neural:1.000 | Proneural:1.000) || Val Loss: 1.1319 | Val Acc: 0.7083 (Classical:0.833 | Mesenchymal:0.667 | Neural:0.500 | Proneural:0.800) || LR: 0.000100
2025-11-04 02:07:17,377 [INFO] Epoch [79/150] Train Loss: 1.7059 | Train Acc: 1.0000 (Classical:1.000 | Mesenchymal:1.000 | Neural:1.000 | Proneural:1.000) || Val Loss: 1.0999 | Val Acc: 0.7083 (Classical:0.833 | Mesenchymal:0.667 | Neural:0.500 | Proneural:0.800) || LR: 0.000100
2025-11-04 02:07:17,553 [INFO] Epoch [80/150] Train Loss: 1.6652 | Train Acc: 1.0000 (Classical:1.000 | Mesenchymal:1.000 | Neural:1.000 | Proneural:1.000) || Val Loss: 1.1043 | Val Acc: 0.7083 (Classical:0.833 | Mesenchymal:0.667 | Neural:0.500 | Proneural:0.800) || LR: 0.000100
2025-11-04 02:07:17,721 [INFO] Epoch [81/150] Train Loss: 1.6716 | Train Acc: 1.0000 (Classical:1.000 | Mesenchymal:1.000 | Neural:1.000 | Proneural:1.000) || Val Loss: 1.1144 | Val Acc: 0.7083 (Classical:0.833 | Mesenchymal:0.667 | Neural:0.500 | Proneural:0.800) || LR: 0.000100
2025-11-04 02:07:17,883 [INFO] Epoch [82/150] Train Loss: 1.6924 | Train Acc: 1.0000 (Classical:1.000 | Mesenchymal:1.000 | Neural:1.000 | Proneural:1.000) || Val Loss: 1.1137 | Val Acc: 0.7500 (Classical:0.833 | Mesenchymal:0.778 | Neural:0.500 | Proneural:0.800) || LR: 0.000100
2025-11-04 02:07:18,051 [INFO] Epoch [83/150] Train Loss: 1.6632 | Train Acc: 1.0000 (Classical:1.000 | Mesenchymal:1.000 | Neural:1.000 | Proneural:1.000) || Val Loss: 1.1183 | Val Acc: 0.7500 (Classical:0.833 | Mesenchymal:0.778 | Neural:0.500 | Proneural:0.800) || LR: 0.000100
2025-11-04 02:07:18,214 [INFO] Epoch [84/150] Train Loss: 1.6880 | Train Acc: 1.0000 (Classical:1.000 | Mesenchymal:1.000 | Neural:1.000 | Proneural:1.000) || Val Loss: 1.1201 | Val Acc: 0.7500 (Classical:0.833 | Mesenchymal:0.778 | Neural:0.500 | Proneural:0.800) || LR: 0.000100
2025-11-04 02:07:18,400 [INFO] Epoch [85/150] Train Loss: 1.6691 | Train Acc: 1.0000 (Classical:1.000 | Mesenchymal:1.000 | Neural:1.000 | Proneural:1.000) || Val Loss: 1.1136 | Val Acc: 0.7500 (Classical:0.833 | Mesenchymal:0.778 | Neural:0.500 | Proneural:0.800) || LR: 0.000100
2025-11-04 02:07:18,579 [INFO] Epoch [86/150] Train Loss: 1.6691 | Train Acc: 1.0000 (Classical:1.000 | Mesenchymal:1.000 | Neural:1.000 | Proneural:1.000) || Val Loss: 1.1050 | Val Acc: 0.7500 (Classical:0.833 | Mesenchymal:0.778 | Neural:0.500 | Proneural:0.800) || LR: 0.000100
2025-11-04 02:07:18,756 [INFO] Epoch [87/150] Train Loss: 1.6606 | Train Acc: 1.0000 (Classical:1.000 | Mesenchymal:1.000 | Neural:1.000 | Proneural:1.000) || Val Loss: 1.1147 | Val Acc: 0.7500 (Classical:0.833 | Mesenchymal:0.778 | Neural:0.500 | Proneural:0.800) || LR: 0.000100
2025-11-04 02:07:18,935 [INFO] Epoch [88/150] Train Loss: 1.6814 | Train Acc: 1.0000 (Classical:1.000 | Mesenchymal:1.000 | Neural:1.000 | Proneural:1.000) || Val Loss: 1.1201 | Val Acc: 0.7500 (Classical:0.833 | Mesenchymal:0.778 | Neural:0.500 | Proneural:0.800) || LR: 0.000100
2025-11-04 02:07:19,101 [INFO] Epoch [89/150] Train Loss: 1.6789 | Train Acc: 1.0000 (Classical:1.000 | Mesenchymal:1.000 | Neural:1.000 | Proneural:1.000) || Val Loss: 1.1377 | Val Acc: 0.7083 (Classical:0.833 | Mesenchymal:0.667 | Neural:0.500 | Proneural:0.800) || LR: 0.000100
2025-11-04 02:07:19,270 [INFO] Epoch [90/150] Train Loss: 1.6534 | Train Acc: 1.0000 (Classical:1.000 | Mesenchymal:1.000 | Neural:1.000 | Proneural:1.000) || Val Loss: 1.1331 | Val Acc: 0.7083 (Classical:0.833 | Mesenchymal:0.667 | Neural:0.500 | Proneural:0.800) || LR: 0.000100
2025-11-04 02:07:19,442 [INFO] Epoch [91/150] Train Loss: 1.6662 | Train Acc: 1.0000 (Classical:1.000 | Mesenchymal:1.000 | Neural:1.000 | Proneural:1.000) || Val Loss: 1.1715 | Val Acc: 0.7083 (Classical:0.833 | Mesenchymal:0.667 | Neural:0.500 | Proneural:0.800) || LR: 0.000100
2025-11-04 02:07:19,606 [INFO] Epoch [92/150] Train Loss: 1.6592 | Train Acc: 1.0000 (Classical:1.000 | Mesenchymal:1.000 | Neural:1.000 | Proneural:1.000) || Val Loss: 1.1670 | Val Acc: 0.7083 (Classical:0.833 | Mesenchymal:0.667 | Neural:0.500 | Proneural:0.800) || LR: 0.000100
2025-11-04 02:07:19,770 [INFO] Epoch [93/150] Train Loss: 1.6536 | Train Acc: 1.0000 (Classical:1.000 | Mesenchymal:1.000 | Neural:1.000 | Proneural:1.000) || Val Loss: 1.1571 | Val Acc: 0.7083 (Classical:0.833 | Mesenchymal:0.667 | Neural:0.500 | Proneural:0.800) || LR: 0.000100
2025-11-04 02:07:19,944 [INFO] Epoch [94/150] Train Loss: 1.6807 | Train Acc: 1.0000 (Classical:1.000 | Mesenchymal:1.000 | Neural:1.000 | Proneural:1.000) || Val Loss: 1.1581 | Val Acc: 0.7083 (Classical:0.833 | Mesenchymal:0.667 | Neural:0.500 | Proneural:0.800) || LR: 0.000100
2025-11-04 02:07:20,132 [INFO] Epoch [95/150] Train Loss: 1.6657 | Train Acc: 1.0000 (Classical:1.000 | Mesenchymal:1.000 | Neural:1.000 | Proneural:1.000) || Val Loss: 1.1545 | Val Acc: 0.7083 (Classical:0.833 | Mesenchymal:0.667 | Neural:0.500 | Proneural:0.800) || LR: 0.000100
2025-11-04 02:07:20,303 [INFO] Epoch [96/150] Train Loss: 1.6690 | Train Acc: 1.0000 (Classical:1.000 | Mesenchymal:1.000 | Neural:1.000 | Proneural:1.000) || Val Loss: 1.1560 | Val Acc: 0.7083 (Classical:0.833 | Mesenchymal:0.667 | Neural:0.500 | Proneural:0.800) || LR: 0.000100
2025-11-04 02:07:20,481 [INFO] Epoch [97/150] Train Loss: 1.6351 | Train Acc: 1.0000 (Classical:1.000 | Mesenchymal:1.000 | Neural:1.000 | Proneural:1.000) || Val Loss: 1.1511 | Val Acc: 0.7083 (Classical:0.833 | Mesenchymal:0.667 | Neural:0.500 | Proneural:0.800) || LR: 0.000100
2025-11-04 02:07:20,660 [INFO] Epoch [98/150] Train Loss: 1.6640 | Train Acc: 1.0000 (Classical:1.000 | Mesenchymal:1.000 | Neural:1.000 | Proneural:1.000) || Val Loss: 1.1692 | Val Acc: 0.7083 (Classical:0.833 | Mesenchymal:0.667 | Neural:0.500 | Proneural:0.800) || LR: 0.000100
2025-11-04 02:07:20,824 [INFO] Epoch [99/150] Train Loss: 1.6479 | Train Acc: 1.0000 (Classical:1.000 | Mesenchymal:1.000 | Neural:1.000 | Proneural:1.000) || Val Loss: 1.1613 | Val Acc: 0.7083 (Classical:0.833 | Mesenchymal:0.667 | Neural:0.500 | Proneural:0.800) || LR: 0.000100
2025-11-04 02:07:20,824 [INFO] Early stopping at epoch 99
2025-11-04 02:07:20,838 [INFO] Training completed. Best accuracy: 0.7500
2025-11-04 02:07:20,838 [INFO] Log: ./logs/train_20251104_020700.log, Model: ./models/best_model.pth
2025-11-04 02:07:20,940 [INFO] FINAL PER-CLASS | Train Acc: 1.0000 (Classical:1.000 | Mesenchymal:1.000 | Neural:1.000 | Proneural:1.000) || Val Acc: 0.7500 (Classical:0.833 | Mesenchymal:0.778 | Neural:0.500 | Proneural:0.800)
2025-11-04 02:07:21,020 [INFO] FINAL PER-CLASS | Test  Acc: 0.8000 (Classical:0.875 | Mesenchymal:0.800 | Neural:0.600 | Proneural:0.857)
