2025-11-04 02:12:54,177 [INFO] Model parameters: 33,024,228, Classes: 4
2025-11-04 02:12:54,177 [INFO] Enhanced regularization: Dropout=0.2, Weight_decay=0.001
2025-11-04 02:12:54,884 [INFO] Regularized Attention-MOI Training Started
2025-11-04 02:12:54,884 [INFO] Training started with enhanced regularization
2025-11-04 02:12:54,884 [INFO] Dropout: 0.2, Weight decay: 0.001
2025-11-04 02:12:55,362 [INFO] Epoch [1/150] Train Loss: 2.6645 | Train Acc: 0.5957 (Classical:0.880 | Mesenchymal:0.312 | Neural:0.438 | Proneural:0.810) || Val Loss: 1.4611 | Val Acc: 0.4167 (Classical:1.000 | Mesenchymal:0.111 | Neural:0.500 | Proneural:0.200) || LR: 0.000100
2025-11-04 02:12:55,580 [INFO] Best model saved with val_acc: 0.4167
2025-11-04 02:12:55,769 [INFO] Epoch [2/150] Train Loss: 2.4126 | Train Acc: 0.6064 (Classical:0.960 | Mesenchymal:0.344 | Neural:0.625 | Proneural:0.571) || Val Loss: 1.4443 | Val Acc: 0.4583 (Classical:1.000 | Mesenchymal:0.222 | Neural:0.250 | Proneural:0.400) || LR: 0.000100
2025-11-04 02:12:55,996 [INFO] Best model saved with val_acc: 0.4583
2025-11-04 02:12:56,216 [INFO] Epoch [3/150] Train Loss: 2.4077 | Train Acc: 0.7234 (Classical:0.960 | Mesenchymal:0.656 | Neural:0.750 | Proneural:0.524) || Val Loss: 1.3864 | Val Acc: 0.4583 (Classical:1.000 | Mesenchymal:0.222 | Neural:0.250 | Proneural:0.400) || LR: 0.000100
2025-11-04 02:12:56,404 [INFO] Epoch [4/150] Train Loss: 2.2842 | Train Acc: 0.8191 (Classical:1.000 | Mesenchymal:0.781 | Neural:0.812 | Proneural:0.667) || Val Loss: 1.3294 | Val Acc: 0.5833 (Classical:1.000 | Mesenchymal:0.444 | Neural:0.250 | Proneural:0.600) || LR: 0.000100
2025-11-04 02:12:56,581 [INFO] Best model saved with val_acc: 0.5833
2025-11-04 02:12:56,814 [INFO] Epoch [5/150] Train Loss: 2.3042 | Train Acc: 0.8617 (Classical:0.960 | Mesenchymal:0.844 | Neural:0.875 | Proneural:0.762) || Val Loss: 1.2635 | Val Acc: 0.5417 (Classical:1.000 | Mesenchymal:0.444 | Neural:0.250 | Proneural:0.400) || LR: 0.000100
2025-11-04 02:12:57,021 [INFO] Epoch [6/150] Train Loss: 2.2547 | Train Acc: 0.9149 (Classical:0.960 | Mesenchymal:0.906 | Neural:0.875 | Proneural:0.905) || Val Loss: 1.2141 | Val Acc: 0.5833 (Classical:1.000 | Mesenchymal:0.556 | Neural:0.250 | Proneural:0.400) || LR: 0.000100
2025-11-04 02:12:57,234 [INFO] Epoch [7/150] Train Loss: 2.2109 | Train Acc: 0.9255 (Classical:1.000 | Mesenchymal:0.906 | Neural:0.875 | Proneural:0.905) || Val Loss: 1.1954 | Val Acc: 0.5833 (Classical:1.000 | Mesenchymal:0.556 | Neural:0.250 | Proneural:0.400) || LR: 0.000100
2025-11-04 02:12:57,416 [INFO] Epoch [8/150] Train Loss: 2.1694 | Train Acc: 0.9468 (Classical:1.000 | Mesenchymal:0.906 | Neural:0.938 | Proneural:0.952) || Val Loss: 1.1929 | Val Acc: 0.5833 (Classical:1.000 | Mesenchymal:0.556 | Neural:0.250 | Proneural:0.400) || LR: 0.000100
2025-11-04 02:12:57,585 [INFO] Epoch [9/150] Train Loss: 2.1144 | Train Acc: 0.9574 (Classical:1.000 | Mesenchymal:0.938 | Neural:0.938 | Proneural:0.952) || Val Loss: 1.1677 | Val Acc: 0.5833 (Classical:1.000 | Mesenchymal:0.556 | Neural:0.250 | Proneural:0.400) || LR: 0.000100
2025-11-04 02:12:57,761 [INFO] Epoch [10/150] Train Loss: 2.1481 | Train Acc: 0.9681 (Classical:1.000 | Mesenchymal:0.969 | Neural:0.938 | Proneural:0.952) || Val Loss: 1.1747 | Val Acc: 0.6250 (Classical:1.000 | Mesenchymal:0.556 | Neural:0.500 | Proneural:0.400) || LR: 0.000100
2025-11-04 02:12:57,963 [INFO] Best model saved with val_acc: 0.6250
2025-11-04 02:12:58,188 [INFO] Epoch [11/150] Train Loss: 2.0773 | Train Acc: 0.9894 (Classical:1.000 | Mesenchymal:1.000 | Neural:1.000 | Proneural:0.952) || Val Loss: 1.1708 | Val Acc: 0.6250 (Classical:1.000 | Mesenchymal:0.556 | Neural:0.500 | Proneural:0.400) || LR: 0.000100
2025-11-04 02:12:58,386 [INFO] Epoch [12/150] Train Loss: 2.0516 | Train Acc: 0.9894 (Classical:1.000 | Mesenchymal:1.000 | Neural:1.000 | Proneural:0.952) || Val Loss: 1.1803 | Val Acc: 0.6250 (Classical:1.000 | Mesenchymal:0.556 | Neural:0.500 | Proneural:0.400) || LR: 0.000100
2025-11-04 02:12:58,565 [INFO] Epoch [13/150] Train Loss: 2.0739 | Train Acc: 0.9894 (Classical:1.000 | Mesenchymal:1.000 | Neural:1.000 | Proneural:0.952) || Val Loss: 1.1787 | Val Acc: 0.6250 (Classical:1.000 | Mesenchymal:0.556 | Neural:0.500 | Proneural:0.400) || LR: 0.000100
2025-11-04 02:12:58,737 [INFO] Epoch [14/150] Train Loss: 2.0627 | Train Acc: 1.0000 (Classical:1.000 | Mesenchymal:1.000 | Neural:1.000 | Proneural:1.000) || Val Loss: 1.1736 | Val Acc: 0.6250 (Classical:1.000 | Mesenchymal:0.556 | Neural:0.500 | Proneural:0.400) || LR: 0.000100
2025-11-04 02:12:58,906 [INFO] Epoch [15/150] Train Loss: 2.0163 | Train Acc: 1.0000 (Classical:1.000 | Mesenchymal:1.000 | Neural:1.000 | Proneural:1.000) || Val Loss: 1.1979 | Val Acc: 0.6250 (Classical:1.000 | Mesenchymal:0.556 | Neural:0.500 | Proneural:0.400) || LR: 0.000100
2025-11-04 02:12:59,100 [INFO] Epoch [16/150] Train Loss: 1.9909 | Train Acc: 1.0000 (Classical:1.000 | Mesenchymal:1.000 | Neural:1.000 | Proneural:1.000) || Val Loss: 1.1925 | Val Acc: 0.6250 (Classical:1.000 | Mesenchymal:0.556 | Neural:0.500 | Proneural:0.400) || LR: 0.000100
2025-11-04 02:12:59,283 [INFO] Epoch [17/150] Train Loss: 2.0029 | Train Acc: 1.0000 (Classical:1.000 | Mesenchymal:1.000 | Neural:1.000 | Proneural:1.000) || Val Loss: 1.1972 | Val Acc: 0.6250 (Classical:1.000 | Mesenchymal:0.556 | Neural:0.500 | Proneural:0.400) || LR: 0.000100
2025-11-04 02:12:59,462 [INFO] Epoch [18/150] Train Loss: 1.9862 | Train Acc: 1.0000 (Classical:1.000 | Mesenchymal:1.000 | Neural:1.000 | Proneural:1.000) || Val Loss: 1.2010 | Val Acc: 0.6250 (Classical:1.000 | Mesenchymal:0.556 | Neural:0.500 | Proneural:0.400) || LR: 0.000100
2025-11-04 02:12:59,669 [INFO] Epoch [19/150] Train Loss: 1.9487 | Train Acc: 1.0000 (Classical:1.000 | Mesenchymal:1.000 | Neural:1.000 | Proneural:1.000) || Val Loss: 1.2060 | Val Acc: 0.6250 (Classical:1.000 | Mesenchymal:0.556 | Neural:0.500 | Proneural:0.400) || LR: 0.000100
2025-11-04 02:13:00,067 [INFO] Epoch [20/150] Train Loss: 1.9410 | Train Acc: 1.0000 (Classical:1.000 | Mesenchymal:1.000 | Neural:1.000 | Proneural:1.000) || Val Loss: 1.2210 | Val Acc: 0.6667 (Classical:1.000 | Mesenchymal:0.556 | Neural:0.500 | Proneural:0.600) || LR: 0.000100
2025-11-04 02:13:00,325 [INFO] Best model saved with val_acc: 0.6667
2025-11-04 02:13:00,715 [INFO] Epoch [21/150] Train Loss: 1.9835 | Train Acc: 1.0000 (Classical:1.000 | Mesenchymal:1.000 | Neural:1.000 | Proneural:1.000) || Val Loss: 1.2201 | Val Acc: 0.6667 (Classical:1.000 | Mesenchymal:0.556 | Neural:0.500 | Proneural:0.600) || LR: 0.000100
2025-11-04 02:13:01,012 [INFO] Epoch [22/150] Train Loss: 1.9662 | Train Acc: 1.0000 (Classical:1.000 | Mesenchymal:1.000 | Neural:1.000 | Proneural:1.000) || Val Loss: 1.2344 | Val Acc: 0.6250 (Classical:1.000 | Mesenchymal:0.444 | Neural:0.500 | Proneural:0.600) || LR: 0.000100
2025-11-04 02:13:01,357 [INFO] Epoch [23/150] Train Loss: 1.9659 | Train Acc: 1.0000 (Classical:1.000 | Mesenchymal:1.000 | Neural:1.000 | Proneural:1.000) || Val Loss: 1.2401 | Val Acc: 0.6250 (Classical:1.000 | Mesenchymal:0.444 | Neural:0.500 | Proneural:0.600) || LR: 0.000100
2025-11-04 02:13:01,743 [INFO] Epoch [24/150] Train Loss: 1.9498 | Train Acc: 1.0000 (Classical:1.000 | Mesenchymal:1.000 | Neural:1.000 | Proneural:1.000) || Val Loss: 1.2621 | Val Acc: 0.6250 (Classical:1.000 | Mesenchymal:0.444 | Neural:0.500 | Proneural:0.600) || LR: 0.000100
2025-11-04 02:13:02,049 [INFO] Epoch [25/150] Train Loss: 1.9139 | Train Acc: 1.0000 (Classical:1.000 | Mesenchymal:1.000 | Neural:1.000 | Proneural:1.000) || Val Loss: 1.2762 | Val Acc: 0.6250 (Classical:1.000 | Mesenchymal:0.444 | Neural:0.500 | Proneural:0.600) || LR: 0.000100
2025-11-04 02:13:02,387 [INFO] Epoch [26/150] Train Loss: 1.8940 | Train Acc: 1.0000 (Classical:1.000 | Mesenchymal:1.000 | Neural:1.000 | Proneural:1.000) || Val Loss: 1.2588 | Val Acc: 0.6250 (Classical:1.000 | Mesenchymal:0.444 | Neural:0.500 | Proneural:0.600) || LR: 0.000100
2025-11-04 02:13:02,731 [INFO] Epoch [27/150] Train Loss: 1.9333 | Train Acc: 1.0000 (Classical:1.000 | Mesenchymal:1.000 | Neural:1.000 | Proneural:1.000) || Val Loss: 1.2534 | Val Acc: 0.6667 (Classical:1.000 | Mesenchymal:0.556 | Neural:0.500 | Proneural:0.600) || LR: 0.000100
2025-11-04 02:13:03,217 [INFO] Epoch [28/150] Train Loss: 1.8956 | Train Acc: 1.0000 (Classical:1.000 | Mesenchymal:1.000 | Neural:1.000 | Proneural:1.000) || Val Loss: 1.2636 | Val Acc: 0.6667 (Classical:1.000 | Mesenchymal:0.556 | Neural:0.500 | Proneural:0.600) || LR: 0.000100
2025-11-04 02:13:03,541 [INFO] Epoch [29/150] Train Loss: 1.8888 | Train Acc: 1.0000 (Classical:1.000 | Mesenchymal:1.000 | Neural:1.000 | Proneural:1.000) || Val Loss: 1.2532 | Val Acc: 0.6667 (Classical:1.000 | Mesenchymal:0.556 | Neural:0.500 | Proneural:0.600) || LR: 0.000100
2025-11-04 02:13:03,841 [INFO] Epoch [30/150] Train Loss: 1.9060 | Train Acc: 1.0000 (Classical:1.000 | Mesenchymal:1.000 | Neural:1.000 | Proneural:1.000) || Val Loss: 1.2738 | Val Acc: 0.6667 (Classical:1.000 | Mesenchymal:0.556 | Neural:0.500 | Proneural:0.600) || LR: 0.000100
2025-11-04 02:13:04,139 [INFO] Epoch [31/150] Train Loss: 1.8659 | Train Acc: 1.0000 (Classical:1.000 | Mesenchymal:1.000 | Neural:1.000 | Proneural:1.000) || Val Loss: 1.2643 | Val Acc: 0.6667 (Classical:1.000 | Mesenchymal:0.556 | Neural:0.500 | Proneural:0.600) || LR: 0.000100
2025-11-04 02:13:04,589 [INFO] Epoch [32/150] Train Loss: 1.8617 | Train Acc: 1.0000 (Classical:1.000 | Mesenchymal:1.000 | Neural:1.000 | Proneural:1.000) || Val Loss: 1.2566 | Val Acc: 0.6667 (Classical:1.000 | Mesenchymal:0.556 | Neural:0.500 | Proneural:0.600) || LR: 0.000100
2025-11-04 02:13:04,982 [INFO] Epoch [33/150] Train Loss: 1.8852 | Train Acc: 1.0000 (Classical:1.000 | Mesenchymal:1.000 | Neural:1.000 | Proneural:1.000) || Val Loss: 1.2391 | Val Acc: 0.6667 (Classical:1.000 | Mesenchymal:0.556 | Neural:0.500 | Proneural:0.600) || LR: 0.000100
2025-11-04 02:13:05,376 [INFO] Epoch [34/150] Train Loss: 1.8842 | Train Acc: 1.0000 (Classical:1.000 | Mesenchymal:1.000 | Neural:1.000 | Proneural:1.000) || Val Loss: 1.2558 | Val Acc: 0.6250 (Classical:1.000 | Mesenchymal:0.444 | Neural:0.500 | Proneural:0.600) || LR: 0.000100
2025-11-04 02:13:05,678 [INFO] Epoch [35/150] Train Loss: 1.8495 | Train Acc: 1.0000 (Classical:1.000 | Mesenchymal:1.000 | Neural:1.000 | Proneural:1.000) || Val Loss: 1.2354 | Val Acc: 0.6667 (Classical:1.000 | Mesenchymal:0.556 | Neural:0.500 | Proneural:0.600) || LR: 0.000100
2025-11-04 02:13:05,984 [INFO] Epoch [36/150] Train Loss: 1.8997 | Train Acc: 1.0000 (Classical:1.000 | Mesenchymal:1.000 | Neural:1.000 | Proneural:1.000) || Val Loss: 1.2407 | Val Acc: 0.6250 (Classical:1.000 | Mesenchymal:0.444 | Neural:0.500 | Proneural:0.600) || LR: 0.000100
2025-11-04 02:13:06,352 [INFO] Epoch [37/150] Train Loss: 1.8636 | Train Acc: 1.0000 (Classical:1.000 | Mesenchymal:1.000 | Neural:1.000 | Proneural:1.000) || Val Loss: 1.2666 | Val Acc: 0.6250 (Classical:1.000 | Mesenchymal:0.444 | Neural:0.500 | Proneural:0.600) || LR: 0.000100
2025-11-04 02:13:06,846 [INFO] Epoch [38/150] Train Loss: 1.8175 | Train Acc: 1.0000 (Classical:1.000 | Mesenchymal:1.000 | Neural:1.000 | Proneural:1.000) || Val Loss: 1.2541 | Val Acc: 0.6250 (Classical:1.000 | Mesenchymal:0.444 | Neural:0.500 | Proneural:0.600) || LR: 0.000100
2025-11-04 02:13:07,205 [INFO] Epoch [39/150] Train Loss: 1.8341 | Train Acc: 1.0000 (Classical:1.000 | Mesenchymal:1.000 | Neural:1.000 | Proneural:1.000) || Val Loss: 1.2595 | Val Acc: 0.6250 (Classical:1.000 | Mesenchymal:0.444 | Neural:0.500 | Proneural:0.600) || LR: 0.000100
2025-11-04 02:13:07,466 [INFO] Epoch [40/150] Train Loss: 1.7916 | Train Acc: 1.0000 (Classical:1.000 | Mesenchymal:1.000 | Neural:1.000 | Proneural:1.000) || Val Loss: 1.2620 | Val Acc: 0.6250 (Classical:1.000 | Mesenchymal:0.444 | Neural:0.500 | Proneural:0.600) || LR: 0.000100
2025-11-04 02:13:07,756 [INFO] Epoch [41/150] Train Loss: 1.8271 | Train Acc: 1.0000 (Classical:1.000 | Mesenchymal:1.000 | Neural:1.000 | Proneural:1.000) || Val Loss: 1.2708 | Val Acc: 0.6250 (Classical:1.000 | Mesenchymal:0.444 | Neural:0.500 | Proneural:0.600) || LR: 0.000100
2025-11-04 02:13:08,153 [INFO] Epoch [42/150] Train Loss: 1.8232 | Train Acc: 1.0000 (Classical:1.000 | Mesenchymal:1.000 | Neural:1.000 | Proneural:1.000) || Val Loss: 1.2536 | Val Acc: 0.6250 (Classical:1.000 | Mesenchymal:0.444 | Neural:0.500 | Proneural:0.600) || LR: 0.000100
2025-11-04 02:13:08,441 [INFO] Epoch [43/150] Train Loss: 1.8371 | Train Acc: 1.0000 (Classical:1.000 | Mesenchymal:1.000 | Neural:1.000 | Proneural:1.000) || Val Loss: 1.2721 | Val Acc: 0.6667 (Classical:1.000 | Mesenchymal:0.444 | Neural:0.500 | Proneural:0.800) || LR: 0.000100
2025-11-04 02:13:08,778 [INFO] Epoch [44/150] Train Loss: 1.8211 | Train Acc: 1.0000 (Classical:1.000 | Mesenchymal:1.000 | Neural:1.000 | Proneural:1.000) || Val Loss: 1.2616 | Val Acc: 0.6667 (Classical:1.000 | Mesenchymal:0.444 | Neural:0.500 | Proneural:0.800) || LR: 0.000100
2025-11-04 02:13:09,254 [INFO] Epoch [45/150] Train Loss: 1.8112 | Train Acc: 1.0000 (Classical:1.000 | Mesenchymal:1.000 | Neural:1.000 | Proneural:1.000) || Val Loss: 1.2585 | Val Acc: 0.6667 (Classical:1.000 | Mesenchymal:0.444 | Neural:0.500 | Proneural:0.800) || LR: 0.000100
2025-11-04 02:13:09,665 [INFO] Epoch [46/150] Train Loss: 1.8058 | Train Acc: 1.0000 (Classical:1.000 | Mesenchymal:1.000 | Neural:1.000 | Proneural:1.000) || Val Loss: 1.2662 | Val Acc: 0.6667 (Classical:1.000 | Mesenchymal:0.444 | Neural:0.500 | Proneural:0.800) || LR: 0.000100
2025-11-04 02:13:10,046 [INFO] Epoch [47/150] Train Loss: 1.8138 | Train Acc: 1.0000 (Classical:1.000 | Mesenchymal:1.000 | Neural:1.000 | Proneural:1.000) || Val Loss: 1.2898 | Val Acc: 0.6667 (Classical:1.000 | Mesenchymal:0.444 | Neural:0.500 | Proneural:0.800) || LR: 0.000100
2025-11-04 02:13:10,365 [INFO] Epoch [48/150] Train Loss: 1.8124 | Train Acc: 1.0000 (Classical:1.000 | Mesenchymal:1.000 | Neural:1.000 | Proneural:1.000) || Val Loss: 1.2868 | Val Acc: 0.6667 (Classical:1.000 | Mesenchymal:0.444 | Neural:0.500 | Proneural:0.800) || LR: 0.000100
2025-11-04 02:13:10,817 [INFO] Epoch [49/150] Train Loss: 1.8125 | Train Acc: 1.0000 (Classical:1.000 | Mesenchymal:1.000 | Neural:1.000 | Proneural:1.000) || Val Loss: 1.2823 | Val Acc: 0.6667 (Classical:1.000 | Mesenchymal:0.444 | Neural:0.500 | Proneural:0.800) || LR: 0.000100
2025-11-04 02:13:11,145 [INFO] Epoch [50/150] Train Loss: 1.8057 | Train Acc: 1.0000 (Classical:1.000 | Mesenchymal:1.000 | Neural:1.000 | Proneural:1.000) || Val Loss: 1.2748 | Val Acc: 0.6667 (Classical:1.000 | Mesenchymal:0.444 | Neural:0.500 | Proneural:0.800) || LR: 0.000100
2025-11-04 02:13:11,406 [INFO] Epoch [51/150] Train Loss: 1.7750 | Train Acc: 1.0000 (Classical:1.000 | Mesenchymal:1.000 | Neural:1.000 | Proneural:1.000) || Val Loss: 1.2908 | Val Acc: 0.6667 (Classical:1.000 | Mesenchymal:0.444 | Neural:0.500 | Proneural:0.800) || LR: 0.000100
2025-11-04 02:13:11,817 [INFO] Epoch [52/150] Train Loss: 1.7620 | Train Acc: 1.0000 (Classical:1.000 | Mesenchymal:1.000 | Neural:1.000 | Proneural:1.000) || Val Loss: 1.3059 | Val Acc: 0.6667 (Classical:1.000 | Mesenchymal:0.444 | Neural:0.500 | Proneural:0.800) || LR: 0.000100
2025-11-04 02:13:12,277 [INFO] Epoch [53/150] Train Loss: 1.7813 | Train Acc: 1.0000 (Classical:1.000 | Mesenchymal:1.000 | Neural:1.000 | Proneural:1.000) || Val Loss: 1.2728 | Val Acc: 0.6667 (Classical:1.000 | Mesenchymal:0.444 | Neural:0.500 | Proneural:0.800) || LR: 0.000100
2025-11-04 02:13:12,602 [INFO] Epoch [54/150] Train Loss: 1.7726 | Train Acc: 1.0000 (Classical:1.000 | Mesenchymal:1.000 | Neural:1.000 | Proneural:1.000) || Val Loss: 1.2770 | Val Acc: 0.7083 (Classical:1.000 | Mesenchymal:0.556 | Neural:0.500 | Proneural:0.800) || LR: 0.000100
2025-11-04 02:13:12,831 [INFO] Best model saved with val_acc: 0.7083
2025-11-04 02:13:13,132 [INFO] Epoch [55/150] Train Loss: 1.7760 | Train Acc: 1.0000 (Classical:1.000 | Mesenchymal:1.000 | Neural:1.000 | Proneural:1.000) || Val Loss: 1.2841 | Val Acc: 0.7083 (Classical:1.000 | Mesenchymal:0.556 | Neural:0.500 | Proneural:0.800) || LR: 0.000100
2025-11-04 02:13:13,537 [INFO] Epoch [56/150] Train Loss: 1.7686 | Train Acc: 1.0000 (Classical:1.000 | Mesenchymal:1.000 | Neural:1.000 | Proneural:1.000) || Val Loss: 1.2751 | Val Acc: 0.7083 (Classical:1.000 | Mesenchymal:0.556 | Neural:0.500 | Proneural:0.800) || LR: 0.000100
2025-11-04 02:13:13,987 [INFO] Epoch [57/150] Train Loss: 1.7521 | Train Acc: 1.0000 (Classical:1.000 | Mesenchymal:1.000 | Neural:1.000 | Proneural:1.000) || Val Loss: 1.2599 | Val Acc: 0.7083 (Classical:1.000 | Mesenchymal:0.556 | Neural:0.500 | Proneural:0.800) || LR: 0.000100
2025-11-04 02:13:14,389 [INFO] Epoch [58/150] Train Loss: 1.7475 | Train Acc: 1.0000 (Classical:1.000 | Mesenchymal:1.000 | Neural:1.000 | Proneural:1.000) || Val Loss: 1.2650 | Val Acc: 0.7083 (Classical:1.000 | Mesenchymal:0.556 | Neural:0.500 | Proneural:0.800) || LR: 0.000100
2025-11-04 02:13:14,730 [INFO] Epoch [59/150] Train Loss: 1.7811 | Train Acc: 1.0000 (Classical:1.000 | Mesenchymal:1.000 | Neural:1.000 | Proneural:1.000) || Val Loss: 1.2779 | Val Acc: 0.7083 (Classical:1.000 | Mesenchymal:0.556 | Neural:0.500 | Proneural:0.800) || LR: 0.000100
2025-11-04 02:13:15,116 [INFO] Epoch [60/150] Train Loss: 1.7418 | Train Acc: 1.0000 (Classical:1.000 | Mesenchymal:1.000 | Neural:1.000 | Proneural:1.000) || Val Loss: 1.2649 | Val Acc: 0.7083 (Classical:1.000 | Mesenchymal:0.556 | Neural:0.500 | Proneural:0.800) || LR: 0.000100
2025-11-04 02:13:15,453 [INFO] Epoch [61/150] Train Loss: 1.7714 | Train Acc: 1.0000 (Classical:1.000 | Mesenchymal:1.000 | Neural:1.000 | Proneural:1.000) || Val Loss: 1.2487 | Val Acc: 0.7083 (Classical:1.000 | Mesenchymal:0.556 | Neural:0.500 | Proneural:0.800) || LR: 0.000100
2025-11-04 02:13:15,747 [INFO] Epoch [62/150] Train Loss: 1.7533 | Train Acc: 1.0000 (Classical:1.000 | Mesenchymal:1.000 | Neural:1.000 | Proneural:1.000) || Val Loss: 1.2511 | Val Acc: 0.7083 (Classical:1.000 | Mesenchymal:0.556 | Neural:0.500 | Proneural:0.800) || LR: 0.000100
2025-11-04 02:13:16,094 [INFO] Epoch [63/150] Train Loss: 1.7173 | Train Acc: 1.0000 (Classical:1.000 | Mesenchymal:1.000 | Neural:1.000 | Proneural:1.000) || Val Loss: 1.2424 | Val Acc: 0.7083 (Classical:1.000 | Mesenchymal:0.556 | Neural:0.500 | Proneural:0.800) || LR: 0.000100
2025-11-04 02:13:16,521 [INFO] Epoch [64/150] Train Loss: 1.7127 | Train Acc: 1.0000 (Classical:1.000 | Mesenchymal:1.000 | Neural:1.000 | Proneural:1.000) || Val Loss: 1.2357 | Val Acc: 0.7083 (Classical:1.000 | Mesenchymal:0.556 | Neural:0.500 | Proneural:0.800) || LR: 0.000100
2025-11-04 02:13:17,049 [INFO] Epoch [65/150] Train Loss: 1.7369 | Train Acc: 1.0000 (Classical:1.000 | Mesenchymal:1.000 | Neural:1.000 | Proneural:1.000) || Val Loss: 1.2454 | Val Acc: 0.7083 (Classical:1.000 | Mesenchymal:0.556 | Neural:0.500 | Proneural:0.800) || LR: 0.000100
2025-11-04 02:13:17,378 [INFO] Epoch [66/150] Train Loss: 1.7449 | Train Acc: 1.0000 (Classical:1.000 | Mesenchymal:1.000 | Neural:1.000 | Proneural:1.000) || Val Loss: 1.2635 | Val Acc: 0.7083 (Classical:1.000 | Mesenchymal:0.556 | Neural:0.500 | Proneural:0.800) || LR: 0.000100
2025-11-04 02:13:17,816 [INFO] Epoch [67/150] Train Loss: 1.7470 | Train Acc: 1.0000 (Classical:1.000 | Mesenchymal:1.000 | Neural:1.000 | Proneural:1.000) || Val Loss: 1.2682 | Val Acc: 0.7083 (Classical:1.000 | Mesenchymal:0.556 | Neural:0.500 | Proneural:0.800) || LR: 0.000100
2025-11-04 02:13:18,235 [INFO] Epoch [68/150] Train Loss: 1.7335 | Train Acc: 1.0000 (Classical:1.000 | Mesenchymal:1.000 | Neural:1.000 | Proneural:1.000) || Val Loss: 1.2763 | Val Acc: 0.7083 (Classical:1.000 | Mesenchymal:0.556 | Neural:0.500 | Proneural:0.800) || LR: 0.000100
2025-11-04 02:13:18,724 [INFO] Epoch [69/150] Train Loss: 1.7331 | Train Acc: 1.0000 (Classical:1.000 | Mesenchymal:1.000 | Neural:1.000 | Proneural:1.000) || Val Loss: 1.2781 | Val Acc: 0.7083 (Classical:1.000 | Mesenchymal:0.556 | Neural:0.500 | Proneural:0.800) || LR: 0.000100
2025-11-04 02:13:19,105 [INFO] Epoch [70/150] Train Loss: 1.7228 | Train Acc: 1.0000 (Classical:1.000 | Mesenchymal:1.000 | Neural:1.000 | Proneural:1.000) || Val Loss: 1.2837 | Val Acc: 0.7083 (Classical:1.000 | Mesenchymal:0.556 | Neural:0.500 | Proneural:0.800) || LR: 0.000100
2025-11-04 02:13:19,529 [INFO] Epoch [71/150] Train Loss: 1.7160 | Train Acc: 1.0000 (Classical:1.000 | Mesenchymal:1.000 | Neural:1.000 | Proneural:1.000) || Val Loss: 1.2980 | Val Acc: 0.7083 (Classical:1.000 | Mesenchymal:0.556 | Neural:0.500 | Proneural:0.800) || LR: 0.000100
2025-11-04 02:13:19,950 [INFO] Epoch [72/150] Train Loss: 1.6895 | Train Acc: 1.0000 (Classical:1.000 | Mesenchymal:1.000 | Neural:1.000 | Proneural:1.000) || Val Loss: 1.2809 | Val Acc: 0.7083 (Classical:1.000 | Mesenchymal:0.556 | Neural:0.500 | Proneural:0.800) || LR: 0.000100
2025-11-04 02:13:20,276 [INFO] Epoch [73/150] Train Loss: 1.7047 | Train Acc: 1.0000 (Classical:1.000 | Mesenchymal:1.000 | Neural:1.000 | Proneural:1.000) || Val Loss: 1.2724 | Val Acc: 0.7083 (Classical:1.000 | Mesenchymal:0.556 | Neural:0.500 | Proneural:0.800) || LR: 0.000100
2025-11-04 02:13:20,695 [INFO] Epoch [74/150] Train Loss: 1.6983 | Train Acc: 1.0000 (Classical:1.000 | Mesenchymal:1.000 | Neural:1.000 | Proneural:1.000) || Val Loss: 1.2869 | Val Acc: 0.7083 (Classical:1.000 | Mesenchymal:0.556 | Neural:0.500 | Proneural:0.800) || LR: 0.000100
2025-11-04 02:13:20,992 [INFO] Epoch [75/150] Train Loss: 1.7055 | Train Acc: 1.0000 (Classical:1.000 | Mesenchymal:1.000 | Neural:1.000 | Proneural:1.000) || Val Loss: 1.3073 | Val Acc: 0.7083 (Classical:1.000 | Mesenchymal:0.556 | Neural:0.500 | Proneural:0.800) || LR: 0.000100
2025-11-04 02:13:21,165 [INFO] Epoch [76/150] Train Loss: 1.7188 | Train Acc: 1.0000 (Classical:1.000 | Mesenchymal:1.000 | Neural:1.000 | Proneural:1.000) || Val Loss: 1.2862 | Val Acc: 0.7083 (Classical:1.000 | Mesenchymal:0.556 | Neural:0.500 | Proneural:0.800) || LR: 0.000100
2025-11-04 02:13:21,337 [INFO] Epoch [77/150] Train Loss: 1.7073 | Train Acc: 1.0000 (Classical:1.000 | Mesenchymal:1.000 | Neural:1.000 | Proneural:1.000) || Val Loss: 1.2902 | Val Acc: 0.7083 (Classical:1.000 | Mesenchymal:0.556 | Neural:0.500 | Proneural:0.800) || LR: 0.000100
2025-11-04 02:13:21,513 [INFO] Epoch [78/150] Train Loss: 1.6830 | Train Acc: 1.0000 (Classical:1.000 | Mesenchymal:1.000 | Neural:1.000 | Proneural:1.000) || Val Loss: 1.2908 | Val Acc: 0.7083 (Classical:1.000 | Mesenchymal:0.556 | Neural:0.500 | Proneural:0.800) || LR: 0.000100
2025-11-04 02:13:21,680 [INFO] Epoch [79/150] Train Loss: 1.6813 | Train Acc: 1.0000 (Classical:1.000 | Mesenchymal:1.000 | Neural:1.000 | Proneural:1.000) || Val Loss: 1.2768 | Val Acc: 0.7083 (Classical:1.000 | Mesenchymal:0.556 | Neural:0.500 | Proneural:0.800) || LR: 0.000100
2025-11-04 02:13:21,851 [INFO] Epoch [80/150] Train Loss: 1.7042 | Train Acc: 1.0000 (Classical:1.000 | Mesenchymal:1.000 | Neural:1.000 | Proneural:1.000) || Val Loss: 1.2569 | Val Acc: 0.7083 (Classical:1.000 | Mesenchymal:0.556 | Neural:0.500 | Proneural:0.800) || LR: 0.000100
2025-11-04 02:13:22,020 [INFO] Epoch [81/150] Train Loss: 1.6941 | Train Acc: 1.0000 (Classical:1.000 | Mesenchymal:1.000 | Neural:1.000 | Proneural:1.000) || Val Loss: 1.2660 | Val Acc: 0.7083 (Classical:1.000 | Mesenchymal:0.556 | Neural:0.500 | Proneural:0.800) || LR: 0.000100
2025-11-04 02:13:22,190 [INFO] Epoch [82/150] Train Loss: 1.6811 | Train Acc: 1.0000 (Classical:1.000 | Mesenchymal:1.000 | Neural:1.000 | Proneural:1.000) || Val Loss: 1.2772 | Val Acc: 0.7083 (Classical:1.000 | Mesenchymal:0.556 | Neural:0.500 | Proneural:0.800) || LR: 0.000100
2025-11-04 02:13:22,357 [INFO] Epoch [83/150] Train Loss: 1.6928 | Train Acc: 1.0000 (Classical:1.000 | Mesenchymal:1.000 | Neural:1.000 | Proneural:1.000) || Val Loss: 1.2975 | Val Acc: 0.7083 (Classical:1.000 | Mesenchymal:0.556 | Neural:0.500 | Proneural:0.800) || LR: 0.000100
2025-11-04 02:13:22,524 [INFO] Epoch [84/150] Train Loss: 1.6719 | Train Acc: 1.0000 (Classical:1.000 | Mesenchymal:1.000 | Neural:1.000 | Proneural:1.000) || Val Loss: 1.2981 | Val Acc: 0.7083 (Classical:1.000 | Mesenchymal:0.556 | Neural:0.500 | Proneural:0.800) || LR: 0.000100
2025-11-04 02:13:22,689 [INFO] Epoch [85/150] Train Loss: 1.6687 | Train Acc: 1.0000 (Classical:1.000 | Mesenchymal:1.000 | Neural:1.000 | Proneural:1.000) || Val Loss: 1.3292 | Val Acc: 0.7083 (Classical:1.000 | Mesenchymal:0.556 | Neural:0.500 | Proneural:0.800) || LR: 0.000100
2025-11-04 02:13:22,851 [INFO] Epoch [86/150] Train Loss: 1.6693 | Train Acc: 1.0000 (Classical:1.000 | Mesenchymal:1.000 | Neural:1.000 | Proneural:1.000) || Val Loss: 1.3252 | Val Acc: 0.7083 (Classical:1.000 | Mesenchymal:0.556 | Neural:0.500 | Proneural:0.800) || LR: 0.000100
2025-11-04 02:13:23,028 [INFO] Epoch [87/150] Train Loss: 1.6572 | Train Acc: 1.0000 (Classical:1.000 | Mesenchymal:1.000 | Neural:1.000 | Proneural:1.000) || Val Loss: 1.3396 | Val Acc: 0.7083 (Classical:1.000 | Mesenchymal:0.556 | Neural:0.500 | Proneural:0.800) || LR: 0.000100
2025-11-04 02:13:23,204 [INFO] Epoch [88/150] Train Loss: 1.7120 | Train Acc: 1.0000 (Classical:1.000 | Mesenchymal:1.000 | Neural:1.000 | Proneural:1.000) || Val Loss: 1.3538 | Val Acc: 0.7083 (Classical:1.000 | Mesenchymal:0.556 | Neural:0.500 | Proneural:0.800) || LR: 0.000100
2025-11-04 02:13:23,368 [INFO] Epoch [89/150] Train Loss: 1.6970 | Train Acc: 1.0000 (Classical:1.000 | Mesenchymal:1.000 | Neural:1.000 | Proneural:1.000) || Val Loss: 1.3294 | Val Acc: 0.7083 (Classical:1.000 | Mesenchymal:0.556 | Neural:0.500 | Proneural:0.800) || LR: 0.000100
2025-11-04 02:13:23,539 [INFO] Epoch [90/150] Train Loss: 1.6936 | Train Acc: 1.0000 (Classical:1.000 | Mesenchymal:1.000 | Neural:1.000 | Proneural:1.000) || Val Loss: 1.3436 | Val Acc: 0.7083 (Classical:1.000 | Mesenchymal:0.556 | Neural:0.500 | Proneural:0.800) || LR: 0.000100
2025-11-04 02:13:23,709 [INFO] Epoch [91/150] Train Loss: 1.6560 | Train Acc: 1.0000 (Classical:1.000 | Mesenchymal:1.000 | Neural:1.000 | Proneural:1.000) || Val Loss: 1.3317 | Val Acc: 0.7083 (Classical:1.000 | Mesenchymal:0.556 | Neural:0.500 | Proneural:0.800) || LR: 0.000100
2025-11-04 02:13:23,879 [INFO] Epoch [92/150] Train Loss: 1.6706 | Train Acc: 1.0000 (Classical:1.000 | Mesenchymal:1.000 | Neural:1.000 | Proneural:1.000) || Val Loss: 1.3267 | Val Acc: 0.7083 (Classical:1.000 | Mesenchymal:0.556 | Neural:0.500 | Proneural:0.800) || LR: 0.000100
2025-11-04 02:13:24,054 [INFO] Epoch [93/150] Train Loss: 1.6491 | Train Acc: 1.0000 (Classical:1.000 | Mesenchymal:1.000 | Neural:1.000 | Proneural:1.000) || Val Loss: 1.3407 | Val Acc: 0.7083 (Classical:1.000 | Mesenchymal:0.556 | Neural:0.500 | Proneural:0.800) || LR: 0.000100
2025-11-04 02:13:24,223 [INFO] Epoch [94/150] Train Loss: 1.6620 | Train Acc: 1.0000 (Classical:1.000 | Mesenchymal:1.000 | Neural:1.000 | Proneural:1.000) || Val Loss: 1.3408 | Val Acc: 0.7083 (Classical:1.000 | Mesenchymal:0.556 | Neural:0.500 | Proneural:0.800) || LR: 0.000100
2025-11-04 02:13:24,386 [INFO] Epoch [95/150] Train Loss: 1.6658 | Train Acc: 1.0000 (Classical:1.000 | Mesenchymal:1.000 | Neural:1.000 | Proneural:1.000) || Val Loss: 1.3566 | Val Acc: 0.7083 (Classical:1.000 | Mesenchymal:0.556 | Neural:0.500 | Proneural:0.800) || LR: 0.000100
2025-11-04 02:13:24,546 [INFO] Epoch [96/150] Train Loss: 1.6547 | Train Acc: 1.0000 (Classical:1.000 | Mesenchymal:1.000 | Neural:1.000 | Proneural:1.000) || Val Loss: 1.3502 | Val Acc: 0.7083 (Classical:1.000 | Mesenchymal:0.556 | Neural:0.500 | Proneural:0.800) || LR: 0.000100
2025-11-04 02:13:24,715 [INFO] Epoch [97/150] Train Loss: 1.6524 | Train Acc: 1.0000 (Classical:1.000 | Mesenchymal:1.000 | Neural:1.000 | Proneural:1.000) || Val Loss: 1.3416 | Val Acc: 0.7083 (Classical:1.000 | Mesenchymal:0.556 | Neural:0.500 | Proneural:0.800) || LR: 0.000100
2025-11-04 02:13:24,882 [INFO] Epoch [98/150] Train Loss: 1.6556 | Train Acc: 1.0000 (Classical:1.000 | Mesenchymal:1.000 | Neural:1.000 | Proneural:1.000) || Val Loss: 1.3559 | Val Acc: 0.7083 (Classical:1.000 | Mesenchymal:0.556 | Neural:0.500 | Proneural:0.800) || LR: 0.000100
2025-11-04 02:13:25,044 [INFO] Epoch [99/150] Train Loss: 1.6573 | Train Acc: 1.0000 (Classical:1.000 | Mesenchymal:1.000 | Neural:1.000 | Proneural:1.000) || Val Loss: 1.3355 | Val Acc: 0.7083 (Classical:1.000 | Mesenchymal:0.556 | Neural:0.500 | Proneural:0.800) || LR: 0.000100
2025-11-04 02:13:25,222 [INFO] Epoch [100/150] Train Loss: 1.6464 | Train Acc: 1.0000 (Classical:1.000 | Mesenchymal:1.000 | Neural:1.000 | Proneural:1.000) || Val Loss: 1.3325 | Val Acc: 0.7083 (Classical:1.000 | Mesenchymal:0.556 | Neural:0.500 | Proneural:0.800) || LR: 0.000100
2025-11-04 02:13:25,406 [INFO] Epoch [101/150] Train Loss: 1.6482 | Train Acc: 1.0000 (Classical:1.000 | Mesenchymal:1.000 | Neural:1.000 | Proneural:1.000) || Val Loss: 1.3158 | Val Acc: 0.7083 (Classical:1.000 | Mesenchymal:0.556 | Neural:0.500 | Proneural:0.800) || LR: 0.000100
2025-11-04 02:13:25,580 [INFO] Epoch [102/150] Train Loss: 1.6484 | Train Acc: 1.0000 (Classical:1.000 | Mesenchymal:1.000 | Neural:1.000 | Proneural:1.000) || Val Loss: 1.3159 | Val Acc: 0.7083 (Classical:1.000 | Mesenchymal:0.556 | Neural:0.500 | Proneural:0.800) || LR: 0.000100
2025-11-04 02:13:25,764 [INFO] Epoch [103/150] Train Loss: 1.6304 | Train Acc: 1.0000 (Classical:1.000 | Mesenchymal:1.000 | Neural:1.000 | Proneural:1.000) || Val Loss: 1.3178 | Val Acc: 0.7083 (Classical:1.000 | Mesenchymal:0.556 | Neural:0.500 | Proneural:0.800) || LR: 0.000100
2025-11-04 02:13:25,936 [INFO] Epoch [104/150] Train Loss: 1.6419 | Train Acc: 1.0000 (Classical:1.000 | Mesenchymal:1.000 | Neural:1.000 | Proneural:1.000) || Val Loss: 1.3246 | Val Acc: 0.7083 (Classical:1.000 | Mesenchymal:0.556 | Neural:0.500 | Proneural:0.800) || LR: 0.000100
2025-11-04 02:13:25,936 [INFO] Early stopping at epoch 104
2025-11-04 02:13:25,950 [INFO] Training completed. Best accuracy: 0.7083
2025-11-04 02:13:25,950 [INFO] Log: ./logs/train_20251104_021253.log, Model: ./models/best_model.pth
2025-11-04 02:13:26,079 [INFO] FINAL PER-CLASS | Train Acc: 1.0000 (Classical:1.000 | Mesenchymal:1.000 | Neural:1.000 | Proneural:1.000) || Val Acc: 0.7083 (Classical:1.000 | Mesenchymal:0.556 | Neural:0.500 | Proneural:0.800)
2025-11-04 02:13:26,144 [INFO] FINAL PER-CLASS | Test  Acc: 0.7333 (Classical:1.000 | Mesenchymal:0.600 | Neural:0.600 | Proneural:0.714)
