2025-11-04 02:06:25,121 [INFO] Model parameters: 33,024,228, Classes: 4
2025-11-04 02:06:25,122 [INFO] Enhanced regularization: Dropout=0.2, Weight_decay=0.001
2025-11-04 02:06:26,163 [INFO] Regularized Attention-MOI Training Started
2025-11-04 02:06:26,163 [INFO] Training started with enhanced regularization
2025-11-04 02:06:26,163 [INFO] Dropout: 0.2, Weight decay: 0.001
2025-11-04 02:06:26,806 [INFO] Epoch [1/150] Train Loss: 2.6228 | Train Acc: 0.6064 (Classical:0.440 | Mesenchymal:0.438 | Neural:0.875 | Proneural:0.857) || Val Loss: 1.3346 | Val Acc: 0.3750 (Classical:0.500 | Mesenchymal:0.222 | Neural:0.250 | Proneural:0.600) || LR: 0.000100
2025-11-04 02:06:27,005 [INFO] Best model saved with val_acc: 0.3750
2025-11-04 02:06:27,333 [INFO] Epoch [2/150] Train Loss: 2.4525 | Train Acc: 0.7021 (Classical:0.600 | Mesenchymal:0.594 | Neural:0.750 | Proneural:0.952) || Val Loss: 1.2375 | Val Acc: 0.5833 (Classical:0.500 | Mesenchymal:0.556 | Neural:0.250 | Proneural:1.000) || LR: 0.000100
2025-11-04 02:06:27,566 [INFO] Best model saved with val_acc: 0.5833
2025-11-04 02:06:27,934 [INFO] Epoch [3/150] Train Loss: 2.3663 | Train Acc: 0.7021 (Classical:0.520 | Mesenchymal:0.594 | Neural:0.875 | Proneural:0.952) || Val Loss: 1.2123 | Val Acc: 0.6667 (Classical:0.833 | Mesenchymal:0.556 | Neural:0.250 | Proneural:1.000) || LR: 0.000100
2025-11-04 02:06:28,135 [INFO] Best model saved with val_acc: 0.6667
2025-11-04 02:06:28,501 [INFO] Epoch [4/150] Train Loss: 2.2910 | Train Acc: 0.7553 (Classical:0.720 | Mesenchymal:0.625 | Neural:0.812 | Proneural:0.952) || Val Loss: 1.1756 | Val Acc: 0.7083 (Classical:0.833 | Mesenchymal:0.667 | Neural:0.250 | Proneural:1.000) || LR: 0.000100
2025-11-04 02:06:28,715 [INFO] Best model saved with val_acc: 0.7083
2025-11-04 02:06:29,073 [INFO] Epoch [5/150] Train Loss: 2.2853 | Train Acc: 0.7766 (Classical:0.720 | Mesenchymal:0.594 | Neural:0.938 | Proneural:1.000) || Val Loss: 1.1769 | Val Acc: 0.6667 (Classical:0.833 | Mesenchymal:0.556 | Neural:0.250 | Proneural:1.000) || LR: 0.000100
2025-11-04 02:06:29,400 [INFO] Epoch [6/150] Train Loss: 2.2460 | Train Acc: 0.8617 (Classical:0.800 | Mesenchymal:0.812 | Neural:0.875 | Proneural:1.000) || Val Loss: 1.1371 | Val Acc: 0.7083 (Classical:1.000 | Mesenchymal:0.556 | Neural:0.250 | Proneural:1.000) || LR: 0.000100
2025-11-04 02:06:29,710 [INFO] Epoch [7/150] Train Loss: 2.2441 | Train Acc: 0.8936 (Classical:0.840 | Mesenchymal:0.844 | Neural:0.938 | Proneural:1.000) || Val Loss: 1.1290 | Val Acc: 0.7083 (Classical:1.000 | Mesenchymal:0.556 | Neural:0.250 | Proneural:1.000) || LR: 0.000100
2025-11-04 02:06:30,027 [INFO] Epoch [8/150] Train Loss: 2.1602 | Train Acc: 0.8830 (Classical:0.840 | Mesenchymal:0.812 | Neural:0.938 | Proneural:1.000) || Val Loss: 1.1355 | Val Acc: 0.7083 (Classical:0.833 | Mesenchymal:0.667 | Neural:0.250 | Proneural:1.000) || LR: 0.000100
2025-11-04 02:06:30,362 [INFO] Epoch [9/150] Train Loss: 2.1557 | Train Acc: 0.8936 (Classical:0.800 | Mesenchymal:0.844 | Neural:1.000 | Proneural:1.000) || Val Loss: 1.1233 | Val Acc: 0.7083 (Classical:0.833 | Mesenchymal:0.667 | Neural:0.250 | Proneural:1.000) || LR: 0.000100
2025-11-04 02:06:30,683 [INFO] Epoch [10/150] Train Loss: 2.1327 | Train Acc: 0.9149 (Classical:0.800 | Mesenchymal:0.906 | Neural:1.000 | Proneural:1.000) || Val Loss: 1.1334 | Val Acc: 0.7083 (Classical:0.833 | Mesenchymal:0.667 | Neural:0.250 | Proneural:1.000) || LR: 0.000100
2025-11-04 02:06:30,988 [INFO] Epoch [11/150] Train Loss: 2.1933 | Train Acc: 0.9362 (Classical:0.880 | Mesenchymal:0.906 | Neural:1.000 | Proneural:1.000) || Val Loss: 1.1195 | Val Acc: 0.7083 (Classical:0.833 | Mesenchymal:0.667 | Neural:0.250 | Proneural:1.000) || LR: 0.000100
2025-11-04 02:06:31,303 [INFO] Epoch [12/150] Train Loss: 2.1180 | Train Acc: 0.9681 (Classical:1.000 | Mesenchymal:0.906 | Neural:1.000 | Proneural:1.000) || Val Loss: 1.1090 | Val Acc: 0.6667 (Classical:0.833 | Mesenchymal:0.667 | Neural:0.250 | Proneural:0.800) || LR: 0.000100
2025-11-04 02:06:31,625 [INFO] Epoch [13/150] Train Loss: 2.0894 | Train Acc: 0.9894 (Classical:1.000 | Mesenchymal:0.969 | Neural:1.000 | Proneural:1.000) || Val Loss: 1.0985 | Val Acc: 0.6667 (Classical:0.833 | Mesenchymal:0.667 | Neural:0.250 | Proneural:0.800) || LR: 0.000100
2025-11-04 02:06:31,946 [INFO] Epoch [14/150] Train Loss: 2.0724 | Train Acc: 0.9894 (Classical:1.000 | Mesenchymal:0.969 | Neural:1.000 | Proneural:1.000) || Val Loss: 1.0982 | Val Acc: 0.6667 (Classical:0.833 | Mesenchymal:0.667 | Neural:0.250 | Proneural:0.800) || LR: 0.000100
2025-11-04 02:06:32,247 [INFO] Epoch [15/150] Train Loss: 2.0657 | Train Acc: 0.9894 (Classical:1.000 | Mesenchymal:0.969 | Neural:1.000 | Proneural:1.000) || Val Loss: 1.1468 | Val Acc: 0.6667 (Classical:0.833 | Mesenchymal:0.667 | Neural:0.250 | Proneural:0.800) || LR: 0.000100
2025-11-04 02:06:32,561 [INFO] Epoch [16/150] Train Loss: 2.0717 | Train Acc: 0.9894 (Classical:1.000 | Mesenchymal:0.969 | Neural:1.000 | Proneural:1.000) || Val Loss: 1.1575 | Val Acc: 0.6667 (Classical:0.833 | Mesenchymal:0.667 | Neural:0.250 | Proneural:0.800) || LR: 0.000100
2025-11-04 02:06:32,865 [INFO] Epoch [17/150] Train Loss: 2.0436 | Train Acc: 1.0000 (Classical:1.000 | Mesenchymal:1.000 | Neural:1.000 | Proneural:1.000) || Val Loss: 1.1758 | Val Acc: 0.6667 (Classical:0.833 | Mesenchymal:0.667 | Neural:0.250 | Proneural:0.800) || LR: 0.000100
2025-11-04 02:06:33,208 [INFO] Epoch [18/150] Train Loss: 2.0199 | Train Acc: 1.0000 (Classical:1.000 | Mesenchymal:1.000 | Neural:1.000 | Proneural:1.000) || Val Loss: 1.1598 | Val Acc: 0.6667 (Classical:0.833 | Mesenchymal:0.667 | Neural:0.250 | Proneural:0.800) || LR: 0.000100
2025-11-04 02:06:33,526 [INFO] Epoch [19/150] Train Loss: 2.0276 | Train Acc: 1.0000 (Classical:1.000 | Mesenchymal:1.000 | Neural:1.000 | Proneural:1.000) || Val Loss: 1.1559 | Val Acc: 0.6250 (Classical:0.833 | Mesenchymal:0.556 | Neural:0.250 | Proneural:0.800) || LR: 0.000100
2025-11-04 02:06:33,822 [INFO] Epoch [20/150] Train Loss: 2.0501 | Train Acc: 1.0000 (Classical:1.000 | Mesenchymal:1.000 | Neural:1.000 | Proneural:1.000) || Val Loss: 1.1314 | Val Acc: 0.7083 (Classical:0.833 | Mesenchymal:0.778 | Neural:0.250 | Proneural:0.800) || LR: 0.000100
2025-11-04 02:06:34,136 [INFO] Epoch [21/150] Train Loss: 1.9612 | Train Acc: 0.9894 (Classical:1.000 | Mesenchymal:0.969 | Neural:1.000 | Proneural:1.000) || Val Loss: 1.1147 | Val Acc: 0.6667 (Classical:0.833 | Mesenchymal:0.667 | Neural:0.250 | Proneural:0.800) || LR: 0.000100
2025-11-04 02:06:34,455 [INFO] Epoch [22/150] Train Loss: 1.9651 | Train Acc: 1.0000 (Classical:1.000 | Mesenchymal:1.000 | Neural:1.000 | Proneural:1.000) || Val Loss: 1.1106 | Val Acc: 0.7083 (Classical:0.833 | Mesenchymal:0.778 | Neural:0.250 | Proneural:0.800) || LR: 0.000100
2025-11-04 02:06:34,771 [INFO] Epoch [23/150] Train Loss: 1.9820 | Train Acc: 1.0000 (Classical:1.000 | Mesenchymal:1.000 | Neural:1.000 | Proneural:1.000) || Val Loss: 1.1124 | Val Acc: 0.7083 (Classical:0.833 | Mesenchymal:0.778 | Neural:0.250 | Proneural:0.800) || LR: 0.000100
2025-11-04 02:06:35,087 [INFO] Epoch [24/150] Train Loss: 2.0306 | Train Acc: 1.0000 (Classical:1.000 | Mesenchymal:1.000 | Neural:1.000 | Proneural:1.000) || Val Loss: 1.1180 | Val Acc: 0.7083 (Classical:0.833 | Mesenchymal:0.667 | Neural:0.500 | Proneural:0.800) || LR: 0.000100
2025-11-04 02:06:35,447 [INFO] Epoch [25/150] Train Loss: 1.9415 | Train Acc: 1.0000 (Classical:1.000 | Mesenchymal:1.000 | Neural:1.000 | Proneural:1.000) || Val Loss: 1.1283 | Val Acc: 0.7083 (Classical:0.833 | Mesenchymal:0.778 | Neural:0.250 | Proneural:0.800) || LR: 0.000100
2025-11-04 02:06:35,753 [INFO] Epoch [26/150] Train Loss: 1.9475 | Train Acc: 1.0000 (Classical:1.000 | Mesenchymal:1.000 | Neural:1.000 | Proneural:1.000) || Val Loss: 1.1414 | Val Acc: 0.7083 (Classical:0.833 | Mesenchymal:0.778 | Neural:0.250 | Proneural:0.800) || LR: 0.000100
2025-11-04 02:06:36,087 [INFO] Epoch [27/150] Train Loss: 1.9360 | Train Acc: 1.0000 (Classical:1.000 | Mesenchymal:1.000 | Neural:1.000 | Proneural:1.000) || Val Loss: 1.1460 | Val Acc: 0.7083 (Classical:0.833 | Mesenchymal:0.778 | Neural:0.250 | Proneural:0.800) || LR: 0.000100
2025-11-04 02:06:36,590 [INFO] Epoch [28/150] Train Loss: 1.9139 | Train Acc: 1.0000 (Classical:1.000 | Mesenchymal:1.000 | Neural:1.000 | Proneural:1.000) || Val Loss: 1.1234 | Val Acc: 0.7083 (Classical:0.833 | Mesenchymal:0.778 | Neural:0.250 | Proneural:0.800) || LR: 0.000100
2025-11-04 02:06:36,904 [INFO] Epoch [29/150] Train Loss: 1.9773 | Train Acc: 1.0000 (Classical:1.000 | Mesenchymal:1.000 | Neural:1.000 | Proneural:1.000) || Val Loss: 1.0845 | Val Acc: 0.7083 (Classical:0.833 | Mesenchymal:0.778 | Neural:0.250 | Proneural:0.800) || LR: 0.000100
2025-11-04 02:06:37,214 [INFO] Epoch [30/150] Train Loss: 1.9591 | Train Acc: 1.0000 (Classical:1.000 | Mesenchymal:1.000 | Neural:1.000 | Proneural:1.000) || Val Loss: 1.0774 | Val Acc: 0.7083 (Classical:0.833 | Mesenchymal:0.778 | Neural:0.250 | Proneural:0.800) || LR: 0.000100
2025-11-04 02:06:37,531 [INFO] Epoch [31/150] Train Loss: 1.8768 | Train Acc: 1.0000 (Classical:1.000 | Mesenchymal:1.000 | Neural:1.000 | Proneural:1.000) || Val Loss: 1.0661 | Val Acc: 0.7083 (Classical:0.833 | Mesenchymal:0.778 | Neural:0.250 | Proneural:0.800) || LR: 0.000100
2025-11-04 02:06:37,830 [INFO] Epoch [32/150] Train Loss: 1.8418 | Train Acc: 1.0000 (Classical:1.000 | Mesenchymal:1.000 | Neural:1.000 | Proneural:1.000) || Val Loss: 1.0511 | Val Acc: 0.7083 (Classical:0.833 | Mesenchymal:0.778 | Neural:0.250 | Proneural:0.800) || LR: 0.000100
2025-11-04 02:06:38,131 [INFO] Epoch [33/150] Train Loss: 1.8685 | Train Acc: 1.0000 (Classical:1.000 | Mesenchymal:1.000 | Neural:1.000 | Proneural:1.000) || Val Loss: 1.0504 | Val Acc: 0.7083 (Classical:0.833 | Mesenchymal:0.778 | Neural:0.250 | Proneural:0.800) || LR: 0.000100
2025-11-04 02:06:38,438 [INFO] Epoch [34/150] Train Loss: 1.8707 | Train Acc: 1.0000 (Classical:1.000 | Mesenchymal:1.000 | Neural:1.000 | Proneural:1.000) || Val Loss: 1.0505 | Val Acc: 0.7083 (Classical:0.833 | Mesenchymal:0.778 | Neural:0.250 | Proneural:0.800) || LR: 0.000100
2025-11-04 02:06:38,765 [INFO] Epoch [35/150] Train Loss: 1.8443 | Train Acc: 1.0000 (Classical:1.000 | Mesenchymal:1.000 | Neural:1.000 | Proneural:1.000) || Val Loss: 1.0517 | Val Acc: 0.7083 (Classical:0.833 | Mesenchymal:0.778 | Neural:0.250 | Proneural:0.800) || LR: 0.000100
2025-11-04 02:06:39,080 [INFO] Epoch [36/150] Train Loss: 1.8341 | Train Acc: 1.0000 (Classical:1.000 | Mesenchymal:1.000 | Neural:1.000 | Proneural:1.000) || Val Loss: 1.0378 | Val Acc: 0.7083 (Classical:0.833 | Mesenchymal:0.778 | Neural:0.250 | Proneural:0.800) || LR: 0.000100
2025-11-04 02:06:39,408 [INFO] Epoch [37/150] Train Loss: 1.8458 | Train Acc: 1.0000 (Classical:1.000 | Mesenchymal:1.000 | Neural:1.000 | Proneural:1.000) || Val Loss: 1.0528 | Val Acc: 0.7083 (Classical:0.833 | Mesenchymal:0.778 | Neural:0.250 | Proneural:0.800) || LR: 0.000100
2025-11-04 02:06:39,715 [INFO] Epoch [38/150] Train Loss: 1.8590 | Train Acc: 1.0000 (Classical:1.000 | Mesenchymal:1.000 | Neural:1.000 | Proneural:1.000) || Val Loss: 1.0772 | Val Acc: 0.7083 (Classical:0.833 | Mesenchymal:0.778 | Neural:0.250 | Proneural:0.800) || LR: 0.000100
2025-11-04 02:06:40,032 [INFO] Epoch [39/150] Train Loss: 1.8490 | Train Acc: 1.0000 (Classical:1.000 | Mesenchymal:1.000 | Neural:1.000 | Proneural:1.000) || Val Loss: 1.0727 | Val Acc: 0.7083 (Classical:0.833 | Mesenchymal:0.778 | Neural:0.250 | Proneural:0.800) || LR: 0.000100
2025-11-04 02:06:40,336 [INFO] Epoch [40/150] Train Loss: 1.8323 | Train Acc: 1.0000 (Classical:1.000 | Mesenchymal:1.000 | Neural:1.000 | Proneural:1.000) || Val Loss: 1.0853 | Val Acc: 0.7083 (Classical:0.833 | Mesenchymal:0.778 | Neural:0.250 | Proneural:0.800) || LR: 0.000100
2025-11-04 02:06:40,638 [INFO] Epoch [41/150] Train Loss: 1.8295 | Train Acc: 1.0000 (Classical:1.000 | Mesenchymal:1.000 | Neural:1.000 | Proneural:1.000) || Val Loss: 1.0665 | Val Acc: 0.7083 (Classical:0.833 | Mesenchymal:0.778 | Neural:0.250 | Proneural:0.800) || LR: 0.000100
2025-11-04 02:06:41,012 [INFO] Epoch [42/150] Train Loss: 1.7969 | Train Acc: 1.0000 (Classical:1.000 | Mesenchymal:1.000 | Neural:1.000 | Proneural:1.000) || Val Loss: 1.0907 | Val Acc: 0.7083 (Classical:1.000 | Mesenchymal:0.667 | Neural:0.250 | Proneural:0.800) || LR: 0.000100
2025-11-04 02:06:41,346 [INFO] Epoch [43/150] Train Loss: 1.7946 | Train Acc: 1.0000 (Classical:1.000 | Mesenchymal:1.000 | Neural:1.000 | Proneural:1.000) || Val Loss: 1.1010 | Val Acc: 0.7083 (Classical:0.833 | Mesenchymal:0.778 | Neural:0.250 | Proneural:0.800) || LR: 0.000100
2025-11-04 02:06:41,663 [INFO] Epoch [44/150] Train Loss: 1.8028 | Train Acc: 1.0000 (Classical:1.000 | Mesenchymal:1.000 | Neural:1.000 | Proneural:1.000) || Val Loss: 1.0930 | Val Acc: 0.7083 (Classical:0.833 | Mesenchymal:0.778 | Neural:0.250 | Proneural:0.800) || LR: 0.000100
2025-11-04 02:06:41,999 [INFO] Epoch [45/150] Train Loss: 1.7785 | Train Acc: 1.0000 (Classical:1.000 | Mesenchymal:1.000 | Neural:1.000 | Proneural:1.000) || Val Loss: 1.0864 | Val Acc: 0.7083 (Classical:0.833 | Mesenchymal:0.778 | Neural:0.250 | Proneural:0.800) || LR: 0.000100
2025-11-04 02:06:42,326 [INFO] Epoch [46/150] Train Loss: 1.8123 | Train Acc: 1.0000 (Classical:1.000 | Mesenchymal:1.000 | Neural:1.000 | Proneural:1.000) || Val Loss: 1.1053 | Val Acc: 0.6667 (Classical:0.833 | Mesenchymal:0.667 | Neural:0.250 | Proneural:0.800) || LR: 0.000100
2025-11-04 02:06:42,646 [INFO] Epoch [47/150] Train Loss: 1.8543 | Train Acc: 1.0000 (Classical:1.000 | Mesenchymal:1.000 | Neural:1.000 | Proneural:1.000) || Val Loss: 1.1113 | Val Acc: 0.7083 (Classical:0.833 | Mesenchymal:0.778 | Neural:0.250 | Proneural:0.800) || LR: 0.000100
2025-11-04 02:06:43,069 [INFO] Epoch [48/150] Train Loss: 1.8343 | Train Acc: 1.0000 (Classical:1.000 | Mesenchymal:1.000 | Neural:1.000 | Proneural:1.000) || Val Loss: 1.0806 | Val Acc: 0.6667 (Classical:0.833 | Mesenchymal:0.667 | Neural:0.250 | Proneural:0.800) || LR: 0.000100
2025-11-04 02:06:43,389 [INFO] Epoch [49/150] Train Loss: 1.7541 | Train Acc: 1.0000 (Classical:1.000 | Mesenchymal:1.000 | Neural:1.000 | Proneural:1.000) || Val Loss: 1.1041 | Val Acc: 0.6667 (Classical:0.833 | Mesenchymal:0.667 | Neural:0.250 | Proneural:0.800) || LR: 0.000100
2025-11-04 02:06:43,711 [INFO] Epoch [50/150] Train Loss: 1.7822 | Train Acc: 1.0000 (Classical:1.000 | Mesenchymal:1.000 | Neural:1.000 | Proneural:1.000) || Val Loss: 1.0766 | Val Acc: 0.7083 (Classical:0.833 | Mesenchymal:0.667 | Neural:0.500 | Proneural:0.800) || LR: 0.000100
2025-11-04 02:06:44,038 [INFO] Epoch [51/150] Train Loss: 1.7718 | Train Acc: 1.0000 (Classical:1.000 | Mesenchymal:1.000 | Neural:1.000 | Proneural:1.000) || Val Loss: 1.0908 | Val Acc: 0.7083 (Classical:0.833 | Mesenchymal:0.667 | Neural:0.500 | Proneural:0.800) || LR: 0.000100
2025-11-04 02:06:44,342 [INFO] Epoch [52/150] Train Loss: 1.7612 | Train Acc: 1.0000 (Classical:1.000 | Mesenchymal:1.000 | Neural:1.000 | Proneural:1.000) || Val Loss: 1.1090 | Val Acc: 0.6667 (Classical:0.833 | Mesenchymal:0.667 | Neural:0.250 | Proneural:0.800) || LR: 0.000100
2025-11-04 02:06:44,661 [INFO] Epoch [53/150] Train Loss: 1.7503 | Train Acc: 1.0000 (Classical:1.000 | Mesenchymal:1.000 | Neural:1.000 | Proneural:1.000) || Val Loss: 1.0837 | Val Acc: 0.7083 (Classical:0.833 | Mesenchymal:0.667 | Neural:0.500 | Proneural:0.800) || LR: 0.000100
2025-11-04 02:06:44,975 [INFO] Epoch [54/150] Train Loss: 1.7495 | Train Acc: 1.0000 (Classical:1.000 | Mesenchymal:1.000 | Neural:1.000 | Proneural:1.000) || Val Loss: 1.1057 | Val Acc: 0.7083 (Classical:0.833 | Mesenchymal:0.667 | Neural:0.500 | Proneural:0.800) || LR: 0.000100
2025-11-04 02:06:44,975 [INFO] Early stopping at epoch 54
2025-11-04 02:06:44,990 [INFO] Training completed. Best accuracy: 0.7083
2025-11-04 02:06:44,990 [INFO] Log: ./logs/train_20251104_020624.log, Model: ./models/best_model.pth
2025-11-04 02:06:45,136 [INFO] FINAL PER-CLASS | Train Acc: 0.7553 (Classical:0.720 | Mesenchymal:0.625 | Neural:0.812 | Proneural:0.952) || Val Acc: 0.7083 (Classical:0.833 | Mesenchymal:0.667 | Neural:0.250 | Proneural:1.000)
2025-11-04 02:06:45,211 [INFO] FINAL PER-CLASS | Test  Acc: 0.5000 (Classical:0.500 | Mesenchymal:0.400 | Neural:0.600 | Proneural:0.571)
