2025-11-04 02:03:43,493 [INFO] Model parameters: 33,024,228, Classes: 4
2025-11-04 02:03:43,493 [INFO] Enhanced regularization: Dropout=0.2, Weight_decay=0.001
2025-11-04 02:03:45,176 [INFO] Regularized Attention-MOI Training Started
2025-11-04 02:03:45,176 [INFO] Training started with enhanced regularization
2025-11-04 02:03:45,176 [INFO] Dropout: 0.2, Weight decay: 0.001
2025-11-04 02:03:48,155 [INFO] Epoch [1/150] Train Loss: 2.5914 | Train Acc: 0.5106 (Classical:0.800 | Mesenchymal:0.688 | Neural:0.000 | Proneural:0.286) || Val Loss: 1.2850 | Val Acc: 0.5417 (Classical:1.000 | Mesenchymal:0.778 | Neural:0.000 | Proneural:0.000) || LR: 0.000100
2025-11-04 02:03:48,502 [INFO] Best model saved with val_acc: 0.5417
2025-11-04 02:03:48,999 [INFO] Epoch [2/150] Train Loss: 2.4578 | Train Acc: 0.6702 (Classical:0.880 | Mesenchymal:0.781 | Neural:0.250 | Proneural:0.571) || Val Loss: 1.2570 | Val Acc: 0.5833 (Classical:0.833 | Mesenchymal:0.778 | Neural:0.250 | Proneural:0.200) || LR: 0.000100
2025-11-04 02:03:49,265 [INFO] Best model saved with val_acc: 0.5833
2025-11-04 02:03:49,770 [INFO] Epoch [3/150] Train Loss: 2.3851 | Train Acc: 0.7872 (Classical:0.920 | Mesenchymal:0.781 | Neural:0.500 | Proneural:0.857) || Val Loss: 1.2590 | Val Acc: 0.5417 (Classical:0.667 | Mesenchymal:0.778 | Neural:0.250 | Proneural:0.200) || LR: 0.000100
2025-11-04 02:03:50,614 [INFO] Epoch [4/150] Train Loss: 2.2559 | Train Acc: 0.8191 (Classical:0.920 | Mesenchymal:0.750 | Neural:0.688 | Proneural:0.905) || Val Loss: 1.2357 | Val Acc: 0.4167 (Classical:0.667 | Mesenchymal:0.556 | Neural:0.000 | Proneural:0.200) || LR: 0.000100
2025-11-04 02:03:51,239 [INFO] Epoch [5/150] Train Loss: 2.2322 | Train Acc: 0.8511 (Classical:0.960 | Mesenchymal:0.750 | Neural:0.750 | Proneural:0.952) || Val Loss: 1.1968 | Val Acc: 0.5000 (Classical:1.000 | Mesenchymal:0.444 | Neural:0.250 | Proneural:0.200) || LR: 0.000100
2025-11-04 02:03:51,846 [INFO] Epoch [6/150] Train Loss: 2.1907 | Train Acc: 0.8830 (Classical:0.960 | Mesenchymal:0.812 | Neural:0.812 | Proneural:0.952) || Val Loss: 1.1563 | Val Acc: 0.5417 (Classical:1.000 | Mesenchymal:0.556 | Neural:0.000 | Proneural:0.400) || LR: 0.000100
2025-11-04 02:03:52,545 [INFO] Epoch [7/150] Train Loss: 2.1838 | Train Acc: 0.9043 (Classical:0.960 | Mesenchymal:0.844 | Neural:0.812 | Proneural:1.000) || Val Loss: 1.1223 | Val Acc: 0.5833 (Classical:1.000 | Mesenchymal:0.556 | Neural:0.000 | Proneural:0.600) || LR: 0.000100
2025-11-04 02:03:53,323 [INFO] Epoch [8/150] Train Loss: 2.1436 | Train Acc: 0.9043 (Classical:0.960 | Mesenchymal:0.844 | Neural:0.875 | Proneural:0.952) || Val Loss: 1.1016 | Val Acc: 0.6250 (Classical:1.000 | Mesenchymal:0.556 | Neural:0.250 | Proneural:0.600) || LR: 0.000100
2025-11-04 02:03:53,614 [INFO] Best model saved with val_acc: 0.6250
2025-11-04 02:03:54,350 [INFO] Epoch [9/150] Train Loss: 2.1207 | Train Acc: 0.9574 (Classical:1.000 | Mesenchymal:0.938 | Neural:0.875 | Proneural:1.000) || Val Loss: 1.0819 | Val Acc: 0.6667 (Classical:1.000 | Mesenchymal:0.667 | Neural:0.250 | Proneural:0.600) || LR: 0.000100
2025-11-04 02:03:54,613 [INFO] Best model saved with val_acc: 0.6667
2025-11-04 02:03:55,148 [INFO] Epoch [10/150] Train Loss: 2.0881 | Train Acc: 0.9574 (Classical:1.000 | Mesenchymal:0.906 | Neural:0.938 | Proneural:1.000) || Val Loss: 1.0987 | Val Acc: 0.6250 (Classical:1.000 | Mesenchymal:0.444 | Neural:0.250 | Proneural:0.800) || LR: 0.000100
2025-11-04 02:03:55,933 [INFO] Epoch [11/150] Train Loss: 2.0649 | Train Acc: 0.9681 (Classical:1.000 | Mesenchymal:0.938 | Neural:0.938 | Proneural:1.000) || Val Loss: 1.0850 | Val Acc: 0.6250 (Classical:1.000 | Mesenchymal:0.444 | Neural:0.250 | Proneural:0.800) || LR: 0.000100
2025-11-04 02:03:56,674 [INFO] Epoch [12/150] Train Loss: 2.0915 | Train Acc: 0.9681 (Classical:1.000 | Mesenchymal:0.938 | Neural:0.938 | Proneural:1.000) || Val Loss: 1.0654 | Val Acc: 0.6667 (Classical:1.000 | Mesenchymal:0.556 | Neural:0.250 | Proneural:0.800) || LR: 0.000100
2025-11-04 02:03:57,313 [INFO] Epoch [13/150] Train Loss: 2.0529 | Train Acc: 0.9787 (Classical:1.000 | Mesenchymal:0.969 | Neural:0.938 | Proneural:1.000) || Val Loss: 1.0482 | Val Acc: 0.7083 (Classical:1.000 | Mesenchymal:0.667 | Neural:0.250 | Proneural:0.800) || LR: 0.000100
2025-11-04 02:03:57,653 [INFO] Best model saved with val_acc: 0.7083
2025-11-04 02:03:58,435 [INFO] Epoch [14/150] Train Loss: 2.0444 | Train Acc: 0.9681 (Classical:1.000 | Mesenchymal:0.938 | Neural:0.938 | Proneural:1.000) || Val Loss: 1.0293 | Val Acc: 0.7083 (Classical:1.000 | Mesenchymal:0.667 | Neural:0.500 | Proneural:0.600) || LR: 0.000100
2025-11-04 02:03:59,101 [INFO] Epoch [15/150] Train Loss: 2.0520 | Train Acc: 0.9681 (Classical:1.000 | Mesenchymal:0.938 | Neural:0.938 | Proneural:1.000) || Val Loss: 1.0223 | Val Acc: 0.6667 (Classical:1.000 | Mesenchymal:0.556 | Neural:0.250 | Proneural:0.800) || LR: 0.000100
2025-11-04 02:03:59,890 [INFO] Epoch [16/150] Train Loss: 2.0341 | Train Acc: 0.9681 (Classical:1.000 | Mesenchymal:0.938 | Neural:0.938 | Proneural:1.000) || Val Loss: 1.0213 | Val Acc: 0.6250 (Classical:1.000 | Mesenchymal:0.556 | Neural:0.250 | Proneural:0.600) || LR: 0.000100
2025-11-04 02:04:00,524 [INFO] Epoch [17/150] Train Loss: 1.9717 | Train Acc: 0.9787 (Classical:1.000 | Mesenchymal:0.938 | Neural:1.000 | Proneural:1.000) || Val Loss: 1.0080 | Val Acc: 0.6250 (Classical:1.000 | Mesenchymal:0.556 | Neural:0.250 | Proneural:0.600) || LR: 0.000100
2025-11-04 02:04:01,227 [INFO] Epoch [18/150] Train Loss: 1.9909 | Train Acc: 0.9787 (Classical:1.000 | Mesenchymal:0.938 | Neural:1.000 | Proneural:1.000) || Val Loss: 1.0136 | Val Acc: 0.6250 (Classical:1.000 | Mesenchymal:0.556 | Neural:0.250 | Proneural:0.600) || LR: 0.000100
2025-11-04 02:04:02,002 [INFO] Epoch [19/150] Train Loss: 2.0041 | Train Acc: 0.9787 (Classical:1.000 | Mesenchymal:0.938 | Neural:1.000 | Proneural:1.000) || Val Loss: 1.0240 | Val Acc: 0.6667 (Classical:1.000 | Mesenchymal:0.667 | Neural:0.250 | Proneural:0.600) || LR: 0.000100
2025-11-04 02:04:02,730 [INFO] Epoch [20/150] Train Loss: 1.9907 | Train Acc: 0.9787 (Classical:1.000 | Mesenchymal:0.938 | Neural:1.000 | Proneural:1.000) || Val Loss: 1.0171 | Val Acc: 0.7083 (Classical:1.000 | Mesenchymal:0.667 | Neural:0.500 | Proneural:0.600) || LR: 0.000100
2025-11-04 02:04:03,371 [INFO] Epoch [21/150] Train Loss: 1.9569 | Train Acc: 0.9787 (Classical:1.000 | Mesenchymal:0.938 | Neural:1.000 | Proneural:1.000) || Val Loss: 1.0029 | Val Acc: 0.6667 (Classical:1.000 | Mesenchymal:0.667 | Neural:0.250 | Proneural:0.600) || LR: 0.000100
2025-11-04 02:04:04,108 [INFO] Epoch [22/150] Train Loss: 1.9627 | Train Acc: 0.9787 (Classical:1.000 | Mesenchymal:0.938 | Neural:1.000 | Proneural:1.000) || Val Loss: 1.0283 | Val Acc: 0.6250 (Classical:1.000 | Mesenchymal:0.556 | Neural:0.250 | Proneural:0.600) || LR: 0.000100
2025-11-04 02:04:04,750 [INFO] Epoch [23/150] Train Loss: 1.9472 | Train Acc: 0.9787 (Classical:1.000 | Mesenchymal:0.938 | Neural:1.000 | Proneural:1.000) || Val Loss: 1.0166 | Val Acc: 0.6250 (Classical:1.000 | Mesenchymal:0.556 | Neural:0.250 | Proneural:0.600) || LR: 0.000100
2025-11-04 02:04:05,526 [INFO] Epoch [24/150] Train Loss: 1.9167 | Train Acc: 0.9787 (Classical:1.000 | Mesenchymal:0.938 | Neural:1.000 | Proneural:1.000) || Val Loss: 1.0162 | Val Acc: 0.6250 (Classical:1.000 | Mesenchymal:0.556 | Neural:0.250 | Proneural:0.600) || LR: 0.000100
2025-11-04 02:04:06,254 [INFO] Epoch [25/150] Train Loss: 1.9292 | Train Acc: 0.9894 (Classical:1.000 | Mesenchymal:0.969 | Neural:1.000 | Proneural:1.000) || Val Loss: 1.0265 | Val Acc: 0.6667 (Classical:1.000 | Mesenchymal:0.667 | Neural:0.250 | Proneural:0.600) || LR: 0.000100
2025-11-04 02:04:06,988 [INFO] Epoch [26/150] Train Loss: 1.9035 | Train Acc: 0.9894 (Classical:1.000 | Mesenchymal:0.969 | Neural:1.000 | Proneural:1.000) || Val Loss: 1.0087 | Val Acc: 0.6250 (Classical:1.000 | Mesenchymal:0.556 | Neural:0.250 | Proneural:0.600) || LR: 0.000100
2025-11-04 02:04:07,540 [INFO] Epoch [27/150] Train Loss: 1.8980 | Train Acc: 0.9894 (Classical:1.000 | Mesenchymal:0.969 | Neural:1.000 | Proneural:1.000) || Val Loss: 1.0074 | Val Acc: 0.6667 (Classical:1.000 | Mesenchymal:0.667 | Neural:0.250 | Proneural:0.600) || LR: 0.000100
2025-11-04 02:04:08,395 [INFO] Epoch [28/150] Train Loss: 1.9080 | Train Acc: 0.9894 (Classical:1.000 | Mesenchymal:0.969 | Neural:1.000 | Proneural:1.000) || Val Loss: 1.0186 | Val Acc: 0.7083 (Classical:1.000 | Mesenchymal:0.778 | Neural:0.250 | Proneural:0.600) || LR: 0.000100
2025-11-04 02:04:09,056 [INFO] Epoch [29/150] Train Loss: 1.8976 | Train Acc: 0.9894 (Classical:1.000 | Mesenchymal:0.969 | Neural:1.000 | Proneural:1.000) || Val Loss: 0.9957 | Val Acc: 0.6667 (Classical:1.000 | Mesenchymal:0.667 | Neural:0.250 | Proneural:0.600) || LR: 0.000100
2025-11-04 02:04:09,647 [INFO] Epoch [30/150] Train Loss: 1.8996 | Train Acc: 1.0000 (Classical:1.000 | Mesenchymal:1.000 | Neural:1.000 | Proneural:1.000) || Val Loss: 0.9930 | Val Acc: 0.7083 (Classical:1.000 | Mesenchymal:0.778 | Neural:0.250 | Proneural:0.600) || LR: 0.000100
2025-11-04 02:04:10,290 [INFO] Epoch [31/150] Train Loss: 1.8588 | Train Acc: 1.0000 (Classical:1.000 | Mesenchymal:1.000 | Neural:1.000 | Proneural:1.000) || Val Loss: 0.9879 | Val Acc: 0.7083 (Classical:1.000 | Mesenchymal:0.667 | Neural:0.250 | Proneural:0.800) || LR: 0.000100
2025-11-04 02:04:10,991 [INFO] Epoch [32/150] Train Loss: 1.8756 | Train Acc: 1.0000 (Classical:1.000 | Mesenchymal:1.000 | Neural:1.000 | Proneural:1.000) || Val Loss: 1.0167 | Val Acc: 0.6667 (Classical:1.000 | Mesenchymal:0.778 | Neural:0.000 | Proneural:0.600) || LR: 0.000100
2025-11-04 02:04:11,681 [INFO] Epoch [33/150] Train Loss: 1.8551 | Train Acc: 1.0000 (Classical:1.000 | Mesenchymal:1.000 | Neural:1.000 | Proneural:1.000) || Val Loss: 1.0037 | Val Acc: 0.7083 (Classical:1.000 | Mesenchymal:0.667 | Neural:0.250 | Proneural:0.800) || LR: 0.000100
2025-11-04 02:04:12,424 [INFO] Epoch [34/150] Train Loss: 1.8507 | Train Acc: 1.0000 (Classical:1.000 | Mesenchymal:1.000 | Neural:1.000 | Proneural:1.000) || Val Loss: 0.9990 | Val Acc: 0.6667 (Classical:1.000 | Mesenchymal:0.667 | Neural:0.250 | Proneural:0.600) || LR: 0.000100
2025-11-04 02:04:13,171 [INFO] Epoch [35/150] Train Loss: 1.8444 | Train Acc: 1.0000 (Classical:1.000 | Mesenchymal:1.000 | Neural:1.000 | Proneural:1.000) || Val Loss: 1.0053 | Val Acc: 0.7083 (Classical:1.000 | Mesenchymal:0.667 | Neural:0.500 | Proneural:0.600) || LR: 0.000100
2025-11-04 02:04:13,892 [INFO] Epoch [36/150] Train Loss: 1.8048 | Train Acc: 1.0000 (Classical:1.000 | Mesenchymal:1.000 | Neural:1.000 | Proneural:1.000) || Val Loss: 0.9939 | Val Acc: 0.7083 (Classical:1.000 | Mesenchymal:0.667 | Neural:0.500 | Proneural:0.600) || LR: 0.000100
2025-11-04 02:04:14,584 [INFO] Epoch [37/150] Train Loss: 1.8497 | Train Acc: 1.0000 (Classical:1.000 | Mesenchymal:1.000 | Neural:1.000 | Proneural:1.000) || Val Loss: 0.9925 | Val Acc: 0.6667 (Classical:1.000 | Mesenchymal:0.667 | Neural:0.250 | Proneural:0.600) || LR: 0.000100
2025-11-04 02:04:15,297 [INFO] Epoch [38/150] Train Loss: 1.8118 | Train Acc: 1.0000 (Classical:1.000 | Mesenchymal:1.000 | Neural:1.000 | Proneural:1.000) || Val Loss: 0.9906 | Val Acc: 0.7500 (Classical:1.000 | Mesenchymal:0.667 | Neural:0.500 | Proneural:0.800) || LR: 0.000100
2025-11-04 02:04:15,644 [INFO] Best model saved with val_acc: 0.7500
2025-11-04 02:04:16,335 [INFO] Epoch [39/150] Train Loss: 1.8254 | Train Acc: 1.0000 (Classical:1.000 | Mesenchymal:1.000 | Neural:1.000 | Proneural:1.000) || Val Loss: 0.9776 | Val Acc: 0.7500 (Classical:1.000 | Mesenchymal:0.667 | Neural:0.500 | Proneural:0.800) || LR: 0.000100
2025-11-04 02:04:17,063 [INFO] Epoch [40/150] Train Loss: 1.8283 | Train Acc: 1.0000 (Classical:1.000 | Mesenchymal:1.000 | Neural:1.000 | Proneural:1.000) || Val Loss: 0.9896 | Val Acc: 0.7500 (Classical:1.000 | Mesenchymal:0.667 | Neural:0.500 | Proneural:0.800) || LR: 0.000100
2025-11-04 02:04:17,785 [INFO] Epoch [41/150] Train Loss: 1.7940 | Train Acc: 1.0000 (Classical:1.000 | Mesenchymal:1.000 | Neural:1.000 | Proneural:1.000) || Val Loss: 1.0050 | Val Acc: 0.7500 (Classical:1.000 | Mesenchymal:0.667 | Neural:0.500 | Proneural:0.800) || LR: 0.000100
2025-11-04 02:04:18,523 [INFO] Epoch [42/150] Train Loss: 1.8058 | Train Acc: 1.0000 (Classical:1.000 | Mesenchymal:1.000 | Neural:1.000 | Proneural:1.000) || Val Loss: 0.9810 | Val Acc: 0.7500 (Classical:1.000 | Mesenchymal:0.667 | Neural:0.500 | Proneural:0.800) || LR: 0.000100
2025-11-04 02:04:19,411 [INFO] Epoch [43/150] Train Loss: 1.7865 | Train Acc: 1.0000 (Classical:1.000 | Mesenchymal:1.000 | Neural:1.000 | Proneural:1.000) || Val Loss: 0.9657 | Val Acc: 0.7917 (Classical:1.000 | Mesenchymal:0.778 | Neural:0.500 | Proneural:0.800) || LR: 0.000100
2025-11-04 02:04:19,759 [INFO] Best model saved with val_acc: 0.7917
2025-11-04 02:04:20,423 [INFO] Epoch [44/150] Train Loss: 1.7711 | Train Acc: 1.0000 (Classical:1.000 | Mesenchymal:1.000 | Neural:1.000 | Proneural:1.000) || Val Loss: 0.9806 | Val Acc: 0.7083 (Classical:1.000 | Mesenchymal:0.667 | Neural:0.500 | Proneural:0.600) || LR: 0.000100
2025-11-04 02:04:20,965 [INFO] Epoch [45/150] Train Loss: 1.7798 | Train Acc: 1.0000 (Classical:1.000 | Mesenchymal:1.000 | Neural:1.000 | Proneural:1.000) || Val Loss: 0.9762 | Val Acc: 0.7083 (Classical:1.000 | Mesenchymal:0.778 | Neural:0.250 | Proneural:0.600) || LR: 0.000100
2025-11-04 02:04:21,607 [INFO] Epoch [46/150] Train Loss: 1.7317 | Train Acc: 1.0000 (Classical:1.000 | Mesenchymal:1.000 | Neural:1.000 | Proneural:1.000) || Val Loss: 0.9857 | Val Acc: 0.7083 (Classical:1.000 | Mesenchymal:0.667 | Neural:0.250 | Proneural:0.800) || LR: 0.000100
2025-11-04 02:04:22,219 [INFO] Epoch [47/150] Train Loss: 1.7292 | Train Acc: 1.0000 (Classical:1.000 | Mesenchymal:1.000 | Neural:1.000 | Proneural:1.000) || Val Loss: 0.9914 | Val Acc: 0.6667 (Classical:1.000 | Mesenchymal:0.667 | Neural:0.250 | Proneural:0.600) || LR: 0.000100
2025-11-04 02:04:22,835 [INFO] Epoch [48/150] Train Loss: 1.7413 | Train Acc: 1.0000 (Classical:1.000 | Mesenchymal:1.000 | Neural:1.000 | Proneural:1.000) || Val Loss: 1.0237 | Val Acc: 0.7083 (Classical:1.000 | Mesenchymal:0.667 | Neural:0.250 | Proneural:0.800) || LR: 0.000100
2025-11-04 02:04:23,452 [INFO] Epoch [49/150] Train Loss: 1.7710 | Train Acc: 1.0000 (Classical:1.000 | Mesenchymal:1.000 | Neural:1.000 | Proneural:1.000) || Val Loss: 1.0054 | Val Acc: 0.7083 (Classical:1.000 | Mesenchymal:0.667 | Neural:0.250 | Proneural:0.800) || LR: 0.000100
2025-11-04 02:04:24,138 [INFO] Epoch [50/150] Train Loss: 1.7104 | Train Acc: 1.0000 (Classical:1.000 | Mesenchymal:1.000 | Neural:1.000 | Proneural:1.000) || Val Loss: 1.0146 | Val Acc: 0.7083 (Classical:0.833 | Mesenchymal:0.667 | Neural:0.500 | Proneural:0.800) || LR: 0.000100
2025-11-04 02:04:24,683 [INFO] Epoch [51/150] Train Loss: 1.7498 | Train Acc: 1.0000 (Classical:1.000 | Mesenchymal:1.000 | Neural:1.000 | Proneural:1.000) || Val Loss: 1.0438 | Val Acc: 0.7083 (Classical:0.833 | Mesenchymal:0.667 | Neural:0.500 | Proneural:0.800) || LR: 0.000100
2025-11-04 02:04:25,270 [INFO] Epoch [52/150] Train Loss: 1.7512 | Train Acc: 1.0000 (Classical:1.000 | Mesenchymal:1.000 | Neural:1.000 | Proneural:1.000) || Val Loss: 1.0322 | Val Acc: 0.7500 (Classical:0.833 | Mesenchymal:0.778 | Neural:0.500 | Proneural:0.800) || LR: 0.000100
2025-11-04 02:04:25,868 [INFO] Epoch [53/150] Train Loss: 1.7476 | Train Acc: 1.0000 (Classical:1.000 | Mesenchymal:1.000 | Neural:1.000 | Proneural:1.000) || Val Loss: 1.0375 | Val Acc: 0.7500 (Classical:0.833 | Mesenchymal:0.778 | Neural:0.500 | Proneural:0.800) || LR: 0.000100
2025-11-04 02:04:26,545 [INFO] Epoch [54/150] Train Loss: 1.7490 | Train Acc: 1.0000 (Classical:1.000 | Mesenchymal:1.000 | Neural:1.000 | Proneural:1.000) || Val Loss: 1.0485 | Val Acc: 0.6667 (Classical:0.833 | Mesenchymal:0.667 | Neural:0.250 | Proneural:0.800) || LR: 0.000100
2025-11-04 02:04:27,289 [INFO] Epoch [55/150] Train Loss: 1.7437 | Train Acc: 1.0000 (Classical:1.000 | Mesenchymal:1.000 | Neural:1.000 | Proneural:1.000) || Val Loss: 1.0789 | Val Acc: 0.6667 (Classical:0.833 | Mesenchymal:0.667 | Neural:0.250 | Proneural:0.800) || LR: 0.000100
2025-11-04 02:04:27,812 [INFO] Epoch [56/150] Train Loss: 1.7290 | Train Acc: 1.0000 (Classical:1.000 | Mesenchymal:1.000 | Neural:1.000 | Proneural:1.000) || Val Loss: 1.0751 | Val Acc: 0.6667 (Classical:0.833 | Mesenchymal:0.667 | Neural:0.250 | Proneural:0.800) || LR: 0.000100
2025-11-04 02:04:28,337 [INFO] Epoch [57/150] Train Loss: 1.7013 | Train Acc: 1.0000 (Classical:1.000 | Mesenchymal:1.000 | Neural:1.000 | Proneural:1.000) || Val Loss: 1.0672 | Val Acc: 0.6667 (Classical:0.833 | Mesenchymal:0.667 | Neural:0.250 | Proneural:0.800) || LR: 0.000100
2025-11-04 02:04:28,908 [INFO] Epoch [58/150] Train Loss: 1.7484 | Train Acc: 1.0000 (Classical:1.000 | Mesenchymal:1.000 | Neural:1.000 | Proneural:1.000) || Val Loss: 1.0800 | Val Acc: 0.6667 (Classical:0.833 | Mesenchymal:0.667 | Neural:0.250 | Proneural:0.800) || LR: 0.000100
2025-11-04 02:04:29,552 [INFO] Epoch [59/150] Train Loss: 1.7222 | Train Acc: 1.0000 (Classical:1.000 | Mesenchymal:1.000 | Neural:1.000 | Proneural:1.000) || Val Loss: 1.1019 | Val Acc: 0.6667 (Classical:0.833 | Mesenchymal:0.667 | Neural:0.250 | Proneural:0.800) || LR: 0.000100
2025-11-04 02:04:30,265 [INFO] Epoch [60/150] Train Loss: 1.7181 | Train Acc: 1.0000 (Classical:1.000 | Mesenchymal:1.000 | Neural:1.000 | Proneural:1.000) || Val Loss: 1.0721 | Val Acc: 0.6667 (Classical:0.833 | Mesenchymal:0.667 | Neural:0.250 | Proneural:0.800) || LR: 0.000100
2025-11-04 02:04:30,915 [INFO] Epoch [61/150] Train Loss: 1.6986 | Train Acc: 1.0000 (Classical:1.000 | Mesenchymal:1.000 | Neural:1.000 | Proneural:1.000) || Val Loss: 1.0601 | Val Acc: 0.6667 (Classical:0.833 | Mesenchymal:0.667 | Neural:0.250 | Proneural:0.800) || LR: 0.000100
2025-11-04 02:04:31,629 [INFO] Epoch [62/150] Train Loss: 1.6837 | Train Acc: 1.0000 (Classical:1.000 | Mesenchymal:1.000 | Neural:1.000 | Proneural:1.000) || Val Loss: 1.0796 | Val Acc: 0.6667 (Classical:0.833 | Mesenchymal:0.667 | Neural:0.250 | Proneural:0.800) || LR: 0.000100
2025-11-04 02:04:32,286 [INFO] Epoch [63/150] Train Loss: 1.7081 | Train Acc: 1.0000 (Classical:1.000 | Mesenchymal:1.000 | Neural:1.000 | Proneural:1.000) || Val Loss: 1.0925 | Val Acc: 0.6667 (Classical:0.833 | Mesenchymal:0.667 | Neural:0.250 | Proneural:0.800) || LR: 0.000100
2025-11-04 02:04:32,954 [INFO] Epoch [64/150] Train Loss: 1.6854 | Train Acc: 1.0000 (Classical:1.000 | Mesenchymal:1.000 | Neural:1.000 | Proneural:1.000) || Val Loss: 1.0820 | Val Acc: 0.6667 (Classical:1.000 | Mesenchymal:0.667 | Neural:0.000 | Proneural:0.800) || LR: 0.000100
2025-11-04 02:04:33,502 [INFO] Epoch [65/150] Train Loss: 1.6662 | Train Acc: 1.0000 (Classical:1.000 | Mesenchymal:1.000 | Neural:1.000 | Proneural:1.000) || Val Loss: 1.0756 | Val Acc: 0.6667 (Classical:1.000 | Mesenchymal:0.667 | Neural:0.000 | Proneural:0.800) || LR: 0.000100
2025-11-04 02:04:34,123 [INFO] Epoch [66/150] Train Loss: 1.7053 | Train Acc: 1.0000 (Classical:1.000 | Mesenchymal:1.000 | Neural:1.000 | Proneural:1.000) || Val Loss: 1.0733 | Val Acc: 0.7083 (Classical:1.000 | Mesenchymal:0.667 | Neural:0.250 | Proneural:0.800) || LR: 0.000100
2025-11-04 02:04:34,973 [INFO] Epoch [67/150] Train Loss: 1.6802 | Train Acc: 1.0000 (Classical:1.000 | Mesenchymal:1.000 | Neural:1.000 | Proneural:1.000) || Val Loss: 1.0880 | Val Acc: 0.6667 (Classical:1.000 | Mesenchymal:0.667 | Neural:0.000 | Proneural:0.800) || LR: 0.000100
2025-11-04 02:04:35,591 [INFO] Epoch [68/150] Train Loss: 1.7125 | Train Acc: 1.0000 (Classical:1.000 | Mesenchymal:1.000 | Neural:1.000 | Proneural:1.000) || Val Loss: 1.0833 | Val Acc: 0.6250 (Classical:0.833 | Mesenchymal:0.667 | Neural:0.000 | Proneural:0.800) || LR: 0.000100
2025-11-04 02:04:36,238 [INFO] Epoch [69/150] Train Loss: 1.6607 | Train Acc: 1.0000 (Classical:1.000 | Mesenchymal:1.000 | Neural:1.000 | Proneural:1.000) || Val Loss: 1.0966 | Val Acc: 0.6667 (Classical:0.833 | Mesenchymal:0.667 | Neural:0.250 | Proneural:0.800) || LR: 0.000100
2025-11-04 02:04:36,844 [INFO] Epoch [70/150] Train Loss: 1.7170 | Train Acc: 1.0000 (Classical:1.000 | Mesenchymal:1.000 | Neural:1.000 | Proneural:1.000) || Val Loss: 1.1297 | Val Acc: 0.6667 (Classical:0.833 | Mesenchymal:0.667 | Neural:0.250 | Proneural:0.800) || LR: 0.000100
2025-11-04 02:04:37,576 [INFO] Epoch [71/150] Train Loss: 1.6647 | Train Acc: 1.0000 (Classical:1.000 | Mesenchymal:1.000 | Neural:1.000 | Proneural:1.000) || Val Loss: 1.1271 | Val Acc: 0.6667 (Classical:0.833 | Mesenchymal:0.667 | Neural:0.250 | Proneural:0.800) || LR: 0.000100
2025-11-04 02:04:38,250 [INFO] Epoch [72/150] Train Loss: 1.6627 | Train Acc: 1.0000 (Classical:1.000 | Mesenchymal:1.000 | Neural:1.000 | Proneural:1.000) || Val Loss: 1.1319 | Val Acc: 0.6667 (Classical:0.833 | Mesenchymal:0.667 | Neural:0.250 | Proneural:0.800) || LR: 0.000100
2025-11-04 02:04:38,988 [INFO] Epoch [73/150] Train Loss: 1.6603 | Train Acc: 1.0000 (Classical:1.000 | Mesenchymal:1.000 | Neural:1.000 | Proneural:1.000) || Val Loss: 1.1449 | Val Acc: 0.6667 (Classical:0.833 | Mesenchymal:0.667 | Neural:0.250 | Proneural:0.800) || LR: 0.000100
2025-11-04 02:04:39,558 [INFO] Epoch [74/150] Train Loss: 1.6493 | Train Acc: 1.0000 (Classical:1.000 | Mesenchymal:1.000 | Neural:1.000 | Proneural:1.000) || Val Loss: 1.1304 | Val Acc: 0.7083 (Classical:0.833 | Mesenchymal:0.778 | Neural:0.250 | Proneural:0.800) || LR: 0.000100
2025-11-04 02:04:40,129 [INFO] Epoch [75/150] Train Loss: 1.6312 | Train Acc: 1.0000 (Classical:1.000 | Mesenchymal:1.000 | Neural:1.000 | Proneural:1.000) || Val Loss: 1.1337 | Val Acc: 0.7083 (Classical:0.833 | Mesenchymal:0.778 | Neural:0.250 | Proneural:0.800) || LR: 0.000100
2025-11-04 02:04:40,819 [INFO] Epoch [76/150] Train Loss: 1.6768 | Train Acc: 1.0000 (Classical:1.000 | Mesenchymal:1.000 | Neural:1.000 | Proneural:1.000) || Val Loss: 1.1360 | Val Acc: 0.6250 (Classical:0.833 | Mesenchymal:0.667 | Neural:0.000 | Proneural:0.800) || LR: 0.000100
2025-11-04 02:04:41,529 [INFO] Epoch [77/150] Train Loss: 1.6262 | Train Acc: 1.0000 (Classical:1.000 | Mesenchymal:1.000 | Neural:1.000 | Proneural:1.000) || Val Loss: 1.1521 | Val Acc: 0.7083 (Classical:0.833 | Mesenchymal:0.778 | Neural:0.250 | Proneural:0.800) || LR: 0.000100
2025-11-04 02:04:42,080 [INFO] Epoch [78/150] Train Loss: 1.6417 | Train Acc: 1.0000 (Classical:1.000 | Mesenchymal:1.000 | Neural:1.000 | Proneural:1.000) || Val Loss: 1.1426 | Val Acc: 0.7083 (Classical:0.833 | Mesenchymal:0.778 | Neural:0.250 | Proneural:0.800) || LR: 0.000100
2025-11-04 02:04:42,579 [INFO] Epoch [79/150] Train Loss: 1.6407 | Train Acc: 1.0000 (Classical:1.000 | Mesenchymal:1.000 | Neural:1.000 | Proneural:1.000) || Val Loss: 1.1449 | Val Acc: 0.7083 (Classical:0.833 | Mesenchymal:0.778 | Neural:0.250 | Proneural:0.800) || LR: 0.000100
2025-11-04 02:04:43,335 [INFO] Epoch [80/150] Train Loss: 1.6620 | Train Acc: 1.0000 (Classical:1.000 | Mesenchymal:1.000 | Neural:1.000 | Proneural:1.000) || Val Loss: 1.1756 | Val Acc: 0.7083 (Classical:0.833 | Mesenchymal:0.778 | Neural:0.250 | Proneural:0.800) || LR: 0.000100
2025-11-04 02:04:43,987 [INFO] Epoch [81/150] Train Loss: 1.6378 | Train Acc: 1.0000 (Classical:1.000 | Mesenchymal:1.000 | Neural:1.000 | Proneural:1.000) || Val Loss: 1.1929 | Val Acc: 0.7083 (Classical:0.833 | Mesenchymal:0.778 | Neural:0.250 | Proneural:0.800) || LR: 0.000100
2025-11-04 02:04:44,544 [INFO] Epoch [82/150] Train Loss: 1.6402 | Train Acc: 1.0000 (Classical:1.000 | Mesenchymal:1.000 | Neural:1.000 | Proneural:1.000) || Val Loss: 1.1915 | Val Acc: 0.7083 (Classical:0.833 | Mesenchymal:0.778 | Neural:0.250 | Proneural:0.800) || LR: 0.000100
2025-11-04 02:04:45,181 [INFO] Epoch [83/150] Train Loss: 1.6252 | Train Acc: 1.0000 (Classical:1.000 | Mesenchymal:1.000 | Neural:1.000 | Proneural:1.000) || Val Loss: 1.1769 | Val Acc: 0.7083 (Classical:0.833 | Mesenchymal:0.778 | Neural:0.250 | Proneural:0.800) || LR: 0.000100
2025-11-04 02:04:45,861 [INFO] Epoch [84/150] Train Loss: 1.6251 | Train Acc: 1.0000 (Classical:1.000 | Mesenchymal:1.000 | Neural:1.000 | Proneural:1.000) || Val Loss: 1.2033 | Val Acc: 0.7083 (Classical:0.833 | Mesenchymal:0.778 | Neural:0.250 | Proneural:0.800) || LR: 0.000100
2025-11-04 02:04:46,427 [INFO] Epoch [85/150] Train Loss: 1.6119 | Train Acc: 1.0000 (Classical:1.000 | Mesenchymal:1.000 | Neural:1.000 | Proneural:1.000) || Val Loss: 1.1855 | Val Acc: 0.7083 (Classical:0.833 | Mesenchymal:0.778 | Neural:0.250 | Proneural:0.800) || LR: 0.000100
2025-11-04 02:04:47,063 [INFO] Epoch [86/150] Train Loss: 1.6907 | Train Acc: 1.0000 (Classical:1.000 | Mesenchymal:1.000 | Neural:1.000 | Proneural:1.000) || Val Loss: 1.1976 | Val Acc: 0.7083 (Classical:0.833 | Mesenchymal:0.778 | Neural:0.250 | Proneural:0.800) || LR: 0.000100
2025-11-04 02:04:47,642 [INFO] Epoch [87/150] Train Loss: 1.6165 | Train Acc: 1.0000 (Classical:1.000 | Mesenchymal:1.000 | Neural:1.000 | Proneural:1.000) || Val Loss: 1.2158 | Val Acc: 0.7083 (Classical:0.833 | Mesenchymal:0.778 | Neural:0.250 | Proneural:0.800) || LR: 0.000100
2025-11-04 02:04:48,335 [INFO] Epoch [88/150] Train Loss: 1.6117 | Train Acc: 1.0000 (Classical:1.000 | Mesenchymal:1.000 | Neural:1.000 | Proneural:1.000) || Val Loss: 1.2056 | Val Acc: 0.7083 (Classical:0.833 | Mesenchymal:0.778 | Neural:0.250 | Proneural:0.800) || LR: 0.000100
2025-11-04 02:04:49,042 [INFO] Epoch [89/150] Train Loss: 1.6514 | Train Acc: 1.0000 (Classical:1.000 | Mesenchymal:1.000 | Neural:1.000 | Proneural:1.000) || Val Loss: 1.2132 | Val Acc: 0.7083 (Classical:0.833 | Mesenchymal:0.778 | Neural:0.250 | Proneural:0.800) || LR: 0.000100
2025-11-04 02:04:49,665 [INFO] Epoch [90/150] Train Loss: 1.6211 | Train Acc: 1.0000 (Classical:1.000 | Mesenchymal:1.000 | Neural:1.000 | Proneural:1.000) || Val Loss: 1.2172 | Val Acc: 0.7083 (Classical:0.833 | Mesenchymal:0.778 | Neural:0.250 | Proneural:0.800) || LR: 0.000100
2025-11-04 02:04:50,334 [INFO] Epoch [91/150] Train Loss: 1.5981 | Train Acc: 1.0000 (Classical:1.000 | Mesenchymal:1.000 | Neural:1.000 | Proneural:1.000) || Val Loss: 1.2157 | Val Acc: 0.6667 (Classical:0.833 | Mesenchymal:0.778 | Neural:0.000 | Proneural:0.800) || LR: 0.000100
2025-11-04 02:04:51,100 [INFO] Epoch [92/150] Train Loss: 1.6244 | Train Acc: 1.0000 (Classical:1.000 | Mesenchymal:1.000 | Neural:1.000 | Proneural:1.000) || Val Loss: 1.2187 | Val Acc: 0.7083 (Classical:0.833 | Mesenchymal:0.778 | Neural:0.250 | Proneural:0.800) || LR: 0.000100
2025-11-04 02:04:51,893 [INFO] Epoch [93/150] Train Loss: 1.6221 | Train Acc: 1.0000 (Classical:1.000 | Mesenchymal:1.000 | Neural:1.000 | Proneural:1.000) || Val Loss: 1.2061 | Val Acc: 0.7083 (Classical:0.833 | Mesenchymal:0.778 | Neural:0.250 | Proneural:0.800) || LR: 0.000100
2025-11-04 02:04:51,893 [INFO] Early stopping at epoch 93
2025-11-04 02:04:51,959 [INFO] Training completed. Best accuracy: 0.7917
2025-11-04 02:04:51,960 [INFO] Log: ./logs/train_20251104_020342.log, Model: ./models/best_model.pth
2025-11-04 02:04:52,275 [INFO] FINAL PER-CLASS | Train Acc: 1.0000 (Classical:1.000 | Mesenchymal:1.000 | Neural:1.000 | Proneural:1.000) || Val Acc: 0.7917 (Classical:1.000 | Mesenchymal:0.778 | Neural:0.500 | Proneural:0.800)
2025-11-04 02:04:52,383 [INFO] FINAL PER-CLASS | Test  Acc: 0.7000 (Classical:1.000 | Mesenchymal:0.800 | Neural:0.200 | Proneural:0.571)
