2025-11-04 02:22:15,143 [INFO] Model parameters: 33,024,228, Classes: 4
2025-11-04 02:22:15,143 [INFO] Enhanced regularization: Dropout=0.2, Weight_decay=0.0005
2025-11-04 02:22:15,730 [INFO] Regularized Attention-MOI Training Started
2025-11-04 02:22:15,730 [INFO] Training started with enhanced regularization
2025-11-04 02:22:15,730 [INFO] Dropout: 0.2, Weight decay: 0.0005
2025-11-04 02:22:16,294 [INFO] Epoch [1/150] Train Loss: 2.0730 | Train Acc: 0.5426 (Classical:0.160 | Mesenchymal:0.594 | Neural:0.500 | Proneural:0.952) || Val Loss: 1.3880 | Val Acc: 0.3333 (Classical:0.000 | Mesenchymal:0.333 | Neural:0.750 | Proneural:0.400) || LR: 0.000050
2025-11-04 02:22:16,527 [INFO] Best model saved with val_acc: 0.3333
2025-11-04 02:22:16,855 [INFO] Epoch [2/150] Train Loss: 1.8664 | Train Acc: 0.7021 (Classical:0.440 | Mesenchymal:0.750 | Neural:0.688 | Proneural:0.952) || Val Loss: 1.2714 | Val Acc: 0.2917 (Classical:0.167 | Mesenchymal:0.333 | Neural:0.250 | Proneural:0.400) || LR: 0.000050
2025-11-04 02:22:17,169 [INFO] Epoch [3/150] Train Loss: 1.8040 | Train Acc: 0.8085 (Classical:0.560 | Mesenchymal:0.844 | Neural:0.938 | Proneural:0.952) || Val Loss: 1.2401 | Val Acc: 0.3333 (Classical:0.333 | Mesenchymal:0.333 | Neural:0.250 | Proneural:0.400) || LR: 0.000050
2025-11-04 02:22:17,509 [INFO] Epoch [4/150] Train Loss: 1.7371 | Train Acc: 0.8404 (Classical:0.680 | Mesenchymal:0.844 | Neural:0.938 | Proneural:0.952) || Val Loss: 1.2198 | Val Acc: 0.4583 (Classical:0.500 | Mesenchymal:0.444 | Neural:0.250 | Proneural:0.600) || LR: 0.000050
2025-11-04 02:22:17,691 [INFO] Best model saved with val_acc: 0.4583
2025-11-04 02:22:18,047 [INFO] Epoch [5/150] Train Loss: 1.7372 | Train Acc: 0.8404 (Classical:0.720 | Mesenchymal:0.781 | Neural:0.938 | Proneural:1.000) || Val Loss: 1.1786 | Val Acc: 0.4583 (Classical:0.667 | Mesenchymal:0.444 | Neural:0.000 | Proneural:0.600) || LR: 0.000050
2025-11-04 02:22:18,385 [INFO] Epoch [6/150] Train Loss: 1.6634 | Train Acc: 0.8404 (Classical:0.720 | Mesenchymal:0.781 | Neural:0.938 | Proneural:1.000) || Val Loss: 1.1684 | Val Acc: 0.5833 (Classical:0.667 | Mesenchymal:0.556 | Neural:0.500 | Proneural:0.600) || LR: 0.000050
2025-11-04 02:22:18,555 [INFO] Best model saved with val_acc: 0.5833
2025-11-04 02:22:18,881 [INFO] Epoch [7/150] Train Loss: 1.7134 | Train Acc: 0.8936 (Classical:0.800 | Mesenchymal:0.844 | Neural:1.000 | Proneural:1.000) || Val Loss: 1.1390 | Val Acc: 0.5833 (Classical:0.833 | Mesenchymal:0.556 | Neural:0.250 | Proneural:0.600) || LR: 0.000050
2025-11-04 02:22:19,187 [INFO] Epoch [8/150] Train Loss: 1.6222 | Train Acc: 0.9149 (Classical:0.800 | Mesenchymal:0.906 | Neural:1.000 | Proneural:1.000) || Val Loss: 1.1272 | Val Acc: 0.5833 (Classical:0.833 | Mesenchymal:0.556 | Neural:0.250 | Proneural:0.600) || LR: 0.000050
2025-11-04 02:22:19,493 [INFO] Epoch [9/150] Train Loss: 1.5880 | Train Acc: 0.9149 (Classical:0.800 | Mesenchymal:0.906 | Neural:1.000 | Proneural:1.000) || Val Loss: 1.1500 | Val Acc: 0.5417 (Classical:0.500 | Mesenchymal:0.667 | Neural:0.250 | Proneural:0.600) || LR: 0.000050
2025-11-04 02:22:19,803 [INFO] Epoch [10/150] Train Loss: 1.6129 | Train Acc: 0.9468 (Classical:0.840 | Mesenchymal:0.969 | Neural:1.000 | Proneural:1.000) || Val Loss: 1.1141 | Val Acc: 0.6250 (Classical:0.833 | Mesenchymal:0.667 | Neural:0.250 | Proneural:0.600) || LR: 0.000050
2025-11-04 02:22:19,977 [INFO] Best model saved with val_acc: 0.6250
2025-11-04 02:22:20,308 [INFO] Epoch [11/150] Train Loss: 1.5771 | Train Acc: 0.9574 (Classical:0.920 | Mesenchymal:0.938 | Neural:1.000 | Proneural:1.000) || Val Loss: 1.1486 | Val Acc: 0.5417 (Classical:0.833 | Mesenchymal:0.444 | Neural:0.250 | Proneural:0.600) || LR: 0.000050
2025-11-04 02:22:20,667 [INFO] Epoch [12/150] Train Loss: 1.5583 | Train Acc: 0.9468 (Classical:0.880 | Mesenchymal:0.938 | Neural:1.000 | Proneural:1.000) || Val Loss: 1.1657 | Val Acc: 0.5833 (Classical:0.833 | Mesenchymal:0.556 | Neural:0.250 | Proneural:0.600) || LR: 0.000050
2025-11-04 02:22:21,005 [INFO] Epoch [13/150] Train Loss: 1.5311 | Train Acc: 0.9574 (Classical:0.920 | Mesenchymal:0.938 | Neural:1.000 | Proneural:1.000) || Val Loss: 1.1466 | Val Acc: 0.5417 (Classical:0.833 | Mesenchymal:0.444 | Neural:0.250 | Proneural:0.600) || LR: 0.000050
2025-11-04 02:22:21,314 [INFO] Epoch [14/150] Train Loss: 1.4910 | Train Acc: 0.9787 (Classical:0.960 | Mesenchymal:0.969 | Neural:1.000 | Proneural:1.000) || Val Loss: 1.1157 | Val Acc: 0.7083 (Classical:0.833 | Mesenchymal:0.778 | Neural:0.250 | Proneural:0.800) || LR: 0.000050
2025-11-04 02:22:21,463 [INFO] Best model saved with val_acc: 0.7083
2025-11-04 02:22:21,789 [INFO] Epoch [15/150] Train Loss: 1.4858 | Train Acc: 0.9787 (Classical:0.960 | Mesenchymal:0.969 | Neural:1.000 | Proneural:1.000) || Val Loss: 1.1191 | Val Acc: 0.7083 (Classical:0.833 | Mesenchymal:0.778 | Neural:0.250 | Proneural:0.800) || LR: 0.000050
2025-11-04 02:22:22,085 [INFO] Epoch [16/150] Train Loss: 1.4651 | Train Acc: 0.9787 (Classical:0.960 | Mesenchymal:0.969 | Neural:1.000 | Proneural:1.000) || Val Loss: 1.1170 | Val Acc: 0.6250 (Classical:0.833 | Mesenchymal:0.556 | Neural:0.500 | Proneural:0.600) || LR: 0.000050
2025-11-04 02:22:22,379 [INFO] Epoch [17/150] Train Loss: 1.5122 | Train Acc: 1.0000 (Classical:1.000 | Mesenchymal:1.000 | Neural:1.000 | Proneural:1.000) || Val Loss: 1.1574 | Val Acc: 0.5833 (Classical:0.667 | Mesenchymal:0.667 | Neural:0.250 | Proneural:0.600) || LR: 0.000050
2025-11-04 02:22:22,676 [INFO] Epoch [18/150] Train Loss: 1.3884 | Train Acc: 1.0000 (Classical:1.000 | Mesenchymal:1.000 | Neural:1.000 | Proneural:1.000) || Val Loss: 1.1665 | Val Acc: 0.5833 (Classical:0.833 | Mesenchymal:0.444 | Neural:0.250 | Proneural:0.800) || LR: 0.000050
2025-11-04 02:22:22,980 [INFO] Epoch [19/150] Train Loss: 1.4481 | Train Acc: 1.0000 (Classical:1.000 | Mesenchymal:1.000 | Neural:1.000 | Proneural:1.000) || Val Loss: 1.1672 | Val Acc: 0.5000 (Classical:0.833 | Mesenchymal:0.222 | Neural:0.250 | Proneural:0.800) || LR: 0.000050
2025-11-04 02:22:23,320 [INFO] Epoch [20/150] Train Loss: 1.4584 | Train Acc: 1.0000 (Classical:1.000 | Mesenchymal:1.000 | Neural:1.000 | Proneural:1.000) || Val Loss: 1.1646 | Val Acc: 0.5417 (Classical:0.667 | Mesenchymal:0.444 | Neural:0.250 | Proneural:0.800) || LR: 0.000050
2025-11-04 02:22:23,624 [INFO] Epoch [21/150] Train Loss: 1.4258 | Train Acc: 1.0000 (Classical:1.000 | Mesenchymal:1.000 | Neural:1.000 | Proneural:1.000) || Val Loss: 1.1575 | Val Acc: 0.6250 (Classical:0.667 | Mesenchymal:0.667 | Neural:0.250 | Proneural:0.800) || LR: 0.000050
2025-11-04 02:22:23,923 [INFO] Epoch [22/150] Train Loss: 1.4559 | Train Acc: 1.0000 (Classical:1.000 | Mesenchymal:1.000 | Neural:1.000 | Proneural:1.000) || Val Loss: 1.1536 | Val Acc: 0.5833 (Classical:0.667 | Mesenchymal:0.667 | Neural:0.000 | Proneural:0.800) || LR: 0.000050
2025-11-04 02:22:24,230 [INFO] Epoch [23/150] Train Loss: 1.3946 | Train Acc: 1.0000 (Classical:1.000 | Mesenchymal:1.000 | Neural:1.000 | Proneural:1.000) || Val Loss: 1.1418 | Val Acc: 0.5833 (Classical:0.667 | Mesenchymal:0.667 | Neural:0.000 | Proneural:0.800) || LR: 0.000050
2025-11-04 02:22:24,535 [INFO] Epoch [24/150] Train Loss: 1.3744 | Train Acc: 1.0000 (Classical:1.000 | Mesenchymal:1.000 | Neural:1.000 | Proneural:1.000) || Val Loss: 1.1095 | Val Acc: 0.6250 (Classical:0.667 | Mesenchymal:0.667 | Neural:0.250 | Proneural:0.800) || LR: 0.000050
2025-11-04 02:22:24,845 [INFO] Epoch [25/150] Train Loss: 1.3500 | Train Acc: 1.0000 (Classical:1.000 | Mesenchymal:1.000 | Neural:1.000 | Proneural:1.000) || Val Loss: 1.1060 | Val Acc: 0.6250 (Classical:0.833 | Mesenchymal:0.667 | Neural:0.000 | Proneural:0.800) || LR: 0.000050
2025-11-04 02:22:25,157 [INFO] Epoch [26/150] Train Loss: 1.4174 | Train Acc: 1.0000 (Classical:1.000 | Mesenchymal:1.000 | Neural:1.000 | Proneural:1.000) || Val Loss: 1.1205 | Val Acc: 0.6667 (Classical:0.833 | Mesenchymal:0.667 | Neural:0.250 | Proneural:0.800) || LR: 0.000050
2025-11-04 02:22:25,501 [INFO] Epoch [27/150] Train Loss: 1.3460 | Train Acc: 1.0000 (Classical:1.000 | Mesenchymal:1.000 | Neural:1.000 | Proneural:1.000) || Val Loss: 1.1116 | Val Acc: 0.7083 (Classical:0.833 | Mesenchymal:0.778 | Neural:0.250 | Proneural:0.800) || LR: 0.000050
2025-11-04 02:22:25,838 [INFO] Epoch [28/150] Train Loss: 1.4542 | Train Acc: 1.0000 (Classical:1.000 | Mesenchymal:1.000 | Neural:1.000 | Proneural:1.000) || Val Loss: 1.1121 | Val Acc: 0.6667 (Classical:0.833 | Mesenchymal:0.667 | Neural:0.250 | Proneural:0.800) || LR: 0.000050
2025-11-04 02:22:26,153 [INFO] Epoch [29/150] Train Loss: 1.3898 | Train Acc: 1.0000 (Classical:1.000 | Mesenchymal:1.000 | Neural:1.000 | Proneural:1.000) || Val Loss: 1.0885 | Val Acc: 0.7083 (Classical:0.833 | Mesenchymal:0.667 | Neural:0.500 | Proneural:0.800) || LR: 0.000050
2025-11-04 02:22:26,464 [INFO] Epoch [30/150] Train Loss: 1.4186 | Train Acc: 1.0000 (Classical:1.000 | Mesenchymal:1.000 | Neural:1.000 | Proneural:1.000) || Val Loss: 1.0831 | Val Acc: 0.7917 (Classical:0.833 | Mesenchymal:0.778 | Neural:0.500 | Proneural:1.000) || LR: 0.000050
2025-11-04 02:22:26,634 [INFO] Best model saved with val_acc: 0.7917
2025-11-04 02:22:26,968 [INFO] Epoch [31/150] Train Loss: 1.3572 | Train Acc: 1.0000 (Classical:1.000 | Mesenchymal:1.000 | Neural:1.000 | Proneural:1.000) || Val Loss: 1.0789 | Val Acc: 0.6667 (Classical:0.833 | Mesenchymal:0.667 | Neural:0.250 | Proneural:0.800) || LR: 0.000050
2025-11-04 02:22:27,318 [INFO] Epoch [32/150] Train Loss: 1.3599 | Train Acc: 1.0000 (Classical:1.000 | Mesenchymal:1.000 | Neural:1.000 | Proneural:1.000) || Val Loss: 1.1064 | Val Acc: 0.6667 (Classical:0.833 | Mesenchymal:0.667 | Neural:0.250 | Proneural:0.800) || LR: 0.000050
2025-11-04 02:22:27,647 [INFO] Epoch [33/150] Train Loss: 1.2752 | Train Acc: 1.0000 (Classical:1.000 | Mesenchymal:1.000 | Neural:1.000 | Proneural:1.000) || Val Loss: 1.0952 | Val Acc: 0.7083 (Classical:0.667 | Mesenchymal:0.778 | Neural:0.500 | Proneural:0.800) || LR: 0.000050
2025-11-04 02:22:27,956 [INFO] Epoch [34/150] Train Loss: 1.3020 | Train Acc: 1.0000 (Classical:1.000 | Mesenchymal:1.000 | Neural:1.000 | Proneural:1.000) || Val Loss: 1.0977 | Val Acc: 0.7083 (Classical:0.667 | Mesenchymal:0.778 | Neural:0.500 | Proneural:0.800) || LR: 0.000050
2025-11-04 02:22:28,267 [INFO] Epoch [35/150] Train Loss: 1.3233 | Train Acc: 1.0000 (Classical:1.000 | Mesenchymal:1.000 | Neural:1.000 | Proneural:1.000) || Val Loss: 1.1428 | Val Acc: 0.7500 (Classical:0.833 | Mesenchymal:0.778 | Neural:0.500 | Proneural:0.800) || LR: 0.000050
2025-11-04 02:22:28,580 [INFO] Epoch [36/150] Train Loss: 1.3133 | Train Acc: 1.0000 (Classical:1.000 | Mesenchymal:1.000 | Neural:1.000 | Proneural:1.000) || Val Loss: 1.1371 | Val Acc: 0.7083 (Classical:0.833 | Mesenchymal:0.667 | Neural:0.500 | Proneural:0.800) || LR: 0.000050
2025-11-04 02:22:28,896 [INFO] Epoch [37/150] Train Loss: 1.3448 | Train Acc: 1.0000 (Classical:1.000 | Mesenchymal:1.000 | Neural:1.000 | Proneural:1.000) || Val Loss: 1.1558 | Val Acc: 0.7083 (Classical:0.667 | Mesenchymal:0.778 | Neural:0.500 | Proneural:0.800) || LR: 0.000050
2025-11-04 02:22:29,191 [INFO] Epoch [38/150] Train Loss: 1.3157 | Train Acc: 1.0000 (Classical:1.000 | Mesenchymal:1.000 | Neural:1.000 | Proneural:1.000) || Val Loss: 1.1535 | Val Acc: 0.6667 (Classical:0.667 | Mesenchymal:0.667 | Neural:0.500 | Proneural:0.800) || LR: 0.000050
2025-11-04 02:22:29,494 [INFO] Epoch [39/150] Train Loss: 1.2570 | Train Acc: 1.0000 (Classical:1.000 | Mesenchymal:1.000 | Neural:1.000 | Proneural:1.000) || Val Loss: 1.1605 | Val Acc: 0.6667 (Classical:0.667 | Mesenchymal:0.667 | Neural:0.500 | Proneural:0.800) || LR: 0.000050
2025-11-04 02:22:29,833 [INFO] Epoch [40/150] Train Loss: 1.2904 | Train Acc: 1.0000 (Classical:1.000 | Mesenchymal:1.000 | Neural:1.000 | Proneural:1.000) || Val Loss: 1.1580 | Val Acc: 0.6667 (Classical:0.667 | Mesenchymal:0.667 | Neural:0.500 | Proneural:0.800) || LR: 0.000050
2025-11-04 02:22:30,136 [INFO] Epoch [41/150] Train Loss: 1.3076 | Train Acc: 1.0000 (Classical:1.000 | Mesenchymal:1.000 | Neural:1.000 | Proneural:1.000) || Val Loss: 1.1605 | Val Acc: 0.6667 (Classical:0.667 | Mesenchymal:0.667 | Neural:0.500 | Proneural:0.800) || LR: 0.000050
2025-11-04 02:22:30,438 [INFO] Epoch [42/150] Train Loss: 1.2928 | Train Acc: 1.0000 (Classical:1.000 | Mesenchymal:1.000 | Neural:1.000 | Proneural:1.000) || Val Loss: 1.1675 | Val Acc: 0.6667 (Classical:0.667 | Mesenchymal:0.667 | Neural:0.500 | Proneural:0.800) || LR: 0.000050
2025-11-04 02:22:30,743 [INFO] Epoch [43/150] Train Loss: 1.3101 | Train Acc: 1.0000 (Classical:1.000 | Mesenchymal:1.000 | Neural:1.000 | Proneural:1.000) || Val Loss: 1.1280 | Val Acc: 0.7083 (Classical:0.667 | Mesenchymal:0.778 | Neural:0.500 | Proneural:0.800) || LR: 0.000050
2025-11-04 02:22:31,049 [INFO] Epoch [44/150] Train Loss: 1.2791 | Train Acc: 1.0000 (Classical:1.000 | Mesenchymal:1.000 | Neural:1.000 | Proneural:1.000) || Val Loss: 1.1311 | Val Acc: 0.6250 (Classical:0.667 | Mesenchymal:0.667 | Neural:0.250 | Proneural:0.800) || LR: 0.000050
2025-11-04 02:22:31,348 [INFO] Epoch [45/150] Train Loss: 1.3013 | Train Acc: 1.0000 (Classical:1.000 | Mesenchymal:1.000 | Neural:1.000 | Proneural:1.000) || Val Loss: 1.0949 | Val Acc: 0.7500 (Classical:0.833 | Mesenchymal:0.778 | Neural:0.500 | Proneural:0.800) || LR: 0.000050
2025-11-04 02:22:31,643 [INFO] Epoch [46/150] Train Loss: 1.2774 | Train Acc: 1.0000 (Classical:1.000 | Mesenchymal:1.000 | Neural:1.000 | Proneural:1.000) || Val Loss: 1.1033 | Val Acc: 0.7083 (Classical:0.833 | Mesenchymal:0.667 | Neural:0.500 | Proneural:0.800) || LR: 0.000050
2025-11-04 02:22:31,951 [INFO] Epoch [47/150] Train Loss: 1.2748 | Train Acc: 1.0000 (Classical:1.000 | Mesenchymal:1.000 | Neural:1.000 | Proneural:1.000) || Val Loss: 1.0945 | Val Acc: 0.7083 (Classical:0.833 | Mesenchymal:0.778 | Neural:0.250 | Proneural:0.800) || LR: 0.000050
2025-11-04 02:22:32,267 [INFO] Epoch [48/150] Train Loss: 1.2651 | Train Acc: 1.0000 (Classical:1.000 | Mesenchymal:1.000 | Neural:1.000 | Proneural:1.000) || Val Loss: 1.0782 | Val Acc: 0.6667 (Classical:0.833 | Mesenchymal:0.667 | Neural:0.250 | Proneural:0.800) || LR: 0.000050
2025-11-04 02:22:32,635 [INFO] Epoch [49/150] Train Loss: 1.3227 | Train Acc: 1.0000 (Classical:1.000 | Mesenchymal:1.000 | Neural:1.000 | Proneural:1.000) || Val Loss: 1.0796 | Val Acc: 0.6667 (Classical:0.833 | Mesenchymal:0.667 | Neural:0.250 | Proneural:0.800) || LR: 0.000050
2025-11-04 02:22:32,956 [INFO] Epoch [50/150] Train Loss: 1.2933 | Train Acc: 1.0000 (Classical:1.000 | Mesenchymal:1.000 | Neural:1.000 | Proneural:1.000) || Val Loss: 1.1226 | Val Acc: 0.6667 (Classical:0.667 | Mesenchymal:0.778 | Neural:0.250 | Proneural:0.800) || LR: 0.000050
2025-11-04 02:22:33,267 [INFO] Epoch [51/150] Train Loss: 1.2645 | Train Acc: 1.0000 (Classical:1.000 | Mesenchymal:1.000 | Neural:1.000 | Proneural:1.000) || Val Loss: 1.1312 | Val Acc: 0.6667 (Classical:0.667 | Mesenchymal:0.778 | Neural:0.250 | Proneural:0.800) || LR: 0.000050
2025-11-04 02:22:33,580 [INFO] Epoch [52/150] Train Loss: 1.2529 | Train Acc: 1.0000 (Classical:1.000 | Mesenchymal:1.000 | Neural:1.000 | Proneural:1.000) || Val Loss: 1.1371 | Val Acc: 0.6250 (Classical:0.667 | Mesenchymal:0.667 | Neural:0.250 | Proneural:0.800) || LR: 0.000050
2025-11-04 02:22:33,896 [INFO] Epoch [53/150] Train Loss: 1.2267 | Train Acc: 1.0000 (Classical:1.000 | Mesenchymal:1.000 | Neural:1.000 | Proneural:1.000) || Val Loss: 1.1261 | Val Acc: 0.6250 (Classical:0.667 | Mesenchymal:0.667 | Neural:0.250 | Proneural:0.800) || LR: 0.000050
2025-11-04 02:22:34,231 [INFO] Epoch [54/150] Train Loss: 1.2810 | Train Acc: 1.0000 (Classical:1.000 | Mesenchymal:1.000 | Neural:1.000 | Proneural:1.000) || Val Loss: 1.1915 | Val Acc: 0.6667 (Classical:0.667 | Mesenchymal:0.778 | Neural:0.250 | Proneural:0.800) || LR: 0.000050
2025-11-04 02:22:34,561 [INFO] Epoch [55/150] Train Loss: 1.2629 | Train Acc: 1.0000 (Classical:1.000 | Mesenchymal:1.000 | Neural:1.000 | Proneural:1.000) || Val Loss: 1.1702 | Val Acc: 0.6250 (Classical:0.667 | Mesenchymal:0.667 | Neural:0.250 | Proneural:0.800) || LR: 0.000050
2025-11-04 02:22:34,900 [INFO] Epoch [56/150] Train Loss: 1.2629 | Train Acc: 1.0000 (Classical:1.000 | Mesenchymal:1.000 | Neural:1.000 | Proneural:1.000) || Val Loss: 1.1698 | Val Acc: 0.6667 (Classical:0.833 | Mesenchymal:0.667 | Neural:0.250 | Proneural:0.800) || LR: 0.000050
2025-11-04 02:22:35,228 [INFO] Epoch [57/150] Train Loss: 1.2374 | Train Acc: 1.0000 (Classical:1.000 | Mesenchymal:1.000 | Neural:1.000 | Proneural:1.000) || Val Loss: 1.1788 | Val Acc: 0.6667 (Classical:0.833 | Mesenchymal:0.667 | Neural:0.250 | Proneural:0.800) || LR: 0.000050
2025-11-04 02:22:35,543 [INFO] Epoch [58/150] Train Loss: 1.2248 | Train Acc: 1.0000 (Classical:1.000 | Mesenchymal:1.000 | Neural:1.000 | Proneural:1.000) || Val Loss: 1.2027 | Val Acc: 0.6250 (Classical:0.833 | Mesenchymal:0.556 | Neural:0.250 | Proneural:0.800) || LR: 0.000050
2025-11-04 02:22:35,855 [INFO] Epoch [59/150] Train Loss: 1.2081 | Train Acc: 1.0000 (Classical:1.000 | Mesenchymal:1.000 | Neural:1.000 | Proneural:1.000) || Val Loss: 1.2133 | Val Acc: 0.5833 (Classical:0.667 | Mesenchymal:0.667 | Neural:0.250 | Proneural:0.600) || LR: 0.000050
2025-11-04 02:22:36,167 [INFO] Epoch [60/150] Train Loss: 1.2367 | Train Acc: 1.0000 (Classical:1.000 | Mesenchymal:1.000 | Neural:1.000 | Proneural:1.000) || Val Loss: 1.1978 | Val Acc: 0.6250 (Classical:0.667 | Mesenchymal:0.667 | Neural:0.250 | Proneural:0.800) || LR: 0.000050
2025-11-04 02:22:36,498 [INFO] Epoch [61/150] Train Loss: 1.2099 | Train Acc: 1.0000 (Classical:1.000 | Mesenchymal:1.000 | Neural:1.000 | Proneural:1.000) || Val Loss: 1.1989 | Val Acc: 0.6667 (Classical:0.833 | Mesenchymal:0.667 | Neural:0.250 | Proneural:0.800) || LR: 0.000050
2025-11-04 02:22:36,818 [INFO] Epoch [62/150] Train Loss: 1.2305 | Train Acc: 1.0000 (Classical:1.000 | Mesenchymal:1.000 | Neural:1.000 | Proneural:1.000) || Val Loss: 1.1828 | Val Acc: 0.6667 (Classical:0.833 | Mesenchymal:0.667 | Neural:0.250 | Proneural:0.800) || LR: 0.000050
2025-11-04 02:22:37,131 [INFO] Epoch [63/150] Train Loss: 1.1879 | Train Acc: 1.0000 (Classical:1.000 | Mesenchymal:1.000 | Neural:1.000 | Proneural:1.000) || Val Loss: 1.1928 | Val Acc: 0.6250 (Classical:0.667 | Mesenchymal:0.667 | Neural:0.250 | Proneural:0.800) || LR: 0.000050
2025-11-04 02:22:37,434 [INFO] Epoch [64/150] Train Loss: 1.1810 | Train Acc: 1.0000 (Classical:1.000 | Mesenchymal:1.000 | Neural:1.000 | Proneural:1.000) || Val Loss: 1.1902 | Val Acc: 0.5833 (Classical:0.667 | Mesenchymal:0.556 | Neural:0.250 | Proneural:0.800) || LR: 0.000050
2025-11-04 02:22:37,741 [INFO] Epoch [65/150] Train Loss: 1.2034 | Train Acc: 1.0000 (Classical:1.000 | Mesenchymal:1.000 | Neural:1.000 | Proneural:1.000) || Val Loss: 1.1438 | Val Acc: 0.6667 (Classical:0.833 | Mesenchymal:0.667 | Neural:0.250 | Proneural:0.800) || LR: 0.000050
2025-11-04 02:22:38,046 [INFO] Epoch [66/150] Train Loss: 1.1631 | Train Acc: 1.0000 (Classical:1.000 | Mesenchymal:1.000 | Neural:1.000 | Proneural:1.000) || Val Loss: 1.1152 | Val Acc: 0.6667 (Classical:0.833 | Mesenchymal:0.667 | Neural:0.250 | Proneural:0.800) || LR: 0.000050
2025-11-04 02:22:38,360 [INFO] Epoch [67/150] Train Loss: 1.2321 | Train Acc: 1.0000 (Classical:1.000 | Mesenchymal:1.000 | Neural:1.000 | Proneural:1.000) || Val Loss: 1.1281 | Val Acc: 0.7083 (Classical:0.833 | Mesenchymal:0.778 | Neural:0.250 | Proneural:0.800) || LR: 0.000050
2025-11-04 02:22:38,679 [INFO] Epoch [68/150] Train Loss: 1.1740 | Train Acc: 1.0000 (Classical:1.000 | Mesenchymal:1.000 | Neural:1.000 | Proneural:1.000) || Val Loss: 1.0958 | Val Acc: 0.7083 (Classical:0.833 | Mesenchymal:0.778 | Neural:0.250 | Proneural:0.800) || LR: 0.000050
2025-11-04 02:22:38,992 [INFO] Epoch [69/150] Train Loss: 1.2057 | Train Acc: 1.0000 (Classical:1.000 | Mesenchymal:1.000 | Neural:1.000 | Proneural:1.000) || Val Loss: 1.1084 | Val Acc: 0.7083 (Classical:0.833 | Mesenchymal:0.778 | Neural:0.250 | Proneural:0.800) || LR: 0.000050
2025-11-04 02:22:39,325 [INFO] Epoch [70/150] Train Loss: 1.1780 | Train Acc: 1.0000 (Classical:1.000 | Mesenchymal:1.000 | Neural:1.000 | Proneural:1.000) || Val Loss: 1.1024 | Val Acc: 0.7500 (Classical:0.833 | Mesenchymal:0.889 | Neural:0.250 | Proneural:0.800) || LR: 0.000050
2025-11-04 02:22:39,637 [INFO] Epoch [71/150] Train Loss: 1.1478 | Train Acc: 1.0000 (Classical:1.000 | Mesenchymal:1.000 | Neural:1.000 | Proneural:1.000) || Val Loss: 1.1069 | Val Acc: 0.7083 (Classical:0.833 | Mesenchymal:0.778 | Neural:0.250 | Proneural:0.800) || LR: 0.000050
2025-11-04 02:22:39,945 [INFO] Epoch [72/150] Train Loss: 1.1436 | Train Acc: 1.0000 (Classical:1.000 | Mesenchymal:1.000 | Neural:1.000 | Proneural:1.000) || Val Loss: 1.0900 | Val Acc: 0.7083 (Classical:0.833 | Mesenchymal:0.778 | Neural:0.250 | Proneural:0.800) || LR: 0.000050
2025-11-04 02:22:40,259 [INFO] Epoch [73/150] Train Loss: 1.2007 | Train Acc: 1.0000 (Classical:1.000 | Mesenchymal:1.000 | Neural:1.000 | Proneural:1.000) || Val Loss: 1.0826 | Val Acc: 0.7083 (Classical:0.833 | Mesenchymal:0.778 | Neural:0.250 | Proneural:0.800) || LR: 0.000050
2025-11-04 02:22:40,563 [INFO] Epoch [74/150] Train Loss: 1.1665 | Train Acc: 1.0000 (Classical:1.000 | Mesenchymal:1.000 | Neural:1.000 | Proneural:1.000) || Val Loss: 1.1007 | Val Acc: 0.7083 (Classical:0.833 | Mesenchymal:0.778 | Neural:0.250 | Proneural:0.800) || LR: 0.000050
2025-11-04 02:22:40,869 [INFO] Epoch [75/150] Train Loss: 1.1684 | Train Acc: 1.0000 (Classical:1.000 | Mesenchymal:1.000 | Neural:1.000 | Proneural:1.000) || Val Loss: 1.0741 | Val Acc: 0.7083 (Classical:0.833 | Mesenchymal:0.778 | Neural:0.250 | Proneural:0.800) || LR: 0.000050
2025-11-04 02:22:41,183 [INFO] Epoch [76/150] Train Loss: 1.1586 | Train Acc: 1.0000 (Classical:1.000 | Mesenchymal:1.000 | Neural:1.000 | Proneural:1.000) || Val Loss: 1.0680 | Val Acc: 0.7083 (Classical:0.833 | Mesenchymal:0.778 | Neural:0.250 | Proneural:0.800) || LR: 0.000050
2025-11-04 02:22:41,496 [INFO] Epoch [77/150] Train Loss: 1.1802 | Train Acc: 1.0000 (Classical:1.000 | Mesenchymal:1.000 | Neural:1.000 | Proneural:1.000) || Val Loss: 1.0762 | Val Acc: 0.6667 (Classical:0.833 | Mesenchymal:0.667 | Neural:0.250 | Proneural:0.800) || LR: 0.000050
2025-11-04 02:22:41,802 [INFO] Epoch [78/150] Train Loss: 1.1752 | Train Acc: 1.0000 (Classical:1.000 | Mesenchymal:1.000 | Neural:1.000 | Proneural:1.000) || Val Loss: 1.0868 | Val Acc: 0.6667 (Classical:0.833 | Mesenchymal:0.667 | Neural:0.250 | Proneural:0.800) || LR: 0.000050
2025-11-04 02:22:42,127 [INFO] Epoch [79/150] Train Loss: 1.1815 | Train Acc: 1.0000 (Classical:1.000 | Mesenchymal:1.000 | Neural:1.000 | Proneural:1.000) || Val Loss: 1.0863 | Val Acc: 0.6667 (Classical:0.833 | Mesenchymal:0.667 | Neural:0.250 | Proneural:0.800) || LR: 0.000050
2025-11-04 02:22:42,443 [INFO] Epoch [80/150] Train Loss: 1.1579 | Train Acc: 1.0000 (Classical:1.000 | Mesenchymal:1.000 | Neural:1.000 | Proneural:1.000) || Val Loss: 1.0742 | Val Acc: 0.6667 (Classical:0.833 | Mesenchymal:0.667 | Neural:0.250 | Proneural:0.800) || LR: 0.000050
2025-11-04 02:22:42,443 [INFO] Early stopping at epoch 80
2025-11-04 02:22:42,458 [INFO] Training completed. Best accuracy: 0.7917
2025-11-04 02:22:42,458 [INFO] Log: ./logs/train_20251104_022214.log, Model: ./models/best_model.pth
2025-11-04 02:22:42,604 [INFO] FINAL PER-CLASS | Train Acc: 1.0000 (Classical:1.000 | Mesenchymal:1.000 | Neural:1.000 | Proneural:1.000) || Val Acc: 0.7917 (Classical:0.833 | Mesenchymal:0.778 | Neural:0.500 | Proneural:1.000)
2025-11-04 02:22:42,682 [INFO] FINAL PER-CLASS | Test  Acc: 0.6667 (Classical:0.500 | Mesenchymal:0.800 | Neural:0.600 | Proneural:0.714)
