2025-11-04 02:07:26,290 [INFO] Model parameters: 33,024,228, Classes: 4
2025-11-04 02:07:26,290 [INFO] Enhanced regularization: Dropout=0.3, Weight_decay=0.001
2025-11-04 02:07:27,002 [INFO] Regularized Attention-MOI Training Started
2025-11-04 02:07:27,003 [INFO] Training started with enhanced regularization
2025-11-04 02:07:27,003 [INFO] Dropout: 0.3, Weight decay: 0.001
2025-11-04 02:07:27,568 [INFO] Epoch [1/150] Train Loss: 2.6667 | Train Acc: 0.3617 (Classical:0.960 | Mesenchymal:0.281 | Neural:0.000 | Proneural:0.048) || Val Loss: 1.4203 | Val Acc: 0.3750 (Classical:1.000 | Mesenchymal:0.333 | Neural:0.000 | Proneural:0.000) || LR: 0.000100
2025-11-04 02:07:27,845 [INFO] Best model saved with val_acc: 0.3750
2025-11-04 02:07:28,096 [INFO] Epoch [2/150] Train Loss: 2.5569 | Train Acc: 0.4681 (Classical:0.920 | Mesenchymal:0.500 | Neural:0.125 | Proneural:0.143) || Val Loss: 1.3453 | Val Acc: 0.3750 (Classical:0.833 | Mesenchymal:0.444 | Neural:0.000 | Proneural:0.000) || LR: 0.000100
2025-11-04 02:07:28,304 [INFO] Epoch [3/150] Train Loss: 2.4280 | Train Acc: 0.5319 (Classical:0.920 | Mesenchymal:0.625 | Neural:0.125 | Proneural:0.238) || Val Loss: 1.3110 | Val Acc: 0.4167 (Classical:0.833 | Mesenchymal:0.556 | Neural:0.000 | Proneural:0.000) || LR: 0.000100
2025-11-04 02:07:28,648 [INFO] Best model saved with val_acc: 0.4167
2025-11-04 02:07:28,870 [INFO] Epoch [4/150] Train Loss: 2.3865 | Train Acc: 0.6915 (Classical:0.920 | Mesenchymal:0.719 | Neural:0.438 | Proneural:0.571) || Val Loss: 1.2612 | Val Acc: 0.4583 (Classical:0.833 | Mesenchymal:0.556 | Neural:0.250 | Proneural:0.000) || LR: 0.000100
2025-11-04 02:07:29,359 [INFO] Best model saved with val_acc: 0.4583
2025-11-04 02:07:29,596 [INFO] Epoch [5/150] Train Loss: 2.3891 | Train Acc: 0.7766 (Classical:1.000 | Mesenchymal:0.781 | Neural:0.438 | Proneural:0.762) || Val Loss: 1.2097 | Val Acc: 0.5000 (Classical:0.833 | Mesenchymal:0.556 | Neural:0.250 | Proneural:0.200) || LR: 0.000100
2025-11-04 02:07:30,027 [INFO] Best model saved with val_acc: 0.5000
2025-11-04 02:07:30,242 [INFO] Epoch [6/150] Train Loss: 2.3776 | Train Acc: 0.7979 (Classical:1.000 | Mesenchymal:0.781 | Neural:0.562 | Proneural:0.762) || Val Loss: 1.1842 | Val Acc: 0.5000 (Classical:0.833 | Mesenchymal:0.556 | Neural:0.250 | Proneural:0.200) || LR: 0.000100
2025-11-04 02:07:30,422 [INFO] Epoch [7/150] Train Loss: 2.3133 | Train Acc: 0.8298 (Classical:1.000 | Mesenchymal:0.812 | Neural:0.562 | Proneural:0.857) || Val Loss: 1.1601 | Val Acc: 0.4583 (Classical:0.667 | Mesenchymal:0.556 | Neural:0.250 | Proneural:0.200) || LR: 0.000100
2025-11-04 02:07:30,607 [INFO] Epoch [8/150] Train Loss: 2.3417 | Train Acc: 0.8511 (Classical:1.000 | Mesenchymal:0.812 | Neural:0.625 | Proneural:0.905) || Val Loss: 1.1471 | Val Acc: 0.4583 (Classical:0.667 | Mesenchymal:0.667 | Neural:0.000 | Proneural:0.200) || LR: 0.000100
2025-11-04 02:07:30,845 [INFO] Epoch [9/150] Train Loss: 2.3420 | Train Acc: 0.8936 (Classical:1.000 | Mesenchymal:0.906 | Neural:0.625 | Proneural:0.952) || Val Loss: 1.1279 | Val Acc: 0.5417 (Classical:0.833 | Mesenchymal:0.778 | Neural:0.000 | Proneural:0.200) || LR: 0.000100
2025-11-04 02:07:31,419 [INFO] Best model saved with val_acc: 0.5417
2025-11-04 02:07:31,617 [INFO] Epoch [10/150] Train Loss: 2.2795 | Train Acc: 0.8936 (Classical:1.000 | Mesenchymal:0.906 | Neural:0.625 | Proneural:0.952) || Val Loss: 1.1279 | Val Acc: 0.5833 (Classical:0.833 | Mesenchymal:0.778 | Neural:0.250 | Proneural:0.200) || LR: 0.000100
2025-11-04 02:07:32,218 [INFO] Best model saved with val_acc: 0.5833
2025-11-04 02:07:32,670 [INFO] Epoch [11/150] Train Loss: 2.2314 | Train Acc: 0.9255 (Classical:1.000 | Mesenchymal:0.938 | Neural:0.750 | Proneural:0.952) || Val Loss: 1.1200 | Val Acc: 0.5000 (Classical:0.833 | Mesenchymal:0.667 | Neural:0.250 | Proneural:0.000) || LR: 0.000100
2025-11-04 02:07:33,156 [INFO] Epoch [12/150] Train Loss: 2.2727 | Train Acc: 0.9255 (Classical:1.000 | Mesenchymal:0.938 | Neural:0.750 | Proneural:0.952) || Val Loss: 1.1165 | Val Acc: 0.5417 (Classical:0.833 | Mesenchymal:0.778 | Neural:0.250 | Proneural:0.000) || LR: 0.000100
2025-11-04 02:07:33,449 [INFO] Epoch [13/150] Train Loss: 2.2000 | Train Acc: 0.9362 (Classical:1.000 | Mesenchymal:0.938 | Neural:0.812 | Proneural:0.952) || Val Loss: 1.1145 | Val Acc: 0.5833 (Classical:0.833 | Mesenchymal:0.778 | Neural:0.250 | Proneural:0.200) || LR: 0.000100
2025-11-04 02:07:33,712 [INFO] Epoch [14/150] Train Loss: 2.1573 | Train Acc: 0.9362 (Classical:1.000 | Mesenchymal:0.938 | Neural:0.812 | Proneural:0.952) || Val Loss: 1.1112 | Val Acc: 0.5833 (Classical:0.833 | Mesenchymal:0.778 | Neural:0.250 | Proneural:0.200) || LR: 0.000100
2025-11-04 02:07:34,029 [INFO] Epoch [15/150] Train Loss: 2.2161 | Train Acc: 0.9468 (Classical:1.000 | Mesenchymal:0.938 | Neural:0.875 | Proneural:0.952) || Val Loss: 1.1047 | Val Acc: 0.5833 (Classical:0.833 | Mesenchymal:0.778 | Neural:0.250 | Proneural:0.200) || LR: 0.000100
2025-11-04 02:07:34,378 [INFO] Epoch [16/150] Train Loss: 2.2235 | Train Acc: 0.9574 (Classical:1.000 | Mesenchymal:0.938 | Neural:0.938 | Proneural:0.952) || Val Loss: 1.1049 | Val Acc: 0.5833 (Classical:0.833 | Mesenchymal:0.778 | Neural:0.250 | Proneural:0.200) || LR: 0.000100
2025-11-04 02:07:34,659 [INFO] Epoch [17/150] Train Loss: 2.1611 | Train Acc: 0.9574 (Classical:1.000 | Mesenchymal:0.938 | Neural:0.938 | Proneural:0.952) || Val Loss: 1.0980 | Val Acc: 0.5833 (Classical:0.833 | Mesenchymal:0.778 | Neural:0.250 | Proneural:0.200) || LR: 0.000100
2025-11-04 02:07:35,012 [INFO] Epoch [18/150] Train Loss: 2.1541 | Train Acc: 0.9574 (Classical:1.000 | Mesenchymal:0.938 | Neural:0.938 | Proneural:0.952) || Val Loss: 1.1081 | Val Acc: 0.5833 (Classical:0.833 | Mesenchymal:0.778 | Neural:0.250 | Proneural:0.200) || LR: 0.000100
2025-11-04 02:07:35,378 [INFO] Epoch [19/150] Train Loss: 2.1827 | Train Acc: 0.9574 (Classical:1.000 | Mesenchymal:0.938 | Neural:0.938 | Proneural:0.952) || Val Loss: 1.1073 | Val Acc: 0.5833 (Classical:0.833 | Mesenchymal:0.778 | Neural:0.250 | Proneural:0.200) || LR: 0.000100
2025-11-04 02:07:35,715 [INFO] Epoch [20/150] Train Loss: 2.1583 | Train Acc: 0.9574 (Classical:1.000 | Mesenchymal:0.938 | Neural:0.938 | Proneural:0.952) || Val Loss: 1.0982 | Val Acc: 0.5833 (Classical:0.833 | Mesenchymal:0.778 | Neural:0.250 | Proneural:0.200) || LR: 0.000100
2025-11-04 02:07:36,167 [INFO] Epoch [21/150] Train Loss: 2.1647 | Train Acc: 0.9681 (Classical:1.000 | Mesenchymal:0.938 | Neural:1.000 | Proneural:0.952) || Val Loss: 1.1065 | Val Acc: 0.5833 (Classical:0.833 | Mesenchymal:0.778 | Neural:0.250 | Proneural:0.200) || LR: 0.000100
2025-11-04 02:07:36,453 [INFO] Epoch [22/150] Train Loss: 2.1099 | Train Acc: 0.9787 (Classical:1.000 | Mesenchymal:0.969 | Neural:1.000 | Proneural:0.952) || Val Loss: 1.1164 | Val Acc: 0.5833 (Classical:0.833 | Mesenchymal:0.778 | Neural:0.250 | Proneural:0.200) || LR: 0.000100
2025-11-04 02:07:36,716 [INFO] Epoch [23/150] Train Loss: 2.1661 | Train Acc: 0.9787 (Classical:1.000 | Mesenchymal:0.969 | Neural:1.000 | Proneural:0.952) || Val Loss: 1.1302 | Val Acc: 0.5833 (Classical:0.833 | Mesenchymal:0.778 | Neural:0.250 | Proneural:0.200) || LR: 0.000100
2025-11-04 02:07:36,993 [INFO] Epoch [24/150] Train Loss: 2.1096 | Train Acc: 0.9787 (Classical:1.000 | Mesenchymal:0.969 | Neural:1.000 | Proneural:0.952) || Val Loss: 1.1317 | Val Acc: 0.5833 (Classical:0.833 | Mesenchymal:0.778 | Neural:0.250 | Proneural:0.200) || LR: 0.000100
2025-11-04 02:07:37,262 [INFO] Epoch [25/150] Train Loss: 2.1239 | Train Acc: 0.9787 (Classical:1.000 | Mesenchymal:0.969 | Neural:1.000 | Proneural:0.952) || Val Loss: 1.1256 | Val Acc: 0.5833 (Classical:0.833 | Mesenchymal:0.778 | Neural:0.250 | Proneural:0.200) || LR: 0.000100
2025-11-04 02:07:37,546 [INFO] Epoch [26/150] Train Loss: 2.1221 | Train Acc: 0.9894 (Classical:1.000 | Mesenchymal:0.969 | Neural:1.000 | Proneural:1.000) || Val Loss: 1.1219 | Val Acc: 0.6250 (Classical:0.833 | Mesenchymal:0.778 | Neural:0.250 | Proneural:0.400) || LR: 0.000100
2025-11-04 02:07:38,137 [INFO] Best model saved with val_acc: 0.6250
2025-11-04 02:07:38,416 [INFO] Epoch [27/150] Train Loss: 2.1276 | Train Acc: 0.9894 (Classical:1.000 | Mesenchymal:0.969 | Neural:1.000 | Proneural:1.000) || Val Loss: 1.1256 | Val Acc: 0.6250 (Classical:0.833 | Mesenchymal:0.778 | Neural:0.250 | Proneural:0.400) || LR: 0.000100
2025-11-04 02:07:38,707 [INFO] Epoch [28/150] Train Loss: 2.1209 | Train Acc: 1.0000 (Classical:1.000 | Mesenchymal:1.000 | Neural:1.000 | Proneural:1.000) || Val Loss: 1.1201 | Val Acc: 0.6250 (Classical:0.833 | Mesenchymal:0.778 | Neural:0.250 | Proneural:0.400) || LR: 0.000100
2025-11-04 02:07:38,971 [INFO] Epoch [29/150] Train Loss: 2.0823 | Train Acc: 1.0000 (Classical:1.000 | Mesenchymal:1.000 | Neural:1.000 | Proneural:1.000) || Val Loss: 1.1137 | Val Acc: 0.6667 (Classical:0.833 | Mesenchymal:0.778 | Neural:0.250 | Proneural:0.600) || LR: 0.000100
2025-11-04 02:07:39,602 [INFO] Best model saved with val_acc: 0.6667
2025-11-04 02:07:39,898 [INFO] Epoch [30/150] Train Loss: 2.0696 | Train Acc: 1.0000 (Classical:1.000 | Mesenchymal:1.000 | Neural:1.000 | Proneural:1.000) || Val Loss: 1.1065 | Val Acc: 0.6667 (Classical:0.833 | Mesenchymal:0.778 | Neural:0.250 | Proneural:0.600) || LR: 0.000100
2025-11-04 02:07:40,246 [INFO] Epoch [31/150] Train Loss: 2.0572 | Train Acc: 1.0000 (Classical:1.000 | Mesenchymal:1.000 | Neural:1.000 | Proneural:1.000) || Val Loss: 1.1313 | Val Acc: 0.6250 (Classical:1.000 | Mesenchymal:0.667 | Neural:0.250 | Proneural:0.400) || LR: 0.000100
2025-11-04 02:07:40,680 [INFO] Epoch [32/150] Train Loss: 2.0844 | Train Acc: 1.0000 (Classical:1.000 | Mesenchymal:1.000 | Neural:1.000 | Proneural:1.000) || Val Loss: 1.1126 | Val Acc: 0.6250 (Classical:0.833 | Mesenchymal:0.778 | Neural:0.250 | Proneural:0.400) || LR: 0.000100
2025-11-04 02:07:41,122 [INFO] Epoch [33/150] Train Loss: 2.0759 | Train Acc: 1.0000 (Classical:1.000 | Mesenchymal:1.000 | Neural:1.000 | Proneural:1.000) || Val Loss: 1.1183 | Val Acc: 0.5833 (Classical:0.833 | Mesenchymal:0.667 | Neural:0.250 | Proneural:0.400) || LR: 0.000100
2025-11-04 02:07:41,529 [INFO] Epoch [34/150] Train Loss: 2.0909 | Train Acc: 1.0000 (Classical:1.000 | Mesenchymal:1.000 | Neural:1.000 | Proneural:1.000) || Val Loss: 1.1092 | Val Acc: 0.6250 (Classical:0.833 | Mesenchymal:0.778 | Neural:0.250 | Proneural:0.400) || LR: 0.000100
2025-11-04 02:07:41,924 [INFO] Epoch [35/150] Train Loss: 2.0298 | Train Acc: 1.0000 (Classical:1.000 | Mesenchymal:1.000 | Neural:1.000 | Proneural:1.000) || Val Loss: 1.1176 | Val Acc: 0.6667 (Classical:1.000 | Mesenchymal:0.778 | Neural:0.250 | Proneural:0.400) || LR: 0.000100
2025-11-04 02:07:42,285 [INFO] Epoch [36/150] Train Loss: 2.0641 | Train Acc: 1.0000 (Classical:1.000 | Mesenchymal:1.000 | Neural:1.000 | Proneural:1.000) || Val Loss: 1.1098 | Val Acc: 0.6250 (Classical:0.833 | Mesenchymal:0.778 | Neural:0.250 | Proneural:0.400) || LR: 0.000100
2025-11-04 02:07:42,629 [INFO] Epoch [37/150] Train Loss: 2.0406 | Train Acc: 1.0000 (Classical:1.000 | Mesenchymal:1.000 | Neural:1.000 | Proneural:1.000) || Val Loss: 1.1105 | Val Acc: 0.6667 (Classical:1.000 | Mesenchymal:0.778 | Neural:0.250 | Proneural:0.400) || LR: 0.000100
2025-11-04 02:07:43,036 [INFO] Epoch [38/150] Train Loss: 2.0356 | Train Acc: 1.0000 (Classical:1.000 | Mesenchymal:1.000 | Neural:1.000 | Proneural:1.000) || Val Loss: 1.0969 | Val Acc: 0.6667 (Classical:1.000 | Mesenchymal:0.778 | Neural:0.250 | Proneural:0.400) || LR: 0.000100
2025-11-04 02:07:43,330 [INFO] Epoch [39/150] Train Loss: 2.0389 | Train Acc: 1.0000 (Classical:1.000 | Mesenchymal:1.000 | Neural:1.000 | Proneural:1.000) || Val Loss: 1.0824 | Val Acc: 0.6667 (Classical:1.000 | Mesenchymal:0.778 | Neural:0.250 | Proneural:0.400) || LR: 0.000100
2025-11-04 02:07:43,661 [INFO] Epoch [40/150] Train Loss: 2.0546 | Train Acc: 1.0000 (Classical:1.000 | Mesenchymal:1.000 | Neural:1.000 | Proneural:1.000) || Val Loss: 1.0956 | Val Acc: 0.6667 (Classical:1.000 | Mesenchymal:0.778 | Neural:0.250 | Proneural:0.400) || LR: 0.000100
2025-11-04 02:07:44,076 [INFO] Epoch [41/150] Train Loss: 1.9825 | Train Acc: 1.0000 (Classical:1.000 | Mesenchymal:1.000 | Neural:1.000 | Proneural:1.000) || Val Loss: 1.1016 | Val Acc: 0.6667 (Classical:1.000 | Mesenchymal:0.778 | Neural:0.250 | Proneural:0.400) || LR: 0.000100
2025-11-04 02:07:44,412 [INFO] Epoch [42/150] Train Loss: 1.9929 | Train Acc: 1.0000 (Classical:1.000 | Mesenchymal:1.000 | Neural:1.000 | Proneural:1.000) || Val Loss: 1.0942 | Val Acc: 0.6667 (Classical:1.000 | Mesenchymal:0.778 | Neural:0.250 | Proneural:0.400) || LR: 0.000100
2025-11-04 02:07:44,762 [INFO] Epoch [43/150] Train Loss: 1.9790 | Train Acc: 1.0000 (Classical:1.000 | Mesenchymal:1.000 | Neural:1.000 | Proneural:1.000) || Val Loss: 1.1074 | Val Acc: 0.7083 (Classical:1.000 | Mesenchymal:0.778 | Neural:0.500 | Proneural:0.400) || LR: 0.000100
2025-11-04 02:07:45,348 [INFO] Best model saved with val_acc: 0.7083
2025-11-04 02:07:45,798 [INFO] Epoch [44/150] Train Loss: 2.0444 | Train Acc: 1.0000 (Classical:1.000 | Mesenchymal:1.000 | Neural:1.000 | Proneural:1.000) || Val Loss: 1.1040 | Val Acc: 0.7083 (Classical:1.000 | Mesenchymal:0.778 | Neural:0.500 | Proneural:0.400) || LR: 0.000100
2025-11-04 02:07:46,194 [INFO] Epoch [45/150] Train Loss: 1.9481 | Train Acc: 1.0000 (Classical:1.000 | Mesenchymal:1.000 | Neural:1.000 | Proneural:1.000) || Val Loss: 1.1055 | Val Acc: 0.7083 (Classical:1.000 | Mesenchymal:0.778 | Neural:0.500 | Proneural:0.400) || LR: 0.000100
2025-11-04 02:07:46,561 [INFO] Epoch [46/150] Train Loss: 2.0125 | Train Acc: 1.0000 (Classical:1.000 | Mesenchymal:1.000 | Neural:1.000 | Proneural:1.000) || Val Loss: 1.1012 | Val Acc: 0.7083 (Classical:1.000 | Mesenchymal:0.778 | Neural:0.500 | Proneural:0.400) || LR: 0.000100
2025-11-04 02:07:46,934 [INFO] Epoch [47/150] Train Loss: 1.9849 | Train Acc: 1.0000 (Classical:1.000 | Mesenchymal:1.000 | Neural:1.000 | Proneural:1.000) || Val Loss: 1.0762 | Val Acc: 0.7500 (Classical:1.000 | Mesenchymal:0.778 | Neural:0.500 | Proneural:0.600) || LR: 0.000100
2025-11-04 02:07:47,458 [INFO] Best model saved with val_acc: 0.7500
2025-11-04 02:07:47,784 [INFO] Epoch [48/150] Train Loss: 1.9679 | Train Acc: 1.0000 (Classical:1.000 | Mesenchymal:1.000 | Neural:1.000 | Proneural:1.000) || Val Loss: 1.0902 | Val Acc: 0.7083 (Classical:1.000 | Mesenchymal:0.778 | Neural:0.500 | Proneural:0.400) || LR: 0.000100
2025-11-04 02:07:48,138 [INFO] Epoch [49/150] Train Loss: 1.9763 | Train Acc: 1.0000 (Classical:1.000 | Mesenchymal:1.000 | Neural:1.000 | Proneural:1.000) || Val Loss: 1.0842 | Val Acc: 0.7500 (Classical:1.000 | Mesenchymal:0.778 | Neural:0.500 | Proneural:0.600) || LR: 0.000100
2025-11-04 02:07:48,516 [INFO] Epoch [50/150] Train Loss: 1.9496 | Train Acc: 1.0000 (Classical:1.000 | Mesenchymal:1.000 | Neural:1.000 | Proneural:1.000) || Val Loss: 1.1013 | Val Acc: 0.7500 (Classical:1.000 | Mesenchymal:0.778 | Neural:0.500 | Proneural:0.600) || LR: 0.000100
2025-11-04 02:07:48,918 [INFO] Epoch [51/150] Train Loss: 1.9299 | Train Acc: 1.0000 (Classical:1.000 | Mesenchymal:1.000 | Neural:1.000 | Proneural:1.000) || Val Loss: 1.1072 | Val Acc: 0.7083 (Classical:1.000 | Mesenchymal:0.667 | Neural:0.500 | Proneural:0.600) || LR: 0.000100
2025-11-04 02:07:49,329 [INFO] Epoch [52/150] Train Loss: 1.9878 | Train Acc: 1.0000 (Classical:1.000 | Mesenchymal:1.000 | Neural:1.000 | Proneural:1.000) || Val Loss: 1.1115 | Val Acc: 0.7083 (Classical:1.000 | Mesenchymal:0.667 | Neural:0.500 | Proneural:0.600) || LR: 0.000100
2025-11-04 02:07:49,739 [INFO] Epoch [53/150] Train Loss: 1.9383 | Train Acc: 1.0000 (Classical:1.000 | Mesenchymal:1.000 | Neural:1.000 | Proneural:1.000) || Val Loss: 1.0940 | Val Acc: 0.7083 (Classical:1.000 | Mesenchymal:0.667 | Neural:0.500 | Proneural:0.600) || LR: 0.000100
2025-11-04 02:07:50,143 [INFO] Epoch [54/150] Train Loss: 1.9277 | Train Acc: 1.0000 (Classical:1.000 | Mesenchymal:1.000 | Neural:1.000 | Proneural:1.000) || Val Loss: 1.0930 | Val Acc: 0.7083 (Classical:1.000 | Mesenchymal:0.667 | Neural:0.500 | Proneural:0.600) || LR: 0.000100
2025-11-04 02:07:50,590 [INFO] Epoch [55/150] Train Loss: 1.9155 | Train Acc: 1.0000 (Classical:1.000 | Mesenchymal:1.000 | Neural:1.000 | Proneural:1.000) || Val Loss: 1.1032 | Val Acc: 0.6667 (Classical:1.000 | Mesenchymal:0.667 | Neural:0.500 | Proneural:0.400) || LR: 0.000100
2025-11-04 02:07:50,971 [INFO] Epoch [56/150] Train Loss: 1.9288 | Train Acc: 1.0000 (Classical:1.000 | Mesenchymal:1.000 | Neural:1.000 | Proneural:1.000) || Val Loss: 1.1055 | Val Acc: 0.6667 (Classical:1.000 | Mesenchymal:0.667 | Neural:0.500 | Proneural:0.400) || LR: 0.000100
2025-11-04 02:07:51,271 [INFO] Epoch [57/150] Train Loss: 1.9242 | Train Acc: 1.0000 (Classical:1.000 | Mesenchymal:1.000 | Neural:1.000 | Proneural:1.000) || Val Loss: 1.1037 | Val Acc: 0.7083 (Classical:1.000 | Mesenchymal:0.667 | Neural:0.500 | Proneural:0.600) || LR: 0.000100
2025-11-04 02:07:51,660 [INFO] Epoch [58/150] Train Loss: 1.8974 | Train Acc: 1.0000 (Classical:1.000 | Mesenchymal:1.000 | Neural:1.000 | Proneural:1.000) || Val Loss: 1.0927 | Val Acc: 0.7083 (Classical:1.000 | Mesenchymal:0.667 | Neural:0.500 | Proneural:0.600) || LR: 0.000100
2025-11-04 02:07:52,000 [INFO] Epoch [59/150] Train Loss: 1.9415 | Train Acc: 1.0000 (Classical:1.000 | Mesenchymal:1.000 | Neural:1.000 | Proneural:1.000) || Val Loss: 1.0947 | Val Acc: 0.7083 (Classical:1.000 | Mesenchymal:0.667 | Neural:0.500 | Proneural:0.600) || LR: 0.000100
2025-11-04 02:07:52,418 [INFO] Epoch [60/150] Train Loss: 1.8916 | Train Acc: 1.0000 (Classical:1.000 | Mesenchymal:1.000 | Neural:1.000 | Proneural:1.000) || Val Loss: 1.0954 | Val Acc: 0.7083 (Classical:1.000 | Mesenchymal:0.667 | Neural:0.500 | Proneural:0.600) || LR: 0.000100
2025-11-04 02:07:52,788 [INFO] Epoch [61/150] Train Loss: 1.9400 | Train Acc: 1.0000 (Classical:1.000 | Mesenchymal:1.000 | Neural:1.000 | Proneural:1.000) || Val Loss: 1.0891 | Val Acc: 0.7083 (Classical:1.000 | Mesenchymal:0.667 | Neural:0.500 | Proneural:0.600) || LR: 0.000100
2025-11-04 02:07:53,165 [INFO] Epoch [62/150] Train Loss: 1.8863 | Train Acc: 1.0000 (Classical:1.000 | Mesenchymal:1.000 | Neural:1.000 | Proneural:1.000) || Val Loss: 1.0890 | Val Acc: 0.7500 (Classical:1.000 | Mesenchymal:0.778 | Neural:0.500 | Proneural:0.600) || LR: 0.000100
2025-11-04 02:07:53,521 [INFO] Epoch [63/150] Train Loss: 1.8799 | Train Acc: 1.0000 (Classical:1.000 | Mesenchymal:1.000 | Neural:1.000 | Proneural:1.000) || Val Loss: 1.0861 | Val Acc: 0.7500 (Classical:1.000 | Mesenchymal:0.778 | Neural:0.500 | Proneural:0.600) || LR: 0.000100
2025-11-04 02:07:53,942 [INFO] Epoch [64/150] Train Loss: 1.9084 | Train Acc: 1.0000 (Classical:1.000 | Mesenchymal:1.000 | Neural:1.000 | Proneural:1.000) || Val Loss: 1.0977 | Val Acc: 0.7500 (Classical:1.000 | Mesenchymal:0.778 | Neural:0.500 | Proneural:0.600) || LR: 0.000100
2025-11-04 02:07:54,414 [INFO] Epoch [65/150] Train Loss: 1.9373 | Train Acc: 1.0000 (Classical:1.000 | Mesenchymal:1.000 | Neural:1.000 | Proneural:1.000) || Val Loss: 1.0793 | Val Acc: 0.7500 (Classical:1.000 | Mesenchymal:0.778 | Neural:0.500 | Proneural:0.600) || LR: 0.000100
2025-11-04 02:07:54,755 [INFO] Epoch [66/150] Train Loss: 1.9179 | Train Acc: 1.0000 (Classical:1.000 | Mesenchymal:1.000 | Neural:1.000 | Proneural:1.000) || Val Loss: 1.0898 | Val Acc: 0.7500 (Classical:1.000 | Mesenchymal:0.778 | Neural:0.500 | Proneural:0.600) || LR: 0.000100
2025-11-04 02:07:55,104 [INFO] Epoch [67/150] Train Loss: 1.8706 | Train Acc: 1.0000 (Classical:1.000 | Mesenchymal:1.000 | Neural:1.000 | Proneural:1.000) || Val Loss: 1.0973 | Val Acc: 0.7500 (Classical:1.000 | Mesenchymal:0.778 | Neural:0.500 | Proneural:0.600) || LR: 0.000100
2025-11-04 02:07:55,454 [INFO] Epoch [68/150] Train Loss: 1.8982 | Train Acc: 1.0000 (Classical:1.000 | Mesenchymal:1.000 | Neural:1.000 | Proneural:1.000) || Val Loss: 1.0835 | Val Acc: 0.7500 (Classical:1.000 | Mesenchymal:0.778 | Neural:0.500 | Proneural:0.600) || LR: 0.000100
2025-11-04 02:07:55,749 [INFO] Epoch [69/150] Train Loss: 1.8461 | Train Acc: 1.0000 (Classical:1.000 | Mesenchymal:1.000 | Neural:1.000 | Proneural:1.000) || Val Loss: 1.0912 | Val Acc: 0.7500 (Classical:1.000 | Mesenchymal:0.778 | Neural:0.500 | Proneural:0.600) || LR: 0.000100
2025-11-04 02:07:56,062 [INFO] Epoch [70/150] Train Loss: 1.8473 | Train Acc: 1.0000 (Classical:1.000 | Mesenchymal:1.000 | Neural:1.000 | Proneural:1.000) || Val Loss: 1.0945 | Val Acc: 0.7500 (Classical:1.000 | Mesenchymal:0.778 | Neural:0.500 | Proneural:0.600) || LR: 0.000100
2025-11-04 02:07:56,417 [INFO] Epoch [71/150] Train Loss: 1.8950 | Train Acc: 1.0000 (Classical:1.000 | Mesenchymal:1.000 | Neural:1.000 | Proneural:1.000) || Val Loss: 1.1012 | Val Acc: 0.7500 (Classical:1.000 | Mesenchymal:0.778 | Neural:0.500 | Proneural:0.600) || LR: 0.000100
2025-11-04 02:07:56,765 [INFO] Epoch [72/150] Train Loss: 1.8544 | Train Acc: 1.0000 (Classical:1.000 | Mesenchymal:1.000 | Neural:1.000 | Proneural:1.000) || Val Loss: 1.1260 | Val Acc: 0.7500 (Classical:1.000 | Mesenchymal:0.778 | Neural:0.500 | Proneural:0.600) || LR: 0.000100
2025-11-04 02:07:57,045 [INFO] Epoch [73/150] Train Loss: 1.8362 | Train Acc: 1.0000 (Classical:1.000 | Mesenchymal:1.000 | Neural:1.000 | Proneural:1.000) || Val Loss: 1.1199 | Val Acc: 0.7083 (Classical:1.000 | Mesenchymal:0.778 | Neural:0.250 | Proneural:0.600) || LR: 0.000100
2025-11-04 02:07:57,478 [INFO] Epoch [74/150] Train Loss: 1.8297 | Train Acc: 1.0000 (Classical:1.000 | Mesenchymal:1.000 | Neural:1.000 | Proneural:1.000) || Val Loss: 1.1326 | Val Acc: 0.7083 (Classical:1.000 | Mesenchymal:0.778 | Neural:0.250 | Proneural:0.600) || LR: 0.000100
2025-11-04 02:07:57,903 [INFO] Epoch [75/150] Train Loss: 1.8279 | Train Acc: 1.0000 (Classical:1.000 | Mesenchymal:1.000 | Neural:1.000 | Proneural:1.000) || Val Loss: 1.1186 | Val Acc: 0.7500 (Classical:1.000 | Mesenchymal:0.778 | Neural:0.500 | Proneural:0.600) || LR: 0.000100
2025-11-04 02:07:58,364 [INFO] Epoch [76/150] Train Loss: 1.8161 | Train Acc: 1.0000 (Classical:1.000 | Mesenchymal:1.000 | Neural:1.000 | Proneural:1.000) || Val Loss: 1.1212 | Val Acc: 0.7500 (Classical:1.000 | Mesenchymal:0.778 | Neural:0.500 | Proneural:0.600) || LR: 0.000100
2025-11-04 02:07:58,868 [INFO] Epoch [77/150] Train Loss: 1.8089 | Train Acc: 1.0000 (Classical:1.000 | Mesenchymal:1.000 | Neural:1.000 | Proneural:1.000) || Val Loss: 1.1299 | Val Acc: 0.7500 (Classical:1.000 | Mesenchymal:0.778 | Neural:0.500 | Proneural:0.600) || LR: 0.000100
2025-11-04 02:07:59,195 [INFO] Epoch [78/150] Train Loss: 1.8094 | Train Acc: 1.0000 (Classical:1.000 | Mesenchymal:1.000 | Neural:1.000 | Proneural:1.000) || Val Loss: 1.1455 | Val Acc: 0.7500 (Classical:1.000 | Mesenchymal:0.778 | Neural:0.500 | Proneural:0.600) || LR: 0.000100
2025-11-04 02:07:59,657 [INFO] Epoch [79/150] Train Loss: 1.7949 | Train Acc: 1.0000 (Classical:1.000 | Mesenchymal:1.000 | Neural:1.000 | Proneural:1.000) || Val Loss: 1.1446 | Val Acc: 0.7500 (Classical:1.000 | Mesenchymal:0.778 | Neural:0.500 | Proneural:0.600) || LR: 0.000100
2025-11-04 02:08:00,029 [INFO] Epoch [80/150] Train Loss: 1.8112 | Train Acc: 1.0000 (Classical:1.000 | Mesenchymal:1.000 | Neural:1.000 | Proneural:1.000) || Val Loss: 1.1364 | Val Acc: 0.7500 (Classical:1.000 | Mesenchymal:0.778 | Neural:0.500 | Proneural:0.600) || LR: 0.000100
2025-11-04 02:08:00,362 [INFO] Epoch [81/150] Train Loss: 1.8080 | Train Acc: 1.0000 (Classical:1.000 | Mesenchymal:1.000 | Neural:1.000 | Proneural:1.000) || Val Loss: 1.1383 | Val Acc: 0.7500 (Classical:1.000 | Mesenchymal:0.778 | Neural:0.500 | Proneural:0.600) || LR: 0.000100
2025-11-04 02:08:00,841 [INFO] Epoch [82/150] Train Loss: 1.7857 | Train Acc: 1.0000 (Classical:1.000 | Mesenchymal:1.000 | Neural:1.000 | Proneural:1.000) || Val Loss: 1.1311 | Val Acc: 0.7500 (Classical:1.000 | Mesenchymal:0.778 | Neural:0.500 | Proneural:0.600) || LR: 0.000100
2025-11-04 02:08:01,281 [INFO] Epoch [83/150] Train Loss: 1.8104 | Train Acc: 1.0000 (Classical:1.000 | Mesenchymal:1.000 | Neural:1.000 | Proneural:1.000) || Val Loss: 1.1259 | Val Acc: 0.7083 (Classical:0.833 | Mesenchymal:0.778 | Neural:0.500 | Proneural:0.600) || LR: 0.000100
2025-11-04 02:08:01,795 [INFO] Epoch [84/150] Train Loss: 1.7686 | Train Acc: 1.0000 (Classical:1.000 | Mesenchymal:1.000 | Neural:1.000 | Proneural:1.000) || Val Loss: 1.1173 | Val Acc: 0.7500 (Classical:1.000 | Mesenchymal:0.778 | Neural:0.500 | Proneural:0.600) || LR: 0.000100
2025-11-04 02:08:02,125 [INFO] Epoch [85/150] Train Loss: 1.8164 | Train Acc: 1.0000 (Classical:1.000 | Mesenchymal:1.000 | Neural:1.000 | Proneural:1.000) || Val Loss: 1.1109 | Val Acc: 0.7083 (Classical:0.833 | Mesenchymal:0.778 | Neural:0.500 | Proneural:0.600) || LR: 0.000100
2025-11-04 02:08:02,400 [INFO] Epoch [86/150] Train Loss: 1.7638 | Train Acc: 1.0000 (Classical:1.000 | Mesenchymal:1.000 | Neural:1.000 | Proneural:1.000) || Val Loss: 1.1075 | Val Acc: 0.7500 (Classical:1.000 | Mesenchymal:0.778 | Neural:0.500 | Proneural:0.600) || LR: 0.000100
2025-11-04 02:08:02,675 [INFO] Epoch [87/150] Train Loss: 1.7984 | Train Acc: 1.0000 (Classical:1.000 | Mesenchymal:1.000 | Neural:1.000 | Proneural:1.000) || Val Loss: 1.1070 | Val Acc: 0.7500 (Classical:1.000 | Mesenchymal:0.778 | Neural:0.500 | Proneural:0.600) || LR: 0.000100
2025-11-04 02:08:03,106 [INFO] Epoch [88/150] Train Loss: 1.8183 | Train Acc: 1.0000 (Classical:1.000 | Mesenchymal:1.000 | Neural:1.000 | Proneural:1.000) || Val Loss: 1.0981 | Val Acc: 0.7500 (Classical:1.000 | Mesenchymal:0.778 | Neural:0.500 | Proneural:0.600) || LR: 0.000100
2025-11-04 02:08:03,537 [INFO] Epoch [89/150] Train Loss: 1.7839 | Train Acc: 1.0000 (Classical:1.000 | Mesenchymal:1.000 | Neural:1.000 | Proneural:1.000) || Val Loss: 1.1059 | Val Acc: 0.7500 (Classical:1.000 | Mesenchymal:0.778 | Neural:0.500 | Proneural:0.600) || LR: 0.000100
2025-11-04 02:08:04,002 [INFO] Epoch [90/150] Train Loss: 1.8067 | Train Acc: 1.0000 (Classical:1.000 | Mesenchymal:1.000 | Neural:1.000 | Proneural:1.000) || Val Loss: 1.1087 | Val Acc: 0.7500 (Classical:1.000 | Mesenchymal:0.778 | Neural:0.500 | Proneural:0.600) || LR: 0.000100
2025-11-04 02:08:04,300 [INFO] Epoch [91/150] Train Loss: 1.7946 | Train Acc: 1.0000 (Classical:1.000 | Mesenchymal:1.000 | Neural:1.000 | Proneural:1.000) || Val Loss: 1.1185 | Val Acc: 0.7500 (Classical:1.000 | Mesenchymal:0.778 | Neural:0.500 | Proneural:0.600) || LR: 0.000100
2025-11-04 02:08:04,619 [INFO] Epoch [92/150] Train Loss: 1.7588 | Train Acc: 1.0000 (Classical:1.000 | Mesenchymal:1.000 | Neural:1.000 | Proneural:1.000) || Val Loss: 1.1314 | Val Acc: 0.7500 (Classical:1.000 | Mesenchymal:0.778 | Neural:0.500 | Proneural:0.600) || LR: 0.000100
2025-11-04 02:08:04,894 [INFO] Epoch [93/150] Train Loss: 1.8006 | Train Acc: 1.0000 (Classical:1.000 | Mesenchymal:1.000 | Neural:1.000 | Proneural:1.000) || Val Loss: 1.1311 | Val Acc: 0.7500 (Classical:1.000 | Mesenchymal:0.778 | Neural:0.500 | Proneural:0.600) || LR: 0.000100
2025-11-04 02:08:05,295 [INFO] Epoch [94/150] Train Loss: 1.7837 | Train Acc: 1.0000 (Classical:1.000 | Mesenchymal:1.000 | Neural:1.000 | Proneural:1.000) || Val Loss: 1.1468 | Val Acc: 0.7500 (Classical:1.000 | Mesenchymal:0.778 | Neural:0.500 | Proneural:0.600) || LR: 0.000100
2025-11-04 02:08:05,619 [INFO] Epoch [95/150] Train Loss: 1.7731 | Train Acc: 1.0000 (Classical:1.000 | Mesenchymal:1.000 | Neural:1.000 | Proneural:1.000) || Val Loss: 1.1412 | Val Acc: 0.7083 (Classical:1.000 | Mesenchymal:0.667 | Neural:0.500 | Proneural:0.600) || LR: 0.000100
2025-11-04 02:08:06,044 [INFO] Epoch [96/150] Train Loss: 1.7302 | Train Acc: 1.0000 (Classical:1.000 | Mesenchymal:1.000 | Neural:1.000 | Proneural:1.000) || Val Loss: 1.1385 | Val Acc: 0.7083 (Classical:1.000 | Mesenchymal:0.667 | Neural:0.500 | Proneural:0.600) || LR: 0.000100
2025-11-04 02:08:06,341 [INFO] Epoch [97/150] Train Loss: 1.7515 | Train Acc: 1.0000 (Classical:1.000 | Mesenchymal:1.000 | Neural:1.000 | Proneural:1.000) || Val Loss: 1.1463 | Val Acc: 0.7083 (Classical:1.000 | Mesenchymal:0.667 | Neural:0.500 | Proneural:0.600) || LR: 0.000100
2025-11-04 02:08:06,341 [INFO] Early stopping at epoch 97
2025-11-04 02:08:06,384 [INFO] Training completed. Best accuracy: 0.7500
2025-11-04 02:08:06,385 [INFO] Log: ./logs/train_20251104_020725.log, Model: ./models/best_model.pth
2025-11-04 02:08:06,606 [INFO] FINAL PER-CLASS | Train Acc: 1.0000 (Classical:1.000 | Mesenchymal:1.000 | Neural:1.000 | Proneural:1.000) || Val Acc: 0.7500 (Classical:1.000 | Mesenchymal:0.778 | Neural:0.500 | Proneural:0.600)
2025-11-04 02:08:06,702 [INFO] FINAL PER-CLASS | Test  Acc: 0.7667 (Classical:1.000 | Mesenchymal:0.800 | Neural:0.400 | Proneural:0.714)
