2025-11-04 02:18:42,188 [INFO] Model parameters: 33,024,228, Classes: 4
2025-11-04 02:18:42,188 [INFO] Enhanced regularization: Dropout=0.2, Weight_decay=0.0005
2025-11-04 02:18:42,767 [INFO] Regularized Attention-MOI Training Started
2025-11-04 02:18:42,768 [INFO] Training started with enhanced regularization
2025-11-04 02:18:42,768 [INFO] Dropout: 0.2, Weight decay: 0.0005
2025-11-04 02:18:43,293 [INFO] Epoch [1/150] Train Loss: 2.1588 | Train Acc: 0.4255 (Classical:0.520 | Mesenchymal:0.094 | Neural:0.250 | Proneural:0.952) || Val Loss: 1.2966 | Val Acc: 0.4167 (Classical:0.500 | Mesenchymal:0.111 | Neural:0.250 | Proneural:1.000) || LR: 0.000100
2025-11-04 02:18:43,522 [INFO] Best model saved with val_acc: 0.4167
2025-11-04 02:18:43,740 [INFO] Epoch [2/150] Train Loss: 1.9331 | Train Acc: 0.6915 (Classical:0.640 | Mesenchymal:0.469 | Neural:0.938 | Proneural:0.905) || Val Loss: 1.2206 | Val Acc: 0.3750 (Classical:0.667 | Mesenchymal:0.000 | Neural:0.250 | Proneural:0.800) || LR: 0.000100
2025-11-04 02:18:44,046 [INFO] Epoch [3/150] Train Loss: 1.8193 | Train Acc: 0.7766 (Classical:0.760 | Mesenchymal:0.594 | Neural:0.938 | Proneural:0.952) || Val Loss: 1.1832 | Val Acc: 0.4583 (Classical:0.833 | Mesenchymal:0.111 | Neural:0.250 | Proneural:0.800) || LR: 0.000100
2025-11-04 02:18:44,270 [INFO] Best model saved with val_acc: 0.4583
2025-11-04 02:18:44,478 [INFO] Epoch [4/150] Train Loss: 1.7036 | Train Acc: 0.8191 (Classical:0.800 | Mesenchymal:0.688 | Neural:0.938 | Proneural:0.952) || Val Loss: 1.1976 | Val Acc: 0.5000 (Classical:0.833 | Mesenchymal:0.222 | Neural:0.250 | Proneural:0.800) || LR: 0.000100
2025-11-04 02:18:44,670 [INFO] Best model saved with val_acc: 0.5000
2025-11-04 02:18:44,870 [INFO] Epoch [5/150] Train Loss: 1.5888 | Train Acc: 0.8404 (Classical:0.840 | Mesenchymal:0.688 | Neural:1.000 | Proneural:0.952) || Val Loss: 1.2014 | Val Acc: 0.5000 (Classical:0.833 | Mesenchymal:0.222 | Neural:0.250 | Proneural:0.800) || LR: 0.000100
2025-11-04 02:18:45,060 [INFO] Epoch [6/150] Train Loss: 1.6373 | Train Acc: 0.8617 (Classical:0.880 | Mesenchymal:0.719 | Neural:1.000 | Proneural:0.952) || Val Loss: 1.1926 | Val Acc: 0.5000 (Classical:0.833 | Mesenchymal:0.222 | Neural:0.250 | Proneural:0.800) || LR: 0.000100
2025-11-04 02:18:45,233 [INFO] Epoch [7/150] Train Loss: 1.5691 | Train Acc: 0.9149 (Classical:0.880 | Mesenchymal:0.844 | Neural:1.000 | Proneural:1.000) || Val Loss: 1.1838 | Val Acc: 0.5000 (Classical:0.833 | Mesenchymal:0.222 | Neural:0.250 | Proneural:0.800) || LR: 0.000100
2025-11-04 02:18:45,408 [INFO] Epoch [8/150] Train Loss: 1.5928 | Train Acc: 0.9255 (Classical:0.920 | Mesenchymal:0.844 | Neural:1.000 | Proneural:1.000) || Val Loss: 1.1647 | Val Acc: 0.5417 (Classical:0.833 | Mesenchymal:0.333 | Neural:0.250 | Proneural:0.800) || LR: 0.000100
2025-11-04 02:18:45,600 [INFO] Best model saved with val_acc: 0.5417
2025-11-04 02:18:45,782 [INFO] Epoch [9/150] Train Loss: 1.6411 | Train Acc: 0.9574 (Classical:0.960 | Mesenchymal:0.906 | Neural:1.000 | Proneural:1.000) || Val Loss: 1.1474 | Val Acc: 0.5000 (Classical:0.833 | Mesenchymal:0.222 | Neural:0.250 | Proneural:0.800) || LR: 0.000100
2025-11-04 02:18:45,965 [INFO] Epoch [10/150] Train Loss: 1.5840 | Train Acc: 0.9574 (Classical:0.960 | Mesenchymal:0.906 | Neural:1.000 | Proneural:1.000) || Val Loss: 1.1471 | Val Acc: 0.5417 (Classical:0.833 | Mesenchymal:0.333 | Neural:0.250 | Proneural:0.800) || LR: 0.000100
2025-11-04 02:18:46,145 [INFO] Epoch [11/150] Train Loss: 1.5114 | Train Acc: 0.9574 (Classical:0.960 | Mesenchymal:0.906 | Neural:1.000 | Proneural:1.000) || Val Loss: 1.1372 | Val Acc: 0.5833 (Classical:0.833 | Mesenchymal:0.444 | Neural:0.250 | Proneural:0.800) || LR: 0.000100
2025-11-04 02:18:46,315 [INFO] Best model saved with val_acc: 0.5833
2025-11-04 02:18:46,492 [INFO] Epoch [12/150] Train Loss: 1.5086 | Train Acc: 0.9574 (Classical:0.960 | Mesenchymal:0.906 | Neural:1.000 | Proneural:1.000) || Val Loss: 1.1076 | Val Acc: 0.6250 (Classical:0.833 | Mesenchymal:0.444 | Neural:0.500 | Proneural:0.800) || LR: 0.000100
2025-11-04 02:18:46,662 [INFO] Best model saved with val_acc: 0.6250
2025-11-04 02:18:46,874 [INFO] Epoch [13/150] Train Loss: 1.4476 | Train Acc: 0.9574 (Classical:0.960 | Mesenchymal:0.906 | Neural:1.000 | Proneural:1.000) || Val Loss: 1.0976 | Val Acc: 0.6250 (Classical:0.833 | Mesenchymal:0.444 | Neural:0.500 | Proneural:0.800) || LR: 0.000100
2025-11-04 02:18:47,051 [INFO] Epoch [14/150] Train Loss: 1.5129 | Train Acc: 0.9574 (Classical:0.960 | Mesenchymal:0.906 | Neural:1.000 | Proneural:1.000) || Val Loss: 1.0760 | Val Acc: 0.6250 (Classical:0.833 | Mesenchymal:0.444 | Neural:0.500 | Proneural:0.800) || LR: 0.000100
2025-11-04 02:18:47,222 [INFO] Epoch [15/150] Train Loss: 1.4631 | Train Acc: 0.9681 (Classical:0.960 | Mesenchymal:0.938 | Neural:1.000 | Proneural:1.000) || Val Loss: 1.0707 | Val Acc: 0.6250 (Classical:0.833 | Mesenchymal:0.444 | Neural:0.500 | Proneural:0.800) || LR: 0.000100
2025-11-04 02:18:47,397 [INFO] Epoch [16/150] Train Loss: 1.4522 | Train Acc: 0.9681 (Classical:0.960 | Mesenchymal:0.938 | Neural:1.000 | Proneural:1.000) || Val Loss: 1.0577 | Val Acc: 0.6667 (Classical:1.000 | Mesenchymal:0.444 | Neural:0.500 | Proneural:0.800) || LR: 0.000100
2025-11-04 02:18:47,564 [INFO] Best model saved with val_acc: 0.6667
2025-11-04 02:18:47,741 [INFO] Epoch [17/150] Train Loss: 1.3678 | Train Acc: 0.9894 (Classical:1.000 | Mesenchymal:0.969 | Neural:1.000 | Proneural:1.000) || Val Loss: 1.0596 | Val Acc: 0.6667 (Classical:1.000 | Mesenchymal:0.556 | Neural:0.250 | Proneural:0.800) || LR: 0.000100
2025-11-04 02:18:47,915 [INFO] Epoch [18/150] Train Loss: 1.3897 | Train Acc: 0.9894 (Classical:1.000 | Mesenchymal:0.969 | Neural:1.000 | Proneural:1.000) || Val Loss: 1.0627 | Val Acc: 0.6667 (Classical:1.000 | Mesenchymal:0.556 | Neural:0.250 | Proneural:0.800) || LR: 0.000100
2025-11-04 02:18:48,287 [INFO] Epoch [19/150] Train Loss: 1.4476 | Train Acc: 0.9894 (Classical:1.000 | Mesenchymal:0.969 | Neural:1.000 | Proneural:1.000) || Val Loss: 1.0613 | Val Acc: 0.6667 (Classical:1.000 | Mesenchymal:0.556 | Neural:0.250 | Proneural:0.800) || LR: 0.000100
2025-11-04 02:18:48,672 [INFO] Epoch [20/150] Train Loss: 1.3263 | Train Acc: 0.9894 (Classical:1.000 | Mesenchymal:0.969 | Neural:1.000 | Proneural:1.000) || Val Loss: 1.0604 | Val Acc: 0.6667 (Classical:1.000 | Mesenchymal:0.556 | Neural:0.250 | Proneural:0.800) || LR: 0.000100
2025-11-04 02:18:49,059 [INFO] Epoch [21/150] Train Loss: 1.3731 | Train Acc: 0.9894 (Classical:1.000 | Mesenchymal:0.969 | Neural:1.000 | Proneural:1.000) || Val Loss: 1.0664 | Val Acc: 0.6667 (Classical:1.000 | Mesenchymal:0.556 | Neural:0.250 | Proneural:0.800) || LR: 0.000100
2025-11-04 02:18:49,390 [INFO] Epoch [22/150] Train Loss: 1.3606 | Train Acc: 0.9894 (Classical:1.000 | Mesenchymal:0.969 | Neural:1.000 | Proneural:1.000) || Val Loss: 1.0617 | Val Acc: 0.6667 (Classical:1.000 | Mesenchymal:0.556 | Neural:0.250 | Proneural:0.800) || LR: 0.000100
2025-11-04 02:18:49,807 [INFO] Epoch [23/150] Train Loss: 1.3388 | Train Acc: 0.9894 (Classical:1.000 | Mesenchymal:0.969 | Neural:1.000 | Proneural:1.000) || Val Loss: 1.0672 | Val Acc: 0.6667 (Classical:1.000 | Mesenchymal:0.556 | Neural:0.250 | Proneural:0.800) || LR: 0.000100
2025-11-04 02:18:50,176 [INFO] Epoch [24/150] Train Loss: 1.2977 | Train Acc: 1.0000 (Classical:1.000 | Mesenchymal:1.000 | Neural:1.000 | Proneural:1.000) || Val Loss: 1.0590 | Val Acc: 0.6667 (Classical:1.000 | Mesenchymal:0.556 | Neural:0.250 | Proneural:0.800) || LR: 0.000100
2025-11-04 02:18:50,636 [INFO] Epoch [25/150] Train Loss: 1.3381 | Train Acc: 1.0000 (Classical:1.000 | Mesenchymal:1.000 | Neural:1.000 | Proneural:1.000) || Val Loss: 1.0707 | Val Acc: 0.6667 (Classical:1.000 | Mesenchymal:0.556 | Neural:0.250 | Proneural:0.800) || LR: 0.000100
2025-11-04 02:18:50,952 [INFO] Epoch [26/150] Train Loss: 1.3030 | Train Acc: 1.0000 (Classical:1.000 | Mesenchymal:1.000 | Neural:1.000 | Proneural:1.000) || Val Loss: 1.0619 | Val Acc: 0.6667 (Classical:1.000 | Mesenchymal:0.556 | Neural:0.250 | Proneural:0.800) || LR: 0.000100
2025-11-04 02:18:51,388 [INFO] Epoch [27/150] Train Loss: 1.3145 | Train Acc: 1.0000 (Classical:1.000 | Mesenchymal:1.000 | Neural:1.000 | Proneural:1.000) || Val Loss: 1.0669 | Val Acc: 0.6667 (Classical:1.000 | Mesenchymal:0.556 | Neural:0.250 | Proneural:0.800) || LR: 0.000100
2025-11-04 02:18:51,707 [INFO] Epoch [28/150] Train Loss: 1.2751 | Train Acc: 1.0000 (Classical:1.000 | Mesenchymal:1.000 | Neural:1.000 | Proneural:1.000) || Val Loss: 1.0617 | Val Acc: 0.7083 (Classical:1.000 | Mesenchymal:0.667 | Neural:0.250 | Proneural:0.800) || LR: 0.000100
2025-11-04 02:18:52,013 [INFO] Best model saved with val_acc: 0.7083
2025-11-04 02:18:52,299 [INFO] Epoch [29/150] Train Loss: 1.3248 | Train Acc: 1.0000 (Classical:1.000 | Mesenchymal:1.000 | Neural:1.000 | Proneural:1.000) || Val Loss: 1.0603 | Val Acc: 0.6667 (Classical:1.000 | Mesenchymal:0.556 | Neural:0.250 | Proneural:0.800) || LR: 0.000100
2025-11-04 02:18:52,564 [INFO] Epoch [30/150] Train Loss: 1.3086 | Train Acc: 1.0000 (Classical:1.000 | Mesenchymal:1.000 | Neural:1.000 | Proneural:1.000) || Val Loss: 1.0565 | Val Acc: 0.6667 (Classical:1.000 | Mesenchymal:0.556 | Neural:0.250 | Proneural:0.800) || LR: 0.000100
2025-11-04 02:18:52,829 [INFO] Epoch [31/150] Train Loss: 1.2660 | Train Acc: 1.0000 (Classical:1.000 | Mesenchymal:1.000 | Neural:1.000 | Proneural:1.000) || Val Loss: 1.0467 | Val Acc: 0.7083 (Classical:1.000 | Mesenchymal:0.667 | Neural:0.250 | Proneural:0.800) || LR: 0.000100
2025-11-04 02:18:53,164 [INFO] Epoch [32/150] Train Loss: 1.2230 | Train Acc: 1.0000 (Classical:1.000 | Mesenchymal:1.000 | Neural:1.000 | Proneural:1.000) || Val Loss: 1.0363 | Val Acc: 0.7083 (Classical:1.000 | Mesenchymal:0.667 | Neural:0.250 | Proneural:0.800) || LR: 0.000100
2025-11-04 02:18:53,446 [INFO] Epoch [33/150] Train Loss: 1.2488 | Train Acc: 1.0000 (Classical:1.000 | Mesenchymal:1.000 | Neural:1.000 | Proneural:1.000) || Val Loss: 1.0542 | Val Acc: 0.6667 (Classical:1.000 | Mesenchymal:0.556 | Neural:0.250 | Proneural:0.800) || LR: 0.000100
2025-11-04 02:18:53,707 [INFO] Epoch [34/150] Train Loss: 1.1834 | Train Acc: 1.0000 (Classical:1.000 | Mesenchymal:1.000 | Neural:1.000 | Proneural:1.000) || Val Loss: 1.0367 | Val Acc: 0.7083 (Classical:1.000 | Mesenchymal:0.667 | Neural:0.250 | Proneural:0.800) || LR: 0.000100
2025-11-04 02:18:53,983 [INFO] Epoch [35/150] Train Loss: 1.2152 | Train Acc: 1.0000 (Classical:1.000 | Mesenchymal:1.000 | Neural:1.000 | Proneural:1.000) || Val Loss: 1.0391 | Val Acc: 0.7083 (Classical:1.000 | Mesenchymal:0.667 | Neural:0.250 | Proneural:0.800) || LR: 0.000100
2025-11-04 02:18:54,323 [INFO] Epoch [36/150] Train Loss: 1.2057 | Train Acc: 1.0000 (Classical:1.000 | Mesenchymal:1.000 | Neural:1.000 | Proneural:1.000) || Val Loss: 1.0250 | Val Acc: 0.7083 (Classical:1.000 | Mesenchymal:0.667 | Neural:0.250 | Proneural:0.800) || LR: 0.000100
2025-11-04 02:18:54,654 [INFO] Epoch [37/150] Train Loss: 1.2094 | Train Acc: 1.0000 (Classical:1.000 | Mesenchymal:1.000 | Neural:1.000 | Proneural:1.000) || Val Loss: 1.0238 | Val Acc: 0.7083 (Classical:1.000 | Mesenchymal:0.667 | Neural:0.250 | Proneural:0.800) || LR: 0.000100
2025-11-04 02:18:55,041 [INFO] Epoch [38/150] Train Loss: 1.1848 | Train Acc: 1.0000 (Classical:1.000 | Mesenchymal:1.000 | Neural:1.000 | Proneural:1.000) || Val Loss: 1.0205 | Val Acc: 0.7083 (Classical:1.000 | Mesenchymal:0.667 | Neural:0.250 | Proneural:0.800) || LR: 0.000100
2025-11-04 02:18:55,328 [INFO] Epoch [39/150] Train Loss: 1.2216 | Train Acc: 1.0000 (Classical:1.000 | Mesenchymal:1.000 | Neural:1.000 | Proneural:1.000) || Val Loss: 1.0149 | Val Acc: 0.7083 (Classical:1.000 | Mesenchymal:0.667 | Neural:0.250 | Proneural:0.800) || LR: 0.000100
2025-11-04 02:18:55,583 [INFO] Epoch [40/150] Train Loss: 1.2291 | Train Acc: 1.0000 (Classical:1.000 | Mesenchymal:1.000 | Neural:1.000 | Proneural:1.000) || Val Loss: 1.0032 | Val Acc: 0.7083 (Classical:1.000 | Mesenchymal:0.667 | Neural:0.250 | Proneural:0.800) || LR: 0.000100
2025-11-04 02:18:55,836 [INFO] Epoch [41/150] Train Loss: 1.1878 | Train Acc: 1.0000 (Classical:1.000 | Mesenchymal:1.000 | Neural:1.000 | Proneural:1.000) || Val Loss: 1.0043 | Val Acc: 0.7083 (Classical:1.000 | Mesenchymal:0.667 | Neural:0.250 | Proneural:0.800) || LR: 0.000100
2025-11-04 02:18:56,096 [INFO] Epoch [42/150] Train Loss: 1.1927 | Train Acc: 1.0000 (Classical:1.000 | Mesenchymal:1.000 | Neural:1.000 | Proneural:1.000) || Val Loss: 1.0044 | Val Acc: 0.7083 (Classical:1.000 | Mesenchymal:0.667 | Neural:0.250 | Proneural:0.800) || LR: 0.000100
2025-11-04 02:18:56,379 [INFO] Epoch [43/150] Train Loss: 1.1511 | Train Acc: 1.0000 (Classical:1.000 | Mesenchymal:1.000 | Neural:1.000 | Proneural:1.000) || Val Loss: 1.0139 | Val Acc: 0.7083 (Classical:1.000 | Mesenchymal:0.667 | Neural:0.250 | Proneural:0.800) || LR: 0.000100
2025-11-04 02:18:56,661 [INFO] Epoch [44/150] Train Loss: 1.1487 | Train Acc: 1.0000 (Classical:1.000 | Mesenchymal:1.000 | Neural:1.000 | Proneural:1.000) || Val Loss: 1.0247 | Val Acc: 0.7083 (Classical:1.000 | Mesenchymal:0.667 | Neural:0.250 | Proneural:0.800) || LR: 0.000100
2025-11-04 02:18:56,921 [INFO] Epoch [45/150] Train Loss: 1.1639 | Train Acc: 1.0000 (Classical:1.000 | Mesenchymal:1.000 | Neural:1.000 | Proneural:1.000) || Val Loss: 1.0122 | Val Acc: 0.7083 (Classical:1.000 | Mesenchymal:0.667 | Neural:0.250 | Proneural:0.800) || LR: 0.000100
2025-11-04 02:18:57,245 [INFO] Epoch [46/150] Train Loss: 1.1698 | Train Acc: 1.0000 (Classical:1.000 | Mesenchymal:1.000 | Neural:1.000 | Proneural:1.000) || Val Loss: 1.0213 | Val Acc: 0.7083 (Classical:1.000 | Mesenchymal:0.667 | Neural:0.250 | Proneural:0.800) || LR: 0.000100
2025-11-04 02:18:57,516 [INFO] Epoch [47/150] Train Loss: 1.1519 | Train Acc: 1.0000 (Classical:1.000 | Mesenchymal:1.000 | Neural:1.000 | Proneural:1.000) || Val Loss: 1.0161 | Val Acc: 0.7500 (Classical:1.000 | Mesenchymal:0.667 | Neural:0.500 | Proneural:0.800) || LR: 0.000100
2025-11-04 02:18:57,747 [INFO] Best model saved with val_acc: 0.7500
2025-11-04 02:18:58,019 [INFO] Epoch [48/150] Train Loss: 1.1427 | Train Acc: 1.0000 (Classical:1.000 | Mesenchymal:1.000 | Neural:1.000 | Proneural:1.000) || Val Loss: 1.0157 | Val Acc: 0.7500 (Classical:1.000 | Mesenchymal:0.667 | Neural:0.500 | Proneural:0.800) || LR: 0.000100
2025-11-04 02:18:58,277 [INFO] Epoch [49/150] Train Loss: 1.1344 | Train Acc: 1.0000 (Classical:1.000 | Mesenchymal:1.000 | Neural:1.000 | Proneural:1.000) || Val Loss: 1.0195 | Val Acc: 0.7500 (Classical:1.000 | Mesenchymal:0.667 | Neural:0.500 | Proneural:0.800) || LR: 0.000100
2025-11-04 02:18:58,615 [INFO] Epoch [50/150] Train Loss: 1.1050 | Train Acc: 1.0000 (Classical:1.000 | Mesenchymal:1.000 | Neural:1.000 | Proneural:1.000) || Val Loss: 1.0108 | Val Acc: 0.7500 (Classical:1.000 | Mesenchymal:0.667 | Neural:0.500 | Proneural:0.800) || LR: 0.000100
2025-11-04 02:18:58,880 [INFO] Epoch [51/150] Train Loss: 1.1725 | Train Acc: 1.0000 (Classical:1.000 | Mesenchymal:1.000 | Neural:1.000 | Proneural:1.000) || Val Loss: 1.0351 | Val Acc: 0.7500 (Classical:1.000 | Mesenchymal:0.667 | Neural:0.500 | Proneural:0.800) || LR: 0.000100
2025-11-04 02:18:59,055 [INFO] Epoch [52/150] Train Loss: 1.1280 | Train Acc: 1.0000 (Classical:1.000 | Mesenchymal:1.000 | Neural:1.000 | Proneural:1.000) || Val Loss: 1.0434 | Val Acc: 0.7083 (Classical:0.833 | Mesenchymal:0.667 | Neural:0.500 | Proneural:0.800) || LR: 0.000100
2025-11-04 02:18:59,226 [INFO] Epoch [53/150] Train Loss: 1.1024 | Train Acc: 1.0000 (Classical:1.000 | Mesenchymal:1.000 | Neural:1.000 | Proneural:1.000) || Val Loss: 1.0537 | Val Acc: 0.7083 (Classical:0.833 | Mesenchymal:0.667 | Neural:0.500 | Proneural:0.800) || LR: 0.000100
2025-11-04 02:18:59,393 [INFO] Epoch [54/150] Train Loss: 1.1460 | Train Acc: 1.0000 (Classical:1.000 | Mesenchymal:1.000 | Neural:1.000 | Proneural:1.000) || Val Loss: 1.0635 | Val Acc: 0.7083 (Classical:0.833 | Mesenchymal:0.667 | Neural:0.500 | Proneural:0.800) || LR: 0.000100
2025-11-04 02:18:59,572 [INFO] Epoch [55/150] Train Loss: 1.0952 | Train Acc: 1.0000 (Classical:1.000 | Mesenchymal:1.000 | Neural:1.000 | Proneural:1.000) || Val Loss: 1.0665 | Val Acc: 0.7083 (Classical:0.833 | Mesenchymal:0.667 | Neural:0.500 | Proneural:0.800) || LR: 0.000100
2025-11-04 02:18:59,738 [INFO] Epoch [56/150] Train Loss: 1.1408 | Train Acc: 1.0000 (Classical:1.000 | Mesenchymal:1.000 | Neural:1.000 | Proneural:1.000) || Val Loss: 1.0632 | Val Acc: 0.7083 (Classical:0.833 | Mesenchymal:0.667 | Neural:0.500 | Proneural:0.800) || LR: 0.000100
2025-11-04 02:18:59,898 [INFO] Epoch [57/150] Train Loss: 1.0892 | Train Acc: 1.0000 (Classical:1.000 | Mesenchymal:1.000 | Neural:1.000 | Proneural:1.000) || Val Loss: 1.0684 | Val Acc: 0.7500 (Classical:1.000 | Mesenchymal:0.667 | Neural:0.500 | Proneural:0.800) || LR: 0.000100
2025-11-04 02:19:00,070 [INFO] Epoch [58/150] Train Loss: 1.1094 | Train Acc: 1.0000 (Classical:1.000 | Mesenchymal:1.000 | Neural:1.000 | Proneural:1.000) || Val Loss: 1.0607 | Val Acc: 0.7500 (Classical:1.000 | Mesenchymal:0.667 | Neural:0.500 | Proneural:0.800) || LR: 0.000100
2025-11-04 02:19:00,238 [INFO] Epoch [59/150] Train Loss: 1.0764 | Train Acc: 1.0000 (Classical:1.000 | Mesenchymal:1.000 | Neural:1.000 | Proneural:1.000) || Val Loss: 1.0583 | Val Acc: 0.7500 (Classical:1.000 | Mesenchymal:0.667 | Neural:0.500 | Proneural:0.800) || LR: 0.000100
2025-11-04 02:19:00,406 [INFO] Epoch [60/150] Train Loss: 1.0974 | Train Acc: 1.0000 (Classical:1.000 | Mesenchymal:1.000 | Neural:1.000 | Proneural:1.000) || Val Loss: 1.0470 | Val Acc: 0.7500 (Classical:1.000 | Mesenchymal:0.667 | Neural:0.500 | Proneural:0.800) || LR: 0.000100
2025-11-04 02:19:00,576 [INFO] Epoch [61/150] Train Loss: 1.0924 | Train Acc: 1.0000 (Classical:1.000 | Mesenchymal:1.000 | Neural:1.000 | Proneural:1.000) || Val Loss: 1.0539 | Val Acc: 0.7500 (Classical:1.000 | Mesenchymal:0.667 | Neural:0.500 | Proneural:0.800) || LR: 0.000100
2025-11-04 02:19:00,737 [INFO] Epoch [62/150] Train Loss: 1.0639 | Train Acc: 1.0000 (Classical:1.000 | Mesenchymal:1.000 | Neural:1.000 | Proneural:1.000) || Val Loss: 1.0475 | Val Acc: 0.7500 (Classical:1.000 | Mesenchymal:0.667 | Neural:0.500 | Proneural:0.800) || LR: 0.000100
2025-11-04 02:19:00,906 [INFO] Epoch [63/150] Train Loss: 1.0602 | Train Acc: 1.0000 (Classical:1.000 | Mesenchymal:1.000 | Neural:1.000 | Proneural:1.000) || Val Loss: 1.0678 | Val Acc: 0.7500 (Classical:1.000 | Mesenchymal:0.667 | Neural:0.500 | Proneural:0.800) || LR: 0.000100
2025-11-04 02:19:01,071 [INFO] Epoch [64/150] Train Loss: 1.0888 | Train Acc: 1.0000 (Classical:1.000 | Mesenchymal:1.000 | Neural:1.000 | Proneural:1.000) || Val Loss: 1.0700 | Val Acc: 0.7500 (Classical:1.000 | Mesenchymal:0.667 | Neural:0.500 | Proneural:0.800) || LR: 0.000100
2025-11-04 02:19:01,235 [INFO] Epoch [65/150] Train Loss: 1.0653 | Train Acc: 1.0000 (Classical:1.000 | Mesenchymal:1.000 | Neural:1.000 | Proneural:1.000) || Val Loss: 1.0638 | Val Acc: 0.7500 (Classical:1.000 | Mesenchymal:0.667 | Neural:0.500 | Proneural:0.800) || LR: 0.000100
2025-11-04 02:19:01,398 [INFO] Epoch [66/150] Train Loss: 1.0706 | Train Acc: 1.0000 (Classical:1.000 | Mesenchymal:1.000 | Neural:1.000 | Proneural:1.000) || Val Loss: 1.0545 | Val Acc: 0.7500 (Classical:1.000 | Mesenchymal:0.667 | Neural:0.500 | Proneural:0.800) || LR: 0.000100
2025-11-04 02:19:01,593 [INFO] Epoch [67/150] Train Loss: 1.0543 | Train Acc: 1.0000 (Classical:1.000 | Mesenchymal:1.000 | Neural:1.000 | Proneural:1.000) || Val Loss: 1.0530 | Val Acc: 0.7500 (Classical:1.000 | Mesenchymal:0.667 | Neural:0.500 | Proneural:0.800) || LR: 0.000100
2025-11-04 02:19:01,757 [INFO] Epoch [68/150] Train Loss: 1.0597 | Train Acc: 1.0000 (Classical:1.000 | Mesenchymal:1.000 | Neural:1.000 | Proneural:1.000) || Val Loss: 1.0527 | Val Acc: 0.7500 (Classical:1.000 | Mesenchymal:0.667 | Neural:0.500 | Proneural:0.800) || LR: 0.000100
2025-11-04 02:19:01,931 [INFO] Epoch [69/150] Train Loss: 1.0461 | Train Acc: 1.0000 (Classical:1.000 | Mesenchymal:1.000 | Neural:1.000 | Proneural:1.000) || Val Loss: 1.0468 | Val Acc: 0.7500 (Classical:1.000 | Mesenchymal:0.667 | Neural:0.500 | Proneural:0.800) || LR: 0.000100
2025-11-04 02:19:02,128 [INFO] Epoch [70/150] Train Loss: 1.0456 | Train Acc: 1.0000 (Classical:1.000 | Mesenchymal:1.000 | Neural:1.000 | Proneural:1.000) || Val Loss: 1.0315 | Val Acc: 0.7500 (Classical:1.000 | Mesenchymal:0.667 | Neural:0.500 | Proneural:0.800) || LR: 0.000100
2025-11-04 02:19:02,343 [INFO] Epoch [71/150] Train Loss: 1.0922 | Train Acc: 1.0000 (Classical:1.000 | Mesenchymal:1.000 | Neural:1.000 | Proneural:1.000) || Val Loss: 1.0491 | Val Acc: 0.7500 (Classical:1.000 | Mesenchymal:0.667 | Neural:0.500 | Proneural:0.800) || LR: 0.000100
2025-11-04 02:19:02,511 [INFO] Epoch [72/150] Train Loss: 1.0537 | Train Acc: 1.0000 (Classical:1.000 | Mesenchymal:1.000 | Neural:1.000 | Proneural:1.000) || Val Loss: 1.0384 | Val Acc: 0.7500 (Classical:1.000 | Mesenchymal:0.667 | Neural:0.500 | Proneural:0.800) || LR: 0.000100
2025-11-04 02:19:02,676 [INFO] Epoch [73/150] Train Loss: 1.0678 | Train Acc: 1.0000 (Classical:1.000 | Mesenchymal:1.000 | Neural:1.000 | Proneural:1.000) || Val Loss: 1.0293 | Val Acc: 0.7500 (Classical:1.000 | Mesenchymal:0.667 | Neural:0.500 | Proneural:0.800) || LR: 0.000100
2025-11-04 02:19:02,847 [INFO] Epoch [74/150] Train Loss: 1.0293 | Train Acc: 1.0000 (Classical:1.000 | Mesenchymal:1.000 | Neural:1.000 | Proneural:1.000) || Val Loss: 1.0360 | Val Acc: 0.7500 (Classical:1.000 | Mesenchymal:0.667 | Neural:0.500 | Proneural:0.800) || LR: 0.000100
2025-11-04 02:19:03,016 [INFO] Epoch [75/150] Train Loss: 1.0376 | Train Acc: 1.0000 (Classical:1.000 | Mesenchymal:1.000 | Neural:1.000 | Proneural:1.000) || Val Loss: 1.0462 | Val Acc: 0.7500 (Classical:1.000 | Mesenchymal:0.667 | Neural:0.500 | Proneural:0.800) || LR: 0.000100
2025-11-04 02:19:03,186 [INFO] Epoch [76/150] Train Loss: 1.0255 | Train Acc: 1.0000 (Classical:1.000 | Mesenchymal:1.000 | Neural:1.000 | Proneural:1.000) || Val Loss: 1.0396 | Val Acc: 0.7500 (Classical:1.000 | Mesenchymal:0.667 | Neural:0.500 | Proneural:0.800) || LR: 0.000100
2025-11-04 02:19:03,355 [INFO] Epoch [77/150] Train Loss: 1.0321 | Train Acc: 1.0000 (Classical:1.000 | Mesenchymal:1.000 | Neural:1.000 | Proneural:1.000) || Val Loss: 1.0331 | Val Acc: 0.7500 (Classical:1.000 | Mesenchymal:0.667 | Neural:0.500 | Proneural:0.800) || LR: 0.000100
2025-11-04 02:19:03,522 [INFO] Epoch [78/150] Train Loss: 1.0445 | Train Acc: 1.0000 (Classical:1.000 | Mesenchymal:1.000 | Neural:1.000 | Proneural:1.000) || Val Loss: 1.0475 | Val Acc: 0.7500 (Classical:1.000 | Mesenchymal:0.667 | Neural:0.500 | Proneural:0.800) || LR: 0.000100
2025-11-04 02:19:03,694 [INFO] Epoch [79/150] Train Loss: 1.0853 | Train Acc: 1.0000 (Classical:1.000 | Mesenchymal:1.000 | Neural:1.000 | Proneural:1.000) || Val Loss: 1.0431 | Val Acc: 0.7500 (Classical:1.000 | Mesenchymal:0.667 | Neural:0.500 | Proneural:0.800) || LR: 0.000100
2025-11-04 02:19:03,880 [INFO] Epoch [80/150] Train Loss: 1.0285 | Train Acc: 1.0000 (Classical:1.000 | Mesenchymal:1.000 | Neural:1.000 | Proneural:1.000) || Val Loss: 1.0518 | Val Acc: 0.7500 (Classical:1.000 | Mesenchymal:0.667 | Neural:0.500 | Proneural:0.800) || LR: 0.000100
2025-11-04 02:19:04,057 [INFO] Epoch [81/150] Train Loss: 1.0483 | Train Acc: 1.0000 (Classical:1.000 | Mesenchymal:1.000 | Neural:1.000 | Proneural:1.000) || Val Loss: 1.0432 | Val Acc: 0.7500 (Classical:1.000 | Mesenchymal:0.667 | Neural:0.500 | Proneural:0.800) || LR: 0.000100
2025-11-04 02:19:04,229 [INFO] Epoch [82/150] Train Loss: 1.0181 | Train Acc: 1.0000 (Classical:1.000 | Mesenchymal:1.000 | Neural:1.000 | Proneural:1.000) || Val Loss: 1.0480 | Val Acc: 0.7500 (Classical:1.000 | Mesenchymal:0.667 | Neural:0.500 | Proneural:0.800) || LR: 0.000100
2025-11-04 02:19:04,403 [INFO] Epoch [83/150] Train Loss: 1.0231 | Train Acc: 1.0000 (Classical:1.000 | Mesenchymal:1.000 | Neural:1.000 | Proneural:1.000) || Val Loss: 1.0454 | Val Acc: 0.7083 (Classical:0.833 | Mesenchymal:0.667 | Neural:0.500 | Proneural:0.800) || LR: 0.000100
2025-11-04 02:19:04,580 [INFO] Epoch [84/150] Train Loss: 1.0093 | Train Acc: 1.0000 (Classical:1.000 | Mesenchymal:1.000 | Neural:1.000 | Proneural:1.000) || Val Loss: 1.0551 | Val Acc: 0.7500 (Classical:1.000 | Mesenchymal:0.667 | Neural:0.500 | Proneural:0.800) || LR: 0.000100
2025-11-04 02:19:04,747 [INFO] Epoch [85/150] Train Loss: 1.0183 | Train Acc: 1.0000 (Classical:1.000 | Mesenchymal:1.000 | Neural:1.000 | Proneural:1.000) || Val Loss: 1.0871 | Val Acc: 0.7083 (Classical:0.833 | Mesenchymal:0.667 | Neural:0.500 | Proneural:0.800) || LR: 0.000100
2025-11-04 02:19:04,921 [INFO] Epoch [86/150] Train Loss: 0.9905 | Train Acc: 1.0000 (Classical:1.000 | Mesenchymal:1.000 | Neural:1.000 | Proneural:1.000) || Val Loss: 1.0902 | Val Acc: 0.7083 (Classical:0.833 | Mesenchymal:0.667 | Neural:0.500 | Proneural:0.800) || LR: 0.000100
2025-11-04 02:19:05,090 [INFO] Epoch [87/150] Train Loss: 1.0067 | Train Acc: 1.0000 (Classical:1.000 | Mesenchymal:1.000 | Neural:1.000 | Proneural:1.000) || Val Loss: 1.1228 | Val Acc: 0.7083 (Classical:0.833 | Mesenchymal:0.667 | Neural:0.500 | Proneural:0.800) || LR: 0.000100
2025-11-04 02:19:05,264 [INFO] Epoch [88/150] Train Loss: 0.9791 | Train Acc: 1.0000 (Classical:1.000 | Mesenchymal:1.000 | Neural:1.000 | Proneural:1.000) || Val Loss: 1.1262 | Val Acc: 0.7083 (Classical:0.833 | Mesenchymal:0.667 | Neural:0.500 | Proneural:0.800) || LR: 0.000100
2025-11-04 02:19:05,438 [INFO] Epoch [89/150] Train Loss: 0.9806 | Train Acc: 1.0000 (Classical:1.000 | Mesenchymal:1.000 | Neural:1.000 | Proneural:1.000) || Val Loss: 1.1260 | Val Acc: 0.6667 (Classical:0.833 | Mesenchymal:0.556 | Neural:0.500 | Proneural:0.800) || LR: 0.000100
2025-11-04 02:19:05,600 [INFO] Epoch [90/150] Train Loss: 0.9915 | Train Acc: 1.0000 (Classical:1.000 | Mesenchymal:1.000 | Neural:1.000 | Proneural:1.000) || Val Loss: 1.1402 | Val Acc: 0.7083 (Classical:0.833 | Mesenchymal:0.667 | Neural:0.500 | Proneural:0.800) || LR: 0.000100
2025-11-04 02:19:05,768 [INFO] Epoch [91/150] Train Loss: 0.9659 | Train Acc: 1.0000 (Classical:1.000 | Mesenchymal:1.000 | Neural:1.000 | Proneural:1.000) || Val Loss: 1.1395 | Val Acc: 0.7083 (Classical:0.833 | Mesenchymal:0.667 | Neural:0.500 | Proneural:0.800) || LR: 0.000100
2025-11-04 02:19:05,943 [INFO] Epoch [92/150] Train Loss: 0.9764 | Train Acc: 1.0000 (Classical:1.000 | Mesenchymal:1.000 | Neural:1.000 | Proneural:1.000) || Val Loss: 1.1347 | Val Acc: 0.7083 (Classical:0.833 | Mesenchymal:0.667 | Neural:0.500 | Proneural:0.800) || LR: 0.000100
2025-11-04 02:19:06,121 [INFO] Epoch [93/150] Train Loss: 0.9941 | Train Acc: 1.0000 (Classical:1.000 | Mesenchymal:1.000 | Neural:1.000 | Proneural:1.000) || Val Loss: 1.1541 | Val Acc: 0.7083 (Classical:0.833 | Mesenchymal:0.667 | Neural:0.500 | Proneural:0.800) || LR: 0.000100
2025-11-04 02:19:06,297 [INFO] Epoch [94/150] Train Loss: 1.0270 | Train Acc: 1.0000 (Classical:1.000 | Mesenchymal:1.000 | Neural:1.000 | Proneural:1.000) || Val Loss: 1.1723 | Val Acc: 0.7083 (Classical:0.833 | Mesenchymal:0.667 | Neural:0.500 | Proneural:0.800) || LR: 0.000100
2025-11-04 02:19:06,466 [INFO] Epoch [95/150] Train Loss: 1.0187 | Train Acc: 1.0000 (Classical:1.000 | Mesenchymal:1.000 | Neural:1.000 | Proneural:1.000) || Val Loss: 1.1424 | Val Acc: 0.7083 (Classical:0.833 | Mesenchymal:0.667 | Neural:0.500 | Proneural:0.800) || LR: 0.000100
2025-11-04 02:19:06,633 [INFO] Epoch [96/150] Train Loss: 0.9760 | Train Acc: 1.0000 (Classical:1.000 | Mesenchymal:1.000 | Neural:1.000 | Proneural:1.000) || Val Loss: 1.1383 | Val Acc: 0.7083 (Classical:0.833 | Mesenchymal:0.667 | Neural:0.500 | Proneural:0.800) || LR: 0.000100
2025-11-04 02:19:06,796 [INFO] Epoch [97/150] Train Loss: 0.9741 | Train Acc: 1.0000 (Classical:1.000 | Mesenchymal:1.000 | Neural:1.000 | Proneural:1.000) || Val Loss: 1.1172 | Val Acc: 0.7083 (Classical:0.833 | Mesenchymal:0.667 | Neural:0.500 | Proneural:0.800) || LR: 0.000100
2025-11-04 02:19:06,796 [INFO] Early stopping at epoch 97
2025-11-04 02:19:06,812 [INFO] Training completed. Best accuracy: 0.7500
2025-11-04 02:19:06,812 [INFO] Log: ./logs/train_20251104_021841.log, Model: ./models/best_model.pth
2025-11-04 02:19:06,922 [INFO] FINAL PER-CLASS | Train Acc: 1.0000 (Classical:1.000 | Mesenchymal:1.000 | Neural:1.000 | Proneural:1.000) || Val Acc: 0.7500 (Classical:1.000 | Mesenchymal:0.667 | Neural:0.500 | Proneural:0.800)
2025-11-04 02:19:07,010 [INFO] FINAL PER-CLASS | Test  Acc: 0.7333 (Classical:1.000 | Mesenchymal:0.500 | Neural:0.800 | Proneural:0.714)
