2025-11-04 02:20:21,603 [INFO] Model parameters: 18,046,402, Classes: 4
2025-11-04 02:20:21,603 [INFO] Enhanced regularization: Dropout=0.2, Weight_decay=0.0005
2025-11-04 02:20:22,156 [INFO] Regularized Attention-MOI Training Started
2025-11-04 02:20:22,156 [INFO] Training started with enhanced regularization
2025-11-04 02:20:22,156 [INFO] Dropout: 0.2, Weight decay: 0.0005
2025-11-04 02:20:22,712 [INFO] Epoch [1/150] Train Loss: 1.6613 | Train Acc: 0.4894 (Classical:0.480 | Mesenchymal:0.406 | Neural:0.438 | Proneural:0.667) || Val Loss: 1.2321 | Val Acc: 0.5417 (Classical:0.333 | Mesenchymal:0.667 | Neural:0.500 | Proneural:0.600) || LR: 0.000100
2025-11-04 02:20:22,785 [INFO] Best model saved with val_acc: 0.5417
2025-11-04 02:20:22,998 [INFO] Epoch [2/150] Train Loss: 1.6775 | Train Acc: 0.5532 (Classical:0.480 | Mesenchymal:0.469 | Neural:0.750 | Proneural:0.619) || Val Loss: 1.2510 | Val Acc: 0.4583 (Classical:0.333 | Mesenchymal:0.556 | Neural:0.500 | Proneural:0.400) || LR: 0.000100
2025-11-04 02:20:23,208 [INFO] Epoch [3/150] Train Loss: 1.5505 | Train Acc: 0.6277 (Classical:0.640 | Mesenchymal:0.562 | Neural:0.688 | Proneural:0.667) || Val Loss: 1.2276 | Val Acc: 0.4583 (Classical:0.500 | Mesenchymal:0.444 | Neural:0.500 | Proneural:0.400) || LR: 0.000100
2025-11-04 02:20:23,414 [INFO] Epoch [4/150] Train Loss: 1.6490 | Train Acc: 0.7128 (Classical:0.680 | Mesenchymal:0.656 | Neural:0.750 | Proneural:0.810) || Val Loss: 1.2139 | Val Acc: 0.5000 (Classical:0.667 | Mesenchymal:0.444 | Neural:0.500 | Proneural:0.400) || LR: 0.000100
2025-11-04 02:20:23,627 [INFO] Epoch [5/150] Train Loss: 1.5593 | Train Acc: 0.7553 (Classical:0.720 | Mesenchymal:0.688 | Neural:0.812 | Proneural:0.857) || Val Loss: 1.1909 | Val Acc: 0.5417 (Classical:0.833 | Mesenchymal:0.444 | Neural:0.500 | Proneural:0.400) || LR: 0.000100
2025-11-04 02:20:23,843 [INFO] Epoch [6/150] Train Loss: 1.4954 | Train Acc: 0.7766 (Classical:0.760 | Mesenchymal:0.719 | Neural:0.812 | Proneural:0.857) || Val Loss: 1.1472 | Val Acc: 0.7083 (Classical:0.833 | Mesenchymal:0.667 | Neural:0.500 | Proneural:0.800) || LR: 0.000100
2025-11-04 02:20:23,923 [INFO] Best model saved with val_acc: 0.7083
2025-11-04 02:20:24,156 [INFO] Epoch [7/150] Train Loss: 1.4703 | Train Acc: 0.8298 (Classical:0.840 | Mesenchymal:0.750 | Neural:0.812 | Proneural:0.952) || Val Loss: 1.1408 | Val Acc: 0.6667 (Classical:0.833 | Mesenchymal:0.556 | Neural:0.500 | Proneural:0.800) || LR: 0.000100
2025-11-04 02:20:24,388 [INFO] Epoch [8/150] Train Loss: 1.4841 | Train Acc: 0.8404 (Classical:0.800 | Mesenchymal:0.750 | Neural:0.875 | Proneural:1.000) || Val Loss: 1.1366 | Val Acc: 0.6250 (Classical:0.833 | Mesenchymal:0.556 | Neural:0.500 | Proneural:0.600) || LR: 0.000100
2025-11-04 02:20:24,598 [INFO] Epoch [9/150] Train Loss: 1.4869 | Train Acc: 0.8830 (Classical:0.840 | Mesenchymal:0.812 | Neural:0.938 | Proneural:1.000) || Val Loss: 1.1342 | Val Acc: 0.6250 (Classical:0.833 | Mesenchymal:0.556 | Neural:0.500 | Proneural:0.600) || LR: 0.000100
2025-11-04 02:20:24,811 [INFO] Epoch [10/150] Train Loss: 1.3912 | Train Acc: 0.9043 (Classical:0.840 | Mesenchymal:0.844 | Neural:1.000 | Proneural:1.000) || Val Loss: 1.1320 | Val Acc: 0.7500 (Classical:1.000 | Mesenchymal:0.667 | Neural:0.500 | Proneural:0.800) || LR: 0.000100
2025-11-04 02:20:24,883 [INFO] Best model saved with val_acc: 0.7500
2025-11-04 02:20:25,109 [INFO] Epoch [11/150] Train Loss: 1.3763 | Train Acc: 0.8936 (Classical:0.800 | Mesenchymal:0.844 | Neural:1.000 | Proneural:1.000) || Val Loss: 1.1527 | Val Acc: 0.7083 (Classical:0.667 | Mesenchymal:0.778 | Neural:0.500 | Proneural:0.800) || LR: 0.000100
2025-11-04 02:20:25,319 [INFO] Epoch [12/150] Train Loss: 1.3836 | Train Acc: 0.8936 (Classical:0.840 | Mesenchymal:0.812 | Neural:1.000 | Proneural:1.000) || Val Loss: 1.1572 | Val Acc: 0.6250 (Classical:0.833 | Mesenchymal:0.556 | Neural:0.500 | Proneural:0.600) || LR: 0.000100
2025-11-04 02:20:25,525 [INFO] Epoch [13/150] Train Loss: 1.4264 | Train Acc: 0.8936 (Classical:0.840 | Mesenchymal:0.844 | Neural:0.938 | Proneural:1.000) || Val Loss: 1.1679 | Val Acc: 0.6667 (Classical:0.833 | Mesenchymal:0.556 | Neural:0.500 | Proneural:0.800) || LR: 0.000100
2025-11-04 02:20:25,739 [INFO] Epoch [14/150] Train Loss: 1.4070 | Train Acc: 0.8936 (Classical:0.840 | Mesenchymal:0.844 | Neural:0.938 | Proneural:1.000) || Val Loss: 1.1862 | Val Acc: 0.5417 (Classical:0.667 | Mesenchymal:0.444 | Neural:0.250 | Proneural:0.800) || LR: 0.000100
2025-11-04 02:20:25,972 [INFO] Epoch [15/150] Train Loss: 1.4253 | Train Acc: 0.9149 (Classical:0.840 | Mesenchymal:0.875 | Neural:1.000 | Proneural:1.000) || Val Loss: 1.1819 | Val Acc: 0.4583 (Classical:0.500 | Mesenchymal:0.556 | Neural:0.250 | Proneural:0.400) || LR: 0.000100
2025-11-04 02:20:26,186 [INFO] Epoch [16/150] Train Loss: 1.4473 | Train Acc: 0.9149 (Classical:0.840 | Mesenchymal:0.875 | Neural:1.000 | Proneural:1.000) || Val Loss: 1.1984 | Val Acc: 0.5000 (Classical:0.667 | Mesenchymal:0.556 | Neural:0.250 | Proneural:0.400) || LR: 0.000100
2025-11-04 02:20:26,423 [INFO] Epoch [17/150] Train Loss: 1.4333 | Train Acc: 0.9255 (Classical:0.840 | Mesenchymal:0.906 | Neural:1.000 | Proneural:1.000) || Val Loss: 1.1675 | Val Acc: 0.5000 (Classical:0.667 | Mesenchymal:0.333 | Neural:0.500 | Proneural:0.600) || LR: 0.000100
2025-11-04 02:20:26,655 [INFO] Epoch [18/150] Train Loss: 1.3515 | Train Acc: 0.9255 (Classical:0.840 | Mesenchymal:0.906 | Neural:1.000 | Proneural:1.000) || Val Loss: 1.1998 | Val Acc: 0.5000 (Classical:0.667 | Mesenchymal:0.556 | Neural:0.250 | Proneural:0.400) || LR: 0.000100
2025-11-04 02:20:26,864 [INFO] Epoch [19/150] Train Loss: 1.3748 | Train Acc: 0.9255 (Classical:0.840 | Mesenchymal:0.906 | Neural:1.000 | Proneural:1.000) || Val Loss: 1.1725 | Val Acc: 0.5000 (Classical:0.667 | Mesenchymal:0.556 | Neural:0.250 | Proneural:0.400) || LR: 0.000100
2025-11-04 02:20:27,069 [INFO] Epoch [20/150] Train Loss: 1.3709 | Train Acc: 0.9362 (Classical:0.880 | Mesenchymal:0.906 | Neural:1.000 | Proneural:1.000) || Val Loss: 1.1579 | Val Acc: 0.5833 (Classical:0.667 | Mesenchymal:0.556 | Neural:0.250 | Proneural:0.800) || LR: 0.000100
2025-11-04 02:20:27,297 [INFO] Epoch [21/150] Train Loss: 1.3415 | Train Acc: 0.9362 (Classical:0.880 | Mesenchymal:0.906 | Neural:1.000 | Proneural:1.000) || Val Loss: 1.1414 | Val Acc: 0.6250 (Classical:0.667 | Mesenchymal:0.556 | Neural:0.500 | Proneural:0.800) || LR: 0.000100
2025-11-04 02:20:27,541 [INFO] Epoch [22/150] Train Loss: 1.3123 | Train Acc: 0.9362 (Classical:0.880 | Mesenchymal:0.906 | Neural:1.000 | Proneural:1.000) || Val Loss: 1.1344 | Val Acc: 0.5833 (Classical:0.667 | Mesenchymal:0.556 | Neural:0.250 | Proneural:0.800) || LR: 0.000100
2025-11-04 02:20:27,771 [INFO] Epoch [23/150] Train Loss: 1.3323 | Train Acc: 0.9362 (Classical:0.880 | Mesenchymal:0.906 | Neural:1.000 | Proneural:1.000) || Val Loss: 1.1022 | Val Acc: 0.6250 (Classical:0.667 | Mesenchymal:0.556 | Neural:0.500 | Proneural:0.800) || LR: 0.000100
2025-11-04 02:20:27,978 [INFO] Epoch [24/150] Train Loss: 1.3405 | Train Acc: 0.9362 (Classical:0.880 | Mesenchymal:0.906 | Neural:1.000 | Proneural:1.000) || Val Loss: 1.0909 | Val Acc: 0.6250 (Classical:0.667 | Mesenchymal:0.556 | Neural:0.500 | Proneural:0.800) || LR: 0.000100
2025-11-04 02:20:28,185 [INFO] Epoch [25/150] Train Loss: 1.3053 | Train Acc: 0.9468 (Classical:0.920 | Mesenchymal:0.906 | Neural:1.000 | Proneural:1.000) || Val Loss: 1.0872 | Val Acc: 0.6667 (Classical:0.833 | Mesenchymal:0.556 | Neural:0.500 | Proneural:0.800) || LR: 0.000100
2025-11-04 02:20:28,409 [INFO] Epoch [26/150] Train Loss: 1.3009 | Train Acc: 0.9468 (Classical:0.920 | Mesenchymal:0.906 | Neural:1.000 | Proneural:1.000) || Val Loss: 1.1121 | Val Acc: 0.6667 (Classical:0.833 | Mesenchymal:0.556 | Neural:0.500 | Proneural:0.800) || LR: 0.000100
2025-11-04 02:20:28,626 [INFO] Epoch [27/150] Train Loss: 1.3141 | Train Acc: 0.9468 (Classical:0.920 | Mesenchymal:0.906 | Neural:1.000 | Proneural:1.000) || Val Loss: 1.1338 | Val Acc: 0.6667 (Classical:0.833 | Mesenchymal:0.556 | Neural:0.500 | Proneural:0.800) || LR: 0.000100
2025-11-04 02:20:28,883 [INFO] Epoch [28/150] Train Loss: 1.2565 | Train Acc: 0.9468 (Classical:0.880 | Mesenchymal:0.938 | Neural:1.000 | Proneural:1.000) || Val Loss: 1.1110 | Val Acc: 0.6667 (Classical:0.833 | Mesenchymal:0.556 | Neural:0.500 | Proneural:0.800) || LR: 0.000100
2025-11-04 02:20:29,089 [INFO] Epoch [29/150] Train Loss: 1.2564 | Train Acc: 0.9574 (Classical:0.920 | Mesenchymal:0.938 | Neural:1.000 | Proneural:1.000) || Val Loss: 1.1008 | Val Acc: 0.6667 (Classical:0.833 | Mesenchymal:0.556 | Neural:0.500 | Proneural:0.800) || LR: 0.000100
2025-11-04 02:20:29,295 [INFO] Epoch [30/150] Train Loss: 1.2727 | Train Acc: 0.9468 (Classical:0.880 | Mesenchymal:0.938 | Neural:1.000 | Proneural:1.000) || Val Loss: 1.1080 | Val Acc: 0.6667 (Classical:0.833 | Mesenchymal:0.556 | Neural:0.500 | Proneural:0.800) || LR: 0.000100
2025-11-04 02:20:29,511 [INFO] Epoch [31/150] Train Loss: 1.2336 | Train Acc: 0.9681 (Classical:0.920 | Mesenchymal:0.969 | Neural:1.000 | Proneural:1.000) || Val Loss: 1.0964 | Val Acc: 0.6250 (Classical:0.833 | Mesenchymal:0.556 | Neural:0.250 | Proneural:0.800) || LR: 0.000100
2025-11-04 02:20:29,719 [INFO] Epoch [32/150] Train Loss: 1.2208 | Train Acc: 0.9681 (Classical:0.920 | Mesenchymal:0.969 | Neural:1.000 | Proneural:1.000) || Val Loss: 1.0921 | Val Acc: 0.6250 (Classical:0.833 | Mesenchymal:0.556 | Neural:0.250 | Proneural:0.800) || LR: 0.000100
2025-11-04 02:20:29,959 [INFO] Epoch [33/150] Train Loss: 1.2775 | Train Acc: 0.9681 (Classical:0.920 | Mesenchymal:0.969 | Neural:1.000 | Proneural:1.000) || Val Loss: 1.0836 | Val Acc: 0.6667 (Classical:0.833 | Mesenchymal:0.556 | Neural:0.500 | Proneural:0.800) || LR: 0.000100
2025-11-04 02:20:30,195 [INFO] Epoch [34/150] Train Loss: 1.2371 | Train Acc: 0.9574 (Classical:0.920 | Mesenchymal:0.938 | Neural:1.000 | Proneural:1.000) || Val Loss: 1.0692 | Val Acc: 0.6250 (Classical:0.833 | Mesenchymal:0.444 | Neural:0.500 | Proneural:0.800) || LR: 0.000100
2025-11-04 02:20:30,416 [INFO] Epoch [35/150] Train Loss: 1.1810 | Train Acc: 0.9681 (Classical:0.920 | Mesenchymal:0.969 | Neural:1.000 | Proneural:1.000) || Val Loss: 1.0498 | Val Acc: 0.6667 (Classical:0.833 | Mesenchymal:0.444 | Neural:0.500 | Proneural:1.000) || LR: 0.000100
2025-11-04 02:20:30,622 [INFO] Epoch [36/150] Train Loss: 1.2938 | Train Acc: 0.9681 (Classical:0.920 | Mesenchymal:0.969 | Neural:1.000 | Proneural:1.000) || Val Loss: 1.0347 | Val Acc: 0.7083 (Classical:0.833 | Mesenchymal:0.556 | Neural:0.500 | Proneural:1.000) || LR: 0.000100
2025-11-04 02:20:30,859 [INFO] Epoch [37/150] Train Loss: 1.2495 | Train Acc: 0.9574 (Classical:0.920 | Mesenchymal:0.938 | Neural:1.000 | Proneural:1.000) || Val Loss: 1.0356 | Val Acc: 0.6667 (Classical:0.833 | Mesenchymal:0.444 | Neural:0.500 | Proneural:1.000) || LR: 0.000100
2025-11-04 02:20:31,090 [INFO] Epoch [38/150] Train Loss: 1.2463 | Train Acc: 0.9894 (Classical:0.960 | Mesenchymal:1.000 | Neural:1.000 | Proneural:1.000) || Val Loss: 1.0276 | Val Acc: 0.7083 (Classical:1.000 | Mesenchymal:0.444 | Neural:0.500 | Proneural:1.000) || LR: 0.000100
2025-11-04 02:20:31,308 [INFO] Epoch [39/150] Train Loss: 1.2016 | Train Acc: 0.9894 (Classical:0.960 | Mesenchymal:1.000 | Neural:1.000 | Proneural:1.000) || Val Loss: 1.0214 | Val Acc: 0.7083 (Classical:0.833 | Mesenchymal:0.556 | Neural:0.500 | Proneural:1.000) || LR: 0.000100
2025-11-04 02:20:31,530 [INFO] Epoch [40/150] Train Loss: 1.2202 | Train Acc: 0.9894 (Classical:0.960 | Mesenchymal:1.000 | Neural:1.000 | Proneural:1.000) || Val Loss: 1.0428 | Val Acc: 0.7083 (Classical:0.833 | Mesenchymal:0.556 | Neural:0.500 | Proneural:1.000) || LR: 0.000100
2025-11-04 02:20:31,762 [INFO] Epoch [41/150] Train Loss: 1.2319 | Train Acc: 0.9894 (Classical:0.960 | Mesenchymal:1.000 | Neural:1.000 | Proneural:1.000) || Val Loss: 1.0411 | Val Acc: 0.7083 (Classical:0.833 | Mesenchymal:0.556 | Neural:0.500 | Proneural:1.000) || LR: 0.000100
2025-11-04 02:20:32,004 [INFO] Epoch [42/150] Train Loss: 1.2276 | Train Acc: 0.9894 (Classical:0.960 | Mesenchymal:1.000 | Neural:1.000 | Proneural:1.000) || Val Loss: 1.0210 | Val Acc: 0.7083 (Classical:1.000 | Mesenchymal:0.556 | Neural:0.250 | Proneural:1.000) || LR: 0.000100
2025-11-04 02:20:32,254 [INFO] Epoch [43/150] Train Loss: 1.2102 | Train Acc: 0.9894 (Classical:0.960 | Mesenchymal:1.000 | Neural:1.000 | Proneural:1.000) || Val Loss: 1.0098 | Val Acc: 0.6667 (Classical:0.833 | Mesenchymal:0.556 | Neural:0.250 | Proneural:1.000) || LR: 0.000100
2025-11-04 02:20:32,567 [INFO] Epoch [44/150] Train Loss: 1.1472 | Train Acc: 0.9894 (Classical:0.960 | Mesenchymal:1.000 | Neural:1.000 | Proneural:1.000) || Val Loss: 1.0221 | Val Acc: 0.6667 (Classical:1.000 | Mesenchymal:0.556 | Neural:0.250 | Proneural:0.800) || LR: 0.000100
2025-11-04 02:20:32,783 [INFO] Epoch [45/150] Train Loss: 1.1647 | Train Acc: 0.9894 (Classical:0.960 | Mesenchymal:1.000 | Neural:1.000 | Proneural:1.000) || Val Loss: 1.0096 | Val Acc: 0.6667 (Classical:0.833 | Mesenchymal:0.556 | Neural:0.250 | Proneural:1.000) || LR: 0.000100
2025-11-04 02:20:32,989 [INFO] Epoch [46/150] Train Loss: 1.1250 | Train Acc: 0.9894 (Classical:0.960 | Mesenchymal:1.000 | Neural:1.000 | Proneural:1.000) || Val Loss: 1.0276 | Val Acc: 0.6667 (Classical:0.833 | Mesenchymal:0.556 | Neural:0.250 | Proneural:1.000) || LR: 0.000100
2025-11-04 02:20:33,201 [INFO] Epoch [47/150] Train Loss: 1.1960 | Train Acc: 1.0000 (Classical:1.000 | Mesenchymal:1.000 | Neural:1.000 | Proneural:1.000) || Val Loss: 1.0553 | Val Acc: 0.6250 (Classical:0.500 | Mesenchymal:0.556 | Neural:0.500 | Proneural:1.000) || LR: 0.000100
2025-11-04 02:20:33,419 [INFO] Epoch [48/150] Train Loss: 1.1401 | Train Acc: 0.9894 (Classical:0.960 | Mesenchymal:1.000 | Neural:1.000 | Proneural:1.000) || Val Loss: 1.0617 | Val Acc: 0.6250 (Classical:0.500 | Mesenchymal:0.556 | Neural:0.500 | Proneural:1.000) || LR: 0.000100
2025-11-04 02:20:33,637 [INFO] Epoch [49/150] Train Loss: 1.2240 | Train Acc: 0.9894 (Classical:0.960 | Mesenchymal:1.000 | Neural:1.000 | Proneural:1.000) || Val Loss: 1.0608 | Val Acc: 0.5833 (Classical:0.500 | Mesenchymal:0.556 | Neural:0.500 | Proneural:0.800) || LR: 0.000100
2025-11-04 02:20:33,844 [INFO] Epoch [50/150] Train Loss: 1.1856 | Train Acc: 0.9894 (Classical:0.960 | Mesenchymal:1.000 | Neural:1.000 | Proneural:1.000) || Val Loss: 1.0064 | Val Acc: 0.7500 (Classical:0.833 | Mesenchymal:0.778 | Neural:0.500 | Proneural:0.800) || LR: 0.000100
2025-11-04 02:20:34,053 [INFO] Epoch [51/150] Train Loss: 1.1417 | Train Acc: 0.9894 (Classical:0.960 | Mesenchymal:1.000 | Neural:1.000 | Proneural:1.000) || Val Loss: 1.0201 | Val Acc: 0.7500 (Classical:0.833 | Mesenchymal:0.778 | Neural:0.500 | Proneural:0.800) || LR: 0.000100
2025-11-04 02:20:34,254 [INFO] Epoch [52/150] Train Loss: 1.2082 | Train Acc: 0.9894 (Classical:0.960 | Mesenchymal:1.000 | Neural:1.000 | Proneural:1.000) || Val Loss: 1.0428 | Val Acc: 0.7917 (Classical:0.833 | Mesenchymal:0.778 | Neural:0.500 | Proneural:1.000) || LR: 0.000100
2025-11-04 02:20:34,359 [INFO] Best model saved with val_acc: 0.7917
2025-11-04 02:20:34,578 [INFO] Epoch [53/150] Train Loss: 1.1770 | Train Acc: 0.9894 (Classical:0.960 | Mesenchymal:1.000 | Neural:1.000 | Proneural:1.000) || Val Loss: 1.0138 | Val Acc: 0.7500 (Classical:0.833 | Mesenchymal:0.778 | Neural:0.500 | Proneural:0.800) || LR: 0.000100
2025-11-04 02:20:34,790 [INFO] Epoch [54/150] Train Loss: 1.1284 | Train Acc: 0.9894 (Classical:0.960 | Mesenchymal:1.000 | Neural:1.000 | Proneural:1.000) || Val Loss: 1.0538 | Val Acc: 0.6667 (Classical:0.833 | Mesenchymal:0.667 | Neural:0.250 | Proneural:0.800) || LR: 0.000100
2025-11-04 02:20:34,991 [INFO] Epoch [55/150] Train Loss: 1.1613 | Train Acc: 0.9894 (Classical:0.960 | Mesenchymal:1.000 | Neural:1.000 | Proneural:1.000) || Val Loss: 1.0510 | Val Acc: 0.7917 (Classical:0.833 | Mesenchymal:0.778 | Neural:0.500 | Proneural:1.000) || LR: 0.000100
2025-11-04 02:20:35,200 [INFO] Epoch [56/150] Train Loss: 1.1549 | Train Acc: 1.0000 (Classical:1.000 | Mesenchymal:1.000 | Neural:1.000 | Proneural:1.000) || Val Loss: 1.0746 | Val Acc: 0.7083 (Classical:0.833 | Mesenchymal:0.556 | Neural:0.500 | Proneural:1.000) || LR: 0.000100
2025-11-04 02:20:35,407 [INFO] Epoch [57/150] Train Loss: 1.1378 | Train Acc: 1.0000 (Classical:1.000 | Mesenchymal:1.000 | Neural:1.000 | Proneural:1.000) || Val Loss: 1.0421 | Val Acc: 0.7500 (Classical:0.833 | Mesenchymal:0.667 | Neural:0.500 | Proneural:1.000) || LR: 0.000100
2025-11-04 02:20:35,616 [INFO] Epoch [58/150] Train Loss: 1.1266 | Train Acc: 0.9894 (Classical:0.960 | Mesenchymal:1.000 | Neural:1.000 | Proneural:1.000) || Val Loss: 1.0215 | Val Acc: 0.7500 (Classical:0.833 | Mesenchymal:0.667 | Neural:0.500 | Proneural:1.000) || LR: 0.000100
2025-11-04 02:20:35,829 [INFO] Epoch [59/150] Train Loss: 1.0951 | Train Acc: 1.0000 (Classical:1.000 | Mesenchymal:1.000 | Neural:1.000 | Proneural:1.000) || Val Loss: 1.0021 | Val Acc: 0.7500 (Classical:0.833 | Mesenchymal:0.778 | Neural:0.500 | Proneural:0.800) || LR: 0.000100
2025-11-04 02:20:36,027 [INFO] Epoch [60/150] Train Loss: 1.0680 | Train Acc: 1.0000 (Classical:1.000 | Mesenchymal:1.000 | Neural:1.000 | Proneural:1.000) || Val Loss: 1.0228 | Val Acc: 0.7500 (Classical:0.833 | Mesenchymal:0.667 | Neural:0.500 | Proneural:1.000) || LR: 0.000100
2025-11-04 02:20:36,238 [INFO] Epoch [61/150] Train Loss: 1.0572 | Train Acc: 1.0000 (Classical:1.000 | Mesenchymal:1.000 | Neural:1.000 | Proneural:1.000) || Val Loss: 1.0101 | Val Acc: 0.7500 (Classical:0.833 | Mesenchymal:0.667 | Neural:0.500 | Proneural:1.000) || LR: 0.000100
2025-11-04 02:20:36,441 [INFO] Epoch [62/150] Train Loss: 1.1068 | Train Acc: 1.0000 (Classical:1.000 | Mesenchymal:1.000 | Neural:1.000 | Proneural:1.000) || Val Loss: 0.9609 | Val Acc: 0.7083 (Classical:0.833 | Mesenchymal:0.667 | Neural:0.500 | Proneural:0.800) || LR: 0.000100
2025-11-04 02:20:36,657 [INFO] Epoch [63/150] Train Loss: 1.0694 | Train Acc: 1.0000 (Classical:1.000 | Mesenchymal:1.000 | Neural:1.000 | Proneural:1.000) || Val Loss: 0.9854 | Val Acc: 0.7083 (Classical:0.833 | Mesenchymal:0.667 | Neural:0.250 | Proneural:1.000) || LR: 0.000100
2025-11-04 02:20:36,859 [INFO] Epoch [64/150] Train Loss: 1.0625 | Train Acc: 1.0000 (Classical:1.000 | Mesenchymal:1.000 | Neural:1.000 | Proneural:1.000) || Val Loss: 1.0067 | Val Acc: 0.7500 (Classical:0.833 | Mesenchymal:0.667 | Neural:0.500 | Proneural:1.000) || LR: 0.000100
2025-11-04 02:20:37,066 [INFO] Epoch [65/150] Train Loss: 1.1001 | Train Acc: 1.0000 (Classical:1.000 | Mesenchymal:1.000 | Neural:1.000 | Proneural:1.000) || Val Loss: 0.9914 | Val Acc: 0.7083 (Classical:0.833 | Mesenchymal:0.667 | Neural:0.500 | Proneural:0.800) || LR: 0.000100
2025-11-04 02:20:37,274 [INFO] Epoch [66/150] Train Loss: 1.0614 | Train Acc: 1.0000 (Classical:1.000 | Mesenchymal:1.000 | Neural:1.000 | Proneural:1.000) || Val Loss: 1.0168 | Val Acc: 0.7083 (Classical:0.833 | Mesenchymal:0.667 | Neural:0.250 | Proneural:1.000) || LR: 0.000100
2025-11-04 02:20:37,485 [INFO] Epoch [67/150] Train Loss: 1.0063 | Train Acc: 1.0000 (Classical:1.000 | Mesenchymal:1.000 | Neural:1.000 | Proneural:1.000) || Val Loss: 0.9672 | Val Acc: 0.7500 (Classical:0.833 | Mesenchymal:0.778 | Neural:0.500 | Proneural:0.800) || LR: 0.000100
2025-11-04 02:20:37,715 [INFO] Epoch [68/150] Train Loss: 1.1363 | Train Acc: 0.9894 (Classical:0.960 | Mesenchymal:1.000 | Neural:1.000 | Proneural:1.000) || Val Loss: 0.9603 | Val Acc: 0.7500 (Classical:0.833 | Mesenchymal:0.778 | Neural:0.500 | Proneural:0.800) || LR: 0.000100
2025-11-04 02:20:37,941 [INFO] Epoch [69/150] Train Loss: 1.1610 | Train Acc: 0.9894 (Classical:0.960 | Mesenchymal:1.000 | Neural:1.000 | Proneural:1.000) || Val Loss: 0.9591 | Val Acc: 0.7083 (Classical:0.833 | Mesenchymal:0.778 | Neural:0.250 | Proneural:0.800) || LR: 0.000100
2025-11-04 02:20:38,159 [INFO] Epoch [70/150] Train Loss: 1.0840 | Train Acc: 0.9894 (Classical:0.960 | Mesenchymal:1.000 | Neural:1.000 | Proneural:1.000) || Val Loss: 0.9785 | Val Acc: 0.7083 (Classical:0.833 | Mesenchymal:0.778 | Neural:0.250 | Proneural:0.800) || LR: 0.000100
2025-11-04 02:20:38,363 [INFO] Epoch [71/150] Train Loss: 1.0377 | Train Acc: 0.9894 (Classical:0.960 | Mesenchymal:1.000 | Neural:1.000 | Proneural:1.000) || Val Loss: 0.9640 | Val Acc: 0.7083 (Classical:0.833 | Mesenchymal:0.778 | Neural:0.250 | Proneural:0.800) || LR: 0.000100
2025-11-04 02:20:38,578 [INFO] Epoch [72/150] Train Loss: 1.0770 | Train Acc: 1.0000 (Classical:1.000 | Mesenchymal:1.000 | Neural:1.000 | Proneural:1.000) || Val Loss: 0.9460 | Val Acc: 0.7083 (Classical:0.833 | Mesenchymal:0.667 | Neural:0.500 | Proneural:0.800) || LR: 0.000100
2025-11-04 02:20:38,780 [INFO] Epoch [73/150] Train Loss: 1.0561 | Train Acc: 1.0000 (Classical:1.000 | Mesenchymal:1.000 | Neural:1.000 | Proneural:1.000) || Val Loss: 0.9775 | Val Acc: 0.7500 (Classical:0.833 | Mesenchymal:0.778 | Neural:0.500 | Proneural:0.800) || LR: 0.000100
2025-11-04 02:20:38,997 [INFO] Epoch [74/150] Train Loss: 1.0452 | Train Acc: 0.9894 (Classical:0.960 | Mesenchymal:1.000 | Neural:1.000 | Proneural:1.000) || Val Loss: 0.9912 | Val Acc: 0.7083 (Classical:0.833 | Mesenchymal:0.778 | Neural:0.250 | Proneural:0.800) || LR: 0.000100
2025-11-04 02:20:39,208 [INFO] Epoch [75/150] Train Loss: 1.0288 | Train Acc: 0.9894 (Classical:0.960 | Mesenchymal:1.000 | Neural:1.000 | Proneural:1.000) || Val Loss: 1.0231 | Val Acc: 0.7083 (Classical:0.833 | Mesenchymal:0.778 | Neural:0.250 | Proneural:0.800) || LR: 0.000100
2025-11-04 02:20:39,414 [INFO] Epoch [76/150] Train Loss: 1.0223 | Train Acc: 0.9894 (Classical:0.960 | Mesenchymal:1.000 | Neural:1.000 | Proneural:1.000) || Val Loss: 1.0289 | Val Acc: 0.6667 (Classical:0.833 | Mesenchymal:0.778 | Neural:0.000 | Proneural:0.800) || LR: 0.000100
2025-11-04 02:20:39,627 [INFO] Epoch [77/150] Train Loss: 1.1328 | Train Acc: 0.9894 (Classical:0.960 | Mesenchymal:1.000 | Neural:1.000 | Proneural:1.000) || Val Loss: 1.0153 | Val Acc: 0.7083 (Classical:0.833 | Mesenchymal:0.778 | Neural:0.250 | Proneural:0.800) || LR: 0.000100
2025-11-04 02:20:39,827 [INFO] Epoch [78/150] Train Loss: 1.0009 | Train Acc: 0.9894 (Classical:0.960 | Mesenchymal:1.000 | Neural:1.000 | Proneural:1.000) || Val Loss: 0.9762 | Val Acc: 0.7083 (Classical:0.833 | Mesenchymal:0.778 | Neural:0.250 | Proneural:0.800) || LR: 0.000100
2025-11-04 02:20:40,050 [INFO] Epoch [79/150] Train Loss: 1.0174 | Train Acc: 0.9894 (Classical:0.960 | Mesenchymal:1.000 | Neural:1.000 | Proneural:1.000) || Val Loss: 0.9717 | Val Acc: 0.7083 (Classical:0.833 | Mesenchymal:0.667 | Neural:0.500 | Proneural:0.800) || LR: 0.000100
2025-11-04 02:20:40,283 [INFO] Epoch [80/150] Train Loss: 1.0031 | Train Acc: 0.9894 (Classical:0.960 | Mesenchymal:1.000 | Neural:1.000 | Proneural:1.000) || Val Loss: 0.9431 | Val Acc: 0.7083 (Classical:0.833 | Mesenchymal:0.667 | Neural:0.500 | Proneural:0.800) || LR: 0.000100
2025-11-04 02:20:40,495 [INFO] Epoch [81/150] Train Loss: 0.9798 | Train Acc: 0.9894 (Classical:0.960 | Mesenchymal:1.000 | Neural:1.000 | Proneural:1.000) || Val Loss: 0.9825 | Val Acc: 0.7083 (Classical:0.833 | Mesenchymal:0.778 | Neural:0.250 | Proneural:0.800) || LR: 0.000100
2025-11-04 02:20:40,696 [INFO] Epoch [82/150] Train Loss: 0.9969 | Train Acc: 0.9894 (Classical:0.960 | Mesenchymal:1.000 | Neural:1.000 | Proneural:1.000) || Val Loss: 0.9829 | Val Acc: 0.6667 (Classical:0.833 | Mesenchymal:0.667 | Neural:0.250 | Proneural:0.800) || LR: 0.000100
2025-11-04 02:20:40,898 [INFO] Epoch [83/150] Train Loss: 1.0097 | Train Acc: 0.9894 (Classical:0.960 | Mesenchymal:1.000 | Neural:1.000 | Proneural:1.000) || Val Loss: 0.9844 | Val Acc: 0.7083 (Classical:0.833 | Mesenchymal:0.778 | Neural:0.250 | Proneural:0.800) || LR: 0.000100
2025-11-04 02:20:41,109 [INFO] Epoch [84/150] Train Loss: 1.0351 | Train Acc: 1.0000 (Classical:1.000 | Mesenchymal:1.000 | Neural:1.000 | Proneural:1.000) || Val Loss: 0.9957 | Val Acc: 0.6667 (Classical:0.833 | Mesenchymal:0.667 | Neural:0.250 | Proneural:0.800) || LR: 0.000100
2025-11-04 02:20:41,313 [INFO] Epoch [85/150] Train Loss: 0.9785 | Train Acc: 1.0000 (Classical:1.000 | Mesenchymal:1.000 | Neural:1.000 | Proneural:1.000) || Val Loss: 1.0080 | Val Acc: 0.6667 (Classical:0.833 | Mesenchymal:0.667 | Neural:0.250 | Proneural:0.800) || LR: 0.000100
2025-11-04 02:20:41,526 [INFO] Epoch [86/150] Train Loss: 1.0906 | Train Acc: 1.0000 (Classical:1.000 | Mesenchymal:1.000 | Neural:1.000 | Proneural:1.000) || Val Loss: 0.9808 | Val Acc: 0.6250 (Classical:0.667 | Mesenchymal:0.778 | Neural:0.250 | Proneural:0.600) || LR: 0.000100
2025-11-04 02:20:41,725 [INFO] Epoch [87/150] Train Loss: 1.0246 | Train Acc: 1.0000 (Classical:1.000 | Mesenchymal:1.000 | Neural:1.000 | Proneural:1.000) || Val Loss: 0.9876 | Val Acc: 0.7083 (Classical:0.833 | Mesenchymal:0.778 | Neural:0.250 | Proneural:0.800) || LR: 0.000100
2025-11-04 02:20:41,954 [INFO] Epoch [88/150] Train Loss: 0.9673 | Train Acc: 1.0000 (Classical:1.000 | Mesenchymal:1.000 | Neural:1.000 | Proneural:1.000) || Val Loss: 0.9621 | Val Acc: 0.7083 (Classical:0.833 | Mesenchymal:0.778 | Neural:0.250 | Proneural:0.800) || LR: 0.000100
2025-11-04 02:20:42,190 [INFO] Epoch [89/150] Train Loss: 1.0266 | Train Acc: 0.9894 (Classical:0.960 | Mesenchymal:1.000 | Neural:1.000 | Proneural:1.000) || Val Loss: 0.9541 | Val Acc: 0.7083 (Classical:0.833 | Mesenchymal:0.778 | Neural:0.500 | Proneural:0.600) || LR: 0.000100
2025-11-04 02:20:42,403 [INFO] Epoch [90/150] Train Loss: 0.9827 | Train Acc: 1.0000 (Classical:1.000 | Mesenchymal:1.000 | Neural:1.000 | Proneural:1.000) || Val Loss: 0.9410 | Val Acc: 0.7500 (Classical:0.833 | Mesenchymal:0.778 | Neural:0.500 | Proneural:0.800) || LR: 0.000100
2025-11-04 02:20:42,612 [INFO] Epoch [91/150] Train Loss: 0.9802 | Train Acc: 1.0000 (Classical:1.000 | Mesenchymal:1.000 | Neural:1.000 | Proneural:1.000) || Val Loss: 0.9410 | Val Acc: 0.7083 (Classical:0.833 | Mesenchymal:0.667 | Neural:0.500 | Proneural:0.800) || LR: 0.000100
2025-11-04 02:20:42,820 [INFO] Epoch [92/150] Train Loss: 0.9664 | Train Acc: 1.0000 (Classical:1.000 | Mesenchymal:1.000 | Neural:1.000 | Proneural:1.000) || Val Loss: 0.9619 | Val Acc: 0.7083 (Classical:0.833 | Mesenchymal:0.667 | Neural:0.500 | Proneural:0.800) || LR: 0.000100
2025-11-04 02:20:43,020 [INFO] Epoch [93/150] Train Loss: 1.0056 | Train Acc: 1.0000 (Classical:1.000 | Mesenchymal:1.000 | Neural:1.000 | Proneural:1.000) || Val Loss: 0.9507 | Val Acc: 0.7500 (Classical:0.833 | Mesenchymal:0.778 | Neural:0.500 | Proneural:0.800) || LR: 0.000100
2025-11-04 02:20:43,225 [INFO] Epoch [94/150] Train Loss: 0.9567 | Train Acc: 1.0000 (Classical:1.000 | Mesenchymal:1.000 | Neural:1.000 | Proneural:1.000) || Val Loss: 0.9655 | Val Acc: 0.7083 (Classical:0.833 | Mesenchymal:0.778 | Neural:0.250 | Proneural:0.800) || LR: 0.000100
2025-11-04 02:20:43,436 [INFO] Epoch [95/150] Train Loss: 0.9930 | Train Acc: 1.0000 (Classical:1.000 | Mesenchymal:1.000 | Neural:1.000 | Proneural:1.000) || Val Loss: 0.9665 | Val Acc: 0.7083 (Classical:0.833 | Mesenchymal:0.667 | Neural:0.500 | Proneural:0.800) || LR: 0.000100
2025-11-04 02:20:43,638 [INFO] Epoch [96/150] Train Loss: 0.9148 | Train Acc: 1.0000 (Classical:1.000 | Mesenchymal:1.000 | Neural:1.000 | Proneural:1.000) || Val Loss: 1.0065 | Val Acc: 0.6250 (Classical:0.833 | Mesenchymal:0.667 | Neural:0.250 | Proneural:0.600) || LR: 0.000100
2025-11-04 02:20:43,875 [INFO] Epoch [97/150] Train Loss: 0.8941 | Train Acc: 1.0000 (Classical:1.000 | Mesenchymal:1.000 | Neural:1.000 | Proneural:1.000) || Val Loss: 1.0232 | Val Acc: 0.6250 (Classical:0.833 | Mesenchymal:0.667 | Neural:0.000 | Proneural:0.800) || LR: 0.000100
2025-11-04 02:20:44,135 [INFO] Epoch [98/150] Train Loss: 0.9938 | Train Acc: 1.0000 (Classical:1.000 | Mesenchymal:1.000 | Neural:1.000 | Proneural:1.000) || Val Loss: 1.0214 | Val Acc: 0.6667 (Classical:0.833 | Mesenchymal:0.667 | Neural:0.250 | Proneural:0.800) || LR: 0.000100
2025-11-04 02:20:44,390 [INFO] Epoch [99/150] Train Loss: 0.9094 | Train Acc: 1.0000 (Classical:1.000 | Mesenchymal:1.000 | Neural:1.000 | Proneural:1.000) || Val Loss: 1.0201 | Val Acc: 0.6667 (Classical:0.833 | Mesenchymal:0.667 | Neural:0.500 | Proneural:0.600) || LR: 0.000100
2025-11-04 02:20:44,633 [INFO] Epoch [100/150] Train Loss: 0.9340 | Train Acc: 1.0000 (Classical:1.000 | Mesenchymal:1.000 | Neural:1.000 | Proneural:1.000) || Val Loss: 1.0148 | Val Acc: 0.7083 (Classical:0.833 | Mesenchymal:0.667 | Neural:0.500 | Proneural:0.800) || LR: 0.000100
2025-11-04 02:20:44,888 [INFO] Epoch [101/150] Train Loss: 0.9402 | Train Acc: 1.0000 (Classical:1.000 | Mesenchymal:1.000 | Neural:1.000 | Proneural:1.000) || Val Loss: 1.0192 | Val Acc: 0.6667 (Classical:0.833 | Mesenchymal:0.667 | Neural:0.250 | Proneural:0.800) || LR: 0.000100
2025-11-04 02:20:45,096 [INFO] Epoch [102/150] Train Loss: 0.9188 | Train Acc: 1.0000 (Classical:1.000 | Mesenchymal:1.000 | Neural:1.000 | Proneural:1.000) || Val Loss: 1.0206 | Val Acc: 0.7083 (Classical:0.833 | Mesenchymal:0.667 | Neural:0.500 | Proneural:0.800) || LR: 0.000100
2025-11-04 02:20:45,096 [INFO] Early stopping at epoch 102
2025-11-04 02:20:45,107 [INFO] Training completed. Best accuracy: 0.7917
2025-11-04 02:20:45,107 [INFO] Log: ./logs/train_20251104_022021.log, Model: ./models/best_model.pth
2025-11-04 02:20:45,193 [INFO] FINAL PER-CLASS | Train Acc: 0.9894 (Classical:0.960 | Mesenchymal:1.000 | Neural:1.000 | Proneural:1.000) || Val Acc: 0.7917 (Classical:0.833 | Mesenchymal:0.778 | Neural:0.500 | Proneural:1.000)
2025-11-04 02:20:45,312 [INFO] FINAL PER-CLASS | Test  Acc: 0.7667 (Classical:0.875 | Mesenchymal:0.800 | Neural:0.600 | Proneural:0.714)
