2025-11-04 02:21:19,375 [INFO] Model parameters: 33,024,228, Classes: 4
2025-11-04 02:21:19,375 [INFO] Enhanced regularization: Dropout=0.2, Weight_decay=0.0005
2025-11-04 02:21:20,070 [INFO] Regularized Attention-MOI Training Started
2025-11-04 02:21:20,070 [INFO] Training started with enhanced regularization
2025-11-04 02:21:20,071 [INFO] Dropout: 0.2, Weight decay: 0.0005
2025-11-04 02:21:20,695 [INFO] Epoch [1/150] Train Loss: 2.1221 | Train Acc: 0.4362 (Classical:0.360 | Mesenchymal:0.312 | Neural:0.312 | Proneural:0.810) || Val Loss: 1.4532 | Val Acc: 0.4167 (Classical:0.667 | Mesenchymal:0.222 | Neural:0.000 | Proneural:0.800) || LR: 0.000100
2025-11-04 02:21:20,938 [INFO] Best model saved with val_acc: 0.4167
2025-11-04 02:21:21,288 [INFO] Epoch [2/150] Train Loss: 2.0159 | Train Acc: 0.6809 (Classical:0.640 | Mesenchymal:0.688 | Neural:0.500 | Proneural:0.857) || Val Loss: 1.2968 | Val Acc: 0.4583 (Classical:0.667 | Mesenchymal:0.444 | Neural:0.000 | Proneural:0.600) || LR: 0.000100
2025-11-04 02:21:21,463 [INFO] Best model saved with val_acc: 0.4583
2025-11-04 02:21:21,791 [INFO] Epoch [3/150] Train Loss: 1.7818 | Train Acc: 0.7234 (Classical:0.760 | Mesenchymal:0.750 | Neural:0.375 | Proneural:0.905) || Val Loss: 1.2457 | Val Acc: 0.4167 (Classical:0.667 | Mesenchymal:0.444 | Neural:0.000 | Proneural:0.400) || LR: 0.000100
2025-11-04 02:21:22,130 [INFO] Epoch [4/150] Train Loss: 1.7608 | Train Acc: 0.7979 (Classical:0.680 | Mesenchymal:0.906 | Neural:0.625 | Proneural:0.905) || Val Loss: 1.1854 | Val Acc: 0.5417 (Classical:0.833 | Mesenchymal:0.556 | Neural:0.000 | Proneural:0.600) || LR: 0.000100
2025-11-04 02:21:22,323 [INFO] Best model saved with val_acc: 0.5417
2025-11-04 02:21:22,667 [INFO] Epoch [5/150] Train Loss: 1.7424 | Train Acc: 0.8511 (Classical:0.760 | Mesenchymal:0.969 | Neural:0.750 | Proneural:0.857) || Val Loss: 1.1385 | Val Acc: 0.5833 (Classical:1.000 | Mesenchymal:0.556 | Neural:0.000 | Proneural:0.600) || LR: 0.000100
2025-11-04 02:21:22,881 [INFO] Best model saved with val_acc: 0.5833
2025-11-04 02:21:23,232 [INFO] Epoch [6/150] Train Loss: 1.7639 | Train Acc: 0.8830 (Classical:0.840 | Mesenchymal:0.969 | Neural:0.750 | Proneural:0.905) || Val Loss: 1.1542 | Val Acc: 0.5417 (Classical:1.000 | Mesenchymal:0.556 | Neural:0.000 | Proneural:0.400) || LR: 0.000100
2025-11-04 02:21:23,546 [INFO] Epoch [7/150] Train Loss: 1.7833 | Train Acc: 0.9043 (Classical:0.880 | Mesenchymal:0.969 | Neural:0.812 | Proneural:0.905) || Val Loss: 1.1231 | Val Acc: 0.5833 (Classical:1.000 | Mesenchymal:0.556 | Neural:0.250 | Proneural:0.400) || LR: 0.000100
2025-11-04 02:21:23,856 [INFO] Epoch [8/150] Train Loss: 1.6904 | Train Acc: 0.9149 (Classical:0.880 | Mesenchymal:0.969 | Neural:0.875 | Proneural:0.905) || Val Loss: 1.1263 | Val Acc: 0.5833 (Classical:1.000 | Mesenchymal:0.444 | Neural:0.250 | Proneural:0.600) || LR: 0.000100
2025-11-04 02:21:24,192 [INFO] Epoch [9/150] Train Loss: 1.6610 | Train Acc: 0.9362 (Classical:0.920 | Mesenchymal:0.969 | Neural:0.875 | Proneural:0.952) || Val Loss: 1.0891 | Val Acc: 0.5833 (Classical:1.000 | Mesenchymal:0.556 | Neural:0.250 | Proneural:0.400) || LR: 0.000100
2025-11-04 02:21:24,520 [INFO] Epoch [10/150] Train Loss: 1.6702 | Train Acc: 0.9681 (Classical:0.920 | Mesenchymal:1.000 | Neural:0.938 | Proneural:1.000) || Val Loss: 1.0962 | Val Acc: 0.6667 (Classical:1.000 | Mesenchymal:0.556 | Neural:0.500 | Proneural:0.600) || LR: 0.000100
2025-11-04 02:21:24,721 [INFO] Best model saved with val_acc: 0.6667
2025-11-04 02:21:25,048 [INFO] Epoch [11/150] Train Loss: 1.6006 | Train Acc: 0.9787 (Classical:0.960 | Mesenchymal:1.000 | Neural:0.938 | Proneural:1.000) || Val Loss: 1.1235 | Val Acc: 0.6250 (Classical:1.000 | Mesenchymal:0.556 | Neural:0.250 | Proneural:0.600) || LR: 0.000100
2025-11-04 02:21:25,750 [INFO] Epoch [12/150] Train Loss: 1.5998 | Train Acc: 0.9787 (Classical:0.960 | Mesenchymal:1.000 | Neural:0.938 | Proneural:1.000) || Val Loss: 1.1431 | Val Acc: 0.5833 (Classical:1.000 | Mesenchymal:0.556 | Neural:0.250 | Proneural:0.400) || LR: 0.000100
2025-11-04 02:21:26,237 [INFO] Epoch [13/150] Train Loss: 1.5609 | Train Acc: 0.9787 (Classical:0.960 | Mesenchymal:1.000 | Neural:0.938 | Proneural:1.000) || Val Loss: 1.1185 | Val Acc: 0.5833 (Classical:1.000 | Mesenchymal:0.556 | Neural:0.250 | Proneural:0.400) || LR: 0.000100
2025-11-04 02:21:27,034 [INFO] Epoch [14/150] Train Loss: 1.5400 | Train Acc: 0.9894 (Classical:1.000 | Mesenchymal:1.000 | Neural:0.938 | Proneural:1.000) || Val Loss: 1.1147 | Val Acc: 0.5833 (Classical:1.000 | Mesenchymal:0.556 | Neural:0.250 | Proneural:0.400) || LR: 0.000100
2025-11-04 02:21:27,773 [INFO] Epoch [15/150] Train Loss: 1.5521 | Train Acc: 0.9894 (Classical:1.000 | Mesenchymal:1.000 | Neural:0.938 | Proneural:1.000) || Val Loss: 1.1160 | Val Acc: 0.5417 (Classical:0.833 | Mesenchymal:0.556 | Neural:0.250 | Proneural:0.400) || LR: 0.000100
2025-11-04 02:21:28,392 [INFO] Epoch [16/150] Train Loss: 1.5392 | Train Acc: 1.0000 (Classical:1.000 | Mesenchymal:1.000 | Neural:1.000 | Proneural:1.000) || Val Loss: 1.1082 | Val Acc: 0.5833 (Classical:0.833 | Mesenchymal:0.556 | Neural:0.250 | Proneural:0.600) || LR: 0.000100
2025-11-04 02:21:29,139 [INFO] Epoch [17/150] Train Loss: 1.4914 | Train Acc: 1.0000 (Classical:1.000 | Mesenchymal:1.000 | Neural:1.000 | Proneural:1.000) || Val Loss: 1.0953 | Val Acc: 0.5833 (Classical:0.833 | Mesenchymal:0.556 | Neural:0.250 | Proneural:0.600) || LR: 0.000100
2025-11-04 02:21:29,979 [INFO] Epoch [18/150] Train Loss: 1.5296 | Train Acc: 1.0000 (Classical:1.000 | Mesenchymal:1.000 | Neural:1.000 | Proneural:1.000) || Val Loss: 1.0992 | Val Acc: 0.6250 (Classical:0.833 | Mesenchymal:0.556 | Neural:0.500 | Proneural:0.600) || LR: 0.000100
2025-11-04 02:21:30,689 [INFO] Epoch [19/150] Train Loss: 1.5071 | Train Acc: 1.0000 (Classical:1.000 | Mesenchymal:1.000 | Neural:1.000 | Proneural:1.000) || Val Loss: 1.0934 | Val Acc: 0.6250 (Classical:0.833 | Mesenchymal:0.556 | Neural:0.500 | Proneural:0.600) || LR: 0.000100
2025-11-04 02:21:31,008 [INFO] Epoch [20/150] Train Loss: 1.4913 | Train Acc: 1.0000 (Classical:1.000 | Mesenchymal:1.000 | Neural:1.000 | Proneural:1.000) || Val Loss: 1.0989 | Val Acc: 0.6250 (Classical:0.833 | Mesenchymal:0.667 | Neural:0.250 | Proneural:0.600) || LR: 0.000100
2025-11-04 02:21:31,318 [INFO] Epoch [21/150] Train Loss: 1.4559 | Train Acc: 1.0000 (Classical:1.000 | Mesenchymal:1.000 | Neural:1.000 | Proneural:1.000) || Val Loss: 1.1258 | Val Acc: 0.6667 (Classical:0.833 | Mesenchymal:0.667 | Neural:0.500 | Proneural:0.600) || LR: 0.000100
2025-11-04 02:21:31,631 [INFO] Epoch [22/150] Train Loss: 1.4379 | Train Acc: 1.0000 (Classical:1.000 | Mesenchymal:1.000 | Neural:1.000 | Proneural:1.000) || Val Loss: 1.1247 | Val Acc: 0.6250 (Classical:0.833 | Mesenchymal:0.667 | Neural:0.250 | Proneural:0.600) || LR: 0.000100
2025-11-04 02:21:31,952 [INFO] Epoch [23/150] Train Loss: 1.4271 | Train Acc: 1.0000 (Classical:1.000 | Mesenchymal:1.000 | Neural:1.000 | Proneural:1.000) || Val Loss: 1.1332 | Val Acc: 0.5833 (Classical:0.833 | Mesenchymal:0.556 | Neural:0.250 | Proneural:0.600) || LR: 0.000100
2025-11-04 02:21:32,268 [INFO] Epoch [24/150] Train Loss: 1.4233 | Train Acc: 1.0000 (Classical:1.000 | Mesenchymal:1.000 | Neural:1.000 | Proneural:1.000) || Val Loss: 1.1241 | Val Acc: 0.6250 (Classical:0.833 | Mesenchymal:0.556 | Neural:0.250 | Proneural:0.800) || LR: 0.000100
2025-11-04 02:21:32,584 [INFO] Epoch [25/150] Train Loss: 1.4700 | Train Acc: 1.0000 (Classical:1.000 | Mesenchymal:1.000 | Neural:1.000 | Proneural:1.000) || Val Loss: 1.0970 | Val Acc: 0.7083 (Classical:0.833 | Mesenchymal:0.667 | Neural:0.500 | Proneural:0.800) || LR: 0.000100
2025-11-04 02:21:32,841 [INFO] Best model saved with val_acc: 0.7083
2025-11-04 02:21:33,180 [INFO] Epoch [26/150] Train Loss: 1.3853 | Train Acc: 1.0000 (Classical:1.000 | Mesenchymal:1.000 | Neural:1.000 | Proneural:1.000) || Val Loss: 1.1119 | Val Acc: 0.6667 (Classical:0.833 | Mesenchymal:0.556 | Neural:0.500 | Proneural:0.800) || LR: 0.000100
2025-11-04 02:21:33,523 [INFO] Epoch [27/150] Train Loss: 1.4149 | Train Acc: 1.0000 (Classical:1.000 | Mesenchymal:1.000 | Neural:1.000 | Proneural:1.000) || Val Loss: 1.0625 | Val Acc: 0.7083 (Classical:0.833 | Mesenchymal:0.667 | Neural:0.500 | Proneural:0.800) || LR: 0.000100
2025-11-04 02:21:33,871 [INFO] Epoch [28/150] Train Loss: 1.4167 | Train Acc: 1.0000 (Classical:1.000 | Mesenchymal:1.000 | Neural:1.000 | Proneural:1.000) || Val Loss: 1.0527 | Val Acc: 0.6667 (Classical:0.833 | Mesenchymal:0.667 | Neural:0.250 | Proneural:0.800) || LR: 0.000100
2025-11-04 02:21:34,191 [INFO] Epoch [29/150] Train Loss: 1.4625 | Train Acc: 1.0000 (Classical:1.000 | Mesenchymal:1.000 | Neural:1.000 | Proneural:1.000) || Val Loss: 1.0232 | Val Acc: 0.6667 (Classical:0.833 | Mesenchymal:0.667 | Neural:0.250 | Proneural:0.800) || LR: 0.000100
2025-11-04 02:21:34,505 [INFO] Epoch [30/150] Train Loss: 1.3544 | Train Acc: 1.0000 (Classical:1.000 | Mesenchymal:1.000 | Neural:1.000 | Proneural:1.000) || Val Loss: 1.0380 | Val Acc: 0.7083 (Classical:0.833 | Mesenchymal:0.667 | Neural:0.250 | Proneural:1.000) || LR: 0.000100
2025-11-04 02:21:34,816 [INFO] Epoch [31/150] Train Loss: 1.3563 | Train Acc: 1.0000 (Classical:1.000 | Mesenchymal:1.000 | Neural:1.000 | Proneural:1.000) || Val Loss: 1.0107 | Val Acc: 0.6667 (Classical:0.833 | Mesenchymal:0.667 | Neural:0.000 | Proneural:1.000) || LR: 0.000100
2025-11-04 02:21:35,126 [INFO] Epoch [32/150] Train Loss: 1.4292 | Train Acc: 1.0000 (Classical:1.000 | Mesenchymal:1.000 | Neural:1.000 | Proneural:1.000) || Val Loss: 0.9852 | Val Acc: 0.7083 (Classical:0.833 | Mesenchymal:0.667 | Neural:0.250 | Proneural:1.000) || LR: 0.000100
2025-11-04 02:21:35,429 [INFO] Epoch [33/150] Train Loss: 1.3788 | Train Acc: 1.0000 (Classical:1.000 | Mesenchymal:1.000 | Neural:1.000 | Proneural:1.000) || Val Loss: 1.0157 | Val Acc: 0.7083 (Classical:0.833 | Mesenchymal:0.667 | Neural:0.250 | Proneural:1.000) || LR: 0.000100
2025-11-04 02:21:35,743 [INFO] Epoch [34/150] Train Loss: 1.3461 | Train Acc: 1.0000 (Classical:1.000 | Mesenchymal:1.000 | Neural:1.000 | Proneural:1.000) || Val Loss: 0.9903 | Val Acc: 0.7083 (Classical:0.833 | Mesenchymal:0.667 | Neural:0.250 | Proneural:1.000) || LR: 0.000100
2025-11-04 02:21:36,064 [INFO] Epoch [35/150] Train Loss: 1.3876 | Train Acc: 1.0000 (Classical:1.000 | Mesenchymal:1.000 | Neural:1.000 | Proneural:1.000) || Val Loss: 0.9688 | Val Acc: 0.7083 (Classical:0.833 | Mesenchymal:0.667 | Neural:0.250 | Proneural:1.000) || LR: 0.000100
2025-11-04 02:21:36,389 [INFO] Epoch [36/150] Train Loss: 1.3378 | Train Acc: 1.0000 (Classical:1.000 | Mesenchymal:1.000 | Neural:1.000 | Proneural:1.000) || Val Loss: 0.9949 | Val Acc: 0.7083 (Classical:0.833 | Mesenchymal:0.667 | Neural:0.250 | Proneural:1.000) || LR: 0.000100
2025-11-04 02:21:36,698 [INFO] Epoch [37/150] Train Loss: 1.3552 | Train Acc: 1.0000 (Classical:1.000 | Mesenchymal:1.000 | Neural:1.000 | Proneural:1.000) || Val Loss: 0.9478 | Val Acc: 0.7083 (Classical:0.833 | Mesenchymal:0.778 | Neural:0.250 | Proneural:0.800) || LR: 0.000100
2025-11-04 02:21:37,014 [INFO] Epoch [38/150] Train Loss: 1.2928 | Train Acc: 1.0000 (Classical:1.000 | Mesenchymal:1.000 | Neural:1.000 | Proneural:1.000) || Val Loss: 1.0044 | Val Acc: 0.6667 (Classical:0.833 | Mesenchymal:0.778 | Neural:0.000 | Proneural:0.800) || LR: 0.000100
2025-11-04 02:21:37,321 [INFO] Epoch [39/150] Train Loss: 1.3089 | Train Acc: 1.0000 (Classical:1.000 | Mesenchymal:1.000 | Neural:1.000 | Proneural:1.000) || Val Loss: 1.0106 | Val Acc: 0.7083 (Classical:0.833 | Mesenchymal:0.778 | Neural:0.250 | Proneural:0.800) || LR: 0.000100
2025-11-04 02:21:37,621 [INFO] Epoch [40/150] Train Loss: 1.2921 | Train Acc: 1.0000 (Classical:1.000 | Mesenchymal:1.000 | Neural:1.000 | Proneural:1.000) || Val Loss: 1.0318 | Val Acc: 0.6667 (Classical:0.833 | Mesenchymal:0.667 | Neural:0.250 | Proneural:0.800) || LR: 0.000100
2025-11-04 02:21:38,021 [INFO] Epoch [41/150] Train Loss: 1.2507 | Train Acc: 1.0000 (Classical:1.000 | Mesenchymal:1.000 | Neural:1.000 | Proneural:1.000) || Val Loss: 1.0446 | Val Acc: 0.6250 (Classical:0.833 | Mesenchymal:0.556 | Neural:0.250 | Proneural:0.800) || LR: 0.000100
2025-11-04 02:21:38,679 [INFO] Epoch [42/150] Train Loss: 1.2514 | Train Acc: 1.0000 (Classical:1.000 | Mesenchymal:1.000 | Neural:1.000 | Proneural:1.000) || Val Loss: 1.0179 | Val Acc: 0.7083 (Classical:0.833 | Mesenchymal:0.667 | Neural:0.500 | Proneural:0.800) || LR: 0.000100
2025-11-04 02:21:39,402 [INFO] Epoch [43/150] Train Loss: 1.2803 | Train Acc: 1.0000 (Classical:1.000 | Mesenchymal:1.000 | Neural:1.000 | Proneural:1.000) || Val Loss: 0.9943 | Val Acc: 0.7083 (Classical:0.833 | Mesenchymal:0.667 | Neural:0.500 | Proneural:0.800) || LR: 0.000100
2025-11-04 02:21:39,997 [INFO] Epoch [44/150] Train Loss: 1.2537 | Train Acc: 1.0000 (Classical:1.000 | Mesenchymal:1.000 | Neural:1.000 | Proneural:1.000) || Val Loss: 1.0226 | Val Acc: 0.6667 (Classical:0.833 | Mesenchymal:0.556 | Neural:0.500 | Proneural:0.800) || LR: 0.000100
2025-11-04 02:21:40,709 [INFO] Epoch [45/150] Train Loss: 1.2544 | Train Acc: 1.0000 (Classical:1.000 | Mesenchymal:1.000 | Neural:1.000 | Proneural:1.000) || Val Loss: 1.0336 | Val Acc: 0.6667 (Classical:0.833 | Mesenchymal:0.556 | Neural:0.500 | Proneural:0.800) || LR: 0.000100
2025-11-04 02:21:41,290 [INFO] Epoch [46/150] Train Loss: 1.2431 | Train Acc: 1.0000 (Classical:1.000 | Mesenchymal:1.000 | Neural:1.000 | Proneural:1.000) || Val Loss: 1.0449 | Val Acc: 0.6667 (Classical:0.833 | Mesenchymal:0.556 | Neural:0.500 | Proneural:0.800) || LR: 0.000100
2025-11-04 02:21:41,855 [INFO] Epoch [47/150] Train Loss: 1.2451 | Train Acc: 1.0000 (Classical:1.000 | Mesenchymal:1.000 | Neural:1.000 | Proneural:1.000) || Val Loss: 1.0571 | Val Acc: 0.6667 (Classical:0.833 | Mesenchymal:0.667 | Neural:0.250 | Proneural:0.800) || LR: 0.000100
2025-11-04 02:21:42,452 [INFO] Epoch [48/150] Train Loss: 1.2286 | Train Acc: 1.0000 (Classical:1.000 | Mesenchymal:1.000 | Neural:1.000 | Proneural:1.000) || Val Loss: 1.0536 | Val Acc: 0.6667 (Classical:0.833 | Mesenchymal:0.667 | Neural:0.250 | Proneural:0.800) || LR: 0.000100
2025-11-04 02:21:43,019 [INFO] Epoch [49/150] Train Loss: 1.2445 | Train Acc: 1.0000 (Classical:1.000 | Mesenchymal:1.000 | Neural:1.000 | Proneural:1.000) || Val Loss: 1.0649 | Val Acc: 0.7083 (Classical:0.833 | Mesenchymal:0.667 | Neural:0.500 | Proneural:0.800) || LR: 0.000100
2025-11-04 02:21:43,588 [INFO] Epoch [50/150] Train Loss: 1.1951 | Train Acc: 1.0000 (Classical:1.000 | Mesenchymal:1.000 | Neural:1.000 | Proneural:1.000) || Val Loss: 1.0631 | Val Acc: 0.6667 (Classical:0.833 | Mesenchymal:0.556 | Neural:0.500 | Proneural:0.800) || LR: 0.000100
2025-11-04 02:21:43,900 [INFO] Epoch [51/150] Train Loss: 1.1898 | Train Acc: 1.0000 (Classical:1.000 | Mesenchymal:1.000 | Neural:1.000 | Proneural:1.000) || Val Loss: 1.0277 | Val Acc: 0.7083 (Classical:0.833 | Mesenchymal:0.667 | Neural:0.500 | Proneural:0.800) || LR: 0.000100
2025-11-04 02:21:44,223 [INFO] Epoch [52/150] Train Loss: 1.1959 | Train Acc: 1.0000 (Classical:1.000 | Mesenchymal:1.000 | Neural:1.000 | Proneural:1.000) || Val Loss: 0.9988 | Val Acc: 0.7500 (Classical:0.833 | Mesenchymal:0.778 | Neural:0.500 | Proneural:0.800) || LR: 0.000100
2025-11-04 02:21:44,445 [INFO] Best model saved with val_acc: 0.7500
2025-11-04 02:21:44,767 [INFO] Epoch [53/150] Train Loss: 1.2012 | Train Acc: 1.0000 (Classical:1.000 | Mesenchymal:1.000 | Neural:1.000 | Proneural:1.000) || Val Loss: 1.0240 | Val Acc: 0.7500 (Classical:0.833 | Mesenchymal:0.778 | Neural:0.500 | Proneural:0.800) || LR: 0.000100
2025-11-04 02:21:45,085 [INFO] Epoch [54/150] Train Loss: 1.2478 | Train Acc: 1.0000 (Classical:1.000 | Mesenchymal:1.000 | Neural:1.000 | Proneural:1.000) || Val Loss: 1.0212 | Val Acc: 0.7500 (Classical:0.833 | Mesenchymal:0.778 | Neural:0.500 | Proneural:0.800) || LR: 0.000100
2025-11-04 02:21:45,412 [INFO] Epoch [55/150] Train Loss: 1.2024 | Train Acc: 1.0000 (Classical:1.000 | Mesenchymal:1.000 | Neural:1.000 | Proneural:1.000) || Val Loss: 1.0517 | Val Acc: 0.6667 (Classical:0.833 | Mesenchymal:0.778 | Neural:0.000 | Proneural:0.800) || LR: 0.000100
2025-11-04 02:21:45,721 [INFO] Epoch [56/150] Train Loss: 1.2039 | Train Acc: 1.0000 (Classical:1.000 | Mesenchymal:1.000 | Neural:1.000 | Proneural:1.000) || Val Loss: 1.0810 | Val Acc: 0.6667 (Classical:0.833 | Mesenchymal:0.778 | Neural:0.000 | Proneural:0.800) || LR: 0.000100
2025-11-04 02:21:46,039 [INFO] Epoch [57/150] Train Loss: 1.1403 | Train Acc: 1.0000 (Classical:1.000 | Mesenchymal:1.000 | Neural:1.000 | Proneural:1.000) || Val Loss: 1.0891 | Val Acc: 0.6667 (Classical:0.833 | Mesenchymal:0.778 | Neural:0.000 | Proneural:0.800) || LR: 0.000100
2025-11-04 02:21:46,361 [INFO] Epoch [58/150] Train Loss: 1.1654 | Train Acc: 1.0000 (Classical:1.000 | Mesenchymal:1.000 | Neural:1.000 | Proneural:1.000) || Val Loss: 1.0259 | Val Acc: 0.6667 (Classical:0.833 | Mesenchymal:0.778 | Neural:0.000 | Proneural:0.800) || LR: 0.000100
2025-11-04 02:21:46,680 [INFO] Epoch [59/150] Train Loss: 1.1884 | Train Acc: 1.0000 (Classical:1.000 | Mesenchymal:1.000 | Neural:1.000 | Proneural:1.000) || Val Loss: 1.0134 | Val Acc: 0.7083 (Classical:0.833 | Mesenchymal:0.778 | Neural:0.250 | Proneural:0.800) || LR: 0.000100
2025-11-04 02:21:47,000 [INFO] Epoch [60/150] Train Loss: 1.2108 | Train Acc: 1.0000 (Classical:1.000 | Mesenchymal:1.000 | Neural:1.000 | Proneural:1.000) || Val Loss: 1.0392 | Val Acc: 0.6250 (Classical:0.833 | Mesenchymal:0.667 | Neural:0.000 | Proneural:0.800) || LR: 0.000100
2025-11-04 02:21:47,322 [INFO] Epoch [61/150] Train Loss: 1.1840 | Train Acc: 1.0000 (Classical:1.000 | Mesenchymal:1.000 | Neural:1.000 | Proneural:1.000) || Val Loss: 1.0224 | Val Acc: 0.6667 (Classical:0.833 | Mesenchymal:0.778 | Neural:0.000 | Proneural:0.800) || LR: 0.000100
2025-11-04 02:21:47,646 [INFO] Epoch [62/150] Train Loss: 1.1808 | Train Acc: 1.0000 (Classical:1.000 | Mesenchymal:1.000 | Neural:1.000 | Proneural:1.000) || Val Loss: 1.0568 | Val Acc: 0.6667 (Classical:0.833 | Mesenchymal:0.778 | Neural:0.000 | Proneural:0.800) || LR: 0.000100
2025-11-04 02:21:47,976 [INFO] Epoch [63/150] Train Loss: 1.1892 | Train Acc: 1.0000 (Classical:1.000 | Mesenchymal:1.000 | Neural:1.000 | Proneural:1.000) || Val Loss: 1.0487 | Val Acc: 0.6250 (Classical:0.833 | Mesenchymal:0.667 | Neural:0.000 | Proneural:0.800) || LR: 0.000100
2025-11-04 02:21:48,292 [INFO] Epoch [64/150] Train Loss: 1.1230 | Train Acc: 1.0000 (Classical:1.000 | Mesenchymal:1.000 | Neural:1.000 | Proneural:1.000) || Val Loss: 1.0210 | Val Acc: 0.7500 (Classical:1.000 | Mesenchymal:0.778 | Neural:0.250 | Proneural:0.800) || LR: 0.000100
2025-11-04 02:21:48,608 [INFO] Epoch [65/150] Train Loss: 1.1315 | Train Acc: 1.0000 (Classical:1.000 | Mesenchymal:1.000 | Neural:1.000 | Proneural:1.000) || Val Loss: 1.0311 | Val Acc: 0.7083 (Classical:0.833 | Mesenchymal:0.778 | Neural:0.250 | Proneural:0.800) || LR: 0.000100
2025-11-04 02:21:48,959 [INFO] Epoch [66/150] Train Loss: 1.1482 | Train Acc: 1.0000 (Classical:1.000 | Mesenchymal:1.000 | Neural:1.000 | Proneural:1.000) || Val Loss: 1.0484 | Val Acc: 0.6667 (Classical:0.833 | Mesenchymal:0.778 | Neural:0.000 | Proneural:0.800) || LR: 0.000100
2025-11-04 02:21:49,297 [INFO] Epoch [67/150] Train Loss: 1.1443 | Train Acc: 1.0000 (Classical:1.000 | Mesenchymal:1.000 | Neural:1.000 | Proneural:1.000) || Val Loss: 1.0364 | Val Acc: 0.7083 (Classical:1.000 | Mesenchymal:0.667 | Neural:0.250 | Proneural:0.800) || LR: 0.000100
2025-11-04 02:21:49,632 [INFO] Epoch [68/150] Train Loss: 1.1172 | Train Acc: 1.0000 (Classical:1.000 | Mesenchymal:1.000 | Neural:1.000 | Proneural:1.000) || Val Loss: 1.0445 | Val Acc: 0.6667 (Classical:0.833 | Mesenchymal:0.778 | Neural:0.000 | Proneural:0.800) || LR: 0.000100
2025-11-04 02:21:49,965 [INFO] Epoch [69/150] Train Loss: 1.2087 | Train Acc: 1.0000 (Classical:1.000 | Mesenchymal:1.000 | Neural:1.000 | Proneural:1.000) || Val Loss: 1.0433 | Val Acc: 0.7083 (Classical:0.833 | Mesenchymal:0.778 | Neural:0.250 | Proneural:0.800) || LR: 0.000100
2025-11-04 02:21:50,298 [INFO] Epoch [70/150] Train Loss: 1.1012 | Train Acc: 1.0000 (Classical:1.000 | Mesenchymal:1.000 | Neural:1.000 | Proneural:1.000) || Val Loss: 1.0509 | Val Acc: 0.7083 (Classical:0.833 | Mesenchymal:0.778 | Neural:0.250 | Proneural:0.800) || LR: 0.000100
2025-11-04 02:21:50,624 [INFO] Epoch [71/150] Train Loss: 1.1229 | Train Acc: 1.0000 (Classical:1.000 | Mesenchymal:1.000 | Neural:1.000 | Proneural:1.000) || Val Loss: 1.0528 | Val Acc: 0.7500 (Classical:0.833 | Mesenchymal:0.778 | Neural:0.500 | Proneural:0.800) || LR: 0.000100
2025-11-04 02:21:50,940 [INFO] Epoch [72/150] Train Loss: 1.1183 | Train Acc: 1.0000 (Classical:1.000 | Mesenchymal:1.000 | Neural:1.000 | Proneural:1.000) || Val Loss: 1.0729 | Val Acc: 0.7500 (Classical:1.000 | Mesenchymal:0.667 | Neural:0.500 | Proneural:0.800) || LR: 0.000100
2025-11-04 02:21:51,264 [INFO] Epoch [73/150] Train Loss: 1.1235 | Train Acc: 1.0000 (Classical:1.000 | Mesenchymal:1.000 | Neural:1.000 | Proneural:1.000) || Val Loss: 1.0692 | Val Acc: 0.7917 (Classical:1.000 | Mesenchymal:0.778 | Neural:0.500 | Proneural:0.800) || LR: 0.000100
2025-11-04 02:21:51,432 [INFO] Best model saved with val_acc: 0.7917
2025-11-04 02:21:51,804 [INFO] Epoch [74/150] Train Loss: 1.1219 | Train Acc: 1.0000 (Classical:1.000 | Mesenchymal:1.000 | Neural:1.000 | Proneural:1.000) || Val Loss: 1.0933 | Val Acc: 0.6667 (Classical:0.833 | Mesenchymal:0.667 | Neural:0.250 | Proneural:0.800) || LR: 0.000100
2025-11-04 02:21:52,150 [INFO] Epoch [75/150] Train Loss: 1.1416 | Train Acc: 1.0000 (Classical:1.000 | Mesenchymal:1.000 | Neural:1.000 | Proneural:1.000) || Val Loss: 1.0921 | Val Acc: 0.7083 (Classical:0.833 | Mesenchymal:0.778 | Neural:0.250 | Proneural:0.800) || LR: 0.000100
2025-11-04 02:21:52,463 [INFO] Epoch [76/150] Train Loss: 1.1140 | Train Acc: 1.0000 (Classical:1.000 | Mesenchymal:1.000 | Neural:1.000 | Proneural:1.000) || Val Loss: 1.1625 | Val Acc: 0.6250 (Classical:0.833 | Mesenchymal:0.667 | Neural:0.000 | Proneural:0.800) || LR: 0.000100
2025-11-04 02:21:52,779 [INFO] Epoch [77/150] Train Loss: 1.1005 | Train Acc: 1.0000 (Classical:1.000 | Mesenchymal:1.000 | Neural:1.000 | Proneural:1.000) || Val Loss: 1.1664 | Val Acc: 0.6250 (Classical:0.833 | Mesenchymal:0.667 | Neural:0.000 | Proneural:0.800) || LR: 0.000100
2025-11-04 02:21:53,102 [INFO] Epoch [78/150] Train Loss: 1.1382 | Train Acc: 1.0000 (Classical:1.000 | Mesenchymal:1.000 | Neural:1.000 | Proneural:1.000) || Val Loss: 1.1115 | Val Acc: 0.6667 (Classical:0.833 | Mesenchymal:0.667 | Neural:0.250 | Proneural:0.800) || LR: 0.000100
2025-11-04 02:21:53,471 [INFO] Epoch [79/150] Train Loss: 1.1084 | Train Acc: 1.0000 (Classical:1.000 | Mesenchymal:1.000 | Neural:1.000 | Proneural:1.000) || Val Loss: 1.1324 | Val Acc: 0.6667 (Classical:0.833 | Mesenchymal:0.667 | Neural:0.250 | Proneural:0.800) || LR: 0.000100
2025-11-04 02:21:53,842 [INFO] Epoch [80/150] Train Loss: 1.1021 | Train Acc: 1.0000 (Classical:1.000 | Mesenchymal:1.000 | Neural:1.000 | Proneural:1.000) || Val Loss: 1.0861 | Val Acc: 0.6667 (Classical:1.000 | Mesenchymal:0.556 | Neural:0.250 | Proneural:0.800) || LR: 0.000100
2025-11-04 02:21:54,153 [INFO] Epoch [81/150] Train Loss: 1.0674 | Train Acc: 1.0000 (Classical:1.000 | Mesenchymal:1.000 | Neural:1.000 | Proneural:1.000) || Val Loss: 1.0890 | Val Acc: 0.6667 (Classical:1.000 | Mesenchymal:0.556 | Neural:0.250 | Proneural:0.800) || LR: 0.000100
2025-11-04 02:21:54,467 [INFO] Epoch [82/150] Train Loss: 1.0887 | Train Acc: 1.0000 (Classical:1.000 | Mesenchymal:1.000 | Neural:1.000 | Proneural:1.000) || Val Loss: 1.0575 | Val Acc: 0.7083 (Classical:1.000 | Mesenchymal:0.667 | Neural:0.250 | Proneural:0.800) || LR: 0.000100
2025-11-04 02:21:54,773 [INFO] Epoch [83/150] Train Loss: 1.0839 | Train Acc: 1.0000 (Classical:1.000 | Mesenchymal:1.000 | Neural:1.000 | Proneural:1.000) || Val Loss: 1.0307 | Val Acc: 0.7917 (Classical:1.000 | Mesenchymal:0.778 | Neural:0.500 | Proneural:0.800) || LR: 0.000100
2025-11-04 02:21:55,080 [INFO] Epoch [84/150] Train Loss: 1.1151 | Train Acc: 1.0000 (Classical:1.000 | Mesenchymal:1.000 | Neural:1.000 | Proneural:1.000) || Val Loss: 1.0554 | Val Acc: 0.7500 (Classical:0.833 | Mesenchymal:0.778 | Neural:0.500 | Proneural:0.800) || LR: 0.000100
2025-11-04 02:21:55,390 [INFO] Epoch [85/150] Train Loss: 1.0756 | Train Acc: 1.0000 (Classical:1.000 | Mesenchymal:1.000 | Neural:1.000 | Proneural:1.000) || Val Loss: 1.0788 | Val Acc: 0.7083 (Classical:0.833 | Mesenchymal:0.778 | Neural:0.250 | Proneural:0.800) || LR: 0.000100
2025-11-04 02:21:55,695 [INFO] Epoch [86/150] Train Loss: 1.0715 | Train Acc: 1.0000 (Classical:1.000 | Mesenchymal:1.000 | Neural:1.000 | Proneural:1.000) || Val Loss: 1.0623 | Val Acc: 0.7917 (Classical:1.000 | Mesenchymal:0.778 | Neural:0.500 | Proneural:0.800) || LR: 0.000100
2025-11-04 02:21:56,029 [INFO] Epoch [87/150] Train Loss: 1.0901 | Train Acc: 1.0000 (Classical:1.000 | Mesenchymal:1.000 | Neural:1.000 | Proneural:1.000) || Val Loss: 1.0864 | Val Acc: 0.7500 (Classical:1.000 | Mesenchymal:0.667 | Neural:0.500 | Proneural:0.800) || LR: 0.000100
2025-11-04 02:21:56,334 [INFO] Epoch [88/150] Train Loss: 1.0785 | Train Acc: 1.0000 (Classical:1.000 | Mesenchymal:1.000 | Neural:1.000 | Proneural:1.000) || Val Loss: 1.0717 | Val Acc: 0.7917 (Classical:1.000 | Mesenchymal:0.778 | Neural:0.500 | Proneural:0.800) || LR: 0.000100
2025-11-04 02:21:56,632 [INFO] Epoch [89/150] Train Loss: 1.0535 | Train Acc: 1.0000 (Classical:1.000 | Mesenchymal:1.000 | Neural:1.000 | Proneural:1.000) || Val Loss: 1.0770 | Val Acc: 0.7500 (Classical:1.000 | Mesenchymal:0.778 | Neural:0.250 | Proneural:0.800) || LR: 0.000100
2025-11-04 02:21:56,955 [INFO] Epoch [90/150] Train Loss: 1.0540 | Train Acc: 1.0000 (Classical:1.000 | Mesenchymal:1.000 | Neural:1.000 | Proneural:1.000) || Val Loss: 1.0888 | Val Acc: 0.7500 (Classical:1.000 | Mesenchymal:0.778 | Neural:0.250 | Proneural:0.800) || LR: 0.000100
2025-11-04 02:21:57,272 [INFO] Epoch [91/150] Train Loss: 1.0555 | Train Acc: 1.0000 (Classical:1.000 | Mesenchymal:1.000 | Neural:1.000 | Proneural:1.000) || Val Loss: 1.0979 | Val Acc: 0.7500 (Classical:0.833 | Mesenchymal:0.778 | Neural:0.500 | Proneural:0.800) || LR: 0.000100
2025-11-04 02:21:57,600 [INFO] Epoch [92/150] Train Loss: 1.0491 | Train Acc: 1.0000 (Classical:1.000 | Mesenchymal:1.000 | Neural:1.000 | Proneural:1.000) || Val Loss: 1.1111 | Val Acc: 0.6667 (Classical:0.833 | Mesenchymal:0.778 | Neural:0.000 | Proneural:0.800) || LR: 0.000100
2025-11-04 02:21:57,921 [INFO] Epoch [93/150] Train Loss: 1.0694 | Train Acc: 1.0000 (Classical:1.000 | Mesenchymal:1.000 | Neural:1.000 | Proneural:1.000) || Val Loss: 1.0835 | Val Acc: 0.7500 (Classical:1.000 | Mesenchymal:0.778 | Neural:0.250 | Proneural:0.800) || LR: 0.000100
2025-11-04 02:21:58,230 [INFO] Epoch [94/150] Train Loss: 1.0719 | Train Acc: 1.0000 (Classical:1.000 | Mesenchymal:1.000 | Neural:1.000 | Proneural:1.000) || Val Loss: 1.0719 | Val Acc: 0.7083 (Classical:0.833 | Mesenchymal:0.778 | Neural:0.250 | Proneural:0.800) || LR: 0.000100
2025-11-04 02:21:58,554 [INFO] Epoch [95/150] Train Loss: 1.0635 | Train Acc: 1.0000 (Classical:1.000 | Mesenchymal:1.000 | Neural:1.000 | Proneural:1.000) || Val Loss: 1.0286 | Val Acc: 0.7500 (Classical:0.833 | Mesenchymal:0.778 | Neural:0.500 | Proneural:0.800) || LR: 0.000100
2025-11-04 02:21:58,873 [INFO] Epoch [96/150] Train Loss: 1.0462 | Train Acc: 1.0000 (Classical:1.000 | Mesenchymal:1.000 | Neural:1.000 | Proneural:1.000) || Val Loss: 1.0526 | Val Acc: 0.7917 (Classical:1.000 | Mesenchymal:0.778 | Neural:0.500 | Proneural:0.800) || LR: 0.000100
2025-11-04 02:21:59,189 [INFO] Epoch [97/150] Train Loss: 1.0432 | Train Acc: 1.0000 (Classical:1.000 | Mesenchymal:1.000 | Neural:1.000 | Proneural:1.000) || Val Loss: 1.1162 | Val Acc: 0.7083 (Classical:1.000 | Mesenchymal:0.667 | Neural:0.250 | Proneural:0.800) || LR: 0.000100
2025-11-04 02:21:59,504 [INFO] Epoch [98/150] Train Loss: 1.0266 | Train Acc: 1.0000 (Classical:1.000 | Mesenchymal:1.000 | Neural:1.000 | Proneural:1.000) || Val Loss: 1.1374 | Val Acc: 0.6667 (Classical:1.000 | Mesenchymal:0.556 | Neural:0.250 | Proneural:0.800) || LR: 0.000100
2025-11-04 02:21:59,816 [INFO] Epoch [99/150] Train Loss: 1.0308 | Train Acc: 1.0000 (Classical:1.000 | Mesenchymal:1.000 | Neural:1.000 | Proneural:1.000) || Val Loss: 1.1008 | Val Acc: 0.7083 (Classical:0.833 | Mesenchymal:0.778 | Neural:0.250 | Proneural:0.800) || LR: 0.000100
2025-11-04 02:22:00,142 [INFO] Epoch [100/150] Train Loss: 1.0450 | Train Acc: 1.0000 (Classical:1.000 | Mesenchymal:1.000 | Neural:1.000 | Proneural:1.000) || Val Loss: 1.1006 | Val Acc: 0.7083 (Classical:0.833 | Mesenchymal:0.778 | Neural:0.250 | Proneural:0.800) || LR: 0.000100
2025-11-04 02:22:00,454 [INFO] Epoch [101/150] Train Loss: 1.0431 | Train Acc: 1.0000 (Classical:1.000 | Mesenchymal:1.000 | Neural:1.000 | Proneural:1.000) || Val Loss: 1.0508 | Val Acc: 0.7500 (Classical:0.833 | Mesenchymal:0.778 | Neural:0.500 | Proneural:0.800) || LR: 0.000100
2025-11-04 02:22:00,769 [INFO] Epoch [102/150] Train Loss: 1.0770 | Train Acc: 1.0000 (Classical:1.000 | Mesenchymal:1.000 | Neural:1.000 | Proneural:1.000) || Val Loss: 1.1059 | Val Acc: 0.7083 (Classical:0.833 | Mesenchymal:0.778 | Neural:0.250 | Proneural:0.800) || LR: 0.000100
2025-11-04 02:22:01,089 [INFO] Epoch [103/150] Train Loss: 1.0409 | Train Acc: 1.0000 (Classical:1.000 | Mesenchymal:1.000 | Neural:1.000 | Proneural:1.000) || Val Loss: 1.0470 | Val Acc: 0.7917 (Classical:1.000 | Mesenchymal:0.778 | Neural:0.500 | Proneural:0.800) || LR: 0.000100
2025-11-04 02:22:01,398 [INFO] Epoch [104/150] Train Loss: 1.0401 | Train Acc: 1.0000 (Classical:1.000 | Mesenchymal:1.000 | Neural:1.000 | Proneural:1.000) || Val Loss: 1.0491 | Val Acc: 0.7500 (Classical:0.833 | Mesenchymal:0.778 | Neural:0.500 | Proneural:0.800) || LR: 0.000100
2025-11-04 02:22:01,723 [INFO] Epoch [105/150] Train Loss: 1.0610 | Train Acc: 1.0000 (Classical:1.000 | Mesenchymal:1.000 | Neural:1.000 | Proneural:1.000) || Val Loss: 1.0747 | Val Acc: 0.7500 (Classical:0.833 | Mesenchymal:0.778 | Neural:0.500 | Proneural:0.800) || LR: 0.000100
2025-11-04 02:22:02,038 [INFO] Epoch [106/150] Train Loss: 1.0465 | Train Acc: 1.0000 (Classical:1.000 | Mesenchymal:1.000 | Neural:1.000 | Proneural:1.000) || Val Loss: 1.0832 | Val Acc: 0.7083 (Classical:0.833 | Mesenchymal:0.778 | Neural:0.250 | Proneural:0.800) || LR: 0.000100
2025-11-04 02:22:02,341 [INFO] Epoch [107/150] Train Loss: 1.0668 | Train Acc: 1.0000 (Classical:1.000 | Mesenchymal:1.000 | Neural:1.000 | Proneural:1.000) || Val Loss: 1.1476 | Val Acc: 0.6667 (Classical:0.833 | Mesenchymal:0.778 | Neural:0.000 | Proneural:0.800) || LR: 0.000100
2025-11-04 02:22:02,643 [INFO] Epoch [108/150] Train Loss: 1.0537 | Train Acc: 1.0000 (Classical:1.000 | Mesenchymal:1.000 | Neural:1.000 | Proneural:1.000) || Val Loss: 1.1001 | Val Acc: 0.7083 (Classical:0.833 | Mesenchymal:0.778 | Neural:0.250 | Proneural:0.800) || LR: 0.000100
2025-11-04 02:22:02,951 [INFO] Epoch [109/150] Train Loss: 1.0767 | Train Acc: 1.0000 (Classical:1.000 | Mesenchymal:1.000 | Neural:1.000 | Proneural:1.000) || Val Loss: 1.0989 | Val Acc: 0.7083 (Classical:1.000 | Mesenchymal:0.778 | Neural:0.000 | Proneural:0.800) || LR: 0.000100
2025-11-04 02:22:03,268 [INFO] Epoch [110/150] Train Loss: 1.0350 | Train Acc: 1.0000 (Classical:1.000 | Mesenchymal:1.000 | Neural:1.000 | Proneural:1.000) || Val Loss: 1.1370 | Val Acc: 0.6667 (Classical:0.833 | Mesenchymal:0.778 | Neural:0.000 | Proneural:0.800) || LR: 0.000100
2025-11-04 02:22:03,585 [INFO] Epoch [111/150] Train Loss: 1.0490 | Train Acc: 1.0000 (Classical:1.000 | Mesenchymal:1.000 | Neural:1.000 | Proneural:1.000) || Val Loss: 1.2224 | Val Acc: 0.6667 (Classical:0.833 | Mesenchymal:0.778 | Neural:0.000 | Proneural:0.800) || LR: 0.000100
2025-11-04 02:22:03,881 [INFO] Epoch [112/150] Train Loss: 1.0535 | Train Acc: 1.0000 (Classical:1.000 | Mesenchymal:1.000 | Neural:1.000 | Proneural:1.000) || Val Loss: 1.2652 | Val Acc: 0.7083 (Classical:1.000 | Mesenchymal:0.778 | Neural:0.000 | Proneural:0.800) || LR: 0.000100
2025-11-04 02:22:04,212 [INFO] Epoch [113/150] Train Loss: 1.0460 | Train Acc: 1.0000 (Classical:1.000 | Mesenchymal:1.000 | Neural:1.000 | Proneural:1.000) || Val Loss: 1.2408 | Val Acc: 0.7083 (Classical:1.000 | Mesenchymal:0.778 | Neural:0.000 | Proneural:0.800) || LR: 0.000100
2025-11-04 02:22:04,517 [INFO] Epoch [114/150] Train Loss: 1.0575 | Train Acc: 1.0000 (Classical:1.000 | Mesenchymal:1.000 | Neural:1.000 | Proneural:1.000) || Val Loss: 1.2393 | Val Acc: 0.6667 (Classical:1.000 | Mesenchymal:0.667 | Neural:0.000 | Proneural:0.800) || LR: 0.000100
2025-11-04 02:22:04,833 [INFO] Epoch [115/150] Train Loss: 1.0348 | Train Acc: 1.0000 (Classical:1.000 | Mesenchymal:1.000 | Neural:1.000 | Proneural:1.000) || Val Loss: 1.2972 | Val Acc: 0.6667 (Classical:1.000 | Mesenchymal:0.667 | Neural:0.000 | Proneural:0.800) || LR: 0.000100
2025-11-04 02:22:05,151 [INFO] Epoch [116/150] Train Loss: 1.1082 | Train Acc: 1.0000 (Classical:1.000 | Mesenchymal:1.000 | Neural:1.000 | Proneural:1.000) || Val Loss: 1.3524 | Val Acc: 0.6667 (Classical:1.000 | Mesenchymal:0.667 | Neural:0.000 | Proneural:0.800) || LR: 0.000100
2025-11-04 02:22:05,464 [INFO] Epoch [117/150] Train Loss: 1.0446 | Train Acc: 1.0000 (Classical:1.000 | Mesenchymal:1.000 | Neural:1.000 | Proneural:1.000) || Val Loss: 1.2676 | Val Acc: 0.6667 (Classical:1.000 | Mesenchymal:0.667 | Neural:0.000 | Proneural:0.800) || LR: 0.000100
2025-11-04 02:22:05,782 [INFO] Epoch [118/150] Train Loss: 1.0235 | Train Acc: 1.0000 (Classical:1.000 | Mesenchymal:1.000 | Neural:1.000 | Proneural:1.000) || Val Loss: 1.2564 | Val Acc: 0.6667 (Classical:1.000 | Mesenchymal:0.667 | Neural:0.000 | Proneural:0.800) || LR: 0.000100
2025-11-04 02:22:06,096 [INFO] Epoch [119/150] Train Loss: 1.0540 | Train Acc: 1.0000 (Classical:1.000 | Mesenchymal:1.000 | Neural:1.000 | Proneural:1.000) || Val Loss: 1.1944 | Val Acc: 0.7083 (Classical:1.000 | Mesenchymal:0.778 | Neural:0.000 | Proneural:0.800) || LR: 0.000100
2025-11-04 02:22:06,401 [INFO] Epoch [120/150] Train Loss: 1.0357 | Train Acc: 1.0000 (Classical:1.000 | Mesenchymal:1.000 | Neural:1.000 | Proneural:1.000) || Val Loss: 1.2547 | Val Acc: 0.7083 (Classical:1.000 | Mesenchymal:0.778 | Neural:0.000 | Proneural:0.800) || LR: 0.000100
2025-11-04 02:22:06,722 [INFO] Epoch [121/150] Train Loss: 1.0294 | Train Acc: 1.0000 (Classical:1.000 | Mesenchymal:1.000 | Neural:1.000 | Proneural:1.000) || Val Loss: 1.2165 | Val Acc: 0.7083 (Classical:1.000 | Mesenchymal:0.778 | Neural:0.000 | Proneural:0.800) || LR: 0.000100
2025-11-04 02:22:07,050 [INFO] Epoch [122/150] Train Loss: 1.0448 | Train Acc: 1.0000 (Classical:1.000 | Mesenchymal:1.000 | Neural:1.000 | Proneural:1.000) || Val Loss: 1.2587 | Val Acc: 0.6667 (Classical:0.833 | Mesenchymal:0.778 | Neural:0.000 | Proneural:0.800) || LR: 0.000100
2025-11-04 02:22:07,386 [INFO] Epoch [123/150] Train Loss: 1.0101 | Train Acc: 1.0000 (Classical:1.000 | Mesenchymal:1.000 | Neural:1.000 | Proneural:1.000) || Val Loss: 1.2600 | Val Acc: 0.6667 (Classical:1.000 | Mesenchymal:0.667 | Neural:0.000 | Proneural:0.800) || LR: 0.000100
2025-11-04 02:22:07,387 [INFO] Early stopping at epoch 123
2025-11-04 02:22:07,402 [INFO] Training completed. Best accuracy: 0.7917
2025-11-04 02:22:07,402 [INFO] Log: ./logs/train_20251104_022118.log, Model: ./models/best_model.pth
2025-11-04 02:22:07,531 [INFO] FINAL PER-CLASS | Train Acc: 1.0000 (Classical:1.000 | Mesenchymal:1.000 | Neural:1.000 | Proneural:1.000) || Val Acc: 0.7917 (Classical:1.000 | Mesenchymal:0.778 | Neural:0.500 | Proneural:0.800)
2025-11-04 02:22:07,619 [INFO] FINAL PER-CLASS | Test  Acc: 0.8333 (Classical:1.000 | Mesenchymal:0.900 | Neural:0.400 | Proneural:0.857)
