2025-11-04 02:27:08,269 [INFO] Model parameters: 33,024,228, Classes: 4
2025-11-04 02:27:08,270 [INFO] Enhanced regularization: Dropout=0.2, Weight_decay=0.0005
2025-11-04 02:27:08,829 [INFO] Regularized Attention-MOI Training Started
2025-11-04 02:27:08,829 [INFO] Training started with enhanced regularization
2025-11-04 02:27:08,829 [INFO] Dropout: 0.2, Weight decay: 0.0005
2025-11-04 02:27:09,402 [INFO] Epoch [1/150] Train Loss: 2.0275 | Train Acc: 0.3723 (Classical:0.920 | Mesenchymal:0.094 | Neural:0.312 | Proneural:0.190) || Val Loss: 1.6055 | Val Acc: 0.2500 (Classical:0.833 | Mesenchymal:0.000 | Neural:0.000 | Proneural:0.200) || LR: 0.000100
2025-11-04 02:27:09,588 [INFO] Best model saved with val_acc: 0.2500
2025-11-04 02:27:09,917 [INFO] Epoch [2/150] Train Loss: 1.8660 | Train Acc: 0.6277 (Classical:0.800 | Mesenchymal:0.312 | Neural:0.812 | Proneural:0.762) || Val Loss: 1.4257 | Val Acc: 0.2917 (Classical:0.667 | Mesenchymal:0.000 | Neural:0.250 | Proneural:0.400) || LR: 0.000100
2025-11-04 02:27:10,100 [INFO] Best model saved with val_acc: 0.2917
2025-11-04 02:27:10,422 [INFO] Epoch [3/150] Train Loss: 1.8136 | Train Acc: 0.7340 (Classical:0.920 | Mesenchymal:0.469 | Neural:0.812 | Proneural:0.857) || Val Loss: 1.3586 | Val Acc: 0.4583 (Classical:0.833 | Mesenchymal:0.222 | Neural:0.250 | Proneural:0.600) || LR: 0.000100
2025-11-04 02:27:10,590 [INFO] Best model saved with val_acc: 0.4583
2025-11-04 02:27:10,924 [INFO] Epoch [4/150] Train Loss: 1.7518 | Train Acc: 0.7979 (Classical:0.920 | Mesenchymal:0.625 | Neural:0.812 | Proneural:0.905) || Val Loss: 1.3331 | Val Acc: 0.4167 (Classical:0.833 | Mesenchymal:0.222 | Neural:0.000 | Proneural:0.600) || LR: 0.000100
2025-11-04 02:27:11,237 [INFO] Epoch [5/150] Train Loss: 1.7434 | Train Acc: 0.8404 (Classical:0.960 | Mesenchymal:0.656 | Neural:0.875 | Proneural:0.952) || Val Loss: 1.2956 | Val Acc: 0.4583 (Classical:1.000 | Mesenchymal:0.222 | Neural:0.000 | Proneural:0.600) || LR: 0.000100
2025-11-04 02:27:11,558 [INFO] Epoch [6/150] Train Loss: 1.6403 | Train Acc: 0.8723 (Classical:0.960 | Mesenchymal:0.719 | Neural:0.875 | Proneural:1.000) || Val Loss: 1.2734 | Val Acc: 0.5000 (Classical:1.000 | Mesenchymal:0.333 | Neural:0.000 | Proneural:0.600) || LR: 0.000100
2025-11-04 02:27:11,733 [INFO] Best model saved with val_acc: 0.5000
2025-11-04 02:27:12,076 [INFO] Epoch [7/150] Train Loss: 1.6573 | Train Acc: 0.9149 (Classical:0.960 | Mesenchymal:0.812 | Neural:0.938 | Proneural:1.000) || Val Loss: 1.2327 | Val Acc: 0.5000 (Classical:1.000 | Mesenchymal:0.333 | Neural:0.000 | Proneural:0.600) || LR: 0.000100
2025-11-04 02:27:12,391 [INFO] Epoch [8/150] Train Loss: 1.6114 | Train Acc: 0.9043 (Classical:0.960 | Mesenchymal:0.812 | Neural:0.938 | Proneural:0.952) || Val Loss: 1.1964 | Val Acc: 0.5417 (Classical:1.000 | Mesenchymal:0.444 | Neural:0.000 | Proneural:0.600) || LR: 0.000100
2025-11-04 02:27:12,557 [INFO] Best model saved with val_acc: 0.5417
2025-11-04 02:27:12,899 [INFO] Epoch [9/150] Train Loss: 1.5570 | Train Acc: 0.9468 (Classical:0.960 | Mesenchymal:0.906 | Neural:0.938 | Proneural:1.000) || Val Loss: 1.1652 | Val Acc: 0.5000 (Classical:1.000 | Mesenchymal:0.333 | Neural:0.000 | Proneural:0.600) || LR: 0.000100
2025-11-04 02:27:13,211 [INFO] Epoch [10/150] Train Loss: 1.5560 | Train Acc: 0.9362 (Classical:0.960 | Mesenchymal:0.875 | Neural:0.938 | Proneural:1.000) || Val Loss: 1.1780 | Val Acc: 0.5417 (Classical:1.000 | Mesenchymal:0.333 | Neural:0.250 | Proneural:0.600) || LR: 0.000100
2025-11-04 02:27:13,531 [INFO] Epoch [11/150] Train Loss: 1.6403 | Train Acc: 0.9574 (Classical:1.000 | Mesenchymal:0.906 | Neural:0.938 | Proneural:1.000) || Val Loss: 1.1923 | Val Acc: 0.4583 (Classical:0.833 | Mesenchymal:0.222 | Neural:0.250 | Proneural:0.600) || LR: 0.000100
2025-11-04 02:27:13,841 [INFO] Epoch [12/150] Train Loss: 1.5545 | Train Acc: 0.9681 (Classical:1.000 | Mesenchymal:0.938 | Neural:0.938 | Proneural:1.000) || Val Loss: 1.1719 | Val Acc: 0.5833 (Classical:1.000 | Mesenchymal:0.444 | Neural:0.250 | Proneural:0.600) || LR: 0.000100
2025-11-04 02:27:14,088 [INFO] Best model saved with val_acc: 0.5833
2025-11-04 02:27:14,802 [INFO] Epoch [13/150] Train Loss: 1.5126 | Train Acc: 0.9574 (Classical:1.000 | Mesenchymal:0.906 | Neural:0.938 | Proneural:1.000) || Val Loss: 1.1446 | Val Acc: 0.5833 (Classical:1.000 | Mesenchymal:0.444 | Neural:0.250 | Proneural:0.600) || LR: 0.000100
2025-11-04 02:27:15,607 [INFO] Epoch [14/150] Train Loss: 1.5230 | Train Acc: 0.9681 (Classical:1.000 | Mesenchymal:0.906 | Neural:1.000 | Proneural:1.000) || Val Loss: 1.1700 | Val Acc: 0.5417 (Classical:1.000 | Mesenchymal:0.333 | Neural:0.250 | Proneural:0.600) || LR: 0.000100
2025-11-04 02:27:16,368 [INFO] Epoch [15/150] Train Loss: 1.5383 | Train Acc: 0.9787 (Classical:1.000 | Mesenchymal:0.938 | Neural:1.000 | Proneural:1.000) || Val Loss: 1.1481 | Val Acc: 0.5417 (Classical:1.000 | Mesenchymal:0.333 | Neural:0.250 | Proneural:0.600) || LR: 0.000100
2025-11-04 02:27:17,034 [INFO] Epoch [16/150] Train Loss: 1.4732 | Train Acc: 0.9787 (Classical:1.000 | Mesenchymal:0.969 | Neural:0.938 | Proneural:1.000) || Val Loss: 1.1569 | Val Acc: 0.6250 (Classical:1.000 | Mesenchymal:0.444 | Neural:0.250 | Proneural:0.800) || LR: 0.000100
2025-11-04 02:27:17,442 [INFO] Best model saved with val_acc: 0.6250
2025-11-04 02:27:18,149 [INFO] Epoch [17/150] Train Loss: 1.5337 | Train Acc: 0.9894 (Classical:1.000 | Mesenchymal:0.969 | Neural:1.000 | Proneural:1.000) || Val Loss: 1.1580 | Val Acc: 0.6250 (Classical:1.000 | Mesenchymal:0.444 | Neural:0.250 | Proneural:0.800) || LR: 0.000100
2025-11-04 02:27:19,034 [INFO] Epoch [18/150] Train Loss: 1.4646 | Train Acc: 1.0000 (Classical:1.000 | Mesenchymal:1.000 | Neural:1.000 | Proneural:1.000) || Val Loss: 1.1454 | Val Acc: 0.5833 (Classical:1.000 | Mesenchymal:0.444 | Neural:0.000 | Proneural:0.800) || LR: 0.000100
2025-11-04 02:27:19,822 [INFO] Epoch [19/150] Train Loss: 1.4732 | Train Acc: 0.9894 (Classical:1.000 | Mesenchymal:0.969 | Neural:1.000 | Proneural:1.000) || Val Loss: 1.1432 | Val Acc: 0.6250 (Classical:1.000 | Mesenchymal:0.444 | Neural:0.250 | Proneural:0.800) || LR: 0.000100
2025-11-04 02:27:20,502 [INFO] Epoch [20/150] Train Loss: 1.4366 | Train Acc: 1.0000 (Classical:1.000 | Mesenchymal:1.000 | Neural:1.000 | Proneural:1.000) || Val Loss: 1.1268 | Val Acc: 0.6250 (Classical:1.000 | Mesenchymal:0.444 | Neural:0.250 | Proneural:0.800) || LR: 0.000100
2025-11-04 02:27:21,392 [INFO] Epoch [21/150] Train Loss: 1.4109 | Train Acc: 1.0000 (Classical:1.000 | Mesenchymal:1.000 | Neural:1.000 | Proneural:1.000) || Val Loss: 1.1353 | Val Acc: 0.5833 (Classical:1.000 | Mesenchymal:0.333 | Neural:0.250 | Proneural:0.800) || LR: 0.000100
2025-11-04 02:27:22,071 [INFO] Epoch [22/150] Train Loss: 1.4258 | Train Acc: 0.9894 (Classical:1.000 | Mesenchymal:0.969 | Neural:1.000 | Proneural:1.000) || Val Loss: 1.1311 | Val Acc: 0.5833 (Classical:1.000 | Mesenchymal:0.333 | Neural:0.250 | Proneural:0.800) || LR: 0.000100
2025-11-04 02:27:22,759 [INFO] Epoch [23/150] Train Loss: 1.5214 | Train Acc: 0.9894 (Classical:1.000 | Mesenchymal:0.969 | Neural:1.000 | Proneural:1.000) || Val Loss: 1.1430 | Val Acc: 0.5417 (Classical:0.833 | Mesenchymal:0.333 | Neural:0.250 | Proneural:0.800) || LR: 0.000100
2025-11-04 02:27:23,467 [INFO] Epoch [24/150] Train Loss: 1.3805 | Train Acc: 1.0000 (Classical:1.000 | Mesenchymal:1.000 | Neural:1.000 | Proneural:1.000) || Val Loss: 1.1578 | Val Acc: 0.5833 (Classical:1.000 | Mesenchymal:0.333 | Neural:0.250 | Proneural:0.800) || LR: 0.000100
2025-11-04 02:27:24,250 [INFO] Epoch [25/150] Train Loss: 1.4037 | Train Acc: 1.0000 (Classical:1.000 | Mesenchymal:1.000 | Neural:1.000 | Proneural:1.000) || Val Loss: 1.1257 | Val Acc: 0.5417 (Classical:1.000 | Mesenchymal:0.222 | Neural:0.250 | Proneural:0.800) || LR: 0.000100
2025-11-04 02:27:25,085 [INFO] Epoch [26/150] Train Loss: 1.4131 | Train Acc: 1.0000 (Classical:1.000 | Mesenchymal:1.000 | Neural:1.000 | Proneural:1.000) || Val Loss: 1.1338 | Val Acc: 0.5833 (Classical:1.000 | Mesenchymal:0.333 | Neural:0.250 | Proneural:0.800) || LR: 0.000100
2025-11-04 02:27:25,954 [INFO] Epoch [27/150] Train Loss: 1.3169 | Train Acc: 1.0000 (Classical:1.000 | Mesenchymal:1.000 | Neural:1.000 | Proneural:1.000) || Val Loss: 1.1266 | Val Acc: 0.5417 (Classical:1.000 | Mesenchymal:0.222 | Neural:0.250 | Proneural:0.800) || LR: 0.000100
2025-11-04 02:27:26,471 [INFO] Epoch [28/150] Train Loss: 1.3398 | Train Acc: 1.0000 (Classical:1.000 | Mesenchymal:1.000 | Neural:1.000 | Proneural:1.000) || Val Loss: 1.1292 | Val Acc: 0.5417 (Classical:1.000 | Mesenchymal:0.222 | Neural:0.250 | Proneural:0.800) || LR: 0.000100
2025-11-04 02:27:27,083 [INFO] Epoch [29/150] Train Loss: 1.3482 | Train Acc: 1.0000 (Classical:1.000 | Mesenchymal:1.000 | Neural:1.000 | Proneural:1.000) || Val Loss: 1.1342 | Val Acc: 0.5833 (Classical:1.000 | Mesenchymal:0.333 | Neural:0.250 | Proneural:0.800) || LR: 0.000100
2025-11-04 02:27:27,829 [INFO] Epoch [30/150] Train Loss: 1.3230 | Train Acc: 1.0000 (Classical:1.000 | Mesenchymal:1.000 | Neural:1.000 | Proneural:1.000) || Val Loss: 1.0829 | Val Acc: 0.6667 (Classical:1.000 | Mesenchymal:0.556 | Neural:0.250 | Proneural:0.800) || LR: 0.000100
2025-11-04 02:27:28,074 [INFO] Best model saved with val_acc: 0.6667
2025-11-04 02:27:28,559 [INFO] Epoch [31/150] Train Loss: 1.3255 | Train Acc: 1.0000 (Classical:1.000 | Mesenchymal:1.000 | Neural:1.000 | Proneural:1.000) || Val Loss: 1.0994 | Val Acc: 0.6250 (Classical:1.000 | Mesenchymal:0.444 | Neural:0.250 | Proneural:0.800) || LR: 0.000100
2025-11-04 02:27:29,231 [INFO] Epoch [32/150] Train Loss: 1.3871 | Train Acc: 1.0000 (Classical:1.000 | Mesenchymal:1.000 | Neural:1.000 | Proneural:1.000) || Val Loss: 1.0801 | Val Acc: 0.6250 (Classical:1.000 | Mesenchymal:0.444 | Neural:0.250 | Proneural:0.800) || LR: 0.000100
2025-11-04 02:27:29,895 [INFO] Epoch [33/150] Train Loss: 1.3274 | Train Acc: 1.0000 (Classical:1.000 | Mesenchymal:1.000 | Neural:1.000 | Proneural:1.000) || Val Loss: 1.1004 | Val Acc: 0.6250 (Classical:1.000 | Mesenchymal:0.444 | Neural:0.250 | Proneural:0.800) || LR: 0.000100
2025-11-04 02:27:30,237 [INFO] Epoch [34/150] Train Loss: 1.3027 | Train Acc: 1.0000 (Classical:1.000 | Mesenchymal:1.000 | Neural:1.000 | Proneural:1.000) || Val Loss: 1.1154 | Val Acc: 0.6250 (Classical:1.000 | Mesenchymal:0.444 | Neural:0.250 | Proneural:0.800) || LR: 0.000100
2025-11-04 02:27:30,566 [INFO] Epoch [35/150] Train Loss: 1.3017 | Train Acc: 1.0000 (Classical:1.000 | Mesenchymal:1.000 | Neural:1.000 | Proneural:1.000) || Val Loss: 1.1333 | Val Acc: 0.6250 (Classical:1.000 | Mesenchymal:0.444 | Neural:0.250 | Proneural:0.800) || LR: 0.000100
2025-11-04 02:27:30,891 [INFO] Epoch [36/150] Train Loss: 1.2878 | Train Acc: 1.0000 (Classical:1.000 | Mesenchymal:1.000 | Neural:1.000 | Proneural:1.000) || Val Loss: 1.1133 | Val Acc: 0.6250 (Classical:1.000 | Mesenchymal:0.444 | Neural:0.250 | Proneural:0.800) || LR: 0.000100
2025-11-04 02:27:31,218 [INFO] Epoch [37/150] Train Loss: 1.2693 | Train Acc: 1.0000 (Classical:1.000 | Mesenchymal:1.000 | Neural:1.000 | Proneural:1.000) || Val Loss: 1.1610 | Val Acc: 0.6250 (Classical:1.000 | Mesenchymal:0.444 | Neural:0.250 | Proneural:0.800) || LR: 0.000100
2025-11-04 02:27:31,524 [INFO] Epoch [38/150] Train Loss: 1.2785 | Train Acc: 1.0000 (Classical:1.000 | Mesenchymal:1.000 | Neural:1.000 | Proneural:1.000) || Val Loss: 1.1525 | Val Acc: 0.6250 (Classical:1.000 | Mesenchymal:0.444 | Neural:0.250 | Proneural:0.800) || LR: 0.000100
2025-11-04 02:27:31,862 [INFO] Epoch [39/150] Train Loss: 1.2806 | Train Acc: 1.0000 (Classical:1.000 | Mesenchymal:1.000 | Neural:1.000 | Proneural:1.000) || Val Loss: 1.1288 | Val Acc: 0.7083 (Classical:1.000 | Mesenchymal:0.556 | Neural:0.500 | Proneural:0.800) || LR: 0.000100
2025-11-04 02:27:32,090 [INFO] Best model saved with val_acc: 0.7083
2025-11-04 02:27:32,508 [INFO] Epoch [40/150] Train Loss: 1.2489 | Train Acc: 1.0000 (Classical:1.000 | Mesenchymal:1.000 | Neural:1.000 | Proneural:1.000) || Val Loss: 1.1187 | Val Acc: 0.6667 (Classical:1.000 | Mesenchymal:0.556 | Neural:0.250 | Proneural:0.800) || LR: 0.000100
2025-11-04 02:27:32,838 [INFO] Epoch [41/150] Train Loss: 1.3014 | Train Acc: 1.0000 (Classical:1.000 | Mesenchymal:1.000 | Neural:1.000 | Proneural:1.000) || Val Loss: 1.1572 | Val Acc: 0.6667 (Classical:1.000 | Mesenchymal:0.556 | Neural:0.250 | Proneural:0.800) || LR: 0.000100
2025-11-04 02:27:33,147 [INFO] Epoch [42/150] Train Loss: 1.2945 | Train Acc: 1.0000 (Classical:1.000 | Mesenchymal:1.000 | Neural:1.000 | Proneural:1.000) || Val Loss: 1.1569 | Val Acc: 0.7083 (Classical:1.000 | Mesenchymal:0.556 | Neural:0.500 | Proneural:0.800) || LR: 0.000100
2025-11-04 02:27:33,513 [INFO] Epoch [43/150] Train Loss: 1.2263 | Train Acc: 1.0000 (Classical:1.000 | Mesenchymal:1.000 | Neural:1.000 | Proneural:1.000) || Val Loss: 1.1485 | Val Acc: 0.6667 (Classical:1.000 | Mesenchymal:0.556 | Neural:0.250 | Proneural:0.800) || LR: 0.000100
2025-11-04 02:27:33,862 [INFO] Epoch [44/150] Train Loss: 1.2284 | Train Acc: 1.0000 (Classical:1.000 | Mesenchymal:1.000 | Neural:1.000 | Proneural:1.000) || Val Loss: 1.1657 | Val Acc: 0.6667 (Classical:1.000 | Mesenchymal:0.556 | Neural:0.250 | Proneural:0.800) || LR: 0.000100
2025-11-04 02:27:34,253 [INFO] Epoch [45/150] Train Loss: 1.2167 | Train Acc: 1.0000 (Classical:1.000 | Mesenchymal:1.000 | Neural:1.000 | Proneural:1.000) || Val Loss: 1.1702 | Val Acc: 0.6667 (Classical:1.000 | Mesenchymal:0.556 | Neural:0.250 | Proneural:0.800) || LR: 0.000100
2025-11-04 02:27:34,564 [INFO] Epoch [46/150] Train Loss: 1.2335 | Train Acc: 1.0000 (Classical:1.000 | Mesenchymal:1.000 | Neural:1.000 | Proneural:1.000) || Val Loss: 1.1560 | Val Acc: 0.6667 (Classical:1.000 | Mesenchymal:0.556 | Neural:0.250 | Proneural:0.800) || LR: 0.000100
2025-11-04 02:27:34,889 [INFO] Epoch [47/150] Train Loss: 1.2226 | Train Acc: 1.0000 (Classical:1.000 | Mesenchymal:1.000 | Neural:1.000 | Proneural:1.000) || Val Loss: 1.1949 | Val Acc: 0.6250 (Classical:1.000 | Mesenchymal:0.556 | Neural:0.000 | Proneural:0.800) || LR: 0.000100
2025-11-04 02:27:35,249 [INFO] Epoch [48/150] Train Loss: 1.2771 | Train Acc: 1.0000 (Classical:1.000 | Mesenchymal:1.000 | Neural:1.000 | Proneural:1.000) || Val Loss: 1.2095 | Val Acc: 0.6250 (Classical:1.000 | Mesenchymal:0.444 | Neural:0.250 | Proneural:0.800) || LR: 0.000100
2025-11-04 02:27:35,548 [INFO] Epoch [49/150] Train Loss: 1.1925 | Train Acc: 1.0000 (Classical:1.000 | Mesenchymal:1.000 | Neural:1.000 | Proneural:1.000) || Val Loss: 1.1758 | Val Acc: 0.6250 (Classical:1.000 | Mesenchymal:0.444 | Neural:0.250 | Proneural:0.800) || LR: 0.000100
2025-11-04 02:27:35,896 [INFO] Epoch [50/150] Train Loss: 1.1808 | Train Acc: 1.0000 (Classical:1.000 | Mesenchymal:1.000 | Neural:1.000 | Proneural:1.000) || Val Loss: 1.2013 | Val Acc: 0.5833 (Classical:1.000 | Mesenchymal:0.444 | Neural:0.000 | Proneural:0.800) || LR: 0.000100
2025-11-04 02:27:36,237 [INFO] Epoch [51/150] Train Loss: 1.1971 | Train Acc: 1.0000 (Classical:1.000 | Mesenchymal:1.000 | Neural:1.000 | Proneural:1.000) || Val Loss: 1.2053 | Val Acc: 0.5833 (Classical:1.000 | Mesenchymal:0.444 | Neural:0.000 | Proneural:0.800) || LR: 0.000100
2025-11-04 02:27:36,556 [INFO] Epoch [52/150] Train Loss: 1.2088 | Train Acc: 1.0000 (Classical:1.000 | Mesenchymal:1.000 | Neural:1.000 | Proneural:1.000) || Val Loss: 1.1634 | Val Acc: 0.6250 (Classical:1.000 | Mesenchymal:0.556 | Neural:0.000 | Proneural:0.800) || LR: 0.000100
2025-11-04 02:27:36,870 [INFO] Epoch [53/150] Train Loss: 1.1725 | Train Acc: 1.0000 (Classical:1.000 | Mesenchymal:1.000 | Neural:1.000 | Proneural:1.000) || Val Loss: 1.1984 | Val Acc: 0.6250 (Classical:1.000 | Mesenchymal:0.556 | Neural:0.000 | Proneural:0.800) || LR: 0.000100
2025-11-04 02:27:37,187 [INFO] Epoch [54/150] Train Loss: 1.1725 | Train Acc: 1.0000 (Classical:1.000 | Mesenchymal:1.000 | Neural:1.000 | Proneural:1.000) || Val Loss: 1.2121 | Val Acc: 0.6250 (Classical:1.000 | Mesenchymal:0.556 | Neural:0.000 | Proneural:0.800) || LR: 0.000100
2025-11-04 02:27:37,529 [INFO] Epoch [55/150] Train Loss: 1.1316 | Train Acc: 1.0000 (Classical:1.000 | Mesenchymal:1.000 | Neural:1.000 | Proneural:1.000) || Val Loss: 1.2495 | Val Acc: 0.6250 (Classical:1.000 | Mesenchymal:0.556 | Neural:0.000 | Proneural:0.800) || LR: 0.000100
2025-11-04 02:27:37,863 [INFO] Epoch [56/150] Train Loss: 1.1551 | Train Acc: 1.0000 (Classical:1.000 | Mesenchymal:1.000 | Neural:1.000 | Proneural:1.000) || Val Loss: 1.2728 | Val Acc: 0.5417 (Classical:1.000 | Mesenchymal:0.333 | Neural:0.000 | Proneural:0.800) || LR: 0.000100
2025-11-04 02:27:38,181 [INFO] Epoch [57/150] Train Loss: 1.1615 | Train Acc: 1.0000 (Classical:1.000 | Mesenchymal:1.000 | Neural:1.000 | Proneural:1.000) || Val Loss: 1.2688 | Val Acc: 0.6250 (Classical:1.000 | Mesenchymal:0.556 | Neural:0.000 | Proneural:0.800) || LR: 0.000100
2025-11-04 02:27:38,492 [INFO] Epoch [58/150] Train Loss: 1.1569 | Train Acc: 1.0000 (Classical:1.000 | Mesenchymal:1.000 | Neural:1.000 | Proneural:1.000) || Val Loss: 1.2267 | Val Acc: 0.6250 (Classical:1.000 | Mesenchymal:0.556 | Neural:0.000 | Proneural:0.800) || LR: 0.000100
2025-11-04 02:27:38,807 [INFO] Epoch [59/150] Train Loss: 1.2141 | Train Acc: 1.0000 (Classical:1.000 | Mesenchymal:1.000 | Neural:1.000 | Proneural:1.000) || Val Loss: 1.1804 | Val Acc: 0.6250 (Classical:1.000 | Mesenchymal:0.556 | Neural:0.000 | Proneural:0.800) || LR: 0.000100
2025-11-04 02:27:39,278 [INFO] Epoch [60/150] Train Loss: 1.1540 | Train Acc: 1.0000 (Classical:1.000 | Mesenchymal:1.000 | Neural:1.000 | Proneural:1.000) || Val Loss: 1.2275 | Val Acc: 0.6250 (Classical:1.000 | Mesenchymal:0.556 | Neural:0.000 | Proneural:0.800) || LR: 0.000100
2025-11-04 02:27:39,599 [INFO] Epoch [61/150] Train Loss: 1.1298 | Train Acc: 1.0000 (Classical:1.000 | Mesenchymal:1.000 | Neural:1.000 | Proneural:1.000) || Val Loss: 1.2594 | Val Acc: 0.6250 (Classical:1.000 | Mesenchymal:0.556 | Neural:0.000 | Proneural:0.800) || LR: 0.000100
2025-11-04 02:27:39,910 [INFO] Epoch [62/150] Train Loss: 1.1595 | Train Acc: 1.0000 (Classical:1.000 | Mesenchymal:1.000 | Neural:1.000 | Proneural:1.000) || Val Loss: 1.2228 | Val Acc: 0.6250 (Classical:1.000 | Mesenchymal:0.556 | Neural:0.000 | Proneural:0.800) || LR: 0.000100
2025-11-04 02:27:40,223 [INFO] Epoch [63/150] Train Loss: 1.1514 | Train Acc: 1.0000 (Classical:1.000 | Mesenchymal:1.000 | Neural:1.000 | Proneural:1.000) || Val Loss: 1.2281 | Val Acc: 0.6250 (Classical:1.000 | Mesenchymal:0.556 | Neural:0.000 | Proneural:0.800) || LR: 0.000100
2025-11-04 02:27:40,557 [INFO] Epoch [64/150] Train Loss: 1.1208 | Train Acc: 1.0000 (Classical:1.000 | Mesenchymal:1.000 | Neural:1.000 | Proneural:1.000) || Val Loss: 1.2086 | Val Acc: 0.6250 (Classical:1.000 | Mesenchymal:0.556 | Neural:0.000 | Proneural:0.800) || LR: 0.000100
2025-11-04 02:27:40,868 [INFO] Epoch [65/150] Train Loss: 1.1222 | Train Acc: 1.0000 (Classical:1.000 | Mesenchymal:1.000 | Neural:1.000 | Proneural:1.000) || Val Loss: 1.2266 | Val Acc: 0.5833 (Classical:1.000 | Mesenchymal:0.444 | Neural:0.000 | Proneural:0.800) || LR: 0.000100
2025-11-04 02:27:41,174 [INFO] Epoch [66/150] Train Loss: 1.1828 | Train Acc: 1.0000 (Classical:1.000 | Mesenchymal:1.000 | Neural:1.000 | Proneural:1.000) || Val Loss: 1.2230 | Val Acc: 0.6250 (Classical:1.000 | Mesenchymal:0.556 | Neural:0.000 | Proneural:0.800) || LR: 0.000100
2025-11-04 02:27:41,477 [INFO] Epoch [67/150] Train Loss: 1.1570 | Train Acc: 1.0000 (Classical:1.000 | Mesenchymal:1.000 | Neural:1.000 | Proneural:1.000) || Val Loss: 1.2522 | Val Acc: 0.5833 (Classical:1.000 | Mesenchymal:0.444 | Neural:0.000 | Proneural:0.800) || LR: 0.000100
2025-11-04 02:27:41,781 [INFO] Epoch [68/150] Train Loss: 1.1396 | Train Acc: 1.0000 (Classical:1.000 | Mesenchymal:1.000 | Neural:1.000 | Proneural:1.000) || Val Loss: 1.2280 | Val Acc: 0.5833 (Classical:1.000 | Mesenchymal:0.444 | Neural:0.000 | Proneural:0.800) || LR: 0.000100
2025-11-04 02:27:42,091 [INFO] Epoch [69/150] Train Loss: 1.1066 | Train Acc: 1.0000 (Classical:1.000 | Mesenchymal:1.000 | Neural:1.000 | Proneural:1.000) || Val Loss: 1.2056 | Val Acc: 0.6250 (Classical:1.000 | Mesenchymal:0.556 | Neural:0.000 | Proneural:0.800) || LR: 0.000100
2025-11-04 02:27:42,393 [INFO] Epoch [70/150] Train Loss: 1.0908 | Train Acc: 1.0000 (Classical:1.000 | Mesenchymal:1.000 | Neural:1.000 | Proneural:1.000) || Val Loss: 1.1430 | Val Acc: 0.6667 (Classical:1.000 | Mesenchymal:0.667 | Neural:0.000 | Proneural:0.800) || LR: 0.000100
2025-11-04 02:27:42,752 [INFO] Epoch [71/150] Train Loss: 1.1304 | Train Acc: 1.0000 (Classical:1.000 | Mesenchymal:1.000 | Neural:1.000 | Proneural:1.000) || Val Loss: 1.2170 | Val Acc: 0.6250 (Classical:1.000 | Mesenchymal:0.556 | Neural:0.000 | Proneural:0.800) || LR: 0.000100
2025-11-04 02:27:43,101 [INFO] Epoch [72/150] Train Loss: 1.0964 | Train Acc: 1.0000 (Classical:1.000 | Mesenchymal:1.000 | Neural:1.000 | Proneural:1.000) || Val Loss: 1.2266 | Val Acc: 0.5833 (Classical:1.000 | Mesenchymal:0.444 | Neural:0.000 | Proneural:0.800) || LR: 0.000100
2025-11-04 02:27:43,419 [INFO] Epoch [73/150] Train Loss: 1.0810 | Train Acc: 1.0000 (Classical:1.000 | Mesenchymal:1.000 | Neural:1.000 | Proneural:1.000) || Val Loss: 1.2130 | Val Acc: 0.6667 (Classical:1.000 | Mesenchymal:0.556 | Neural:0.250 | Proneural:0.800) || LR: 0.000100
2025-11-04 02:27:43,746 [INFO] Epoch [74/150] Train Loss: 1.1283 | Train Acc: 1.0000 (Classical:1.000 | Mesenchymal:1.000 | Neural:1.000 | Proneural:1.000) || Val Loss: 1.2075 | Val Acc: 0.7083 (Classical:1.000 | Mesenchymal:0.667 | Neural:0.250 | Proneural:0.800) || LR: 0.000100
2025-11-04 02:27:44,052 [INFO] Epoch [75/150] Train Loss: 1.0810 | Train Acc: 1.0000 (Classical:1.000 | Mesenchymal:1.000 | Neural:1.000 | Proneural:1.000) || Val Loss: 1.2134 | Val Acc: 0.7083 (Classical:1.000 | Mesenchymal:0.667 | Neural:0.250 | Proneural:0.800) || LR: 0.000100
2025-11-04 02:27:44,357 [INFO] Epoch [76/150] Train Loss: 1.1084 | Train Acc: 1.0000 (Classical:1.000 | Mesenchymal:1.000 | Neural:1.000 | Proneural:1.000) || Val Loss: 1.2335 | Val Acc: 0.6667 (Classical:1.000 | Mesenchymal:0.556 | Neural:0.250 | Proneural:0.800) || LR: 0.000100
2025-11-04 02:27:44,674 [INFO] Epoch [77/150] Train Loss: 1.0778 | Train Acc: 1.0000 (Classical:1.000 | Mesenchymal:1.000 | Neural:1.000 | Proneural:1.000) || Val Loss: 1.1649 | Val Acc: 0.6667 (Classical:1.000 | Mesenchymal:0.667 | Neural:0.000 | Proneural:0.800) || LR: 0.000100
2025-11-04 02:27:45,008 [INFO] Epoch [78/150] Train Loss: 1.1152 | Train Acc: 1.0000 (Classical:1.000 | Mesenchymal:1.000 | Neural:1.000 | Proneural:1.000) || Val Loss: 1.1894 | Val Acc: 0.7083 (Classical:1.000 | Mesenchymal:0.667 | Neural:0.250 | Proneural:0.800) || LR: 0.000100
2025-11-04 02:27:45,321 [INFO] Epoch [79/150] Train Loss: 1.1146 | Train Acc: 1.0000 (Classical:1.000 | Mesenchymal:1.000 | Neural:1.000 | Proneural:1.000) || Val Loss: 1.1702 | Val Acc: 0.6667 (Classical:1.000 | Mesenchymal:0.667 | Neural:0.000 | Proneural:0.800) || LR: 0.000100
2025-11-04 02:27:45,638 [INFO] Epoch [80/150] Train Loss: 1.0721 | Train Acc: 1.0000 (Classical:1.000 | Mesenchymal:1.000 | Neural:1.000 | Proneural:1.000) || Val Loss: 1.2125 | Val Acc: 0.6667 (Classical:1.000 | Mesenchymal:0.667 | Neural:0.000 | Proneural:0.800) || LR: 0.000100
2025-11-04 02:27:45,953 [INFO] Epoch [81/150] Train Loss: 1.1113 | Train Acc: 1.0000 (Classical:1.000 | Mesenchymal:1.000 | Neural:1.000 | Proneural:1.000) || Val Loss: 1.2104 | Val Acc: 0.6667 (Classical:1.000 | Mesenchymal:0.667 | Neural:0.000 | Proneural:0.800) || LR: 0.000100
2025-11-04 02:27:46,268 [INFO] Epoch [82/150] Train Loss: 1.1048 | Train Acc: 1.0000 (Classical:1.000 | Mesenchymal:1.000 | Neural:1.000 | Proneural:1.000) || Val Loss: 1.1674 | Val Acc: 0.6667 (Classical:1.000 | Mesenchymal:0.667 | Neural:0.000 | Proneural:0.800) || LR: 0.000100
2025-11-04 02:27:46,589 [INFO] Epoch [83/150] Train Loss: 1.1268 | Train Acc: 1.0000 (Classical:1.000 | Mesenchymal:1.000 | Neural:1.000 | Proneural:1.000) || Val Loss: 1.2116 | Val Acc: 0.6667 (Classical:1.000 | Mesenchymal:0.667 | Neural:0.000 | Proneural:0.800) || LR: 0.000100
2025-11-04 02:27:46,907 [INFO] Epoch [84/150] Train Loss: 1.0625 | Train Acc: 1.0000 (Classical:1.000 | Mesenchymal:1.000 | Neural:1.000 | Proneural:1.000) || Val Loss: 1.2303 | Val Acc: 0.6667 (Classical:1.000 | Mesenchymal:0.667 | Neural:0.000 | Proneural:0.800) || LR: 0.000100
2025-11-04 02:27:47,240 [INFO] Epoch [85/150] Train Loss: 1.0977 | Train Acc: 1.0000 (Classical:1.000 | Mesenchymal:1.000 | Neural:1.000 | Proneural:1.000) || Val Loss: 1.2855 | Val Acc: 0.6250 (Classical:0.833 | Mesenchymal:0.667 | Neural:0.000 | Proneural:0.800) || LR: 0.000100
2025-11-04 02:27:47,546 [INFO] Epoch [86/150] Train Loss: 1.1006 | Train Acc: 1.0000 (Classical:1.000 | Mesenchymal:1.000 | Neural:1.000 | Proneural:1.000) || Val Loss: 1.2494 | Val Acc: 0.6667 (Classical:1.000 | Mesenchymal:0.667 | Neural:0.000 | Proneural:0.800) || LR: 0.000100
2025-11-04 02:27:47,888 [INFO] Epoch [87/150] Train Loss: 1.0630 | Train Acc: 1.0000 (Classical:1.000 | Mesenchymal:1.000 | Neural:1.000 | Proneural:1.000) || Val Loss: 1.2512 | Val Acc: 0.6667 (Classical:1.000 | Mesenchymal:0.667 | Neural:0.000 | Proneural:0.800) || LR: 0.000100
2025-11-04 02:27:48,210 [INFO] Epoch [88/150] Train Loss: 1.0970 | Train Acc: 1.0000 (Classical:1.000 | Mesenchymal:1.000 | Neural:1.000 | Proneural:1.000) || Val Loss: 1.2667 | Val Acc: 0.6667 (Classical:1.000 | Mesenchymal:0.667 | Neural:0.000 | Proneural:0.800) || LR: 0.000100
2025-11-04 02:27:48,526 [INFO] Epoch [89/150] Train Loss: 1.0812 | Train Acc: 1.0000 (Classical:1.000 | Mesenchymal:1.000 | Neural:1.000 | Proneural:1.000) || Val Loss: 1.2257 | Val Acc: 0.6667 (Classical:1.000 | Mesenchymal:0.667 | Neural:0.000 | Proneural:0.800) || LR: 0.000100
2025-11-04 02:27:48,527 [INFO] Early stopping at epoch 89
2025-11-04 02:27:48,541 [INFO] Training completed. Best accuracy: 0.7083
2025-11-04 02:27:48,541 [INFO] Log: ./logs/train_20251104_022707.log, Model: ./models/best_model.pth
2025-11-04 02:27:48,685 [INFO] FINAL PER-CLASS | Train Acc: 1.0000 (Classical:1.000 | Mesenchymal:1.000 | Neural:1.000 | Proneural:1.000) || Val Acc: 0.7083 (Classical:1.000 | Mesenchymal:0.556 | Neural:0.500 | Proneural:0.800)
2025-11-04 02:27:48,756 [INFO] FINAL PER-CLASS | Test  Acc: 0.7333 (Classical:0.875 | Mesenchymal:0.800 | Neural:0.400 | Proneural:0.714)
