2025-11-04 02:22:50,935 [INFO] Model parameters: 33,024,228, Classes: 4
2025-11-04 02:22:50,935 [INFO] Enhanced regularization: Dropout=0.2, Weight_decay=0.0005
2025-11-04 02:22:51,469 [INFO] Regularized Attention-MOI Training Started
2025-11-04 02:22:51,469 [INFO] Training started with enhanced regularization
2025-11-04 02:22:51,469 [INFO] Dropout: 0.2, Weight decay: 0.0005
2025-11-04 02:22:52,052 [INFO] Epoch [1/150] Train Loss: 2.0920 | Train Acc: 0.4255 (Classical:0.520 | Mesenchymal:0.125 | Neural:0.812 | Proneural:0.476) || Val Loss: 1.3820 | Val Acc: 0.3333 (Classical:0.667 | Mesenchymal:0.000 | Neural:0.500 | Proneural:0.400) || LR: 0.000100
2025-11-04 02:22:52,285 [INFO] Best model saved with val_acc: 0.3333
2025-11-04 02:22:52,653 [INFO] Epoch [2/150] Train Loss: 1.8639 | Train Acc: 0.6596 (Classical:0.680 | Mesenchymal:0.375 | Neural:0.938 | Proneural:0.857) || Val Loss: 1.2322 | Val Acc: 0.4167 (Classical:0.833 | Mesenchymal:0.111 | Neural:0.250 | Proneural:0.600) || LR: 0.000100
2025-11-04 02:22:52,893 [INFO] Best model saved with val_acc: 0.4167
2025-11-04 02:22:53,275 [INFO] Epoch [3/150] Train Loss: 1.8785 | Train Acc: 0.7021 (Classical:0.680 | Mesenchymal:0.438 | Neural:0.938 | Proneural:0.952) || Val Loss: 1.1441 | Val Acc: 0.4167 (Classical:0.667 | Mesenchymal:0.222 | Neural:0.250 | Proneural:0.600) || LR: 0.000100
2025-11-04 02:22:53,617 [INFO] Epoch [4/150] Train Loss: 1.7560 | Train Acc: 0.7872 (Classical:0.800 | Mesenchymal:0.625 | Neural:0.938 | Proneural:0.905) || Val Loss: 1.1036 | Val Acc: 0.5417 (Classical:1.000 | Mesenchymal:0.333 | Neural:0.250 | Proneural:0.600) || LR: 0.000100
2025-11-04 02:22:53,805 [INFO] Best model saved with val_acc: 0.5417
2025-11-04 02:22:54,155 [INFO] Epoch [5/150] Train Loss: 1.7100 | Train Acc: 0.8404 (Classical:0.920 | Mesenchymal:0.656 | Neural:1.000 | Proneural:0.905) || Val Loss: 1.1032 | Val Acc: 0.5000 (Classical:1.000 | Mesenchymal:0.222 | Neural:0.250 | Proneural:0.600) || LR: 0.000100
2025-11-04 02:22:54,476 [INFO] Epoch [6/150] Train Loss: 1.7317 | Train Acc: 0.8511 (Classical:0.920 | Mesenchymal:0.656 | Neural:1.000 | Proneural:0.952) || Val Loss: 1.1139 | Val Acc: 0.5417 (Classical:1.000 | Mesenchymal:0.333 | Neural:0.250 | Proneural:0.600) || LR: 0.000100
2025-11-04 02:22:54,813 [INFO] Epoch [7/150] Train Loss: 1.6275 | Train Acc: 0.9149 (Classical:0.920 | Mesenchymal:0.844 | Neural:1.000 | Proneural:0.952) || Val Loss: 1.1108 | Val Acc: 0.5417 (Classical:1.000 | Mesenchymal:0.333 | Neural:0.250 | Proneural:0.600) || LR: 0.000100
2025-11-04 02:22:55,143 [INFO] Epoch [8/150] Train Loss: 1.6057 | Train Acc: 0.9362 (Classical:0.960 | Mesenchymal:0.844 | Neural:1.000 | Proneural:1.000) || Val Loss: 1.1363 | Val Acc: 0.3750 (Classical:0.833 | Mesenchymal:0.111 | Neural:0.250 | Proneural:0.400) || LR: 0.000100
2025-11-04 02:22:55,459 [INFO] Epoch [9/150] Train Loss: 1.6450 | Train Acc: 0.9362 (Classical:0.960 | Mesenchymal:0.844 | Neural:1.000 | Proneural:1.000) || Val Loss: 1.1331 | Val Acc: 0.4167 (Classical:1.000 | Mesenchymal:0.111 | Neural:0.250 | Proneural:0.400) || LR: 0.000100
2025-11-04 02:22:55,792 [INFO] Epoch [10/150] Train Loss: 1.6016 | Train Acc: 0.9468 (Classical:0.960 | Mesenchymal:0.875 | Neural:1.000 | Proneural:1.000) || Val Loss: 1.1154 | Val Acc: 0.4583 (Classical:1.000 | Mesenchymal:0.222 | Neural:0.250 | Proneural:0.400) || LR: 0.000100
2025-11-04 02:22:56,156 [INFO] Epoch [11/150] Train Loss: 1.6404 | Train Acc: 0.9468 (Classical:0.960 | Mesenchymal:0.875 | Neural:1.000 | Proneural:1.000) || Val Loss: 1.1112 | Val Acc: 0.4583 (Classical:1.000 | Mesenchymal:0.222 | Neural:0.250 | Proneural:0.400) || LR: 0.000100
2025-11-04 02:22:56,491 [INFO] Epoch [12/150] Train Loss: 1.5100 | Train Acc: 0.9574 (Classical:1.000 | Mesenchymal:0.875 | Neural:1.000 | Proneural:1.000) || Val Loss: 1.1067 | Val Acc: 0.4583 (Classical:1.000 | Mesenchymal:0.222 | Neural:0.250 | Proneural:0.400) || LR: 0.000100
2025-11-04 02:22:57,072 [INFO] Epoch [13/150] Train Loss: 1.5463 | Train Acc: 0.9574 (Classical:1.000 | Mesenchymal:0.875 | Neural:1.000 | Proneural:1.000) || Val Loss: 1.1199 | Val Acc: 0.4583 (Classical:1.000 | Mesenchymal:0.222 | Neural:0.250 | Proneural:0.400) || LR: 0.000100
2025-11-04 02:22:57,828 [INFO] Epoch [14/150] Train Loss: 1.4933 | Train Acc: 0.9574 (Classical:1.000 | Mesenchymal:0.875 | Neural:1.000 | Proneural:1.000) || Val Loss: 1.1136 | Val Acc: 0.5833 (Classical:1.000 | Mesenchymal:0.222 | Neural:0.500 | Proneural:0.800) || LR: 0.000100
2025-11-04 02:22:58,211 [INFO] Best model saved with val_acc: 0.5833
2025-11-04 02:22:58,878 [INFO] Epoch [15/150] Train Loss: 1.5518 | Train Acc: 0.9681 (Classical:1.000 | Mesenchymal:0.906 | Neural:1.000 | Proneural:1.000) || Val Loss: 1.1040 | Val Acc: 0.6250 (Classical:1.000 | Mesenchymal:0.222 | Neural:0.500 | Proneural:1.000) || LR: 0.000100
2025-11-04 02:22:59,145 [INFO] Best model saved with val_acc: 0.6250
2025-11-04 02:22:59,677 [INFO] Epoch [16/150] Train Loss: 1.4575 | Train Acc: 0.9574 (Classical:1.000 | Mesenchymal:0.875 | Neural:1.000 | Proneural:1.000) || Val Loss: 1.1012 | Val Acc: 0.6250 (Classical:1.000 | Mesenchymal:0.222 | Neural:0.500 | Proneural:1.000) || LR: 0.000100
2025-11-04 02:23:00,263 [INFO] Epoch [17/150] Train Loss: 1.4830 | Train Acc: 0.9681 (Classical:1.000 | Mesenchymal:0.906 | Neural:1.000 | Proneural:1.000) || Val Loss: 1.0948 | Val Acc: 0.6667 (Classical:1.000 | Mesenchymal:0.333 | Neural:0.500 | Proneural:1.000) || LR: 0.000100
2025-11-04 02:23:00,627 [INFO] Best model saved with val_acc: 0.6667
2025-11-04 02:23:01,283 [INFO] Epoch [18/150] Train Loss: 1.4868 | Train Acc: 0.9787 (Classical:1.000 | Mesenchymal:0.938 | Neural:1.000 | Proneural:1.000) || Val Loss: 1.0996 | Val Acc: 0.6250 (Classical:0.833 | Mesenchymal:0.333 | Neural:0.500 | Proneural:1.000) || LR: 0.000100
2025-11-04 02:23:01,821 [INFO] Epoch [19/150] Train Loss: 1.4968 | Train Acc: 0.9894 (Classical:1.000 | Mesenchymal:0.969 | Neural:1.000 | Proneural:1.000) || Val Loss: 1.1108 | Val Acc: 0.6667 (Classical:0.833 | Mesenchymal:0.444 | Neural:0.500 | Proneural:1.000) || LR: 0.000100
2025-11-04 02:23:02,582 [INFO] Epoch [20/150] Train Loss: 1.4692 | Train Acc: 0.9894 (Classical:1.000 | Mesenchymal:0.969 | Neural:1.000 | Proneural:1.000) || Val Loss: 1.0918 | Val Acc: 0.6667 (Classical:0.833 | Mesenchymal:0.444 | Neural:0.500 | Proneural:1.000) || LR: 0.000100
2025-11-04 02:23:03,165 [INFO] Epoch [21/150] Train Loss: 1.3876 | Train Acc: 0.9787 (Classical:1.000 | Mesenchymal:0.938 | Neural:1.000 | Proneural:1.000) || Val Loss: 1.0992 | Val Acc: 0.6250 (Classical:0.833 | Mesenchymal:0.444 | Neural:0.500 | Proneural:0.800) || LR: 0.000100
2025-11-04 02:23:03,913 [INFO] Epoch [22/150] Train Loss: 1.4700 | Train Acc: 0.9787 (Classical:1.000 | Mesenchymal:0.938 | Neural:1.000 | Proneural:1.000) || Val Loss: 1.0996 | Val Acc: 0.5833 (Classical:1.000 | Mesenchymal:0.444 | Neural:0.500 | Proneural:0.400) || LR: 0.000100
2025-11-04 02:23:04,530 [INFO] Epoch [23/150] Train Loss: 1.4130 | Train Acc: 0.9787 (Classical:1.000 | Mesenchymal:0.938 | Neural:1.000 | Proneural:1.000) || Val Loss: 1.1163 | Val Acc: 0.6250 (Classical:1.000 | Mesenchymal:0.444 | Neural:0.500 | Proneural:0.600) || LR: 0.000100
2025-11-04 02:23:04,888 [INFO] Epoch [24/150] Train Loss: 1.3800 | Train Acc: 0.9787 (Classical:1.000 | Mesenchymal:0.938 | Neural:1.000 | Proneural:1.000) || Val Loss: 1.1191 | Val Acc: 0.6250 (Classical:1.000 | Mesenchymal:0.444 | Neural:0.500 | Proneural:0.600) || LR: 0.000100
2025-11-04 02:23:05,206 [INFO] Epoch [25/150] Train Loss: 1.3958 | Train Acc: 0.9787 (Classical:1.000 | Mesenchymal:0.938 | Neural:1.000 | Proneural:1.000) || Val Loss: 1.1062 | Val Acc: 0.6250 (Classical:1.000 | Mesenchymal:0.444 | Neural:0.500 | Proneural:0.600) || LR: 0.000100
2025-11-04 02:23:05,531 [INFO] Epoch [26/150] Train Loss: 1.3253 | Train Acc: 0.9787 (Classical:1.000 | Mesenchymal:0.938 | Neural:1.000 | Proneural:1.000) || Val Loss: 1.1185 | Val Acc: 0.6250 (Classical:0.833 | Mesenchymal:0.444 | Neural:0.500 | Proneural:0.800) || LR: 0.000100
2025-11-04 02:23:05,877 [INFO] Epoch [27/150] Train Loss: 1.4019 | Train Acc: 0.9787 (Classical:1.000 | Mesenchymal:0.938 | Neural:1.000 | Proneural:1.000) || Val Loss: 1.1107 | Val Acc: 0.6667 (Classical:1.000 | Mesenchymal:0.444 | Neural:0.500 | Proneural:0.800) || LR: 0.000100
2025-11-04 02:23:06,199 [INFO] Epoch [28/150] Train Loss: 1.3785 | Train Acc: 1.0000 (Classical:1.000 | Mesenchymal:1.000 | Neural:1.000 | Proneural:1.000) || Val Loss: 1.0922 | Val Acc: 0.6250 (Classical:1.000 | Mesenchymal:0.444 | Neural:0.500 | Proneural:0.600) || LR: 0.000100
2025-11-04 02:23:06,530 [INFO] Epoch [29/150] Train Loss: 1.3584 | Train Acc: 0.9894 (Classical:1.000 | Mesenchymal:0.969 | Neural:1.000 | Proneural:1.000) || Val Loss: 1.1119 | Val Acc: 0.5833 (Classical:0.833 | Mesenchymal:0.333 | Neural:0.500 | Proneural:0.800) || LR: 0.000100
2025-11-04 02:23:06,829 [INFO] Epoch [30/150] Train Loss: 1.3868 | Train Acc: 1.0000 (Classical:1.000 | Mesenchymal:1.000 | Neural:1.000 | Proneural:1.000) || Val Loss: 1.1295 | Val Acc: 0.5833 (Classical:1.000 | Mesenchymal:0.333 | Neural:0.500 | Proneural:0.600) || LR: 0.000100
2025-11-04 02:23:07,137 [INFO] Epoch [31/150] Train Loss: 1.3648 | Train Acc: 1.0000 (Classical:1.000 | Mesenchymal:1.000 | Neural:1.000 | Proneural:1.000) || Val Loss: 1.0920 | Val Acc: 0.6667 (Classical:1.000 | Mesenchymal:0.444 | Neural:0.500 | Proneural:0.800) || LR: 0.000100
2025-11-04 02:23:07,436 [INFO] Epoch [32/150] Train Loss: 1.3130 | Train Acc: 1.0000 (Classical:1.000 | Mesenchymal:1.000 | Neural:1.000 | Proneural:1.000) || Val Loss: 1.1052 | Val Acc: 0.6250 (Classical:1.000 | Mesenchymal:0.333 | Neural:0.500 | Proneural:0.800) || LR: 0.000100
2025-11-04 02:23:07,739 [INFO] Epoch [33/150] Train Loss: 1.3431 | Train Acc: 1.0000 (Classical:1.000 | Mesenchymal:1.000 | Neural:1.000 | Proneural:1.000) || Val Loss: 1.1257 | Val Acc: 0.6250 (Classical:1.000 | Mesenchymal:0.333 | Neural:0.500 | Proneural:0.800) || LR: 0.000100
2025-11-04 02:23:08,061 [INFO] Epoch [34/150] Train Loss: 1.3360 | Train Acc: 1.0000 (Classical:1.000 | Mesenchymal:1.000 | Neural:1.000 | Proneural:1.000) || Val Loss: 1.1155 | Val Acc: 0.6250 (Classical:1.000 | Mesenchymal:0.333 | Neural:0.500 | Proneural:0.800) || LR: 0.000100
2025-11-04 02:23:08,356 [INFO] Epoch [35/150] Train Loss: 1.2683 | Train Acc: 1.0000 (Classical:1.000 | Mesenchymal:1.000 | Neural:1.000 | Proneural:1.000) || Val Loss: 1.1005 | Val Acc: 0.6667 (Classical:1.000 | Mesenchymal:0.444 | Neural:0.500 | Proneural:0.800) || LR: 0.000100
2025-11-04 02:23:08,656 [INFO] Epoch [36/150] Train Loss: 1.3112 | Train Acc: 1.0000 (Classical:1.000 | Mesenchymal:1.000 | Neural:1.000 | Proneural:1.000) || Val Loss: 1.0833 | Val Acc: 0.7083 (Classical:1.000 | Mesenchymal:0.556 | Neural:0.500 | Proneural:0.800) || LR: 0.000100
2025-11-04 02:23:08,821 [INFO] Best model saved with val_acc: 0.7083
2025-11-04 02:23:09,167 [INFO] Epoch [37/150] Train Loss: 1.2859 | Train Acc: 1.0000 (Classical:1.000 | Mesenchymal:1.000 | Neural:1.000 | Proneural:1.000) || Val Loss: 1.1082 | Val Acc: 0.6667 (Classical:1.000 | Mesenchymal:0.444 | Neural:0.500 | Proneural:0.800) || LR: 0.000100
2025-11-04 02:23:09,510 [INFO] Epoch [38/150] Train Loss: 1.2861 | Train Acc: 1.0000 (Classical:1.000 | Mesenchymal:1.000 | Neural:1.000 | Proneural:1.000) || Val Loss: 1.1389 | Val Acc: 0.6250 (Classical:0.833 | Mesenchymal:0.444 | Neural:0.500 | Proneural:0.800) || LR: 0.000100
2025-11-04 02:23:09,869 [INFO] Epoch [39/150] Train Loss: 1.2869 | Train Acc: 1.0000 (Classical:1.000 | Mesenchymal:1.000 | Neural:1.000 | Proneural:1.000) || Val Loss: 1.0988 | Val Acc: 0.7083 (Classical:1.000 | Mesenchymal:0.556 | Neural:0.500 | Proneural:0.800) || LR: 0.000100
2025-11-04 02:23:10,212 [INFO] Epoch [40/150] Train Loss: 1.2689 | Train Acc: 1.0000 (Classical:1.000 | Mesenchymal:1.000 | Neural:1.000 | Proneural:1.000) || Val Loss: 1.0991 | Val Acc: 0.7083 (Classical:1.000 | Mesenchymal:0.556 | Neural:0.500 | Proneural:0.800) || LR: 0.000100
2025-11-04 02:23:10,511 [INFO] Epoch [41/150] Train Loss: 1.2357 | Train Acc: 1.0000 (Classical:1.000 | Mesenchymal:1.000 | Neural:1.000 | Proneural:1.000) || Val Loss: 1.1375 | Val Acc: 0.6250 (Classical:1.000 | Mesenchymal:0.333 | Neural:0.500 | Proneural:0.800) || LR: 0.000100
2025-11-04 02:23:10,816 [INFO] Epoch [42/150] Train Loss: 1.2748 | Train Acc: 1.0000 (Classical:1.000 | Mesenchymal:1.000 | Neural:1.000 | Proneural:1.000) || Val Loss: 1.1473 | Val Acc: 0.6250 (Classical:1.000 | Mesenchymal:0.333 | Neural:0.500 | Proneural:0.800) || LR: 0.000100
2025-11-04 02:23:11,130 [INFO] Epoch [43/150] Train Loss: 1.2606 | Train Acc: 1.0000 (Classical:1.000 | Mesenchymal:1.000 | Neural:1.000 | Proneural:1.000) || Val Loss: 1.1294 | Val Acc: 0.5833 (Classical:0.833 | Mesenchymal:0.333 | Neural:0.500 | Proneural:0.800) || LR: 0.000100
2025-11-04 02:23:11,442 [INFO] Epoch [44/150] Train Loss: 1.2018 | Train Acc: 1.0000 (Classical:1.000 | Mesenchymal:1.000 | Neural:1.000 | Proneural:1.000) || Val Loss: 1.1392 | Val Acc: 0.6250 (Classical:1.000 | Mesenchymal:0.333 | Neural:0.500 | Proneural:0.800) || LR: 0.000100
2025-11-04 02:23:11,753 [INFO] Epoch [45/150] Train Loss: 1.1921 | Train Acc: 1.0000 (Classical:1.000 | Mesenchymal:1.000 | Neural:1.000 | Proneural:1.000) || Val Loss: 1.1074 | Val Acc: 0.6250 (Classical:1.000 | Mesenchymal:0.333 | Neural:0.500 | Proneural:0.800) || LR: 0.000100
2025-11-04 02:23:12,055 [INFO] Epoch [46/150] Train Loss: 1.2376 | Train Acc: 1.0000 (Classical:1.000 | Mesenchymal:1.000 | Neural:1.000 | Proneural:1.000) || Val Loss: 1.0902 | Val Acc: 0.6667 (Classical:1.000 | Mesenchymal:0.444 | Neural:0.500 | Proneural:0.800) || LR: 0.000100
2025-11-04 02:23:12,367 [INFO] Epoch [47/150] Train Loss: 1.2274 | Train Acc: 1.0000 (Classical:1.000 | Mesenchymal:1.000 | Neural:1.000 | Proneural:1.000) || Val Loss: 1.1275 | Val Acc: 0.6250 (Classical:1.000 | Mesenchymal:0.333 | Neural:0.500 | Proneural:0.800) || LR: 0.000100
2025-11-04 02:23:12,676 [INFO] Epoch [48/150] Train Loss: 1.2166 | Train Acc: 1.0000 (Classical:1.000 | Mesenchymal:1.000 | Neural:1.000 | Proneural:1.000) || Val Loss: 1.1228 | Val Acc: 0.5833 (Classical:1.000 | Mesenchymal:0.333 | Neural:0.500 | Proneural:0.600) || LR: 0.000100
2025-11-04 02:23:12,976 [INFO] Epoch [49/150] Train Loss: 1.2209 | Train Acc: 1.0000 (Classical:1.000 | Mesenchymal:1.000 | Neural:1.000 | Proneural:1.000) || Val Loss: 1.1740 | Val Acc: 0.6250 (Classical:1.000 | Mesenchymal:0.333 | Neural:0.500 | Proneural:0.800) || LR: 0.000100
2025-11-04 02:23:13,274 [INFO] Epoch [50/150] Train Loss: 1.1866 | Train Acc: 1.0000 (Classical:1.000 | Mesenchymal:1.000 | Neural:1.000 | Proneural:1.000) || Val Loss: 1.1366 | Val Acc: 0.5833 (Classical:1.000 | Mesenchymal:0.333 | Neural:0.500 | Proneural:0.600) || LR: 0.000100
2025-11-04 02:23:13,570 [INFO] Epoch [51/150] Train Loss: 1.1756 | Train Acc: 1.0000 (Classical:1.000 | Mesenchymal:1.000 | Neural:1.000 | Proneural:1.000) || Val Loss: 1.1086 | Val Acc: 0.5833 (Classical:1.000 | Mesenchymal:0.333 | Neural:0.500 | Proneural:0.600) || LR: 0.000100
2025-11-04 02:23:13,869 [INFO] Epoch [52/150] Train Loss: 1.1677 | Train Acc: 1.0000 (Classical:1.000 | Mesenchymal:1.000 | Neural:1.000 | Proneural:1.000) || Val Loss: 1.1446 | Val Acc: 0.5833 (Classical:1.000 | Mesenchymal:0.333 | Neural:0.250 | Proneural:0.800) || LR: 0.000100
2025-11-04 02:23:14,189 [INFO] Epoch [53/150] Train Loss: 1.1597 | Train Acc: 1.0000 (Classical:1.000 | Mesenchymal:1.000 | Neural:1.000 | Proneural:1.000) || Val Loss: 1.1479 | Val Acc: 0.6250 (Classical:1.000 | Mesenchymal:0.333 | Neural:0.500 | Proneural:0.800) || LR: 0.000100
2025-11-04 02:23:14,495 [INFO] Epoch [54/150] Train Loss: 1.1433 | Train Acc: 1.0000 (Classical:1.000 | Mesenchymal:1.000 | Neural:1.000 | Proneural:1.000) || Val Loss: 1.1719 | Val Acc: 0.5833 (Classical:1.000 | Mesenchymal:0.333 | Neural:0.500 | Proneural:0.600) || LR: 0.000100
2025-11-04 02:23:14,848 [INFO] Epoch [55/150] Train Loss: 1.2140 | Train Acc: 1.0000 (Classical:1.000 | Mesenchymal:1.000 | Neural:1.000 | Proneural:1.000) || Val Loss: 1.1983 | Val Acc: 0.6250 (Classical:1.000 | Mesenchymal:0.333 | Neural:0.500 | Proneural:0.800) || LR: 0.000100
2025-11-04 02:23:15,161 [INFO] Epoch [56/150] Train Loss: 1.1731 | Train Acc: 1.0000 (Classical:1.000 | Mesenchymal:1.000 | Neural:1.000 | Proneural:1.000) || Val Loss: 1.1745 | Val Acc: 0.6250 (Classical:1.000 | Mesenchymal:0.333 | Neural:0.500 | Proneural:0.800) || LR: 0.000100
2025-11-04 02:23:15,462 [INFO] Epoch [57/150] Train Loss: 1.1434 | Train Acc: 1.0000 (Classical:1.000 | Mesenchymal:1.000 | Neural:1.000 | Proneural:1.000) || Val Loss: 1.1858 | Val Acc: 0.6667 (Classical:1.000 | Mesenchymal:0.444 | Neural:0.500 | Proneural:0.800) || LR: 0.000100
2025-11-04 02:23:15,809 [INFO] Epoch [58/150] Train Loss: 1.2273 | Train Acc: 1.0000 (Classical:1.000 | Mesenchymal:1.000 | Neural:1.000 | Proneural:1.000) || Val Loss: 1.1030 | Val Acc: 0.7083 (Classical:1.000 | Mesenchymal:0.556 | Neural:0.500 | Proneural:0.800) || LR: 0.000100
2025-11-04 02:23:16,137 [INFO] Epoch [59/150] Train Loss: 1.1699 | Train Acc: 1.0000 (Classical:1.000 | Mesenchymal:1.000 | Neural:1.000 | Proneural:1.000) || Val Loss: 1.1480 | Val Acc: 0.6667 (Classical:1.000 | Mesenchymal:0.444 | Neural:0.500 | Proneural:0.800) || LR: 0.000100
2025-11-04 02:23:16,447 [INFO] Epoch [60/150] Train Loss: 1.1636 | Train Acc: 1.0000 (Classical:1.000 | Mesenchymal:1.000 | Neural:1.000 | Proneural:1.000) || Val Loss: 1.0702 | Val Acc: 0.7083 (Classical:1.000 | Mesenchymal:0.556 | Neural:0.500 | Proneural:0.800) || LR: 0.000100
2025-11-04 02:23:16,764 [INFO] Epoch [61/150] Train Loss: 1.1231 | Train Acc: 1.0000 (Classical:1.000 | Mesenchymal:1.000 | Neural:1.000 | Proneural:1.000) || Val Loss: 1.0627 | Val Acc: 0.7083 (Classical:1.000 | Mesenchymal:0.556 | Neural:0.500 | Proneural:0.800) || LR: 0.000100
2025-11-04 02:23:17,090 [INFO] Epoch [62/150] Train Loss: 1.1331 | Train Acc: 1.0000 (Classical:1.000 | Mesenchymal:1.000 | Neural:1.000 | Proneural:1.000) || Val Loss: 1.1069 | Val Acc: 0.7083 (Classical:1.000 | Mesenchymal:0.556 | Neural:0.500 | Proneural:0.800) || LR: 0.000100
2025-11-04 02:23:17,406 [INFO] Epoch [63/150] Train Loss: 1.1440 | Train Acc: 1.0000 (Classical:1.000 | Mesenchymal:1.000 | Neural:1.000 | Proneural:1.000) || Val Loss: 1.0843 | Val Acc: 0.7500 (Classical:1.000 | Mesenchymal:0.667 | Neural:0.500 | Proneural:0.800) || LR: 0.000100
2025-11-04 02:23:17,576 [INFO] Best model saved with val_acc: 0.7500
2025-11-04 02:23:17,908 [INFO] Epoch [64/150] Train Loss: 1.1337 | Train Acc: 1.0000 (Classical:1.000 | Mesenchymal:1.000 | Neural:1.000 | Proneural:1.000) || Val Loss: 1.1223 | Val Acc: 0.6250 (Classical:1.000 | Mesenchymal:0.333 | Neural:0.500 | Proneural:0.800) || LR: 0.000100
2025-11-04 02:23:18,232 [INFO] Epoch [65/150] Train Loss: 1.1325 | Train Acc: 1.0000 (Classical:1.000 | Mesenchymal:1.000 | Neural:1.000 | Proneural:1.000) || Val Loss: 1.1493 | Val Acc: 0.6250 (Classical:1.000 | Mesenchymal:0.333 | Neural:0.500 | Proneural:0.800) || LR: 0.000100
2025-11-04 02:23:18,566 [INFO] Epoch [66/150] Train Loss: 1.1045 | Train Acc: 1.0000 (Classical:1.000 | Mesenchymal:1.000 | Neural:1.000 | Proneural:1.000) || Val Loss: 1.2012 | Val Acc: 0.6250 (Classical:1.000 | Mesenchymal:0.333 | Neural:0.500 | Proneural:0.800) || LR: 0.000100
2025-11-04 02:23:18,884 [INFO] Epoch [67/150] Train Loss: 1.1151 | Train Acc: 1.0000 (Classical:1.000 | Mesenchymal:1.000 | Neural:1.000 | Proneural:1.000) || Val Loss: 1.1114 | Val Acc: 0.7083 (Classical:1.000 | Mesenchymal:0.556 | Neural:0.500 | Proneural:0.800) || LR: 0.000100
2025-11-04 02:23:19,215 [INFO] Epoch [68/150] Train Loss: 1.0981 | Train Acc: 1.0000 (Classical:1.000 | Mesenchymal:1.000 | Neural:1.000 | Proneural:1.000) || Val Loss: 1.1373 | Val Acc: 0.6667 (Classical:1.000 | Mesenchymal:0.444 | Neural:0.500 | Proneural:0.800) || LR: 0.000100
2025-11-04 02:23:19,582 [INFO] Epoch [69/150] Train Loss: 1.0845 | Train Acc: 1.0000 (Classical:1.000 | Mesenchymal:1.000 | Neural:1.000 | Proneural:1.000) || Val Loss: 1.1910 | Val Acc: 0.6250 (Classical:0.833 | Mesenchymal:0.444 | Neural:0.500 | Proneural:0.800) || LR: 0.000100
2025-11-04 02:23:19,911 [INFO] Epoch [70/150] Train Loss: 1.1031 | Train Acc: 1.0000 (Classical:1.000 | Mesenchymal:1.000 | Neural:1.000 | Proneural:1.000) || Val Loss: 1.2037 | Val Acc: 0.6250 (Classical:0.833 | Mesenchymal:0.444 | Neural:0.500 | Proneural:0.800) || LR: 0.000100
2025-11-04 02:23:20,238 [INFO] Epoch [71/150] Train Loss: 1.1016 | Train Acc: 1.0000 (Classical:1.000 | Mesenchymal:1.000 | Neural:1.000 | Proneural:1.000) || Val Loss: 1.2079 | Val Acc: 0.6250 (Classical:0.833 | Mesenchymal:0.444 | Neural:0.500 | Proneural:0.800) || LR: 0.000100
2025-11-04 02:23:20,536 [INFO] Epoch [72/150] Train Loss: 1.1174 | Train Acc: 1.0000 (Classical:1.000 | Mesenchymal:1.000 | Neural:1.000 | Proneural:1.000) || Val Loss: 1.1499 | Val Acc: 0.6667 (Classical:1.000 | Mesenchymal:0.444 | Neural:0.500 | Proneural:0.800) || LR: 0.000100
2025-11-04 02:23:20,837 [INFO] Epoch [73/150] Train Loss: 1.0751 | Train Acc: 1.0000 (Classical:1.000 | Mesenchymal:1.000 | Neural:1.000 | Proneural:1.000) || Val Loss: 1.1336 | Val Acc: 0.7083 (Classical:1.000 | Mesenchymal:0.556 | Neural:0.500 | Proneural:0.800) || LR: 0.000100
2025-11-04 02:23:21,158 [INFO] Epoch [74/150] Train Loss: 1.0778 | Train Acc: 1.0000 (Classical:1.000 | Mesenchymal:1.000 | Neural:1.000 | Proneural:1.000) || Val Loss: 1.1094 | Val Acc: 0.7083 (Classical:1.000 | Mesenchymal:0.556 | Neural:0.500 | Proneural:0.800) || LR: 0.000100
2025-11-04 02:23:21,495 [INFO] Epoch [75/150] Train Loss: 1.0774 | Train Acc: 1.0000 (Classical:1.000 | Mesenchymal:1.000 | Neural:1.000 | Proneural:1.000) || Val Loss: 1.1171 | Val Acc: 0.7083 (Classical:1.000 | Mesenchymal:0.556 | Neural:0.500 | Proneural:0.800) || LR: 0.000100
2025-11-04 02:23:21,812 [INFO] Epoch [76/150] Train Loss: 1.0982 | Train Acc: 1.0000 (Classical:1.000 | Mesenchymal:1.000 | Neural:1.000 | Proneural:1.000) || Val Loss: 1.1229 | Val Acc: 0.7083 (Classical:1.000 | Mesenchymal:0.556 | Neural:0.500 | Proneural:0.800) || LR: 0.000100
2025-11-04 02:23:22,138 [INFO] Epoch [77/150] Train Loss: 1.0679 | Train Acc: 1.0000 (Classical:1.000 | Mesenchymal:1.000 | Neural:1.000 | Proneural:1.000) || Val Loss: 1.0880 | Val Acc: 0.7083 (Classical:1.000 | Mesenchymal:0.667 | Neural:0.500 | Proneural:0.600) || LR: 0.000100
2025-11-04 02:23:22,454 [INFO] Epoch [78/150] Train Loss: 1.0986 | Train Acc: 1.0000 (Classical:1.000 | Mesenchymal:1.000 | Neural:1.000 | Proneural:1.000) || Val Loss: 1.1098 | Val Acc: 0.7083 (Classical:1.000 | Mesenchymal:0.667 | Neural:0.500 | Proneural:0.600) || LR: 0.000100
2025-11-04 02:23:22,773 [INFO] Epoch [79/150] Train Loss: 1.0810 | Train Acc: 1.0000 (Classical:1.000 | Mesenchymal:1.000 | Neural:1.000 | Proneural:1.000) || Val Loss: 1.1488 | Val Acc: 0.6667 (Classical:1.000 | Mesenchymal:0.556 | Neural:0.500 | Proneural:0.600) || LR: 0.000100
2025-11-04 02:23:23,103 [INFO] Epoch [80/150] Train Loss: 1.0908 | Train Acc: 1.0000 (Classical:1.000 | Mesenchymal:1.000 | Neural:1.000 | Proneural:1.000) || Val Loss: 1.1491 | Val Acc: 0.6667 (Classical:0.833 | Mesenchymal:0.556 | Neural:0.500 | Proneural:0.800) || LR: 0.000100
2025-11-04 02:23:23,623 [INFO] Epoch [81/150] Train Loss: 1.0696 | Train Acc: 1.0000 (Classical:1.000 | Mesenchymal:1.000 | Neural:1.000 | Proneural:1.000) || Val Loss: 1.0841 | Val Acc: 0.7083 (Classical:1.000 | Mesenchymal:0.667 | Neural:0.500 | Proneural:0.600) || LR: 0.000100
2025-11-04 02:23:23,935 [INFO] Epoch [82/150] Train Loss: 1.0555 | Train Acc: 1.0000 (Classical:1.000 | Mesenchymal:1.000 | Neural:1.000 | Proneural:1.000) || Val Loss: 1.0653 | Val Acc: 0.7083 (Classical:1.000 | Mesenchymal:0.667 | Neural:0.500 | Proneural:0.600) || LR: 0.000100
2025-11-04 02:23:24,268 [INFO] Epoch [83/150] Train Loss: 1.0568 | Train Acc: 1.0000 (Classical:1.000 | Mesenchymal:1.000 | Neural:1.000 | Proneural:1.000) || Val Loss: 1.0836 | Val Acc: 0.7083 (Classical:1.000 | Mesenchymal:0.667 | Neural:0.500 | Proneural:0.600) || LR: 0.000100
2025-11-04 02:23:24,586 [INFO] Epoch [84/150] Train Loss: 1.1094 | Train Acc: 1.0000 (Classical:1.000 | Mesenchymal:1.000 | Neural:1.000 | Proneural:1.000) || Val Loss: 1.0734 | Val Acc: 0.7083 (Classical:1.000 | Mesenchymal:0.667 | Neural:0.500 | Proneural:0.600) || LR: 0.000100
2025-11-04 02:23:24,918 [INFO] Epoch [85/150] Train Loss: 1.0707 | Train Acc: 1.0000 (Classical:1.000 | Mesenchymal:1.000 | Neural:1.000 | Proneural:1.000) || Val Loss: 1.1013 | Val Acc: 0.6667 (Classical:1.000 | Mesenchymal:0.556 | Neural:0.500 | Proneural:0.600) || LR: 0.000100
2025-11-04 02:23:25,265 [INFO] Epoch [86/150] Train Loss: 1.0631 | Train Acc: 1.0000 (Classical:1.000 | Mesenchymal:1.000 | Neural:1.000 | Proneural:1.000) || Val Loss: 1.1259 | Val Acc: 0.6667 (Classical:1.000 | Mesenchymal:0.556 | Neural:0.500 | Proneural:0.600) || LR: 0.000100
2025-11-04 02:23:25,574 [INFO] Epoch [87/150] Train Loss: 1.0812 | Train Acc: 1.0000 (Classical:1.000 | Mesenchymal:1.000 | Neural:1.000 | Proneural:1.000) || Val Loss: 1.1001 | Val Acc: 0.6250 (Classical:1.000 | Mesenchymal:0.556 | Neural:0.250 | Proneural:0.600) || LR: 0.000100
2025-11-04 02:23:25,901 [INFO] Epoch [88/150] Train Loss: 1.0909 | Train Acc: 1.0000 (Classical:1.000 | Mesenchymal:1.000 | Neural:1.000 | Proneural:1.000) || Val Loss: 1.0782 | Val Acc: 0.7083 (Classical:1.000 | Mesenchymal:0.667 | Neural:0.500 | Proneural:0.600) || LR: 0.000100
2025-11-04 02:23:26,216 [INFO] Epoch [89/150] Train Loss: 1.0510 | Train Acc: 1.0000 (Classical:1.000 | Mesenchymal:1.000 | Neural:1.000 | Proneural:1.000) || Val Loss: 1.1266 | Val Acc: 0.6250 (Classical:1.000 | Mesenchymal:0.444 | Neural:0.500 | Proneural:0.600) || LR: 0.000100
2025-11-04 02:23:26,530 [INFO] Epoch [90/150] Train Loss: 1.0519 | Train Acc: 1.0000 (Classical:1.000 | Mesenchymal:1.000 | Neural:1.000 | Proneural:1.000) || Val Loss: 1.0840 | Val Acc: 0.6667 (Classical:1.000 | Mesenchymal:0.556 | Neural:0.500 | Proneural:0.600) || LR: 0.000100
2025-11-04 02:23:26,856 [INFO] Epoch [91/150] Train Loss: 1.0562 | Train Acc: 1.0000 (Classical:1.000 | Mesenchymal:1.000 | Neural:1.000 | Proneural:1.000) || Val Loss: 1.1032 | Val Acc: 0.6667 (Classical:1.000 | Mesenchymal:0.444 | Neural:0.500 | Proneural:0.800) || LR: 0.000100
2025-11-04 02:23:27,180 [INFO] Epoch [92/150] Train Loss: 1.0591 | Train Acc: 1.0000 (Classical:1.000 | Mesenchymal:1.000 | Neural:1.000 | Proneural:1.000) || Val Loss: 1.1156 | Val Acc: 0.6667 (Classical:1.000 | Mesenchymal:0.444 | Neural:0.500 | Proneural:0.800) || LR: 0.000100
2025-11-04 02:23:27,501 [INFO] Epoch [93/150] Train Loss: 1.0827 | Train Acc: 1.0000 (Classical:1.000 | Mesenchymal:1.000 | Neural:1.000 | Proneural:1.000) || Val Loss: 1.0927 | Val Acc: 0.6250 (Classical:1.000 | Mesenchymal:0.444 | Neural:0.500 | Proneural:0.600) || LR: 0.000100
2025-11-04 02:23:27,821 [INFO] Epoch [94/150] Train Loss: 1.0553 | Train Acc: 1.0000 (Classical:1.000 | Mesenchymal:1.000 | Neural:1.000 | Proneural:1.000) || Val Loss: 1.0921 | Val Acc: 0.6667 (Classical:1.000 | Mesenchymal:0.444 | Neural:0.500 | Proneural:0.800) || LR: 0.000100
2025-11-04 02:23:28,140 [INFO] Epoch [95/150] Train Loss: 1.0744 | Train Acc: 1.0000 (Classical:1.000 | Mesenchymal:1.000 | Neural:1.000 | Proneural:1.000) || Val Loss: 1.1415 | Val Acc: 0.6250 (Classical:1.000 | Mesenchymal:0.444 | Neural:0.500 | Proneural:0.600) || LR: 0.000100
2025-11-04 02:23:28,458 [INFO] Epoch [96/150] Train Loss: 1.0602 | Train Acc: 1.0000 (Classical:1.000 | Mesenchymal:1.000 | Neural:1.000 | Proneural:1.000) || Val Loss: 1.1510 | Val Acc: 0.6667 (Classical:1.000 | Mesenchymal:0.444 | Neural:0.500 | Proneural:0.800) || LR: 0.000100
2025-11-04 02:23:28,767 [INFO] Epoch [97/150] Train Loss: 1.0756 | Train Acc: 1.0000 (Classical:1.000 | Mesenchymal:1.000 | Neural:1.000 | Proneural:1.000) || Val Loss: 1.1118 | Val Acc: 0.7500 (Classical:1.000 | Mesenchymal:0.667 | Neural:0.500 | Proneural:0.800) || LR: 0.000100
2025-11-04 02:23:29,071 [INFO] Epoch [98/150] Train Loss: 1.0438 | Train Acc: 1.0000 (Classical:1.000 | Mesenchymal:1.000 | Neural:1.000 | Proneural:1.000) || Val Loss: 1.1334 | Val Acc: 0.6667 (Classical:1.000 | Mesenchymal:0.556 | Neural:0.500 | Proneural:0.600) || LR: 0.000100
2025-11-04 02:23:29,376 [INFO] Epoch [99/150] Train Loss: 1.0465 | Train Acc: 1.0000 (Classical:1.000 | Mesenchymal:1.000 | Neural:1.000 | Proneural:1.000) || Val Loss: 1.1583 | Val Acc: 0.6250 (Classical:0.833 | Mesenchymal:0.556 | Neural:0.500 | Proneural:0.600) || LR: 0.000100
2025-11-04 02:23:29,708 [INFO] Epoch [100/150] Train Loss: 1.0470 | Train Acc: 1.0000 (Classical:1.000 | Mesenchymal:1.000 | Neural:1.000 | Proneural:1.000) || Val Loss: 1.1594 | Val Acc: 0.6250 (Classical:0.833 | Mesenchymal:0.667 | Neural:0.250 | Proneural:0.600) || LR: 0.000100
2025-11-04 02:23:30,026 [INFO] Epoch [101/150] Train Loss: 1.0766 | Train Acc: 1.0000 (Classical:1.000 | Mesenchymal:1.000 | Neural:1.000 | Proneural:1.000) || Val Loss: 1.1654 | Val Acc: 0.6250 (Classical:1.000 | Mesenchymal:0.556 | Neural:0.250 | Proneural:0.600) || LR: 0.000100
2025-11-04 02:23:30,336 [INFO] Epoch [102/150] Train Loss: 1.0754 | Train Acc: 1.0000 (Classical:1.000 | Mesenchymal:1.000 | Neural:1.000 | Proneural:1.000) || Val Loss: 1.1222 | Val Acc: 0.6667 (Classical:1.000 | Mesenchymal:0.556 | Neural:0.500 | Proneural:0.600) || LR: 0.000100
2025-11-04 02:23:30,636 [INFO] Epoch [103/150] Train Loss: 1.0390 | Train Acc: 1.0000 (Classical:1.000 | Mesenchymal:1.000 | Neural:1.000 | Proneural:1.000) || Val Loss: 1.1214 | Val Acc: 0.6667 (Classical:0.833 | Mesenchymal:0.667 | Neural:0.500 | Proneural:0.600) || LR: 0.000100
2025-11-04 02:23:30,946 [INFO] Epoch [104/150] Train Loss: 1.0362 | Train Acc: 1.0000 (Classical:1.000 | Mesenchymal:1.000 | Neural:1.000 | Proneural:1.000) || Val Loss: 1.1396 | Val Acc: 0.6667 (Classical:0.833 | Mesenchymal:0.667 | Neural:0.500 | Proneural:0.600) || LR: 0.000100
2025-11-04 02:23:31,295 [INFO] Epoch [105/150] Train Loss: 1.0384 | Train Acc: 1.0000 (Classical:1.000 | Mesenchymal:1.000 | Neural:1.000 | Proneural:1.000) || Val Loss: 1.1394 | Val Acc: 0.7083 (Classical:0.833 | Mesenchymal:0.667 | Neural:0.500 | Proneural:0.800) || LR: 0.000100
2025-11-04 02:23:31,630 [INFO] Epoch [106/150] Train Loss: 1.0335 | Train Acc: 1.0000 (Classical:1.000 | Mesenchymal:1.000 | Neural:1.000 | Proneural:1.000) || Val Loss: 1.1413 | Val Acc: 0.7083 (Classical:0.833 | Mesenchymal:0.667 | Neural:0.500 | Proneural:0.800) || LR: 0.000100
2025-11-04 02:23:31,945 [INFO] Epoch [107/150] Train Loss: 1.0232 | Train Acc: 1.0000 (Classical:1.000 | Mesenchymal:1.000 | Neural:1.000 | Proneural:1.000) || Val Loss: 1.1375 | Val Acc: 0.6667 (Classical:0.833 | Mesenchymal:0.667 | Neural:0.500 | Proneural:0.600) || LR: 0.000100
2025-11-04 02:23:32,239 [INFO] Epoch [108/150] Train Loss: 1.0678 | Train Acc: 1.0000 (Classical:1.000 | Mesenchymal:1.000 | Neural:1.000 | Proneural:1.000) || Val Loss: 1.1449 | Val Acc: 0.7083 (Classical:0.833 | Mesenchymal:0.667 | Neural:0.500 | Proneural:0.800) || LR: 0.000100
2025-11-04 02:23:32,552 [INFO] Epoch [109/150] Train Loss: 1.0584 | Train Acc: 1.0000 (Classical:1.000 | Mesenchymal:1.000 | Neural:1.000 | Proneural:1.000) || Val Loss: 1.1421 | Val Acc: 0.6667 (Classical:0.833 | Mesenchymal:0.667 | Neural:0.500 | Proneural:0.600) || LR: 0.000100
2025-11-04 02:23:32,873 [INFO] Epoch [110/150] Train Loss: 1.0453 | Train Acc: 1.0000 (Classical:1.000 | Mesenchymal:1.000 | Neural:1.000 | Proneural:1.000) || Val Loss: 1.1410 | Val Acc: 0.7083 (Classical:0.833 | Mesenchymal:0.778 | Neural:0.500 | Proneural:0.600) || LR: 0.000100
2025-11-04 02:23:33,178 [INFO] Epoch [111/150] Train Loss: 1.0500 | Train Acc: 1.0000 (Classical:1.000 | Mesenchymal:1.000 | Neural:1.000 | Proneural:1.000) || Val Loss: 1.1548 | Val Acc: 0.7500 (Classical:0.833 | Mesenchymal:0.778 | Neural:0.500 | Proneural:0.800) || LR: 0.000100
2025-11-04 02:23:33,471 [INFO] Epoch [112/150] Train Loss: 1.0468 | Train Acc: 1.0000 (Classical:1.000 | Mesenchymal:1.000 | Neural:1.000 | Proneural:1.000) || Val Loss: 1.1554 | Val Acc: 0.6667 (Classical:0.833 | Mesenchymal:0.778 | Neural:0.250 | Proneural:0.600) || LR: 0.000100
2025-11-04 02:23:33,775 [INFO] Epoch [113/150] Train Loss: 1.0426 | Train Acc: 1.0000 (Classical:1.000 | Mesenchymal:1.000 | Neural:1.000 | Proneural:1.000) || Val Loss: 1.2018 | Val Acc: 0.7083 (Classical:0.833 | Mesenchymal:0.667 | Neural:0.500 | Proneural:0.800) || LR: 0.000100
2025-11-04 02:23:33,775 [INFO] Early stopping at epoch 113
2025-11-04 02:23:33,790 [INFO] Training completed. Best accuracy: 0.7500
2025-11-04 02:23:33,790 [INFO] Log: ./logs/train_20251104_022250.log, Model: ./models/best_model.pth
2025-11-04 02:23:33,867 [INFO] FINAL PER-CLASS | Train Acc: 1.0000 (Classical:1.000 | Mesenchymal:1.000 | Neural:1.000 | Proneural:1.000) || Val Acc: 0.7500 (Classical:1.000 | Mesenchymal:0.667 | Neural:0.500 | Proneural:0.800)
2025-11-04 02:23:33,937 [INFO] FINAL PER-CLASS | Test  Acc: 0.8000 (Classical:1.000 | Mesenchymal:0.700 | Neural:0.800 | Proneural:0.714)
