2025-11-04 02:29:04,074 [INFO] Model parameters: 33,024,228, Classes: 4
2025-11-04 02:29:04,074 [INFO] Enhanced regularization: Dropout=0.2, Weight_decay=0.0005
2025-11-04 02:29:04,712 [INFO] Regularized Attention-MOI Training Started
2025-11-04 02:29:04,713 [INFO] Training started with enhanced regularization
2025-11-04 02:29:04,713 [INFO] Dropout: 0.2, Weight decay: 0.0005
2025-11-04 02:29:05,313 [INFO] Epoch [1/150] Train Loss: 2.0281 | Train Acc: 0.6383 (Classical:0.720 | Mesenchymal:0.719 | Neural:0.312 | Proneural:0.667) || Val Loss: 1.1551 | Val Acc: 0.5833 (Classical:0.833 | Mesenchymal:0.778 | Neural:0.000 | Proneural:0.400) || LR: 0.000100
2025-11-04 02:29:05,509 [INFO] Best model saved with val_acc: 0.5833
2025-11-04 02:29:05,867 [INFO] Epoch [2/150] Train Loss: 1.8855 | Train Acc: 0.7660 (Classical:0.720 | Mesenchymal:0.781 | Neural:0.688 | Proneural:0.857) || Val Loss: 1.0488 | Val Acc: 0.6250 (Classical:1.000 | Mesenchymal:0.778 | Neural:0.250 | Proneural:0.200) || LR: 0.000100
2025-11-04 02:29:06,059 [INFO] Best model saved with val_acc: 0.6250
2025-11-04 02:29:06,379 [INFO] Epoch [3/150] Train Loss: 1.7035 | Train Acc: 0.8191 (Classical:0.720 | Mesenchymal:0.812 | Neural:0.812 | Proneural:0.952) || Val Loss: 1.0324 | Val Acc: 0.5833 (Classical:0.833 | Mesenchymal:0.667 | Neural:0.500 | Proneural:0.200) || LR: 0.000100
2025-11-04 02:29:06,697 [INFO] Epoch [4/150] Train Loss: 1.7493 | Train Acc: 0.8404 (Classical:0.800 | Mesenchymal:0.844 | Neural:0.750 | Proneural:0.952) || Val Loss: 1.0207 | Val Acc: 0.5833 (Classical:0.833 | Mesenchymal:0.667 | Neural:0.500 | Proneural:0.200) || LR: 0.000100
2025-11-04 02:29:07,035 [INFO] Epoch [5/150] Train Loss: 1.6574 | Train Acc: 0.8936 (Classical:0.800 | Mesenchymal:0.875 | Neural:1.000 | Proneural:0.952) || Val Loss: 1.0212 | Val Acc: 0.6250 (Classical:0.833 | Mesenchymal:0.778 | Neural:0.500 | Proneural:0.200) || LR: 0.000100
2025-11-04 02:29:07,361 [INFO] Epoch [6/150] Train Loss: 1.5565 | Train Acc: 0.9043 (Classical:0.800 | Mesenchymal:0.875 | Neural:1.000 | Proneural:1.000) || Val Loss: 1.0208 | Val Acc: 0.6250 (Classical:0.833 | Mesenchymal:0.778 | Neural:0.500 | Proneural:0.200) || LR: 0.000100
2025-11-04 02:29:07,681 [INFO] Epoch [7/150] Train Loss: 1.5641 | Train Acc: 0.9362 (Classical:0.920 | Mesenchymal:0.875 | Neural:1.000 | Proneural:1.000) || Val Loss: 1.0230 | Val Acc: 0.5833 (Classical:0.833 | Mesenchymal:0.667 | Neural:0.500 | Proneural:0.200) || LR: 0.000100
2025-11-04 02:29:08,000 [INFO] Epoch [8/150] Train Loss: 1.6012 | Train Acc: 0.9468 (Classical:0.920 | Mesenchymal:0.906 | Neural:1.000 | Proneural:1.000) || Val Loss: 0.9986 | Val Acc: 0.5833 (Classical:0.833 | Mesenchymal:0.667 | Neural:0.500 | Proneural:0.200) || LR: 0.000100
2025-11-04 02:29:08,325 [INFO] Epoch [9/150] Train Loss: 1.5298 | Train Acc: 0.9362 (Classical:0.920 | Mesenchymal:0.875 | Neural:1.000 | Proneural:1.000) || Val Loss: 0.9935 | Val Acc: 0.6667 (Classical:0.833 | Mesenchymal:0.778 | Neural:0.750 | Proneural:0.200) || LR: 0.000100
2025-11-04 02:29:08,493 [INFO] Best model saved with val_acc: 0.6667
2025-11-04 02:29:08,859 [INFO] Epoch [10/150] Train Loss: 1.5649 | Train Acc: 0.9681 (Classical:1.000 | Mesenchymal:0.906 | Neural:1.000 | Proneural:1.000) || Val Loss: 0.9974 | Val Acc: 0.6250 (Classical:0.833 | Mesenchymal:0.667 | Neural:0.500 | Proneural:0.400) || LR: 0.000100
2025-11-04 02:29:09,202 [INFO] Epoch [11/150] Train Loss: 1.4916 | Train Acc: 0.9681 (Classical:1.000 | Mesenchymal:0.906 | Neural:1.000 | Proneural:1.000) || Val Loss: 0.9902 | Val Acc: 0.6250 (Classical:0.833 | Mesenchymal:0.778 | Neural:0.500 | Proneural:0.200) || LR: 0.000100
2025-11-04 02:29:09,565 [INFO] Epoch [12/150] Train Loss: 1.4690 | Train Acc: 0.9681 (Classical:1.000 | Mesenchymal:0.906 | Neural:1.000 | Proneural:1.000) || Val Loss: 0.9798 | Val Acc: 0.6667 (Classical:0.833 | Mesenchymal:0.778 | Neural:0.500 | Proneural:0.400) || LR: 0.000100
2025-11-04 02:29:09,892 [INFO] Epoch [13/150] Train Loss: 1.4314 | Train Acc: 0.9681 (Classical:1.000 | Mesenchymal:0.906 | Neural:1.000 | Proneural:1.000) || Val Loss: 1.0111 | Val Acc: 0.6667 (Classical:0.833 | Mesenchymal:0.778 | Neural:0.500 | Proneural:0.400) || LR: 0.000100
2025-11-04 02:29:10,208 [INFO] Epoch [14/150] Train Loss: 1.4936 | Train Acc: 0.9681 (Classical:1.000 | Mesenchymal:0.906 | Neural:1.000 | Proneural:1.000) || Val Loss: 1.0242 | Val Acc: 0.6250 (Classical:0.833 | Mesenchymal:0.778 | Neural:0.250 | Proneural:0.400) || LR: 0.000100
2025-11-04 02:29:10,525 [INFO] Epoch [15/150] Train Loss: 1.4664 | Train Acc: 0.9787 (Classical:1.000 | Mesenchymal:0.938 | Neural:1.000 | Proneural:1.000) || Val Loss: 1.0098 | Val Acc: 0.6667 (Classical:0.833 | Mesenchymal:0.778 | Neural:0.500 | Proneural:0.400) || LR: 0.000100
2025-11-04 02:29:10,840 [INFO] Epoch [16/150] Train Loss: 1.3711 | Train Acc: 0.9894 (Classical:1.000 | Mesenchymal:0.969 | Neural:1.000 | Proneural:1.000) || Val Loss: 1.0020 | Val Acc: 0.6667 (Classical:0.833 | Mesenchymal:0.778 | Neural:0.500 | Proneural:0.400) || LR: 0.000100
2025-11-04 02:29:11,159 [INFO] Epoch [17/150] Train Loss: 1.3774 | Train Acc: 0.9894 (Classical:1.000 | Mesenchymal:0.969 | Neural:1.000 | Proneural:1.000) || Val Loss: 0.9860 | Val Acc: 0.6667 (Classical:0.833 | Mesenchymal:0.778 | Neural:0.500 | Proneural:0.400) || LR: 0.000100
2025-11-04 02:29:11,480 [INFO] Epoch [18/150] Train Loss: 1.4165 | Train Acc: 0.9894 (Classical:1.000 | Mesenchymal:0.969 | Neural:1.000 | Proneural:1.000) || Val Loss: 0.9809 | Val Acc: 0.7083 (Classical:0.833 | Mesenchymal:0.778 | Neural:0.500 | Proneural:0.600) || LR: 0.000100
2025-11-04 02:29:11,669 [INFO] Best model saved with val_acc: 0.7083
2025-11-04 02:29:11,997 [INFO] Epoch [19/150] Train Loss: 1.4078 | Train Acc: 0.9894 (Classical:1.000 | Mesenchymal:0.969 | Neural:1.000 | Proneural:1.000) || Val Loss: 0.9443 | Val Acc: 0.7083 (Classical:0.833 | Mesenchymal:0.778 | Neural:0.500 | Proneural:0.600) || LR: 0.000100
2025-11-04 02:29:12,305 [INFO] Epoch [20/150] Train Loss: 1.3983 | Train Acc: 0.9894 (Classical:1.000 | Mesenchymal:0.969 | Neural:1.000 | Proneural:1.000) || Val Loss: 0.9545 | Val Acc: 0.7083 (Classical:0.833 | Mesenchymal:0.778 | Neural:0.500 | Proneural:0.600) || LR: 0.000100
2025-11-04 02:29:12,626 [INFO] Epoch [21/150] Train Loss: 1.3306 | Train Acc: 0.9894 (Classical:1.000 | Mesenchymal:0.969 | Neural:1.000 | Proneural:1.000) || Val Loss: 0.9514 | Val Acc: 0.6667 (Classical:0.833 | Mesenchymal:0.778 | Neural:0.500 | Proneural:0.400) || LR: 0.000100
2025-11-04 02:29:12,949 [INFO] Epoch [22/150] Train Loss: 1.3151 | Train Acc: 1.0000 (Classical:1.000 | Mesenchymal:1.000 | Neural:1.000 | Proneural:1.000) || Val Loss: 0.9575 | Val Acc: 0.7500 (Classical:0.833 | Mesenchymal:0.778 | Neural:0.500 | Proneural:0.800) || LR: 0.000100
2025-11-04 02:29:13,138 [INFO] Best model saved with val_acc: 0.7500
2025-11-04 02:29:13,466 [INFO] Epoch [23/150] Train Loss: 1.3555 | Train Acc: 1.0000 (Classical:1.000 | Mesenchymal:1.000 | Neural:1.000 | Proneural:1.000) || Val Loss: 0.9772 | Val Acc: 0.6667 (Classical:0.833 | Mesenchymal:0.778 | Neural:0.250 | Proneural:0.600) || LR: 0.000100
2025-11-04 02:29:14,142 [INFO] Epoch [24/150] Train Loss: 1.3328 | Train Acc: 1.0000 (Classical:1.000 | Mesenchymal:1.000 | Neural:1.000 | Proneural:1.000) || Val Loss: 0.9586 | Val Acc: 0.7500 (Classical:0.833 | Mesenchymal:0.778 | Neural:0.500 | Proneural:0.800) || LR: 0.000100
2025-11-04 02:29:14,854 [INFO] Epoch [25/150] Train Loss: 1.3111 | Train Acc: 1.0000 (Classical:1.000 | Mesenchymal:1.000 | Neural:1.000 | Proneural:1.000) || Val Loss: 0.9668 | Val Acc: 0.7083 (Classical:0.833 | Mesenchymal:0.778 | Neural:0.250 | Proneural:0.800) || LR: 0.000100
2025-11-04 02:29:15,675 [INFO] Epoch [26/150] Train Loss: 1.2397 | Train Acc: 1.0000 (Classical:1.000 | Mesenchymal:1.000 | Neural:1.000 | Proneural:1.000) || Val Loss: 0.9853 | Val Acc: 0.6667 (Classical:0.833 | Mesenchymal:0.667 | Neural:0.250 | Proneural:0.800) || LR: 0.000100
2025-11-04 02:29:16,474 [INFO] Epoch [27/150] Train Loss: 1.2875 | Train Acc: 1.0000 (Classical:1.000 | Mesenchymal:1.000 | Neural:1.000 | Proneural:1.000) || Val Loss: 0.9521 | Val Acc: 0.6667 (Classical:0.833 | Mesenchymal:0.778 | Neural:0.000 | Proneural:0.800) || LR: 0.000100
2025-11-04 02:29:17,075 [INFO] Epoch [28/150] Train Loss: 1.3167 | Train Acc: 1.0000 (Classical:1.000 | Mesenchymal:1.000 | Neural:1.000 | Proneural:1.000) || Val Loss: 0.9325 | Val Acc: 0.7083 (Classical:0.833 | Mesenchymal:0.667 | Neural:0.500 | Proneural:0.800) || LR: 0.000100
2025-11-04 02:29:17,656 [INFO] Epoch [29/150] Train Loss: 1.2588 | Train Acc: 1.0000 (Classical:1.000 | Mesenchymal:1.000 | Neural:1.000 | Proneural:1.000) || Val Loss: 0.9181 | Val Acc: 0.7083 (Classical:0.833 | Mesenchymal:0.778 | Neural:0.250 | Proneural:0.800) || LR: 0.000100
2025-11-04 02:29:18,174 [INFO] Epoch [30/150] Train Loss: 1.2613 | Train Acc: 1.0000 (Classical:1.000 | Mesenchymal:1.000 | Neural:1.000 | Proneural:1.000) || Val Loss: 0.9246 | Val Acc: 0.7500 (Classical:0.833 | Mesenchymal:0.778 | Neural:0.500 | Proneural:0.800) || LR: 0.000100
2025-11-04 02:29:18,765 [INFO] Epoch [31/150] Train Loss: 1.2811 | Train Acc: 1.0000 (Classical:1.000 | Mesenchymal:1.000 | Neural:1.000 | Proneural:1.000) || Val Loss: 0.9500 | Val Acc: 0.7500 (Classical:0.833 | Mesenchymal:0.778 | Neural:0.500 | Proneural:0.800) || LR: 0.000100
2025-11-04 02:29:19,310 [INFO] Epoch [32/150] Train Loss: 1.3536 | Train Acc: 1.0000 (Classical:1.000 | Mesenchymal:1.000 | Neural:1.000 | Proneural:1.000) || Val Loss: 0.9489 | Val Acc: 0.7500 (Classical:0.833 | Mesenchymal:0.778 | Neural:0.500 | Proneural:0.800) || LR: 0.000100
2025-11-04 02:29:19,923 [INFO] Epoch [33/150] Train Loss: 1.2252 | Train Acc: 1.0000 (Classical:1.000 | Mesenchymal:1.000 | Neural:1.000 | Proneural:1.000) || Val Loss: 0.9561 | Val Acc: 0.7500 (Classical:0.833 | Mesenchymal:0.778 | Neural:0.500 | Proneural:0.800) || LR: 0.000100
2025-11-04 02:29:20,572 [INFO] Epoch [34/150] Train Loss: 1.2729 | Train Acc: 1.0000 (Classical:1.000 | Mesenchymal:1.000 | Neural:1.000 | Proneural:1.000) || Val Loss: 0.9679 | Val Acc: 0.7500 (Classical:0.833 | Mesenchymal:0.778 | Neural:0.500 | Proneural:0.800) || LR: 0.000100
2025-11-04 02:29:21,086 [INFO] Epoch [35/150] Train Loss: 1.2135 | Train Acc: 1.0000 (Classical:1.000 | Mesenchymal:1.000 | Neural:1.000 | Proneural:1.000) || Val Loss: 0.9732 | Val Acc: 0.7500 (Classical:0.833 | Mesenchymal:0.778 | Neural:0.500 | Proneural:0.800) || LR: 0.000100
2025-11-04 02:29:21,610 [INFO] Epoch [36/150] Train Loss: 1.1784 | Train Acc: 1.0000 (Classical:1.000 | Mesenchymal:1.000 | Neural:1.000 | Proneural:1.000) || Val Loss: 0.9870 | Val Acc: 0.7500 (Classical:0.833 | Mesenchymal:0.778 | Neural:0.500 | Proneural:0.800) || LR: 0.000100
2025-11-04 02:29:22,133 [INFO] Epoch [37/150] Train Loss: 1.2309 | Train Acc: 1.0000 (Classical:1.000 | Mesenchymal:1.000 | Neural:1.000 | Proneural:1.000) || Val Loss: 0.9801 | Val Acc: 0.7500 (Classical:0.833 | Mesenchymal:0.778 | Neural:0.500 | Proneural:0.800) || LR: 0.000100
2025-11-04 02:29:22,749 [INFO] Epoch [38/150] Train Loss: 1.1780 | Train Acc: 1.0000 (Classical:1.000 | Mesenchymal:1.000 | Neural:1.000 | Proneural:1.000) || Val Loss: 0.9771 | Val Acc: 0.7500 (Classical:0.833 | Mesenchymal:0.778 | Neural:0.500 | Proneural:0.800) || LR: 0.000100
2025-11-04 02:29:23,542 [INFO] Epoch [39/150] Train Loss: 1.2578 | Train Acc: 1.0000 (Classical:1.000 | Mesenchymal:1.000 | Neural:1.000 | Proneural:1.000) || Val Loss: 0.9771 | Val Acc: 0.7083 (Classical:0.833 | Mesenchymal:0.667 | Neural:0.500 | Proneural:0.800) || LR: 0.000100
2025-11-04 02:29:24,253 [INFO] Epoch [40/150] Train Loss: 1.1826 | Train Acc: 1.0000 (Classical:1.000 | Mesenchymal:1.000 | Neural:1.000 | Proneural:1.000) || Val Loss: 0.9913 | Val Acc: 0.7083 (Classical:0.833 | Mesenchymal:0.667 | Neural:0.500 | Proneural:0.800) || LR: 0.000100
2025-11-04 02:29:25,015 [INFO] Epoch [41/150] Train Loss: 1.1925 | Train Acc: 1.0000 (Classical:1.000 | Mesenchymal:1.000 | Neural:1.000 | Proneural:1.000) || Val Loss: 1.0111 | Val Acc: 0.7083 (Classical:0.833 | Mesenchymal:0.667 | Neural:0.500 | Proneural:0.800) || LR: 0.000100
2025-11-04 02:29:25,859 [INFO] Epoch [42/150] Train Loss: 1.1593 | Train Acc: 1.0000 (Classical:1.000 | Mesenchymal:1.000 | Neural:1.000 | Proneural:1.000) || Val Loss: 0.9993 | Val Acc: 0.7500 (Classical:0.833 | Mesenchymal:0.778 | Neural:0.500 | Proneural:0.800) || LR: 0.000100
2025-11-04 02:29:26,566 [INFO] Epoch [43/150] Train Loss: 1.1929 | Train Acc: 1.0000 (Classical:1.000 | Mesenchymal:1.000 | Neural:1.000 | Proneural:1.000) || Val Loss: 0.9998 | Val Acc: 0.7083 (Classical:0.833 | Mesenchymal:0.667 | Neural:0.500 | Proneural:0.800) || LR: 0.000100
2025-11-04 02:29:27,295 [INFO] Epoch [44/150] Train Loss: 1.1320 | Train Acc: 1.0000 (Classical:1.000 | Mesenchymal:1.000 | Neural:1.000 | Proneural:1.000) || Val Loss: 1.0042 | Val Acc: 0.6667 (Classical:0.833 | Mesenchymal:0.667 | Neural:0.500 | Proneural:0.600) || LR: 0.000100
2025-11-04 02:29:27,915 [INFO] Epoch [45/150] Train Loss: 1.1784 | Train Acc: 1.0000 (Classical:1.000 | Mesenchymal:1.000 | Neural:1.000 | Proneural:1.000) || Val Loss: 0.9892 | Val Acc: 0.7083 (Classical:0.833 | Mesenchymal:0.667 | Neural:0.500 | Proneural:0.800) || LR: 0.000100
2025-11-04 02:29:28,622 [INFO] Epoch [46/150] Train Loss: 1.1421 | Train Acc: 1.0000 (Classical:1.000 | Mesenchymal:1.000 | Neural:1.000 | Proneural:1.000) || Val Loss: 0.9886 | Val Acc: 0.7500 (Classical:0.833 | Mesenchymal:0.778 | Neural:0.500 | Proneural:0.800) || LR: 0.000100
2025-11-04 02:29:29,462 [INFO] Epoch [47/150] Train Loss: 1.1404 | Train Acc: 1.0000 (Classical:1.000 | Mesenchymal:1.000 | Neural:1.000 | Proneural:1.000) || Val Loss: 0.9745 | Val Acc: 0.7500 (Classical:0.833 | Mesenchymal:0.778 | Neural:0.500 | Proneural:0.800) || LR: 0.000100
2025-11-04 02:29:30,128 [INFO] Epoch [48/150] Train Loss: 1.1502 | Train Acc: 1.0000 (Classical:1.000 | Mesenchymal:1.000 | Neural:1.000 | Proneural:1.000) || Val Loss: 1.0089 | Val Acc: 0.6250 (Classical:0.833 | Mesenchymal:0.556 | Neural:0.500 | Proneural:0.600) || LR: 0.000100
2025-11-04 02:29:30,908 [INFO] Epoch [49/150] Train Loss: 1.1577 | Train Acc: 1.0000 (Classical:1.000 | Mesenchymal:1.000 | Neural:1.000 | Proneural:1.000) || Val Loss: 0.9952 | Val Acc: 0.7500 (Classical:0.833 | Mesenchymal:0.778 | Neural:0.500 | Proneural:0.800) || LR: 0.000100
2025-11-04 02:29:31,652 [INFO] Epoch [50/150] Train Loss: 1.1433 | Train Acc: 1.0000 (Classical:1.000 | Mesenchymal:1.000 | Neural:1.000 | Proneural:1.000) || Val Loss: 0.9777 | Val Acc: 0.7083 (Classical:0.833 | Mesenchymal:0.778 | Neural:0.500 | Proneural:0.600) || LR: 0.000100
2025-11-04 02:29:32,296 [INFO] Epoch [51/150] Train Loss: 1.1316 | Train Acc: 1.0000 (Classical:1.000 | Mesenchymal:1.000 | Neural:1.000 | Proneural:1.000) || Val Loss: 0.9983 | Val Acc: 0.7083 (Classical:0.833 | Mesenchymal:0.667 | Neural:0.500 | Proneural:0.800) || LR: 0.000100
2025-11-04 02:29:32,937 [INFO] Epoch [52/150] Train Loss: 1.1149 | Train Acc: 1.0000 (Classical:1.000 | Mesenchymal:1.000 | Neural:1.000 | Proneural:1.000) || Val Loss: 0.9898 | Val Acc: 0.7500 (Classical:0.833 | Mesenchymal:0.778 | Neural:0.500 | Proneural:0.800) || LR: 0.000100
2025-11-04 02:29:33,877 [INFO] Epoch [53/150] Train Loss: 1.0983 | Train Acc: 1.0000 (Classical:1.000 | Mesenchymal:1.000 | Neural:1.000 | Proneural:1.000) || Val Loss: 0.9791 | Val Acc: 0.7083 (Classical:0.833 | Mesenchymal:0.667 | Neural:0.500 | Proneural:0.800) || LR: 0.000100
2025-11-04 02:29:34,462 [INFO] Epoch [54/150] Train Loss: 1.1083 | Train Acc: 1.0000 (Classical:1.000 | Mesenchymal:1.000 | Neural:1.000 | Proneural:1.000) || Val Loss: 0.9717 | Val Acc: 0.7500 (Classical:0.833 | Mesenchymal:0.778 | Neural:0.500 | Proneural:0.800) || LR: 0.000100
2025-11-04 02:29:35,212 [INFO] Epoch [55/150] Train Loss: 1.2318 | Train Acc: 1.0000 (Classical:1.000 | Mesenchymal:1.000 | Neural:1.000 | Proneural:1.000) || Val Loss: 0.9641 | Val Acc: 0.7500 (Classical:0.833 | Mesenchymal:0.778 | Neural:0.500 | Proneural:0.800) || LR: 0.000100
2025-11-04 02:29:36,009 [INFO] Epoch [56/150] Train Loss: 1.0993 | Train Acc: 1.0000 (Classical:1.000 | Mesenchymal:1.000 | Neural:1.000 | Proneural:1.000) || Val Loss: 0.9713 | Val Acc: 0.7500 (Classical:0.833 | Mesenchymal:0.778 | Neural:0.500 | Proneural:0.800) || LR: 0.000100
2025-11-04 02:29:36,814 [INFO] Epoch [57/150] Train Loss: 1.1514 | Train Acc: 1.0000 (Classical:1.000 | Mesenchymal:1.000 | Neural:1.000 | Proneural:1.000) || Val Loss: 0.9768 | Val Acc: 0.7500 (Classical:0.833 | Mesenchymal:0.778 | Neural:0.500 | Proneural:0.800) || LR: 0.000100
2025-11-04 02:29:37,459 [INFO] Epoch [58/150] Train Loss: 1.1237 | Train Acc: 1.0000 (Classical:1.000 | Mesenchymal:1.000 | Neural:1.000 | Proneural:1.000) || Val Loss: 1.0103 | Val Acc: 0.7083 (Classical:0.833 | Mesenchymal:0.778 | Neural:0.250 | Proneural:0.800) || LR: 0.000100
2025-11-04 02:29:38,246 [INFO] Epoch [59/150] Train Loss: 1.1438 | Train Acc: 1.0000 (Classical:1.000 | Mesenchymal:1.000 | Neural:1.000 | Proneural:1.000) || Val Loss: 1.0094 | Val Acc: 0.7083 (Classical:0.833 | Mesenchymal:0.778 | Neural:0.250 | Proneural:0.800) || LR: 0.000100
2025-11-04 02:29:39,136 [INFO] Epoch [60/150] Train Loss: 1.1060 | Train Acc: 1.0000 (Classical:1.000 | Mesenchymal:1.000 | Neural:1.000 | Proneural:1.000) || Val Loss: 1.0651 | Val Acc: 0.7083 (Classical:0.833 | Mesenchymal:0.778 | Neural:0.250 | Proneural:0.800) || LR: 0.000100
2025-11-04 02:29:39,933 [INFO] Epoch [61/150] Train Loss: 1.1037 | Train Acc: 1.0000 (Classical:1.000 | Mesenchymal:1.000 | Neural:1.000 | Proneural:1.000) || Val Loss: 1.0602 | Val Acc: 0.7083 (Classical:0.833 | Mesenchymal:0.778 | Neural:0.250 | Proneural:0.800) || LR: 0.000100
2025-11-04 02:29:40,693 [INFO] Epoch [62/150] Train Loss: 1.1128 | Train Acc: 1.0000 (Classical:1.000 | Mesenchymal:1.000 | Neural:1.000 | Proneural:1.000) || Val Loss: 1.0484 | Val Acc: 0.7083 (Classical:0.833 | Mesenchymal:0.778 | Neural:0.250 | Proneural:0.800) || LR: 0.000100
2025-11-04 02:29:41,494 [INFO] Epoch [63/150] Train Loss: 1.0952 | Train Acc: 1.0000 (Classical:1.000 | Mesenchymal:1.000 | Neural:1.000 | Proneural:1.000) || Val Loss: 1.0677 | Val Acc: 0.6667 (Classical:0.833 | Mesenchymal:0.778 | Neural:0.250 | Proneural:0.600) || LR: 0.000100
2025-11-04 02:29:42,218 [INFO] Epoch [64/150] Train Loss: 1.0869 | Train Acc: 1.0000 (Classical:1.000 | Mesenchymal:1.000 | Neural:1.000 | Proneural:1.000) || Val Loss: 1.0555 | Val Acc: 0.6667 (Classical:0.833 | Mesenchymal:0.778 | Neural:0.250 | Proneural:0.600) || LR: 0.000100
2025-11-04 02:29:42,816 [INFO] Epoch [65/150] Train Loss: 1.0788 | Train Acc: 1.0000 (Classical:1.000 | Mesenchymal:1.000 | Neural:1.000 | Proneural:1.000) || Val Loss: 0.9989 | Val Acc: 0.7083 (Classical:0.833 | Mesenchymal:0.778 | Neural:0.500 | Proneural:0.600) || LR: 0.000100
2025-11-04 02:29:43,756 [INFO] Epoch [66/150] Train Loss: 1.0956 | Train Acc: 1.0000 (Classical:1.000 | Mesenchymal:1.000 | Neural:1.000 | Proneural:1.000) || Val Loss: 1.0113 | Val Acc: 0.7083 (Classical:0.833 | Mesenchymal:0.778 | Neural:0.500 | Proneural:0.600) || LR: 0.000100
2025-11-04 02:29:44,601 [INFO] Epoch [67/150] Train Loss: 1.0981 | Train Acc: 1.0000 (Classical:1.000 | Mesenchymal:1.000 | Neural:1.000 | Proneural:1.000) || Val Loss: 0.9674 | Val Acc: 0.7083 (Classical:0.833 | Mesenchymal:0.778 | Neural:0.500 | Proneural:0.600) || LR: 0.000100
2025-11-04 02:29:45,249 [INFO] Epoch [68/150] Train Loss: 1.0877 | Train Acc: 1.0000 (Classical:1.000 | Mesenchymal:1.000 | Neural:1.000 | Proneural:1.000) || Val Loss: 0.9762 | Val Acc: 0.7500 (Classical:1.000 | Mesenchymal:0.778 | Neural:0.500 | Proneural:0.600) || LR: 0.000100
2025-11-04 02:29:46,060 [INFO] Epoch [69/150] Train Loss: 1.0569 | Train Acc: 1.0000 (Classical:1.000 | Mesenchymal:1.000 | Neural:1.000 | Proneural:1.000) || Val Loss: 0.9711 | Val Acc: 0.7500 (Classical:0.833 | Mesenchymal:0.778 | Neural:0.500 | Proneural:0.800) || LR: 0.000100
2025-11-04 02:29:46,790 [INFO] Epoch [70/150] Train Loss: 1.0630 | Train Acc: 1.0000 (Classical:1.000 | Mesenchymal:1.000 | Neural:1.000 | Proneural:1.000) || Val Loss: 0.9813 | Val Acc: 0.7500 (Classical:0.833 | Mesenchymal:0.778 | Neural:0.500 | Proneural:0.800) || LR: 0.000100
2025-11-04 02:29:47,610 [INFO] Epoch [71/150] Train Loss: 1.1120 | Train Acc: 1.0000 (Classical:1.000 | Mesenchymal:1.000 | Neural:1.000 | Proneural:1.000) || Val Loss: 0.9499 | Val Acc: 0.7500 (Classical:0.833 | Mesenchymal:0.778 | Neural:0.500 | Proneural:0.800) || LR: 0.000100
2025-11-04 02:29:48,372 [INFO] Epoch [72/150] Train Loss: 1.0888 | Train Acc: 1.0000 (Classical:1.000 | Mesenchymal:1.000 | Neural:1.000 | Proneural:1.000) || Val Loss: 0.9615 | Val Acc: 0.7500 (Classical:0.833 | Mesenchymal:0.778 | Neural:0.500 | Proneural:0.800) || LR: 0.000100
2025-11-04 02:29:48,373 [INFO] Early stopping at epoch 72
2025-11-04 02:29:48,428 [INFO] Training completed. Best accuracy: 0.7500
2025-11-04 02:29:48,428 [INFO] Log: ./logs/train_20251104_022903.log, Model: ./models/best_model.pth
2025-11-04 02:29:48,811 [INFO] FINAL PER-CLASS | Train Acc: 1.0000 (Classical:1.000 | Mesenchymal:1.000 | Neural:1.000 | Proneural:1.000) || Val Acc: 0.7500 (Classical:0.833 | Mesenchymal:0.778 | Neural:0.500 | Proneural:0.800)
2025-11-04 02:29:49,012 [INFO] FINAL PER-CLASS | Test  Acc: 0.8667 (Classical:1.000 | Mesenchymal:0.900 | Neural:0.800 | Proneural:0.714)
